Archive member included because of file (symbol)

c:/altera/13.0/nios2eds/bin/gnu/h-i686-mingw32/bin/../lib/gcc/nios2-elf/4.1.2/../../../../nios2-elf/lib\libc.a(lib_a-puts.o)
                              obj/default/hello_world.o (puts)
c:/altera/13.0/nios2eds/bin/gnu/h-i686-mingw32/bin/../lib/gcc/nios2-elf/4.1.2/../../../../nios2-elf/lib\libc.a(lib_a-strlen.o)
                              c:/altera/13.0/nios2eds/bin/gnu/h-i686-mingw32/bin/../lib/gcc/nios2-elf/4.1.2/../../../../nios2-elf/lib\libc.a(lib_a-puts.o) (strlen)
c:/altera/13.0/nios2eds/bin/gnu/h-i686-mingw32/bin/../lib/gcc/nios2-elf/4.1.2/../../../../nios2-elf/lib\libc.a(lib_a-fvwrite.o)
                              c:/altera/13.0/nios2eds/bin/gnu/h-i686-mingw32/bin/../lib/gcc/nios2-elf/4.1.2/../../../../nios2-elf/lib\libc.a(lib_a-puts.o) (__sfvwrite_r)
c:/altera/13.0/nios2eds/bin/gnu/h-i686-mingw32/bin/../lib/gcc/nios2-elf/4.1.2/../../../../nios2-elf/lib\libc.a(lib_a-impure.o)
                              c:/altera/13.0/nios2eds/bin/gnu/h-i686-mingw32/bin/../lib/gcc/nios2-elf/4.1.2/../../../../nios2-elf/lib\libc.a(lib_a-puts.o) (_impure_ptr)
c:/altera/13.0/nios2eds/bin/gnu/h-i686-mingw32/bin/../lib/gcc/nios2-elf/4.1.2/../../../../nios2-elf/lib\libc.a(lib_a-mallocr.o)
                              c:/altera/13.0/nios2eds/bin/gnu/h-i686-mingw32/bin/../lib/gcc/nios2-elf/4.1.2/../../../../nios2-elf/lib\libc.a(lib_a-fvwrite.o) (_malloc_r)
c:/altera/13.0/nios2eds/bin/gnu/h-i686-mingw32/bin/../lib/gcc/nios2-elf/4.1.2/../../../../nios2-elf/lib\libc.a(lib_a-memchr.o)
                              c:/altera/13.0/nios2eds/bin/gnu/h-i686-mingw32/bin/../lib/gcc/nios2-elf/4.1.2/../../../../nios2-elf/lib\libc.a(lib_a-fvwrite.o) (memchr)
c:/altera/13.0/nios2eds/bin/gnu/h-i686-mingw32/bin/../lib/gcc/nios2-elf/4.1.2/../../../../nios2-elf/lib\libc.a(lib_a-memcpy.o)
                              c:/altera/13.0/nios2eds/bin/gnu/h-i686-mingw32/bin/../lib/gcc/nios2-elf/4.1.2/../../../../nios2-elf/lib\libc.a(lib_a-fvwrite.o) (memcpy)
c:/altera/13.0/nios2eds/bin/gnu/h-i686-mingw32/bin/../lib/gcc/nios2-elf/4.1.2/../../../../nios2-elf/lib\libc.a(lib_a-memmove.o)
                              c:/altera/13.0/nios2eds/bin/gnu/h-i686-mingw32/bin/../lib/gcc/nios2-elf/4.1.2/../../../../nios2-elf/lib\libc.a(lib_a-fvwrite.o) (memmove)
c:/altera/13.0/nios2eds/bin/gnu/h-i686-mingw32/bin/../lib/gcc/nios2-elf/4.1.2/../../../../nios2-elf/lib\libc.a(lib_a-reallocr.o)
                              c:/altera/13.0/nios2eds/bin/gnu/h-i686-mingw32/bin/../lib/gcc/nios2-elf/4.1.2/../../../../nios2-elf/lib\libc.a(lib_a-fvwrite.o) (_realloc_r)
c:/altera/13.0/nios2eds/bin/gnu/h-i686-mingw32/bin/../lib/gcc/nios2-elf/4.1.2/../../../../nios2-elf/lib\libc.a(lib_a-sbrkr.o)
                              c:/altera/13.0/nios2eds/bin/gnu/h-i686-mingw32/bin/../lib/gcc/nios2-elf/4.1.2/../../../../nios2-elf/lib\libc.a(lib_a-mallocr.o) (_sbrk_r)
c:/altera/13.0/nios2eds/bin/gnu/h-i686-mingw32/bin/../lib/gcc/nios2-elf/4.1.2/../../../../nios2-elf/lib\libc.a(lib_a-wsetup.o)
                              c:/altera/13.0/nios2eds/bin/gnu/h-i686-mingw32/bin/../lib/gcc/nios2-elf/4.1.2/../../../../nios2-elf/lib\libc.a(lib_a-fvwrite.o) (__swsetup_r)
c:/altera/13.0/nios2eds/bin/gnu/h-i686-mingw32/bin/../lib/gcc/nios2-elf/4.1.2/../../../../nios2-elf/lib\libc.a(lib_a-fflush.o)
                              c:/altera/13.0/nios2eds/bin/gnu/h-i686-mingw32/bin/../lib/gcc/nios2-elf/4.1.2/../../../../nios2-elf/lib\libc.a(lib_a-fvwrite.o) (_fflush_r)
c:/altera/13.0/nios2eds/bin/gnu/h-i686-mingw32/bin/../lib/gcc/nios2-elf/4.1.2/../../../../nios2-elf/lib\libc.a(lib_a-findfp.o)
                              c:/altera/13.0/nios2eds/bin/gnu/h-i686-mingw32/bin/../lib/gcc/nios2-elf/4.1.2/../../../../nios2-elf/lib\libc.a(lib_a-wsetup.o) (__sinit)
c:/altera/13.0/nios2eds/bin/gnu/h-i686-mingw32/bin/../lib/gcc/nios2-elf/4.1.2/../../../../nios2-elf/lib\libc.a(lib_a-freer.o)
                              c:/altera/13.0/nios2eds/bin/gnu/h-i686-mingw32/bin/../lib/gcc/nios2-elf/4.1.2/../../../../nios2-elf/lib\libc.a(lib_a-fvwrite.o) (_free_r)
c:/altera/13.0/nios2eds/bin/gnu/h-i686-mingw32/bin/../lib/gcc/nios2-elf/4.1.2/../../../../nios2-elf/lib\libc.a(lib_a-fwalk.o)
                              c:/altera/13.0/nios2eds/bin/gnu/h-i686-mingw32/bin/../lib/gcc/nios2-elf/4.1.2/../../../../nios2-elf/lib\libc.a(lib_a-fflush.o) (_fwalk_reent)
c:/altera/13.0/nios2eds/bin/gnu/h-i686-mingw32/bin/../lib/gcc/nios2-elf/4.1.2/../../../../nios2-elf/lib\libc.a(lib_a-int_errno.o)
                              c:/altera/13.0/nios2eds/bin/gnu/h-i686-mingw32/bin/../lib/gcc/nios2-elf/4.1.2/../../../../nios2-elf/lib\libc.a(lib_a-sbrkr.o) (errno)
c:/altera/13.0/nios2eds/bin/gnu/h-i686-mingw32/bin/../lib/gcc/nios2-elf/4.1.2/../../../../nios2-elf/lib\libc.a(lib_a-makebuf.o)
                              c:/altera/13.0/nios2eds/bin/gnu/h-i686-mingw32/bin/../lib/gcc/nios2-elf/4.1.2/../../../../nios2-elf/lib\libc.a(lib_a-wsetup.o) (__smakebuf_r)
[...]
Memory Configuration

Name             Origin             Length             Attributes
reset            0x00800000         0x00000020
sdram_controller 0x00800020         0x007fffe0
onchip_mem       0x01008000         0x00008000
*default*        0x00000000         0xffffffff

Linker script and memory map

LOAD ../assignment2_bsp//obj/HAL/src/crt0.o
LOAD obj/default/hello_world.o
LOAD obj/default/sccharts.o
LOAD c:/altera/13.0/nios2eds/bin/gnu/h-i686-mingw32/bin/../lib/gcc/nios2-elf/4.1.2/../../../../nios2-elf/lib\libstdc++.a
LOAD c:/altera/13.0/nios2eds/bin/gnu/h-i686-mingw32/bin/../lib/gcc/nios2-elf/4.1.2/../../../../nios2-elf/lib\libm.a
LOAD c:/altera/13.0/nios2eds/bin/gnu/h-i686-mingw32/bin/../lib/gcc/nios2-elf/4.1.2\libgcc.a
START GROUP
LOAD c:/altera/13.0/nios2eds/bin/gnu/h-i686-mingw32/bin/../lib/gcc/nios2-elf/4.1.2/../../../../nios2-elf/lib\libc.a
LOAD c:/altera/13.0/nios2eds/bin/gnu/h-i686-mingw32/bin/../lib/gcc/nios2-elf/4.1.2\libgcc.a
LOAD ../assignment2_bsp/\libhal_bsp.a
END GROUP
LOAD c:/altera/13.0/nios2eds/bin/gnu/h-i686-mingw32/bin/../lib/gcc/nios2-elf/4.1.2\libgcc.a
                0x00800000                __alt_mem_sdram_controller = 0x800000
                0x01008000                __alt_mem_onchip_mem = 0x1008000

.entry          0x00800000       0x20
 *(.entry)
 .entry         0x00800000       0x20 ../assignment2_bsp//obj/HAL/src/crt0.o
                0x00800000                __reset

.exceptions     0x00800020      0x194
                0x00800020                PROVIDE (__ram_exceptions_start, ABSOLUTE (.))
                0x00800020                . = ALIGN (0x20)
 *(.irq)
 *(.exceptions.entry.label)
 .exceptions.entry.label
                0x00800020        0x0 ../assignment2_bsp/\libhal_bsp.a(alt_irq_entry.o)
                0x00800020                alt_irq_entry
 .exceptions.entry.label
                0x00800020        0x0 ../assignment2_bsp/\libhal_bsp.a(alt_exception_entry.o)
                0x00800020                alt_exception
 *(.exceptions.entry.user)
 *(.exceptions.entry)
 .exceptions.entry
                0x00800020       0x54 ../assignment2_bsp/\libhal_bsp.a(alt_exception_entry.o)
 *(.exceptions.irqtest.user)
 *(.exceptions.irqtest)
 .exceptions.irqtest
                0x00800074       0x10 ../assignment2_bsp/\libhal_bsp.a(alt_irq_entry.o)
 *(.exceptions.irqhandler.user)
 *(.exceptions.irqhandler)
 .exceptions.irqhandler
                0x00800084        0x4 ../assignment2_bsp/\libhal_bsp.a(alt_irq_entry.o)
 *(.exceptions.irqreturn.user)
 *(.exceptions.irqreturn)
 .exceptions.irqreturn
                0x00800088        0x4 ../assignment2_bsp/\libhal_bsp.a(alt_irq_entry.o)
 *(.exceptions.notirq.label)
 .exceptions.notirq.label
                0x0080008c        0x0 ../assignment2_bsp/\libhal_bsp.a(alt_irq_entry.o)
 *(.exceptions.notirq.user)
 *(.exceptions.notirq)
 .exceptions.notirq
                0x0080008c        0x8 ../assignment2_bsp/\libhal_bsp.a(alt_exception_entry.o)
 *(.exceptions.soft.user)
 *(.exceptions.soft)
 *(.exceptions.unknown.user)
 *(.exceptions.unknown)
 .exceptions.unknown
                0x00800094        0x4 ../assignment2_bsp/\libhal_bsp.a(alt_exception_entry.o)
 *(.exceptions.exit.label)
 .exceptions.exit.label
                0x00800098        0x0 ../assignment2_bsp/\libhal_bsp.a(alt_irq_entry.o)
 .exceptions.exit.label
                0x00800098        0x0 ../assignment2_bsp/\libhal_bsp.a(alt_exception_entry.o)
 *(.exceptions.exit.user)
 *(.exceptions.exit)
 .exceptions.exit
                0x00800098       0x54 ../assignment2_bsp/\libhal_bsp.a(alt_exception_entry.o)
 *(.exceptions)
 .exceptions    0x008000ec       0xc8 ../assignment2_bsp/\libhal_bsp.a(alt_irq_handler.o)
                0x008000ec                alt_irq_handler
                0x008001b4                PROVIDE (__ram_exceptions_end, ABSOLUTE (.))
                0x00800020                PROVIDE (__flash_exceptions_start, LOADADDR (.exceptions))

.text           0x008001b4     0xb490
                0x008001b4                PROVIDE (stext, ABSOLUTE (.))
 *(.interp)
 *(.hash)
 *(.dynsym)
 *(.dynstr)
 *(.gnu.version)
 *(.gnu.version_d)
 *(.gnu.version_r)
 *(.rel.init)
 *(.rela.init)
 *(.rel.text .rel.text.* .rel.gnu.linkonce.t.*)
 *(.rela.text .rela.text.* .rela.gnu.linkonce.t.*)
 *(.rel.fini)
 *(.rela.fini)
 *(.rel.rodata .rel.rodata.* .rel.gnu.linkonce.r.*)
 *(.rela.rodata .rela.rodata.* .rela.gnu.linkonce.r.*)
 *(.rel.data .rel.data.* .rel.gnu.linkonce.d.*)
 *(.rela.data .rela.data.* .rela.gnu.linkonce.d.*)
 *(.rel.tdata .rel.tdata.* .rel.gnu.linkonce.td.*)
 *(.rela.tdata .rela.tdata.* .rela.gnu.linkonce.td.*)
 *(.rel.tbss .rel.tbss.* .rel.gnu.linkonce.tb.*)
 *(.rela.tbss .rela.tbss.* .rela.gnu.linkonce.tb.*)
 *(.rel.ctors)
 *(.rela.ctors)
 *(.rel.dtors)
 *(.rela.dtors)
 *(.rel.got)
 *(.rela.got)
 *(.rel.sdata .rel.sdata.* .rel.gnu.linkonce.s.*)
 *(.rela.sdata .rela.sdata.* .rela.gnu.linkonce.s.*)
 *(.rel.sbss .rel.sbss.* .rel.gnu.linkonce.sb.*)
 *(.rela.sbss .rela.sbss.* .rela.gnu.linkonce.sb.*)
 *(.rel.sdata2 .rel.sdata2.* .rel.gnu.linkonce.s2.*)
 *(.rela.sdata2 .rela.sdata2.* .rela.gnu.linkonce.s2.*)
 *(.rel.sbss2 .rel.sbss2.* .rel.gnu.linkonce.sb2.*)
 *(.rela.sbss2 .rela.sbss2.* .rela.gnu.linkonce.sb2.*)
 *(.rel.bss .rel.bss.* .rel.gnu.linkonce.b.*)
 *(.rela.bss .rela.bss.* .rela.gnu.linkonce.b.*)
 *(.rel.plt)
 *(.rela.plt)
 *(.rel.dyn)
 *(.init)
 *(.plt)
 *(.text .stub .text.* .gnu.linkonce.t.*)
 .text          0x008001b4       0x4c ../assignment2_bsp//obj/HAL/src/crt0.o
                0x008001b4                _start
 .text          0x00800200      0xe38 obj/default/hello_world.o
                0x00800200                main
                0x0080026c                mode0
                0x00800390                mode1
                0x00800600                init_uart
                0x00800638                init_buttons_pio
                0x00800694                buttons_isr
                0x008007b8                initialise_avi_timer
                0x0080081c                initialise_aei_timer
                0x00800888                initialise_pvarp_timer
                0x008008f4                initialise_vrp_timer
                0x00800960                initialise_lri_timer
                0x008009d0                initialise_uri_timer
                0x00800a34                initialise_debounce_timer
                0x00800a80                initialise_LED_timer
                0x00800acc                initialise_avi_signal_timer
                0x00800b18                initialise_aei_signal_timer
                0x00800b64                initialise_pvarp_signal_timer
                0x00800bb0                initialise_vrp_signal_timer
                0x00800bfc                initialise_lri_signal_timer
                0x00800c48                initialise_uri_signal_timer
                0x00800c94                avi_isr_function
                0x00800ce8                aei_isr_function
                0x00800d40                pvarp_isr_function
                0x00800d98                vrp_isr_function
                0x00800df0                lri_isr_function
                0x00800e44                uri_isr_function
                0x00800e98                debounce_isr_function
                0x00800ecc                LED_isr_function
                0x00800f00                signal_avi_isr_function
                0x00800f34                signal_aei_isr_function
                0x00800f68                signal_pvarp_isr_function
                0x00800f9c                signal_vrp_isr_function
                0x00800fd0                signal_lri_isr_function
                0x00801004                signal_uri_isr_function
 .text          0x00801038     0x34bc obj/default/sccharts.o
                0x00801038                reset
                0x008010ec                tick
 .text          0x008044f4       0xb4 c:/altera/13.0/nios2eds/bin/gnu/h-i686-mingw32/bin/../lib/gcc/nios2-elf/4.1.2/../../../../nios2-elf/lib\libc.a(lib_a-puts.o)
                0x008044f4                _puts_r
                0x00804594                puts
 .text          0x008045a8       0x74 c:/altera/13.0/nios2eds/bin/gnu/h-i686-mingw32/bin/../lib/gcc/nios2-elf/4.1.2/../../../../nios2-elf/lib\libc.a(lib_a-strlen.o)
                0x008045a8                strlen
 .text          0x0080461c      0x49c c:/altera/13.0/nios2eds/bin/gnu/h-i686-mingw32/bin/../lib/gcc/nios2-elf/4.1.2/../../../../nios2-elf/lib\libc.a(lib_a-fvwrite.o)
                0x0080461c                __sfvwrite_r
 .text          0x00804ab8        0x0 c:/altera/13.0/nios2eds/bin/gnu/h-i686-mingw32/bin/../lib/gcc/nios2-elf/4.1.2/../../../../nios2-elf/lib\libc.a(lib_a-impure.o)
 .text          0x00804ab8      0x740 c:/altera/13.0/nios2eds/bin/gnu/h-i686-mingw32/bin/../lib/gcc/nios2-elf/4.1.2/../../../../nios2-elf/lib\libc.a(lib_a-mallocr.o)
                0x00804ab8                _malloc_r
 .text          0x008051f8       0xe4 c:/altera/13.0/nios2eds/bin/gnu/h-i686-mingw32/bin/../lib/gcc/nios2-elf/4.1.2/../../../../nios2-elf/lib\libc.a(lib_a-memchr.o)
                0x008051f8                memchr
 .text          0x008052dc       0xa0 c:/altera/13.0/nios2eds/bin/gnu/h-i686-mingw32/bin/../lib/gcc/nios2-elf/4.1.2/../../../../nios2-elf/lib\libc.a(lib_a-memcpy.o)
                0x008052dc                memcpy
 .text          0x0080537c       0xe0 c:/altera/13.0/nios2eds/bin/gnu/h-i686-mingw32/bin/../lib/gcc/nios2-elf/4.1.2/../../../../nios2-elf/lib\libc.a(lib_a-memmove.o)
                0x0080537c                memmove
 .text          0x0080545c      0x5f4 c:/altera/13.0/nios2eds/bin/gnu/h-i686-mingw32/bin/../lib/gcc/nios2-elf/4.1.2/../../../../nios2-elf/lib\libc.a(lib_a-reallocr.o)
                0x0080545c                _realloc_r
 .text          0x00805a50       0x70 c:/altera/13.0/nios2eds/bin/gnu/h-i686-mingw32/bin/../lib/gcc/nios2-elf/4.1.2/../../../../nios2-elf/lib\libc.a(lib_a-sbrkr.o)
                0x00805a50                _sbrk_r
 .text          0x00805ac0      0x13c c:/altera/13.0/nios2eds/bin/gnu/h-i686-mingw32/bin/../lib/gcc/nios2-elf/4.1.2/../../../../nios2-elf/lib\libc.a(lib_a-wsetup.o)
                0x00805ac0                __swsetup_r
 .text          0x00805bfc      0x230 c:/altera/13.0/nios2eds/bin/gnu/h-i686-mingw32/bin/../lib/gcc/nios2-elf/4.1.2/../../../../nios2-elf/lib\libc.a(lib_a-fflush.o)
                0x00805bfc                _fflush_r
                0x00805df8                fflush
 .text          0x00805e2c      0x2c0 c:/altera/13.0/nios2eds/bin/gnu/h-i686-mingw32/bin/../lib/gcc/nios2-elf/4.1.2/../../../../nios2-elf/lib\libc.a(lib_a-findfp.o)
                0x00805e84                __sfp_lock_acquire
                0x00805e88                __sfp_lock_release
                0x00805e8c                __sinit_lock_acquire
                0x00805e90                __sinit_lock_release
                0x00805e94                __sinit
                0x00805f48                __fp_unlock_all
                0x00805f60                __fp_lock_all
                0x00805f78                _cleanup_r
                0x00805f84                _cleanup
                0x00805f94                __sfmoreglue
                0x00805ffc                __sfp
 .text          0x008060ec      0x440 c:/altera/13.0/nios2eds/bin/gnu/h-i686-mingw32/bin/../lib/gcc/nios2-elf/4.1.2/../../../../nios2-elf/lib\libc.a(lib_a-freer.o)
                0x008060ec                _malloc_trim_r
                0x00806218                _free_r
 .text          0x0080652c      0x180 c:/altera/13.0/nios2eds/bin/gnu/h-i686-mingw32/bin/../lib/gcc/nios2-elf/4.1.2/../../../../nios2-elf/lib\libc.a(lib_a-fwalk.o)
                0x0080652c                _fwalk_reent
                0x008065f4                _fwalk
 .text          0x008066ac        0x0 c:/altera/13.0/nios2eds/bin/gnu/h-i686-mingw32/bin/../lib/gcc/nios2-elf/4.1.2/../../../../nios2-elf/lib\libc.a(lib_a-int_errno.o)
 .text          0x008066ac      0x194 c:/altera/13.0/nios2eds/bin/gnu/h-i686-mingw32/bin/../lib/gcc/nios2-elf/4.1.2/../../../../nios2-elf/lib\libc.a(lib_a-makebuf.o)
                0x008066ac                __smakebuf_r
 .text          0x00806840       0x98 c:/altera/13.0/nios2eds/bin/gnu/h-i686-mingw32/bin/../lib/gcc/nios2-elf/4.1.2/../../../../nios2-elf/lib\libc.a(lib_a-memset.o)
                0x00806840                memset
 .text          0x008068d8      0x14c c:/altera/13.0/nios2eds/bin/gnu/h-i686-mingw32/bin/../lib/gcc/nios2-elf/4.1.2/../../../../nios2-elf/lib\libc.a(lib_a-stdio.o)
                0x008068d8                __sclose
                0x008068e0                __sseek
                0x00806948                __swrite
                0x008069c4                __sread
 .text          0x00806a24       0x78 c:/altera/13.0/nios2eds/bin/gnu/h-i686-mingw32/bin/../lib/gcc/nios2-elf/4.1.2/../../../../nios2-elf/lib\libc.a(lib_a-writer.o)
                0x00806a24                _write_r
 .text          0x00806a9c       0x70 c:/altera/13.0/nios2eds/bin/gnu/h-i686-mingw32/bin/../lib/gcc/nios2-elf/4.1.2/../../../../nios2-elf/lib\libc.a(lib_a-closer.o)
                0x00806a9c                _close_r
 .text          0x00806b0c      0x124 c:/altera/13.0/nios2eds/bin/gnu/h-i686-mingw32/bin/../lib/gcc/nios2-elf/4.1.2/../../../../nios2-elf/lib\libc.a(lib_a-fclose.o)
                0x00806b0c                _fclose_r
                0x00806c1c                fclose
 .text          0x00806c30       0x74 c:/altera/13.0/nios2eds/bin/gnu/h-i686-mingw32/bin/../lib/gcc/nios2-elf/4.1.2/../../../../nios2-elf/lib\libc.a(lib_a-fstatr.o)
                0x00806c30                _fstat_r
 .text          0x00806ca4       0x70 c:/altera/13.0/nios2eds/bin/gnu/h-i686-mingw32/bin/../lib/gcc/nios2-elf/4.1.2/../../../../nios2-elf/lib\libc.a(lib_a-isattyr.o)
                0x00806ca4                _isatty_r
 .text          0x00806d14       0x78 c:/altera/13.0/nios2eds/bin/gnu/h-i686-mingw32/bin/../lib/gcc/nios2-elf/4.1.2/../../../../nios2-elf/lib\libc.a(lib_a-lseekr.o)
                0x00806d14                _lseek_r
 .text          0x00806d8c       0x78 c:/altera/13.0/nios2eds/bin/gnu/h-i686-mingw32/bin/../lib/gcc/nios2-elf/4.1.2/../../../../nios2-elf/lib\libc.a(lib_a-readr.o)
                0x00806d8c                _read_r
 .text          0x00806e04      0x154 ../assignment2_bsp/\libhal_bsp.a(alt_alarm_start.o)
                0x00806e04                alt_alarm_start
 .text          0x00806f58      0x15c ../assignment2_bsp/\libhal_bsp.a(alt_close.o)
                0x00806f58                close
 .text          0x008070b4       0x2c ../assignment2_bsp/\libhal_bsp.a(alt_dev.o)
 .text          0x008070e0        0x0 ../assignment2_bsp/\libhal_bsp.a(alt_errno.o)
 .text          0x008070e0      0x134 ../assignment2_bsp/\libhal_bsp.a(alt_fstat.o)
                0x008070e0                fstat
 .text          0x00807214      0x1c0 ../assignment2_bsp/\libhal_bsp.a(alt_irq_register.o)
                0x00807214                alt_irq_register
 .text          0x008073d4        0x0 ../assignment2_bsp/\libhal_bsp.a(alt_irq_vars.o)
 .text          0x008073d4      0x120 ../assignment2_bsp/\libhal_bsp.a(alt_isatty.o)
                0x008073d4                isatty
 .text          0x008074f4       0xec ../assignment2_bsp/\libhal_bsp.a(alt_load.o)
                0x008074f4                alt_load
 .text          0x008075e0      0x150 ../assignment2_bsp/\libhal_bsp.a(alt_lseek.o)
                0x008075e0                lseek
 .text          0x00807730       0x6c ../assignment2_bsp/\libhal_bsp.a(alt_main.o)
                0x00807730                alt_main
 .text          0x0080779c       0x40 ../assignment2_bsp/\libhal_bsp.a(alt_malloc_lock.o)
                0x0080779c                __malloc_lock
                0x008077bc                __malloc_unlock
 .text          0x008077dc      0x2c4 ../assignment2_bsp/\libhal_bsp.a(alt_open.o)
                0x008078b8                open
 .text          0x00807aa0      0x180 ../assignment2_bsp/\libhal_bsp.a(alt_read.o)
                0x00807aa0                read
 .text          0x00807c20       0x60 ../assignment2_bsp/\libhal_bsp.a(alt_release_fd.o)
                0x00807c20                alt_release_fd
 .text          0x00807c80       0xbc ../assignment2_bsp/\libhal_bsp.a(alt_sbrk.o)
                0x00807c80                sbrk
 .text          0x00807d3c      0x1a4 ../assignment2_bsp/\libhal_bsp.a(alt_tick.o)
                0x00807d3c                alt_alarm_stop
                0x00807dd4                alt_tick
 .text          0x00807ee0      0x180 ../assignment2_bsp/\libhal_bsp.a(alt_write.o)
                0x00807ee0                write
 .text          0x00808060      0x100 ../assignment2_bsp/\libhal_bsp.a(alt_sys_init.o)
                0x00808060                alt_irq_init
                0x00808094                alt_sys_init
 .text          0x00808160      0x148 ../assignment2_bsp/\libhal_bsp.a(altera_avalon_jtag_uart_fd.o)
                0x00808160                altera_avalon_jtag_uart_read_fd
                0x008081b8                altera_avalon_jtag_uart_write_fd
                0x00808210                altera_avalon_jtag_uart_close_fd
                0x00808258                altera_avalon_jtag_uart_ioctl_fd
 .text          0x008082a8      0x40c ../assignment2_bsp/\libhal_bsp.a(altera_avalon_jtag_uart_init.o)
                0x008082a8                altera_avalon_jtag_uart_init
                0x00808640                altera_avalon_jtag_uart_close
 .text          0x008086b4       0xf4 ../assignment2_bsp/\libhal_bsp.a(altera_avalon_jtag_uart_ioctl.o)
                0x008086b4                altera_avalon_jtag_uart_ioctl
 .text          0x008087a8      0x224 ../assignment2_bsp/\libhal_bsp.a(altera_avalon_jtag_uart_read.o)
                0x008087a8                altera_avalon_jtag_uart_read
 .text          0x008089cc      0x240 ../assignment2_bsp/\libhal_bsp.a(altera_avalon_jtag_uart_write.o)
                0x008089cc                altera_avalon_jtag_uart_write
 .text          0x00808c0c      0xee8 ../assignment2_bsp/\libhal_bsp.a(altera_avalon_lcd_16207.o)
                0x008093e0                altera_avalon_lcd_16207_write
                0x008099b8                altera_avalon_lcd_16207_init
 .text          0x00809af4       0x58 ../assignment2_bsp/\libhal_bsp.a(altera_avalon_lcd_16207_fd.o)
                0x00809af4                altera_avalon_lcd_16207_write_fd
 .text          0x00809b4c      0x100 ../assignment2_bsp/\libhal_bsp.a(altera_avalon_timer_sc.o)
                0x00809bbc                alt_avalon_timer_sc_init
 .text          0x00809c4c       0xf8 ../assignment2_bsp/\libhal_bsp.a(altera_avalon_uart_fd.o)
                0x00809c4c                altera_avalon_uart_read_fd
                0x00809ca4                altera_avalon_uart_write_fd
                0x00809cfc                altera_avalon_uart_close_fd
 .text          0x00809d44      0x400 ../assignment2_bsp/\libhal_bsp.a(altera_avalon_uart_init.o)
                0x00809d44                altera_avalon_uart_init
                0x0080a0e4                altera_avalon_uart_close
 .text          0x0080a144      0x290 ../assignment2_bsp/\libhal_bsp.a(altera_avalon_uart_read.o)
                0x0080a144                altera_avalon_uart_read
 .text          0x0080a3d4      0x228 ../assignment2_bsp/\libhal_bsp.a(altera_avalon_uart_write.o)
                0x0080a3d4                altera_avalon_uart_write
 .text          0x0080a5fc       0x44 ../assignment2_bsp/\libhal_bsp.a(alt_dcache_flush_all.o)
                0x0080a5fc                alt_dcache_flush_all
 .text          0x0080a640      0x114 ../assignment2_bsp/\libhal_bsp.a(alt_dev_llist_insert.o)
                0x0080a640                alt_dev_llist_insert
 .text          0x0080a754       0x64 ../assignment2_bsp/\libhal_bsp.a(alt_do_ctors.o)
                0x0080a754                _do_ctors
 .text          0x0080a7b8       0x64 ../assignment2_bsp/\libhal_bsp.a(alt_do_dtors.o)
                0x0080a7b8                _do_dtors
 .text          0x0080a81c       0x94 ../assignment2_bsp/\libhal_bsp.a(alt_find_dev.o)
                0x0080a81c                alt_find_dev
 .text          0x0080a8b0      0x120 ../assignment2_bsp/\libhal_bsp.a(alt_find_file.o)
                0x0080a8b0                alt_find_file
 .text          0x0080a9d0       0xb8 ../assignment2_bsp/\libhal_bsp.a(alt_get_fd.o)
                0x0080a9d0                alt_get_fd
 .text          0x0080aa88       0x30 ../assignment2_bsp/\libhal_bsp.a(alt_icache_flush_all.o)
                0x0080aa88                alt_icache_flush_all
 .text          0x0080aab8      0x1d4 ../assignment2_bsp/\libhal_bsp.a(alt_iic.o)
                0x0080aab8                alt_ic_isr_register
                0x0080ab08                alt_ic_irq_enable
                0x0080aba4                alt_ic_irq_disable
                0x0080ac44                alt_ic_irq_enabled
 .text          0x0080ac8c       0xf8 ../assignment2_bsp/\libhal_bsp.a(alt_iic_isr_register.o)
                0x0080ac8c                alt_iic_isr_register
 .text          0x0080ad84      0x13c ../assignment2_bsp/\libhal_bsp.a(alt_io_redirect.o)
                0x0080ae48                alt_io_redirect
 .text          0x0080aec0        0x0 ../assignment2_bsp/\libhal_bsp.a(alt_irq_entry.o)
 .text          0x0080aec0        0x0 ../assignment2_bsp/\libhal_bsp.a(alt_irq_handler.o)
 .text          0x0080aec0       0x30 ../assignment2_bsp/\libhal_bsp.a(alt_usleep.o)
                0x0080aec0                usleep
 .text          0x0080aef0       0x20 ../assignment2_bsp/\libhal_bsp.a(altera_nios2_qsys_irq.o)
                0x0080aef0                altera_nios2_qsys_irq_init
 .text          0x0080af10      0x14c ../assignment2_bsp/\libhal_bsp.a(alt_busy_sleep.o)
                0x0080af10                alt_busy_sleep
 .text          0x0080b05c        0x0 ../assignment2_bsp/\libhal_bsp.a(alt_exception_entry.o)
 .text          0x0080b05c       0x90 ../assignment2_bsp/\libhal_bsp.a(alt_icache_flush.o)
                0x0080b05c                alt_icache_flush
 .text          0x0080b0ec       0x14 c:/altera/13.0/nios2eds/bin/gnu/h-i686-mingw32/bin/../lib/gcc/nios2-elf/4.1.2/../../../../nios2-elf/lib\libc.a(lib_a-atexit.o)
                0x0080b0ec                atexit
 .text          0x0080b100        0x0 c:/altera/13.0/nios2eds/bin/gnu/h-i686-mingw32/bin/../lib/gcc/nios2-elf/4.1.2/../../../../nios2-elf/lib\libc.a(lib_a-ctype_.o)
 .text          0x0080b100       0x38 c:/altera/13.0/nios2eds/bin/gnu/h-i686-mingw32/bin/../lib/gcc/nios2-elf/4.1.2/../../../../nios2-elf/lib\libc.a(lib_a-exit.o)
                0x0080b100                exit
 .text          0x0080b138       0x74 c:/altera/13.0/nios2eds/bin/gnu/h-i686-mingw32/bin/../lib/gcc/nios2-elf/4.1.2/../../../../nios2-elf/lib\libc.a(lib_a-memcmp.o)
                0x0080b138                memcmp
 .text          0x0080b1ac      0x134 c:/altera/13.0/nios2eds/bin/gnu/h-i686-mingw32/bin/../lib/gcc/nios2-elf/4.1.2/../../../../nios2-elf/lib\libc.a(lib_a-__atexit.o)
                0x0080b1ac                __register_exitproc
 .text          0x0080b2e0      0x1b4 c:/altera/13.0/nios2eds/bin/gnu/h-i686-mingw32/bin/../lib/gcc/nios2-elf/4.1.2/../../../../nios2-elf/lib\libc.a(lib_a-__call_atexit.o)
                0x0080b2e4                __call_exitprocs
 .text          0x0080b494      0x14c c:/altera/13.0/nios2eds/bin/gnu/h-i686-mingw32/bin/../lib/gcc/nios2-elf/4.1.2\libgcc.a(lib2-divmod.o)
                0x0080b510                __divsi3
                0x0080b570                __modsi3
                0x0080b5d0                __udivsi3
                0x0080b5d8                __umodsi3
 .text          0x0080b5e0       0x60 ../assignment2_bsp/\libhal_bsp.a(alt_exit.o)
                0x0080b620                _exit
 *(.gnu.warning.*)
 *(.fini)
                0x0080b640                PROVIDE (__etext, ABSOLUTE (.))
                0x0080b640                PROVIDE (_etext, ABSOLUTE (.))
                0x0080b640                PROVIDE (etext, ABSOLUTE (.))
 *(.eh_frame_hdr)
                0x0080b640                . = ALIGN (0x4)
                0x0080b640                PROVIDE (__preinit_array_start, ABSOLUTE (.))
 *(.preinit_array)
                0x0080b640                PROVIDE (__preinit_array_end, ABSOLUTE (.))
                0x0080b640                PROVIDE (__init_array_start, ABSOLUTE (.))
 *(.init_array)
                0x0080b640                PROVIDE (__init_array_end, ABSOLUTE (.))
                0x0080b640                PROVIDE (__fini_array_start, ABSOLUTE (.))
 *(.fini_array)
                0x0080b640                PROVIDE (__fini_array_end, ABSOLUTE (.))
 *(.eh_frame)
 *(.gcc_except_table)
 *(.dynamic)
                0x0080b640                PROVIDE (__CTOR_LIST__, ABSOLUTE (.))
 *(.ctors)
 *(SORT(.ctors.*))
 .ctors.65535   0x0080b640        0x4 c:/altera/13.0/nios2eds/bin/gnu/h-i686-mingw32/bin/../lib/gcc/nios2-elf/4.1.2/../../../../nios2-elf/lib\libc.a(lib_a-__call_atexit.o)
                0x0080b644                PROVIDE (__CTOR_END__, ABSOLUTE (.))
                0x0080b644                PROVIDE (__DTOR_LIST__, ABSOLUTE (.))
 *(.dtors)
 *(SORT(.dtors.*))
                0x0080b644                PROVIDE (__DTOR_END__, ABSOLUTE (.))
 *(.jcr)
                0x0080b644                . = ALIGN (0x4)

.rodata         0x0080b644      0x44c
                0x0080b644                PROVIDE (__ram_rodata_start, ABSOLUTE (.))
                0x0080b644                . = ALIGN (0x4)
 *(.rodata .rodata.* .gnu.linkonce.r.*)
 .rodata        0x0080b644      0x17c obj/default/hello_world.o
 .rodata.str1.4
                0x0080b7c0        0x2 c:/altera/13.0/nios2eds/bin/gnu/h-i686-mingw32/bin/../lib/gcc/nios2-elf/4.1.2/../../../../nios2-elf/lib\libc.a(lib_a-puts.o)
                                  0x4 (size before relaxing)
 *fill*         0x0080b7c2        0x2 00
 .rodata.str1.4
                0x0080b7c4        0x4 c:/altera/13.0/nios2eds/bin/gnu/h-i686-mingw32/bin/../lib/gcc/nios2-elf/4.1.2/../../../../nios2-elf/lib\libc.a(lib_a-impure.o)
 .rodata        0x0080b7c8        0xc ../assignment2_bsp/\libhal_bsp.a(alt_dev.o)
 .rodata        0x0080b7d4       0x10 ../assignment2_bsp/\libhal_bsp.a(alt_main.o)
 .rodata        0x0080b7e4       0x28 ../assignment2_bsp/\libhal_bsp.a(alt_sys_init.o)
 .rodata        0x0080b80c      0x284 c:/altera/13.0/nios2eds/bin/gnu/h-i686-mingw32/bin/../lib/gcc/nios2-elf/4.1.2/../../../../nios2-elf/lib\libc.a(lib_a-ctype_.o)
                0x0080b80c                _ctype_
 *(.rodata1)
                0x0080ba90                . = ALIGN (0x4)
                0x0080ba90                PROVIDE (__ram_rodata_end, ABSOLUTE (.))
                0x0080b644                PROVIDE (__flash_rodata_start, LOADADDR (.rodata))

.rwdata         0x0080ba90     0x1c38 load address 0x0080d6c8
                0x0080ba90                PROVIDE (__ram_rwdata_start, ABSOLUTE (.))
                0x0080ba90                . = ALIGN (0x4)
 *(.got.plt)
 *(.got)
 *(.data1)
 *(.data .data.* .gnu.linkonce.d.*)
 .data          0x0080ba90        0x0 ../assignment2_bsp//obj/HAL/src/crt0.o
 .data          0x0080ba90        0x0 obj/default/hello_world.o
 .data          0x0080ba90        0x0 obj/default/sccharts.o
 .data          0x0080ba90        0x0 c:/altera/13.0/nios2eds/bin/gnu/h-i686-mingw32/bin/../lib/gcc/nios2-elf/4.1.2/../../../../nios2-elf/lib\libc.a(lib_a-puts.o)
 .data          0x0080ba90        0x0 c:/altera/13.0/nios2eds/bin/gnu/h-i686-mingw32/bin/../lib/gcc/nios2-elf/4.1.2/../../../../nios2-elf/lib\libc.a(lib_a-strlen.o)
 .data          0x0080ba90        0x0 c:/altera/13.0/nios2eds/bin/gnu/h-i686-mingw32/bin/../lib/gcc/nios2-elf/4.1.2/../../../../nios2-elf/lib\libc.a(lib_a-fvwrite.o)
 .data          0x0080ba90      0x400 c:/altera/13.0/nios2eds/bin/gnu/h-i686-mingw32/bin/../lib/gcc/nios2-elf/4.1.2/../../../../nios2-elf/lib\libc.a(lib_a-impure.o)
 .data          0x0080be90      0x408 c:/altera/13.0/nios2eds/bin/gnu/h-i686-mingw32/bin/../lib/gcc/nios2-elf/4.1.2/../../../../nios2-elf/lib\libc.a(lib_a-mallocr.o)
                0x0080be90                __malloc_av_
 .data          0x0080c298        0x0 c:/altera/13.0/nios2eds/bin/gnu/h-i686-mingw32/bin/../lib/gcc/nios2-elf/4.1.2/../../../../nios2-elf/lib\libc.a(lib_a-memchr.o)
 .data          0x0080c298        0x0 c:/altera/13.0/nios2eds/bin/gnu/h-i686-mingw32/bin/../lib/gcc/nios2-elf/4.1.2/../../../../nios2-elf/lib\libc.a(lib_a-memcpy.o)
 .data          0x0080c298        0x0 c:/altera/13.0/nios2eds/bin/gnu/h-i686-mingw32/bin/../lib/gcc/nios2-elf/4.1.2/../../../../nios2-elf/lib\libc.a(lib_a-memmove.o)
 .data          0x0080c298        0x0 c:/altera/13.0/nios2eds/bin/gnu/h-i686-mingw32/bin/../lib/gcc/nios2-elf/4.1.2/../../../../nios2-elf/lib\libc.a(lib_a-reallocr.o)
 .data          0x0080c298        0x0 c:/altera/13.0/nios2eds/bin/gnu/h-i686-mingw32/bin/../lib/gcc/nios2-elf/4.1.2/../../../../nios2-elf/lib\libc.a(lib_a-sbrkr.o)
 .data          0x0080c298        0x0 c:/altera/13.0/nios2eds/bin/gnu/h-i686-mingw32/bin/../lib/gcc/nios2-elf/4.1.2/../../../../nios2-elf/lib\libc.a(lib_a-wsetup.o)
 .data          0x0080c298        0x0 c:/altera/13.0/nios2eds/bin/gnu/h-i686-mingw32/bin/../lib/gcc/nios2-elf/4.1.2/../../../../nios2-elf/lib\libc.a(lib_a-fflush.o)
 .data          0x0080c298        0x0 c:/altera/13.0/nios2eds/bin/gnu/h-i686-mingw32/bin/../lib/gcc/nios2-elf/4.1.2/../../../../nios2-elf/lib\libc.a(lib_a-findfp.o)
 .data          0x0080c298        0x0 c:/altera/13.0/nios2eds/bin/gnu/h-i686-mingw32/bin/../lib/gcc/nios2-elf/4.1.2/../../../../nios2-elf/lib\libc.a(lib_a-freer.o)
 .data          0x0080c298        0x0 c:/altera/13.0/nios2eds/bin/gnu/h-i686-mingw32/bin/../lib/gcc/nios2-elf/4.1.2/../../../../nios2-elf/lib\libc.a(lib_a-fwalk.o)
 .data          0x0080c298        0x0 c:/altera/13.0/nios2eds/bin/gnu/h-i686-mingw32/bin/../lib/gcc/nios2-elf/4.1.2/../../../../nios2-elf/lib\libc.a(lib_a-int_errno.o)
 .data          0x0080c298        0x0 c:/altera/13.0/nios2eds/bin/gnu/h-i686-mingw32/bin/../lib/gcc/nios2-elf/4.1.2/../../../../nios2-elf/lib\libc.a(lib_a-makebuf.o)
 .data          0x0080c298        0x0 c:/altera/13.0/nios2eds/bin/gnu/h-i686-mingw32/bin/../lib/gcc/nios2-elf/4.1.2/../../../../nios2-elf/lib\libc.a(lib_a-memset.o)
 .data          0x0080c298        0x0 c:/altera/13.0/nios2eds/bin/gnu/h-i686-mingw32/bin/../lib/gcc/nios2-elf/4.1.2/../../../../nios2-elf/lib\libc.a(lib_a-stdio.o)
 .data          0x0080c298        0x0 c:/altera/13.0/nios2eds/bin/gnu/h-i686-mingw32/bin/../lib/gcc/nios2-elf/4.1.2/../../../../nios2-elf/lib\libc.a(lib_a-writer.o)
 .data          0x0080c298        0x0 c:/altera/13.0/nios2eds/bin/gnu/h-i686-mingw32/bin/../lib/gcc/nios2-elf/4.1.2/../../../../nios2-elf/lib\libc.a(lib_a-closer.o)
 .data          0x0080c298        0x0 c:/altera/13.0/nios2eds/bin/gnu/h-i686-mingw32/bin/../lib/gcc/nios2-elf/4.1.2/../../../../nios2-elf/lib\libc.a(lib_a-fclose.o)
 .data          0x0080c298        0x0 c:/altera/13.0/nios2eds/bin/gnu/h-i686-mingw32/bin/../lib/gcc/nios2-elf/4.1.2/../../../../nios2-elf/lib\libc.a(lib_a-fstatr.o)
 .data          0x0080c298        0x0 c:/altera/13.0/nios2eds/bin/gnu/h-i686-mingw32/bin/../lib/gcc/nios2-elf/4.1.2/../../../../nios2-elf/lib\libc.a(lib_a-isattyr.o)
 .data          0x0080c298        0x0 c:/altera/13.0/nios2eds/bin/gnu/h-i686-mingw32/bin/../lib/gcc/nios2-elf/4.1.2/../../../../nios2-elf/lib\libc.a(lib_a-lseekr.o)
 .data          0x0080c298        0x0 c:/altera/13.0/nios2eds/bin/gnu/h-i686-mingw32/bin/../lib/gcc/nios2-elf/4.1.2/../../../../nios2-elf/lib\libc.a(lib_a-readr.o)
 .data          0x0080c298        0x0 ../assignment2_bsp/\libhal_bsp.a(alt_alarm_start.o)
 .data          0x0080c298        0x0 ../assignment2_bsp/\libhal_bsp.a(alt_close.o)
 .data          0x0080c298      0x1a8 ../assignment2_bsp/\libhal_bsp.a(alt_dev.o)
                0x0080c298                alt_dev_null
                0x0080c2c0                alt_fd_list
 .data          0x0080c440        0x0 ../assignment2_bsp/\libhal_bsp.a(alt_errno.o)
 .data          0x0080c440        0x0 ../assignment2_bsp/\libhal_bsp.a(alt_fstat.o)
 .data          0x0080c440        0x0 ../assignment2_bsp/\libhal_bsp.a(alt_irq_register.o)
 .data          0x0080c440        0x0 ../assignment2_bsp/\libhal_bsp.a(alt_irq_vars.o)
 .data          0x0080c440        0x0 ../assignment2_bsp/\libhal_bsp.a(alt_isatty.o)
 .data          0x0080c440        0x0 ../assignment2_bsp/\libhal_bsp.a(alt_load.o)
 .data          0x0080c440        0x0 ../assignment2_bsp/\libhal_bsp.a(alt_lseek.o)
 .data          0x0080c440        0x0 ../assignment2_bsp/\libhal_bsp.a(alt_main.o)
 .data          0x0080c440        0x0 ../assignment2_bsp/\libhal_bsp.a(alt_malloc_lock.o)
 .data          0x0080c440        0x0 ../assignment2_bsp/\libhal_bsp.a(alt_open.o)
 .data          0x0080c440        0x0 ../assignment2_bsp/\libhal_bsp.a(alt_read.o)
 .data          0x0080c440        0x0 ../assignment2_bsp/\libhal_bsp.a(alt_release_fd.o)
 .data          0x0080c440        0x0 ../assignment2_bsp/\libhal_bsp.a(alt_sbrk.o)
 .data          0x0080c440        0x0 ../assignment2_bsp/\libhal_bsp.a(alt_tick.o)
 .data          0x0080c440        0x0 ../assignment2_bsp/\libhal_bsp.a(alt_write.o)
 .data          0x0080c440     0x1244 ../assignment2_bsp/\libhal_bsp.a(alt_sys_init.o)
 .data          0x0080d684        0x0 ../assignment2_bsp/\libhal_bsp.a(altera_avalon_jtag_uart_fd.o)
 .data          0x0080d684        0x0 ../assignment2_bsp/\libhal_bsp.a(altera_avalon_jtag_uart_init.o)
 .data          0x0080d684        0x0 ../assignment2_bsp/\libhal_bsp.a(altera_avalon_jtag_uart_ioctl.o)
 .data          0x0080d684        0x0 ../assignment2_bsp/\libhal_bsp.a(altera_avalon_jtag_uart_read.o)
 .data          0x0080d684        0x0 ../assignment2_bsp/\libhal_bsp.a(altera_avalon_jtag_uart_write.o)
 .data          0x0080d684        0x0 ../assignment2_bsp/\libhal_bsp.a(altera_avalon_lcd_16207.o)
 .data          0x0080d684        0x0 ../assignment2_bsp/\libhal_bsp.a(altera_avalon_lcd_16207_fd.o)
 .data          0x0080d684        0x0 ../assignment2_bsp/\libhal_bsp.a(altera_avalon_timer_sc.o)
 .data          0x0080d684        0x0 ../assignment2_bsp/\libhal_bsp.a(altera_avalon_uart_fd.o)
 .data          0x0080d684        0x0 ../assignment2_bsp/\libhal_bsp.a(altera_avalon_uart_init.o)
 .data          0x0080d684        0x0 ../assignment2_bsp/\libhal_bsp.a(altera_avalon_uart_read.o)
 .data          0x0080d684        0x0 ../assignment2_bsp/\libhal_bsp.a(altera_avalon_uart_write.o)
 .data          0x0080d684        0x0 ../assignment2_bsp/\libhal_bsp.a(alt_dcache_flush_all.o)
 .data          0x0080d684        0x0 ../assignment2_bsp/\libhal_bsp.a(alt_dev_llist_insert.o)
 .data          0x0080d684        0x0 ../assignment2_bsp/\libhal_bsp.a(alt_do_ctors.o)
 .data          0x0080d684        0x0 ../assignment2_bsp/\libhal_bsp.a(alt_do_dtors.o)
 .data          0x0080d684        0x0 ../assignment2_bsp/\libhal_bsp.a(alt_find_dev.o)
 .data          0x0080d684        0x0 ../assignment2_bsp/\libhal_bsp.a(alt_find_file.o)
 .data          0x0080d684        0x0 ../assignment2_bsp/\libhal_bsp.a(alt_get_fd.o)
 .data          0x0080d684        0x0 ../assignment2_bsp/\libhal_bsp.a(alt_icache_flush_all.o)
 .data          0x0080d684        0x0 ../assignment2_bsp/\libhal_bsp.a(alt_iic.o)
 .data          0x0080d684        0x0 ../assignment2_bsp/\libhal_bsp.a(alt_iic_isr_register.o)
 .data          0x0080d684        0x0 ../assignment2_bsp/\libhal_bsp.a(alt_io_redirect.o)
 .data          0x0080d684        0x0 ../assignment2_bsp/\libhal_bsp.a(alt_irq_entry.o)
 .data          0x0080d684        0x0 ../assignment2_bsp/\libhal_bsp.a(alt_irq_handler.o)
 .data          0x0080d684        0x0 ../assignment2_bsp/\libhal_bsp.a(alt_usleep.o)
 .data          0x0080d684        0x0 ../assignment2_bsp/\libhal_bsp.a(altera_nios2_qsys_irq.o)
 .data          0x0080d684        0x0 ../assignment2_bsp/\libhal_bsp.a(alt_busy_sleep.o)
 .data          0x0080d684        0x0 ../assignment2_bsp/\libhal_bsp.a(alt_exception_entry.o)
 .data          0x0080d684        0x0 ../assignment2_bsp/\libhal_bsp.a(alt_icache_flush.o)
 .data          0x0080d684        0x0 c:/altera/13.0/nios2eds/bin/gnu/h-i686-mingw32/bin/../lib/gcc/nios2-elf/4.1.2/../../../../nios2-elf/lib\libc.a(lib_a-atexit.o)
 .data          0x0080d684        0x0 c:/altera/13.0/nios2eds/bin/gnu/h-i686-mingw32/bin/../lib/gcc/nios2-elf/4.1.2/../../../../nios2-elf/lib\libc.a(lib_a-ctype_.o)
 .data          0x0080d684        0x0 c:/altera/13.0/nios2eds/bin/gnu/h-i686-mingw32/bin/../lib/gcc/nios2-elf/4.1.2/../../../../nios2-elf/lib\libc.a(lib_a-exit.o)
 .data          0x0080d684        0x0 c:/altera/13.0/nios2eds/bin/gnu/h-i686-mingw32/bin/../lib/gcc/nios2-elf/4.1.2/../../../../nios2-elf/lib\libc.a(lib_a-memcmp.o)
 .data          0x0080d684        0x0 c:/altera/13.0/nios2eds/bin/gnu/h-i686-mingw32/bin/../lib/gcc/nios2-elf/4.1.2/../../../../nios2-elf/lib\libc.a(lib_a-__atexit.o)
 .data          0x0080d684        0x0 c:/altera/13.0/nios2eds/bin/gnu/h-i686-mingw32/bin/../lib/gcc/nios2-elf/4.1.2/../../../../nios2-elf/lib\libc.a(lib_a-__call_atexit.o)
 .data          0x0080d684        0x0 c:/altera/13.0/nios2eds/bin/gnu/h-i686-mingw32/bin/../lib/gcc/nios2-elf/4.1.2\libgcc.a(lib2-divmod.o)
 .data          0x0080d684        0x0 ../assignment2_bsp/\libhal_bsp.a(alt_exit.o)
                0x00815684                _gp = ABSOLUTE ((. + 0x8000))
                0x00815684                PROVIDE (gp, _gp)
 *(.rwdata .rwdata.*)
 *(.sdata .sdata.* .gnu.linkonce.s.*)
 .sdata         0x0080d684        0x4 obj/default/hello_world.o
 .sdata         0x0080d688        0x8 c:/altera/13.0/nios2eds/bin/gnu/h-i686-mingw32/bin/../lib/gcc/nios2-elf/4.1.2/../../../../nios2-elf/lib\libc.a(lib_a-impure.o)
                0x0080d688                _impure_ptr
                0x0080d68c                _global_impure_ptr
 .sdata         0x0080d690        0x8 c:/altera/13.0/nios2eds/bin/gnu/h-i686-mingw32/bin/../lib/gcc/nios2-elf/4.1.2/../../../../nios2-elf/lib\libc.a(lib_a-mallocr.o)
                0x0080d690                __malloc_trim_threshold
                0x0080d694                __malloc_sbrk_base
 .sdata         0x0080d698       0x14 ../assignment2_bsp/\libhal_bsp.a(alt_dev.o)
                0x0080d698                alt_fs_list
                0x0080d6a0                alt_dev_list
                0x0080d6a8                alt_max_fd
 .sdata         0x0080d6ac        0x4 ../assignment2_bsp/\libhal_bsp.a(alt_errno.o)
                0x0080d6ac                alt_errno
 .sdata         0x0080d6b0        0x4 ../assignment2_bsp/\libhal_bsp.a(alt_irq_vars.o)
                0x0080d6b0                alt_priority_mask
 .sdata         0x0080d6b4        0x4 ../assignment2_bsp/\libhal_bsp.a(alt_sbrk.o)
 .sdata         0x0080d6b8        0x8 ../assignment2_bsp/\libhal_bsp.a(alt_tick.o)
                0x0080d6b8                alt_alarm_list
 .sdata         0x0080d6c0        0x4 ../assignment2_bsp/\libhal_bsp.a(altera_avalon_lcd_16207.o)
 .sdata         0x0080d6c4        0x4 c:/altera/13.0/nios2eds/bin/gnu/h-i686-mingw32/bin/../lib/gcc/nios2-elf/4.1.2/../../../../nios2-elf/lib\libc.a(lib_a-ctype_.o)
                0x0080d6c4                __ctype_ptr
 *(.sdata2 .sdata2.* .gnu.linkonce.s2.*)
                0x0080d6c8                . = ALIGN (0x4)
                0x0080d6c8                _edata = ABSOLUTE (.)
                0x0080d6c8                PROVIDE (edata, ABSOLUTE (.))
                0x0080d6c8                PROVIDE (__ram_rwdata_end, ABSOLUTE (.))
                0x0080d6c8                PROVIDE (__flash_rwdata_start, LOADADDR (.rwdata))

.bss            0x0080f300      0x588
                0x0080f300                __bss_start = ABSOLUTE (.)
                0x0080f300                PROVIDE (__sbss_start, ABSOLUTE (.))
                0x0080f300                PROVIDE (___sbss_start, ABSOLUTE (.))
 *(.dynsbss)
 *(.sbss .sbss.* .gnu.linkonce.sb.*)
 .sbss          0x0080f300       0x14 obj/default/hello_world.o
 .sbss          0x0080f314        0xc obj/default/hello_world.o
                0x0080f314                fp
                0x0080f318                c
                0x0080f31c                uart_read
 .sbss          0x0080f320      0x138 obj/default/sccharts.o
                0x0080f320                _cg81
                0x0080f321                g40
                0x0080f322                g83
                0x0080f323                g91
                0x0080f324                _compsys303_a2_local_URI_stop
                0x0080f325                APace
                0x0080f326                g139
                0x0080f327                g141_fix4
                0x0080f328                g4
                0x0080f329                g108
                0x0080f32a                g19
                0x0080f32b                g111
                0x0080f32c                PRE_g122
                0x0080f32d                g141_fix2
                0x0080f32e                PRE_g134
                0x0080f32f                g55
                0x0080f330                _cg59
                0x0080f331                g27
                0x0080f332                g94_e9
                0x0080f333                PRE_g90
                0x0080f334                _compsys303_a2_local_AEI_start
                0x0080f335                g112
                0x0080f336                g3
                0x0080f337                g31b
                0x0080f338                g146
                0x0080f339                g103
                0x0080f33a                PRE_g27
                0x0080f33b                g47
                0x0080f33c                g86_e8
                0x0080f33d                g85
                0x0080f33e                g42
                0x0080f33f                PRE_g114
                0x0080f340                g9
                0x0080f341                g127
                0x0080f342                LRITO
                0x0080f343                _cg7
                0x0080f344                g141_e1
                0x0080f348                _PRE_GO
                0x0080f34c                _compsys303_a2_local_AEI_ex
                0x0080f34d                PRE_g3
                0x0080f34e                g145
                0x0080f34f                g102
                0x0080f350                g140
                0x0080f351                _cg128
                0x0080f352                g115
                0x0080f353                _cg123
                0x0080f354                PRE_g56
                0x0080f355                _compsys303_a2_local_LRI_ex
                0x0080f356                PRE_g75
                0x0080f357                g87
                0x0080f358                g44
                0x0080f359                g123
                0x0080f35a                _cg84
                0x0080f35b                PRE_g65
                0x0080f35c                g92
                0x0080f35d                g1
                0x0080f35e                g61
                0x0080f35f                g135
                0x0080f360                g71
                0x0080f361                g7b
                0x0080f362                g126
                0x0080f363                g82
                0x0080f364                g12
                0x0080f365                g97
                0x0080f366                g52
                0x0080f367                g126b
                0x0080f368                _cg85
                0x0080f369                _cg46
                0x0080f36a                _cg74
                0x0080f36b                _compsys303_a2_local_AVI_stop
                0x0080f36c                g17
                0x0080f36d                g76
                0x0080f36e                g31
                0x0080f36f                g37
                0x0080f370                g133b
                0x0080f371                _compsys303_a2_local_first_asense
                0x0080f372                g62
                0x0080f373                g84
                0x0080f374                g41
                0x0080f375                _cg61
                0x0080f376                g118
                0x0080f377                PRE_g8
                0x0080f378                _cg126
                0x0080f379                _cg69
                0x0080f37a                _compsys303_a2_local_AVI_ex
                0x0080f37b                PRE_g138
                0x0080f37c                g18
                0x0080f37d                g140_e14
                0x0080f37e                ASense
                0x0080f37f                PRE_g50
                0x0080f380                PRE_g104
                0x0080f381                g132
                0x0080f382                g48
                0x0080f383                PRE_g35
                0x0080f384                g141_e1_fix_fix
                0x0080f385                g78_e7
                0x0080f386                g112_e10
                0x0080f387                _cg111
                0x0080f388                g38
                0x0080f389                g105
                0x0080f38a                _cg97
                0x0080f38b                PRE_g116
                0x0080f38c                PRE_g42
                0x0080f38d                g117
                0x0080f38e                _cg20
                0x0080f38f                _cg118
                0x0080f390                _cg76
                0x0080f391                _cg43
                0x0080f392                _compsys303_a2_local_PVARP_stop
                0x0080f393                g22b
                0x0080f394                _cg28
                0x0080f395                g64
                0x0080f396                g21
                0x0080f397                g74b
                0x0080f398                _cg107
                0x0080f399                _cg51
                0x0080f39a                _cg14
                0x0080f39b                _cg68
                0x0080f39c                g79
                0x0080f39d                g34
                0x0080f39e                g5
                0x0080f39f                g94
                0x0080f3a0                g110
                0x0080f3a1                g49
                0x0080f3a2                g2
                0x0080f3a3                g7
                0x0080f3a4                _cg53
                0x0080f3a5                _cg16
                0x0080f3a6                _compsys303_a2_local_AEI_stop
                0x0080f3a7                PRE_g101
                0x0080f3a8                g80
                0x0080f3a9                PRE_g80
                0x0080f3aa                g128
                0x0080f3ab                g136
                0x0080f3ac                PRE_g143
                0x0080f3ad                g100
                0x0080f3ae                g143
                0x0080f3af                g59
                0x0080f3b0                g99
                0x0080f3b1                g54
                0x0080f3b2                g66
                0x0080f3b3                g23
                0x0080f3b4                g14
                0x0080f3b5                _compsys303_a2_local_URI_start
                0x0080f3b6                _compsys303_a2_local_VRP_stop
                0x0080f3b7                g101
                0x0080f3b8                g144
                0x0080f3b9                g25_e2
                0x0080f3ba                _cg100
                0x0080f3bb                g114
                0x0080f3bc                g56
                0x0080f3bd                g129
                0x0080f3be                g131
                0x0080f3bf                g141_fix3
                0x0080f3c0                VSense
                0x0080f3c1                PRE_g6
                0x0080f3c2                g78
                0x0080f3c3                g33
                0x0080f3c4                g122
                0x0080f3c5                g71_e6
                0x0080f3c6                PRE_g96
                0x0080f3c7                PRE_g67
                0x0080f3c8                PRE_g83
                0x0080f3c9                g134
                0x0080f3ca                g35
                0x0080f3cb                _cg38
                0x0080f3cc                g15
                0x0080f3cd                g90
                0x0080f3ce                _GO
                0x0080f3cf                g89b
                0x0080f3d0                URITO
                0x0080f3d1                VRPTO
                0x0080f3d2                PRE_g11
                0x0080f3d3                g63
                0x0080f3d4                g20
                0x0080f3d5                AVITO
                0x0080f3d6                g60
                0x0080f3d7                g68b
                0x0080f3d8                PRE_g19
                0x0080f3d9                g141_e1_fix
                0x0080f3da                g66b
                0x0080f3db                g93
                0x0080f3dc                _cg22
                0x0080f3dd                g119
                0x0080f3de                g84b
                0x0080f3df                g86
                0x0080f3e0                g43
                0x0080f3e1                PRE_g125
                0x0080f3e2                PRE_g88
                0x0080f3e3                PVARPTO
                0x0080f3e4                g36
                0x0080f3e5                g89
                0x0080f3e6                g46
                0x0080f3e7                g57b
                0x0080f3e8                g95
                0x0080f3e9                g50
                0x0080f3ea                _cg131
                0x0080f3eb                g96
                0x0080f3ec                g51
                0x0080f3ed                g138
                0x0080f3ee                _cg115
                0x0080f3ef                g107
                0x0080f3f0                g113
                0x0080f3f1                _cg117
                0x0080f3f2                PRE_g48
                0x0080f3f3                g141_fix0
                0x0080f3f4                g104
                0x0080f3f5                g13
                0x0080f3f6                g145_e2
                0x0080f3f7                g98
                0x0080f3f8                g53
                0x0080f3f9                g8
                0x0080f3fa                g57
                0x0080f3fb                _compsys303_a2_local_AVI_start
                0x0080f3fc                g70
                0x0080f3fd                _cg66
                0x0080f3fe                g120_e11
                0x0080f3ff                g91b
                0x0080f400                g141
                0x0080f401                g36b
                0x0080f402                g116
                0x0080f403                g6
                0x0080f404                g72
                0x0080f405                g81
                0x0080f406                g117b
                0x0080f407                _compsys303_a2_local_PVARP_start
                0x0080f408                g124
                0x0080f409                _cg108
                0x0080f40a                _cg13
                0x0080f40b                _cg9
                0x0080f40c                PRE_g99
                0x0080f40d                g137
                0x0080f40e                g17_e1
                0x0080f40f                _compsys303_a2_local_URI_ex
                0x0080f410                g0
                0x0080f411                _cg89
                0x0080f412                g136_e13
                0x0080f413                _cg54
                0x0080f414                _cg91
                0x0080f415                g75
                0x0080f416                g30
                0x0080f417                PRE_g21
                0x0080f418                g16
                0x0080f419                g58
                0x0080f41a                g63_e5
                0x0080f41b                _compsys303_a2_local_LRI_stop
                0x0080f41c                _cg57
                0x0080f41d                g25
                0x0080f41e                g68
                0x0080f41f                g142
                0x0080f420                _compsys303_a2_local_LRI_start
                0x0080f421                g11
                0x0080f422                g65
                0x0080f423                g22
                0x0080f424                g141_fix1
                0x0080f425                g28
                0x0080f426                g73
                0x0080f427                g115b
                0x0080f428                g40_e4
                0x0080f429                g125
                0x0080f42a                g77
                0x0080f42b                g32
                0x0080f42c                _compsys303_a2_local_PVARP_ex
                0x0080f42d                g135b
                0x0080f42e                g20b
                0x0080f42f                g88
                0x0080f430                g45
                0x0080f431                _cg23
                0x0080f432                _compsys303_a2_local_VRP_ex
                0x0080f433                PRE_g127
                0x0080f434                _compsys303_a2_local_VRP_start
                0x0080f435                _cg55
                0x0080f436                _cg92
                0x0080f437                PRE_g45
                0x0080f438                g130
                0x0080f439                g49b
                0x0080f43a                PRE_g73
                0x0080f43b                PRE_g30
                0x0080f43c                g132_e12
                0x0080f43d                g121
                0x0080f43e                g100b
                0x0080f43f                _cg109
                0x0080f440                VPace
                0x0080f441                g12b
                0x0080f442                g39
                0x0080f443                _cg49
                0x0080f444                g120
                0x0080f445                g29
                0x0080f446                g67
                0x0080f447                g24
                0x0080f448                _cg4
                0x0080f449                g133
                0x0080f44a                g109
                0x0080f44b                _cg32
                0x0080f44c                g106
                0x0080f44d                _cg36
                0x0080f44e                _cg31
                0x0080f44f                g10
                0x0080f450                _cg102
                0x0080f451                AEITO
                0x0080f452                g69
                0x0080f453                g26
                0x0080f454                PRE_g37
                0x0080f455                _cg105
                0x0080f456                g74
                0x0080f457                g33_e3
 .sbss          0x0080f458        0xc c:/altera/13.0/nios2eds/bin/gnu/h-i686-mingw32/bin/../lib/gcc/nios2-elf/4.1.2/../../../../nios2-elf/lib\libc.a(lib_a-mallocr.o)
                0x0080f458                __malloc_top_pad
                0x0080f45c                __malloc_max_sbrked_mem
                0x0080f460                __malloc_max_total_mem
 .sbss          0x0080f464        0x4 c:/altera/13.0/nios2eds/bin/gnu/h-i686-mingw32/bin/../lib/gcc/nios2-elf/4.1.2/../../../../nios2-elf/lib\libc.a(lib_a-int_errno.o)
                0x0080f464                errno
 .sbss          0x0080f468        0x4 ../assignment2_bsp/\libhal_bsp.a(alt_irq_vars.o)
                0x0080f468                alt_irq_active
 .sbss          0x0080f46c        0xc ../assignment2_bsp/\libhal_bsp.a(alt_main.o)
                0x0080f46c                alt_argc
                0x0080f470                alt_argv
                0x0080f474                alt_envp
 .sbss          0x0080f478        0x8 ../assignment2_bsp/\libhal_bsp.a(alt_tick.o)
                0x0080f478                _alt_tick_rate
                0x0080f47c                _alt_nticks
 *(.sbss2 .sbss2.* .gnu.linkonce.sb2.*)
 *(.scommon)
                0x0080f480                PROVIDE (__sbss_end, ABSOLUTE (.))
                0x0080f480                PROVIDE (___sbss_end, ABSOLUTE (.))
 *(.dynbss)
 *(.bss .bss.* .gnu.linkonce.b.*)
 .bss           0x0080f480        0x0 ../assignment2_bsp//obj/HAL/src/crt0.o
 .bss           0x0080f480      0x150 obj/default/hello_world.o
 .bss           0x0080f5d0        0x0 obj/default/sccharts.o
 .bss           0x0080f5d0        0x0 c:/altera/13.0/nios2eds/bin/gnu/h-i686-mingw32/bin/../lib/gcc/nios2-elf/4.1.2/../../../../nios2-elf/lib\libc.a(lib_a-puts.o)
 .bss           0x0080f5d0        0x0 c:/altera/13.0/nios2eds/bin/gnu/h-i686-mingw32/bin/../lib/gcc/nios2-elf/4.1.2/../../../../nios2-elf/lib\libc.a(lib_a-strlen.o)
 .bss           0x0080f5d0        0x0 c:/altera/13.0/nios2eds/bin/gnu/h-i686-mingw32/bin/../lib/gcc/nios2-elf/4.1.2/../../../../nios2-elf/lib\libc.a(lib_a-fvwrite.o)
 .bss           0x0080f5d0        0x0 c:/altera/13.0/nios2eds/bin/gnu/h-i686-mingw32/bin/../lib/gcc/nios2-elf/4.1.2/../../../../nios2-elf/lib\libc.a(lib_a-impure.o)
 .bss           0x0080f5d0       0x28 c:/altera/13.0/nios2eds/bin/gnu/h-i686-mingw32/bin/../lib/gcc/nios2-elf/4.1.2/../../../../nios2-elf/lib\libc.a(lib_a-mallocr.o)
                0x0080f5d0                __malloc_current_mallinfo
 .bss           0x0080f5f8        0x0 c:/altera/13.0/nios2eds/bin/gnu/h-i686-mingw32/bin/../lib/gcc/nios2-elf/4.1.2/../../../../nios2-elf/lib\libc.a(lib_a-memchr.o)
 .bss           0x0080f5f8        0x0 c:/altera/13.0/nios2eds/bin/gnu/h-i686-mingw32/bin/../lib/gcc/nios2-elf/4.1.2/../../../../nios2-elf/lib\libc.a(lib_a-memcpy.o)
 .bss           0x0080f5f8        0x0 c:/altera/13.0/nios2eds/bin/gnu/h-i686-mingw32/bin/../lib/gcc/nios2-elf/4.1.2/../../../../nios2-elf/lib\libc.a(lib_a-memmove.o)
 .bss           0x0080f5f8        0x0 c:/altera/13.0/nios2eds/bin/gnu/h-i686-mingw32/bin/../lib/gcc/nios2-elf/4.1.2/../../../../nios2-elf/lib\libc.a(lib_a-reallocr.o)
 .bss           0x0080f5f8        0x0 c:/altera/13.0/nios2eds/bin/gnu/h-i686-mingw32/bin/../lib/gcc/nios2-elf/4.1.2/../../../../nios2-elf/lib\libc.a(lib_a-sbrkr.o)
 .bss           0x0080f5f8        0x0 c:/altera/13.0/nios2eds/bin/gnu/h-i686-mingw32/bin/../lib/gcc/nios2-elf/4.1.2/../../../../nios2-elf/lib\libc.a(lib_a-wsetup.o)
 .bss           0x0080f5f8        0x0 c:/altera/13.0/nios2eds/bin/gnu/h-i686-mingw32/bin/../lib/gcc/nios2-elf/4.1.2/../../../../nios2-elf/lib\libc.a(lib_a-fflush.o)
 .bss           0x0080f5f8        0x0 c:/altera/13.0/nios2eds/bin/gnu/h-i686-mingw32/bin/../lib/gcc/nios2-elf/4.1.2/../../../../nios2-elf/lib\libc.a(lib_a-findfp.o)
 .bss           0x0080f5f8        0x0 c:/altera/13.0/nios2eds/bin/gnu/h-i686-mingw32/bin/../lib/gcc/nios2-elf/4.1.2/../../../../nios2-elf/lib\libc.a(lib_a-freer.o)
 .bss           0x0080f5f8        0x0 c:/altera/13.0/nios2eds/bin/gnu/h-i686-mingw32/bin/../lib/gcc/nios2-elf/4.1.2/../../../../nios2-elf/lib\libc.a(lib_a-fwalk.o)
 .bss           0x0080f5f8        0x0 c:/altera/13.0/nios2eds/bin/gnu/h-i686-mingw32/bin/../lib/gcc/nios2-elf/4.1.2/../../../../nios2-elf/lib\libc.a(lib_a-int_errno.o)
 .bss           0x0080f5f8        0x0 c:/altera/13.0/nios2eds/bin/gnu/h-i686-mingw32/bin/../lib/gcc/nios2-elf/4.1.2/../../../../nios2-elf/lib\libc.a(lib_a-makebuf.o)
 .bss           0x0080f5f8        0x0 c:/altera/13.0/nios2eds/bin/gnu/h-i686-mingw32/bin/../lib/gcc/nios2-elf/4.1.2/../../../../nios2-elf/lib\libc.a(lib_a-memset.o)
 .bss           0x0080f5f8        0x0 c:/altera/13.0/nios2eds/bin/gnu/h-i686-mingw32/bin/../lib/gcc/nios2-elf/4.1.2/../../../../nios2-elf/lib\libc.a(lib_a-stdio.o)
 .bss           0x0080f5f8        0x0 c:/altera/13.0/nios2eds/bin/gnu/h-i686-mingw32/bin/../lib/gcc/nios2-elf/4.1.2/../../../../nios2-elf/lib\libc.a(lib_a-writer.o)
 .bss           0x0080f5f8        0x0 c:/altera/13.0/nios2eds/bin/gnu/h-i686-mingw32/bin/../lib/gcc/nios2-elf/4.1.2/../../../../nios2-elf/lib\libc.a(lib_a-closer.o)
 .bss           0x0080f5f8        0x0 c:/altera/13.0/nios2eds/bin/gnu/h-i686-mingw32/bin/../lib/gcc/nios2-elf/4.1.2/../../../../nios2-elf/lib\libc.a(lib_a-fclose.o)
 .bss           0x0080f5f8        0x0 c:/altera/13.0/nios2eds/bin/gnu/h-i686-mingw32/bin/../lib/gcc/nios2-elf/4.1.2/../../../../nios2-elf/lib\libc.a(lib_a-fstatr.o)
 .bss           0x0080f5f8        0x0 c:/altera/13.0/nios2eds/bin/gnu/h-i686-mingw32/bin/../lib/gcc/nios2-elf/4.1.2/../../../../nios2-elf/lib\libc.a(lib_a-isattyr.o)
 .bss           0x0080f5f8        0x0 c:/altera/13.0/nios2eds/bin/gnu/h-i686-mingw32/bin/../lib/gcc/nios2-elf/4.1.2/../../../../nios2-elf/lib\libc.a(lib_a-lseekr.o)
 .bss           0x0080f5f8        0x0 c:/altera/13.0/nios2eds/bin/gnu/h-i686-mingw32/bin/../lib/gcc/nios2-elf/4.1.2/../../../../nios2-elf/lib\libc.a(lib_a-readr.o)
 .bss           0x0080f5f8        0x0 ../assignment2_bsp/\libhal_bsp.a(alt_alarm_start.o)
 .bss           0x0080f5f8        0x0 ../assignment2_bsp/\libhal_bsp.a(alt_close.o)
 .bss           0x0080f5f8        0x0 ../assignment2_bsp/\libhal_bsp.a(alt_dev.o)
 .bss           0x0080f5f8        0x0 ../assignment2_bsp/\libhal_bsp.a(alt_errno.o)
 .bss           0x0080f5f8        0x0 ../assignment2_bsp/\libhal_bsp.a(alt_fstat.o)
 .bss           0x0080f5f8        0x0 ../assignment2_bsp/\libhal_bsp.a(alt_irq_register.o)
 .bss           0x0080f5f8        0x0 ../assignment2_bsp/\libhal_bsp.a(alt_irq_vars.o)
 .bss           0x0080f5f8        0x0 ../assignment2_bsp/\libhal_bsp.a(alt_isatty.o)
 .bss           0x0080f5f8        0x0 ../assignment2_bsp/\libhal_bsp.a(alt_load.o)
 .bss           0x0080f5f8        0x0 ../assignment2_bsp/\libhal_bsp.a(alt_lseek.o)
 .bss           0x0080f5f8        0x0 ../assignment2_bsp/\libhal_bsp.a(alt_main.o)
 .bss           0x0080f5f8        0x0 ../assignment2_bsp/\libhal_bsp.a(alt_malloc_lock.o)
 .bss           0x0080f5f8        0x0 ../assignment2_bsp/\libhal_bsp.a(alt_open.o)
 .bss           0x0080f5f8        0x0 ../assignment2_bsp/\libhal_bsp.a(alt_read.o)
 .bss           0x0080f5f8        0x0 ../assignment2_bsp/\libhal_bsp.a(alt_release_fd.o)
 .bss           0x0080f5f8        0x0 ../assignment2_bsp/\libhal_bsp.a(alt_sbrk.o)
 .bss           0x0080f5f8        0x0 ../assignment2_bsp/\libhal_bsp.a(alt_tick.o)
 .bss           0x0080f5f8        0x0 ../assignment2_bsp/\libhal_bsp.a(alt_write.o)
 .bss           0x0080f5f8        0x0 ../assignment2_bsp/\libhal_bsp.a(alt_sys_init.o)
 .bss           0x0080f5f8        0x0 ../assignment2_bsp/\libhal_bsp.a(altera_avalon_jtag_uart_fd.o)
 .bss           0x0080f5f8        0x0 ../assignment2_bsp/\libhal_bsp.a(altera_avalon_jtag_uart_init.o)
 .bss           0x0080f5f8        0x0 ../assignment2_bsp/\libhal_bsp.a(altera_avalon_jtag_uart_ioctl.o)
 .bss           0x0080f5f8        0x0 ../assignment2_bsp/\libhal_bsp.a(altera_avalon_jtag_uart_read.o)
 .bss           0x0080f5f8        0x0 ../assignment2_bsp/\libhal_bsp.a(altera_avalon_jtag_uart_write.o)
 .bss           0x0080f5f8        0x0 ../assignment2_bsp/\libhal_bsp.a(altera_avalon_lcd_16207.o)
 .bss           0x0080f5f8        0x0 ../assignment2_bsp/\libhal_bsp.a(altera_avalon_lcd_16207_fd.o)
 .bss           0x0080f5f8        0x0 ../assignment2_bsp/\libhal_bsp.a(altera_avalon_timer_sc.o)
 .bss           0x0080f5f8        0x0 ../assignment2_bsp/\libhal_bsp.a(altera_avalon_uart_fd.o)
 .bss           0x0080f5f8        0x0 ../assignment2_bsp/\libhal_bsp.a(altera_avalon_uart_init.o)
 .bss           0x0080f5f8        0x0 ../assignment2_bsp/\libhal_bsp.a(altera_avalon_uart_read.o)
 .bss           0x0080f5f8        0x0 ../assignment2_bsp/\libhal_bsp.a(altera_avalon_uart_write.o)
 .bss           0x0080f5f8        0x0 ../assignment2_bsp/\libhal_bsp.a(alt_dcache_flush_all.o)
 .bss           0x0080f5f8        0x0 ../assignment2_bsp/\libhal_bsp.a(alt_dev_llist_insert.o)
 .bss           0x0080f5f8        0x0 ../assignment2_bsp/\libhal_bsp.a(alt_do_ctors.o)
 .bss           0x0080f5f8        0x0 ../assignment2_bsp/\libhal_bsp.a(alt_do_dtors.o)
 .bss           0x0080f5f8        0x0 ../assignment2_bsp/\libhal_bsp.a(alt_find_dev.o)
 .bss           0x0080f5f8        0x0 ../assignment2_bsp/\libhal_bsp.a(alt_find_file.o)
 .bss           0x0080f5f8        0x0 ../assignment2_bsp/\libhal_bsp.a(alt_get_fd.o)
 .bss           0x0080f5f8        0x0 ../assignment2_bsp/\libhal_bsp.a(alt_icache_flush_all.o)
 .bss           0x0080f5f8        0x0 ../assignment2_bsp/\libhal_bsp.a(alt_iic.o)
 .bss           0x0080f5f8        0x0 ../assignment2_bsp/\libhal_bsp.a(alt_iic_isr_register.o)
 .bss           0x0080f5f8        0x0 ../assignment2_bsp/\libhal_bsp.a(alt_io_redirect.o)
 .bss           0x0080f5f8        0x0 ../assignment2_bsp/\libhal_bsp.a(alt_irq_entry.o)
 .bss           0x0080f5f8        0x0 ../assignment2_bsp/\libhal_bsp.a(alt_irq_handler.o)
 .bss           0x0080f5f8        0x0 ../assignment2_bsp/\libhal_bsp.a(alt_usleep.o)
 .bss           0x0080f5f8        0x0 ../assignment2_bsp/\libhal_bsp.a(altera_nios2_qsys_irq.o)
 .bss           0x0080f5f8        0x0 ../assignment2_bsp/\libhal_bsp.a(alt_busy_sleep.o)
 .bss           0x0080f5f8        0x0 ../assignment2_bsp/\libhal_bsp.a(alt_exception_entry.o)
 .bss           0x0080f5f8        0x0 ../assignment2_bsp/\libhal_bsp.a(alt_icache_flush.o)
 .bss           0x0080f5f8        0x0 c:/altera/13.0/nios2eds/bin/gnu/h-i686-mingw32/bin/../lib/gcc/nios2-elf/4.1.2/../../../../nios2-elf/lib\libc.a(lib_a-atexit.o)
 .bss           0x0080f5f8        0x0 c:/altera/13.0/nios2eds/bin/gnu/h-i686-mingw32/bin/../lib/gcc/nios2-elf/4.1.2/../../../../nios2-elf/lib\libc.a(lib_a-ctype_.o)
 .bss           0x0080f5f8        0x0 c:/altera/13.0/nios2eds/bin/gnu/h-i686-mingw32/bin/../lib/gcc/nios2-elf/4.1.2/../../../../nios2-elf/lib\libc.a(lib_a-exit.o)
 .bss           0x0080f5f8        0x0 c:/altera/13.0/nios2eds/bin/gnu/h-i686-mingw32/bin/../lib/gcc/nios2-elf/4.1.2/../../../../nios2-elf/lib\libc.a(lib_a-memcmp.o)
 .bss           0x0080f5f8        0x0 c:/altera/13.0/nios2eds/bin/gnu/h-i686-mingw32/bin/../lib/gcc/nios2-elf/4.1.2/../../../../nios2-elf/lib\libc.a(lib_a-__atexit.o)
 .bss           0x0080f5f8        0x0 c:/altera/13.0/nios2eds/bin/gnu/h-i686-mingw32/bin/../lib/gcc/nios2-elf/4.1.2/../../../../nios2-elf/lib\libc.a(lib_a-__call_atexit.o)
 .bss           0x0080f5f8        0x0 c:/altera/13.0/nios2eds/bin/gnu/h-i686-mingw32/bin/../lib/gcc/nios2-elf/4.1.2\libgcc.a(lib2-divmod.o)
 .bss           0x0080f5f8        0x0 ../assignment2_bsp/\libhal_bsp.a(alt_exit.o)
 *(COMMON)
 COMMON         0x0080f5f8      0x100 ../assignment2_bsp/\libhal_bsp.a(alt_irq_handler.o)
                0x0080f5f8                alt_irq
 COMMON         0x0080f6f8      0x190 c:/altera/13.0/nios2eds/bin/gnu/h-i686-mingw32/bin/../lib/gcc/nios2-elf/4.1.2/../../../../nios2-elf/lib\libc.a(lib_a-atexit.o)
                0x0080f6f8                _atexit0
                0x0080f888                . = ALIGN (0x4)
                0x0080f888                __bss_end = ABSOLUTE (.)

.sdram_controller
                0x0080f888        0x0
                0x0080f888                PROVIDE (_alt_partition_sdram_controller_start, ABSOLUTE (.))
 *(.sdram_controller. sdram_controller.*)
                0x0080f888                . = ALIGN (0x4)
                0x0080f888                PROVIDE (_alt_partition_sdram_controller_end, ABSOLUTE (.))
                0x0080f888                _end = ABSOLUTE (.)
                0x0080f888                end = ABSOLUTE (.)
                0x0080f888                __alt_stack_base = ABSOLUTE (.)
                0x0080f888                PROVIDE (_alt_partition_sdram_controller_load_addr, LOADADDR (.sdram_controller))

.onchip_mem     0x01008000        0x0 load address 0x0080f888
                0x01008000                PROVIDE (_alt_partition_onchip_mem_start, ABSOLUTE (.))
 *(.onchip_mem. onchip_mem.*)
                0x01008000                . = ALIGN (0x4)
                0x01008000                PROVIDE (_alt_partition_onchip_mem_end, ABSOLUTE (.))
                0x0080f888                PROVIDE (_alt_partition_onchip_mem_load_addr, LOADADDR (.onchip_mem))

.stab
 *(.stab)

.stabstr
 *(.stabstr)

.stab.excl
 *(.stab.excl)

.stab.exclstr
 *(.stab.exclstr)

.stab.index
 *(.stab.index)

.stab.indexstr
 *(.stab.indexstr)

.comment        0x00000000       0x23
 *(.comment)
 .comment       0x00000000       0x23 obj/default/hello_world.o
                                 0x24 (size before relaxing)
 .comment       0x00000000       0x24 obj/default/sccharts.o
 .comment       0x00000000       0x24 c:/altera/13.0/nios2eds/bin/gnu/h-i686-mingw32/bin/../lib/gcc/nios2-elf/4.1.2/../../../../nios2-elf/lib\libc.a(lib_a-puts.o)
 .comment       0x00000000       0x24 c:/altera/13.0/nios2eds/bin/gnu/h-i686-mingw32/bin/../lib/gcc/nios2-elf/4.1.2/../../../../nios2-elf/lib\libc.a(lib_a-strlen.o)
 .comment       0x00000000       0x24 c:/altera/13.0/nios2eds/bin/gnu/h-i686-mingw32/bin/../lib/gcc/nios2-elf/4.1.2/../../../../nios2-elf/lib\libc.a(lib_a-fvwrite.o)
 .comment       0x00000000       0x24 c:/altera/13.0/nios2eds/bin/gnu/h-i686-mingw32/bin/../lib/gcc/nios2-elf/4.1.2/../../../../nios2-elf/lib\libc.a(lib_a-impure.o)
 .comment       0x00000000       0x24 c:/altera/13.0/nios2eds/bin/gnu/h-i686-mingw32/bin/../lib/gcc/nios2-elf/4.1.2/../../../../nios2-elf/lib\libc.a(lib_a-mallocr.o)
 .comment       0x00000000       0x24 c:/altera/13.0/nios2eds/bin/gnu/h-i686-mingw32/bin/../lib/gcc/nios2-elf/4.1.2/../../../../nios2-elf/lib\libc.a(lib_a-memchr.o)
 .comment       0x00000000       0x24 c:/altera/13.0/nios2eds/bin/gnu/h-i686-mingw32/bin/../lib/gcc/nios2-elf/4.1.2/../../../../nios2-elf/lib\libc.a(lib_a-memcpy.o)
 .comment       0x00000000       0x24 c:/altera/13.0/nios2eds/bin/gnu/h-i686-mingw32/bin/../lib/gcc/nios2-elf/4.1.2/../../../../nios2-elf/lib\libc.a(lib_a-memmove.o)
 .comment       0x00000000       0x24 c:/altera/13.0/nios2eds/bin/gnu/h-i686-mingw32/bin/../lib/gcc/nios2-elf/4.1.2/../../../../nios2-elf/lib\libc.a(lib_a-reallocr.o)
 .comment       0x00000000       0x24 c:/altera/13.0/nios2eds/bin/gnu/h-i686-mingw32/bin/../lib/gcc/nios2-elf/4.1.2/../../../../nios2-elf/lib\libc.a(lib_a-sbrkr.o)
 .comment       0x00000000       0x24 c:/altera/13.0/nios2eds/bin/gnu/h-i686-mingw32/bin/../lib/gcc/nios2-elf/4.1.2/../../../../nios2-elf/lib\libc.a(lib_a-wsetup.o)
 .comment       0x00000000       0x24 c:/altera/13.0/nios2eds/bin/gnu/h-i686-mingw32/bin/../lib/gcc/nios2-elf/4.1.2/../../../../nios2-elf/lib\libc.a(lib_a-fflush.o)
 .comment       0x00000000       0x24 c:/altera/13.0/nios2eds/bin/gnu/h-i686-mingw32/bin/../lib/gcc/nios2-elf/4.1.2/../../../../nios2-elf/lib\libc.a(lib_a-findfp.o)
 .comment       0x00000000       0x24 c:/altera/13.0/nios2eds/bin/gnu/h-i686-mingw32/bin/../lib/gcc/nios2-elf/4.1.2/../../../../nios2-elf/lib\libc.a(lib_a-freer.o)
 .comment       0x00000000       0x24 c:/altera/13.0/nios2eds/bin/gnu/h-i686-mingw32/bin/../lib/gcc/nios2-elf/4.1.2/../../../../nios2-elf/lib\libc.a(lib_a-fwalk.o)
 .comment       0x00000000       0x24 c:/altera/13.0/nios2eds/bin/gnu/h-i686-mingw32/bin/../lib/gcc/nios2-elf/4.1.2/../../../../nios2-elf/lib\libc.a(lib_a-int_errno.o)
 .comment       0x00000000       0x24 c:/altera/13.0/nios2eds/bin/gnu/h-i686-mingw32/bin/../lib/gcc/nios2-elf/4.1.2/../../../../nios2-elf/lib\libc.a(lib_a-makebuf.o)
 .comment       0x00000000       0x24 c:/altera/13.0/nios2eds/bin/gnu/h-i686-mingw32/bin/../lib/gcc/nios2-elf/4.1.2/../../../../nios2-elf/lib\libc.a(lib_a-memset.o)
 .comment       0x00000000       0x24 c:/altera/13.0/nios2eds/bin/gnu/h-i686-mingw32/bin/../lib/gcc/nios2-elf/4.1.2/../../../../nios2-elf/lib\libc.a(lib_a-stdio.o)
 .comment       0x00000000       0x24 c:/altera/13.0/nios2eds/bin/gnu/h-i686-mingw32/bin/../lib/gcc/nios2-elf/4.1.2/../../../../nios2-elf/lib\libc.a(lib_a-writer.o)
 .comment       0x00000000       0x24 c:/altera/13.0/nios2eds/bin/gnu/h-i686-mingw32/bin/../lib/gcc/nios2-elf/4.1.2/../../../../nios2-elf/lib\libc.a(lib_a-closer.o)
 .comment       0x00000000       0x24 c:/altera/13.0/nios2eds/bin/gnu/h-i686-mingw32/bin/../lib/gcc/nios2-elf/4.1.2/../../../../nios2-elf/lib\libc.a(lib_a-fclose.o)
 .comment       0x00000000       0x24 c:/altera/13.0/nios2eds/bin/gnu/h-i686-mingw32/bin/../lib/gcc/nios2-elf/4.1.2/../../../../nios2-elf/lib\libc.a(lib_a-fstatr.o)
 .comment       0x00000000       0x24 c:/altera/13.0/nios2eds/bin/gnu/h-i686-mingw32/bin/../lib/gcc/nios2-elf/4.1.2/../../../../nios2-elf/lib\libc.a(lib_a-isattyr.o)
 .comment       0x00000000       0x24 c:/altera/13.0/nios2eds/bin/gnu/h-i686-mingw32/bin/../lib/gcc/nios2-elf/4.1.2/../../../../nios2-elf/lib\libc.a(lib_a-lseekr.o)
 .comment       0x00000000       0x24 c:/altera/13.0/nios2eds/bin/gnu/h-i686-mingw32/bin/../lib/gcc/nios2-elf/4.1.2/../../../../nios2-elf/lib\libc.a(lib_a-readr.o)
 .comment       0x00000000       0x24 ../assignment2_bsp/\libhal_bsp.a(alt_alarm_start.o)
 .comment       0x00000000       0x24 ../assignment2_bsp/\libhal_bsp.a(alt_close.o)
 .comment       0x00000000       0x24 ../assignment2_bsp/\libhal_bsp.a(alt_dev.o)
 .comment       0x00000000       0x24 ../assignment2_bsp/\libhal_bsp.a(alt_errno.o)
 .comment       0x00000000       0x24 ../assignment2_bsp/\libhal_bsp.a(alt_fstat.o)
 .comment       0x00000000       0x24 ../assignment2_bsp/\libhal_bsp.a(alt_irq_register.o)
 .comment       0x00000000       0x24 ../assignment2_bsp/\libhal_bsp.a(alt_irq_vars.o)
 .comment       0x00000000       0x24 ../assignment2_bsp/\libhal_bsp.a(alt_isatty.o)
 .comment       0x00000000       0x24 ../assignment2_bsp/\libhal_bsp.a(alt_load.o)
 .comment       0x00000000       0x24 ../assignment2_bsp/\libhal_bsp.a(alt_lseek.o)
 .comment       0x00000000       0x24 ../assignment2_bsp/\libhal_bsp.a(alt_main.o)
 .comment       0x00000000       0x24 ../assignment2_bsp/\libhal_bsp.a(alt_malloc_lock.o)
 .comment       0x00000000       0x24 ../assignment2_bsp/\libhal_bsp.a(alt_open.o)
 .comment       0x00000000       0x24 ../assignment2_bsp/\libhal_bsp.a(alt_read.o)
 .comment       0x00000000       0x24 ../assignment2_bsp/\libhal_bsp.a(alt_release_fd.o)
 .comment       0x00000000       0x24 ../assignment2_bsp/\libhal_bsp.a(alt_sbrk.o)
 .comment       0x00000000       0x24 ../assignment2_bsp/\libhal_bsp.a(alt_tick.o)
 .comment       0x00000000       0x24 ../assignment2_bsp/\libhal_bsp.a(alt_write.o)
 .comment       0x00000000       0x24 ../assignment2_bsp/\libhal_bsp.a(alt_sys_init.o)
 .comment       0x00000000       0x24 ../assignment2_bsp/\libhal_bsp.a(altera_avalon_jtag_uart_fd.o)
 .comment       0x00000000       0x24 ../assignment2_bsp/\libhal_bsp.a(altera_avalon_jtag_uart_init.o)
 .comment       0x00000000       0x24 ../assignment2_bsp/\libhal_bsp.a(altera_avalon_jtag_uart_ioctl.o)
 .comment       0x00000000       0x24 ../assignment2_bsp/\libhal_bsp.a(altera_avalon_jtag_uart_read.o)
 .comment       0x00000000       0x24 ../assignment2_bsp/\libhal_bsp.a(altera_avalon_jtag_uart_write.o)
 .comment       0x00000000       0x24 ../assignment2_bsp/\libhal_bsp.a(altera_avalon_lcd_16207.o)
 .comment       0x00000000       0x24 ../assignment2_bsp/\libhal_bsp.a(altera_avalon_lcd_16207_fd.o)
 .comment       0x00000000       0x24 ../assignment2_bsp/\libhal_bsp.a(altera_avalon_timer_sc.o)
 .comment       0x00000000       0x24 ../assignment2_bsp/\libhal_bsp.a(altera_avalon_uart_fd.o)
 .comment       0x00000000       0x24 ../assignment2_bsp/\libhal_bsp.a(altera_avalon_uart_init.o)
 .comment       0x00000000       0x24 ../assignment2_bsp/\libhal_bsp.a(altera_avalon_uart_read.o)
 .comment       0x00000000       0x24 ../assignment2_bsp/\libhal_bsp.a(altera_avalon_uart_write.o)
 .comment       0x00000000       0x24 ../assignment2_bsp/\libhal_bsp.a(alt_dcache_flush_all.o)
 .comment       0x00000000       0x24 ../assignment2_bsp/\libhal_bsp.a(alt_dev_llist_insert.o)
 .comment       0x00000000       0x24 ../assignment2_bsp/\libhal_bsp.a(alt_do_ctors.o)
 .comment       0x00000000       0x24 ../assignment2_bsp/\libhal_bsp.a(alt_do_dtors.o)
 .comment       0x00000000       0x24 ../assignment2_bsp/\libhal_bsp.a(alt_find_dev.o)
 .comment       0x00000000       0x24 ../assignment2_bsp/\libhal_bsp.a(alt_find_file.o)
 .comment       0x00000000       0x24 ../assignment2_bsp/\libhal_bsp.a(alt_get_fd.o)
 .comment       0x00000000       0x24 ../assignment2_bsp/\libhal_bsp.a(alt_icache_flush_all.o)
 .comment       0x00000000       0x24 ../assignment2_bsp/\libhal_bsp.a(alt_iic.o)
 .comment       0x00000000       0x24 ../assignment2_bsp/\libhal_bsp.a(alt_iic_isr_register.o)
 .comment       0x00000000       0x24 ../assignment2_bsp/\libhal_bsp.a(alt_io_redirect.o)
 .comment       0x00000000       0x24 ../assignment2_bsp/\libhal_bsp.a(alt_irq_handler.o)
 .comment       0x00000000       0x24 ../assignment2_bsp/\libhal_bsp.a(alt_usleep.o)
 .comment       0x00000000       0x24 ../assignment2_bsp/\libhal_bsp.a(altera_nios2_qsys_irq.o)
 .comment       0x00000000       0x24 ../assignment2_bsp/\libhal_bsp.a(alt_busy_sleep.o)
 .comment       0x00000000       0x24 ../assignment2_bsp/\libhal_bsp.a(alt_icache_flush.o)
 .comment       0x00000000       0x24 c:/altera/13.0/nios2eds/bin/gnu/h-i686-mingw32/bin/../lib/gcc/nios2-elf/4.1.2/../../../../nios2-elf/lib\libc.a(lib_a-atexit.o)
 .comment       0x00000000       0x24 c:/altera/13.0/nios2eds/bin/gnu/h-i686-mingw32/bin/../lib/gcc/nios2-elf/4.1.2/../../../../nios2-elf/lib\libc.a(lib_a-ctype_.o)
 .comment       0x00000000       0x24 c:/altera/13.0/nios2eds/bin/gnu/h-i686-mingw32/bin/../lib/gcc/nios2-elf/4.1.2/../../../../nios2-elf/lib\libc.a(lib_a-exit.o)
 .comment       0x00000000       0x24 c:/altera/13.0/nios2eds/bin/gnu/h-i686-mingw32/bin/../lib/gcc/nios2-elf/4.1.2/../../../../nios2-elf/lib\libc.a(lib_a-memcmp.o)
 .comment       0x00000000       0x24 c:/altera/13.0/nios2eds/bin/gnu/h-i686-mingw32/bin/../lib/gcc/nios2-elf/4.1.2/../../../../nios2-elf/lib\libc.a(lib_a-__atexit.o)
 .comment       0x00000000       0x24 c:/altera/13.0/nios2eds/bin/gnu/h-i686-mingw32/bin/../lib/gcc/nios2-elf/4.1.2/../../../../nios2-elf/lib\libc.a(lib_a-__call_atexit.o)
 .comment       0x00000000       0x24 c:/altera/13.0/nios2eds/bin/gnu/h-i686-mingw32/bin/../lib/gcc/nios2-elf/4.1.2\libgcc.a(lib2-divmod.o)
 .comment       0x00000000       0x24 ../assignment2_bsp/\libhal_bsp.a(alt_exit.o)

.debug
 *(.debug)

.line
 *(.line)

.debug_srcinfo
 *(.debug_srcinfo)

.debug_sfnames
 *(.debug_sfnames)

.debug_aranges  0x00000000      0xa58
 *(.debug_aranges)
 .debug_aranges
                0x00000000       0x28 ../assignment2_bsp//obj/HAL/src/crt0.o
 .debug_aranges
                0x00000028       0x20 obj/default/hello_world.o
 .debug_aranges
                0x00000048       0x20 obj/default/sccharts.o
 .debug_aranges
                0x00000068       0x20 c:/altera/13.0/nios2eds/bin/gnu/h-i686-mingw32/bin/../lib/gcc/nios2-elf/4.1.2/../../../../nios2-elf/lib\libc.a(lib_a-puts.o)
 .debug_aranges
                0x00000088       0x20 c:/altera/13.0/nios2eds/bin/gnu/h-i686-mingw32/bin/../lib/gcc/nios2-elf/4.1.2/../../../../nios2-elf/lib\libc.a(lib_a-strlen.o)
 .debug_aranges
                0x000000a8       0x20 c:/altera/13.0/nios2eds/bin/gnu/h-i686-mingw32/bin/../lib/gcc/nios2-elf/4.1.2/../../../../nios2-elf/lib\libc.a(lib_a-fvwrite.o)
 .debug_aranges
                0x000000c8       0x20 c:/altera/13.0/nios2eds/bin/gnu/h-i686-mingw32/bin/../lib/gcc/nios2-elf/4.1.2/../../../../nios2-elf/lib\libc.a(lib_a-mallocr.o)
 .debug_aranges
                0x000000e8       0x20 c:/altera/13.0/nios2eds/bin/gnu/h-i686-mingw32/bin/../lib/gcc/nios2-elf/4.1.2/../../../../nios2-elf/lib\libc.a(lib_a-memchr.o)
 .debug_aranges
                0x00000108       0x20 c:/altera/13.0/nios2eds/bin/gnu/h-i686-mingw32/bin/../lib/gcc/nios2-elf/4.1.2/../../../../nios2-elf/lib\libc.a(lib_a-memcpy.o)
 .debug_aranges
                0x00000128       0x20 c:/altera/13.0/nios2eds/bin/gnu/h-i686-mingw32/bin/../lib/gcc/nios2-elf/4.1.2/../../../../nios2-elf/lib\libc.a(lib_a-memmove.o)
 .debug_aranges
                0x00000148       0x20 c:/altera/13.0/nios2eds/bin/gnu/h-i686-mingw32/bin/../lib/gcc/nios2-elf/4.1.2/../../../../nios2-elf/lib\libc.a(lib_a-reallocr.o)
 .debug_aranges
                0x00000168       0x20 c:/altera/13.0/nios2eds/bin/gnu/h-i686-mingw32/bin/../lib/gcc/nios2-elf/4.1.2/../../../../nios2-elf/lib\libc.a(lib_a-sbrkr.o)
 .debug_aranges
                0x00000188       0x20 c:/altera/13.0/nios2eds/bin/gnu/h-i686-mingw32/bin/../lib/gcc/nios2-elf/4.1.2/../../../../nios2-elf/lib\libc.a(lib_a-wsetup.o)
 .debug_aranges
                0x000001a8       0x20 c:/altera/13.0/nios2eds/bin/gnu/h-i686-mingw32/bin/../lib/gcc/nios2-elf/4.1.2/../../../../nios2-elf/lib\libc.a(lib_a-fflush.o)
 .debug_aranges
                0x000001c8       0x20 c:/altera/13.0/nios2eds/bin/gnu/h-i686-mingw32/bin/../lib/gcc/nios2-elf/4.1.2/../../../../nios2-elf/lib\libc.a(lib_a-findfp.o)
 .debug_aranges
                0x000001e8       0x20 c:/altera/13.0/nios2eds/bin/gnu/h-i686-mingw32/bin/../lib/gcc/nios2-elf/4.1.2/../../../../nios2-elf/lib\libc.a(lib_a-freer.o)
 .debug_aranges
                0x00000208       0x20 c:/altera/13.0/nios2eds/bin/gnu/h-i686-mingw32/bin/../lib/gcc/nios2-elf/4.1.2/../../../../nios2-elf/lib\libc.a(lib_a-fwalk.o)
 .debug_aranges
                0x00000228       0x20 c:/altera/13.0/nios2eds/bin/gnu/h-i686-mingw32/bin/../lib/gcc/nios2-elf/4.1.2/../../../../nios2-elf/lib\libc.a(lib_a-makebuf.o)
 .debug_aranges
                0x00000248       0x20 c:/altera/13.0/nios2eds/bin/gnu/h-i686-mingw32/bin/../lib/gcc/nios2-elf/4.1.2/../../../../nios2-elf/lib\libc.a(lib_a-memset.o)
 .debug_aranges
                0x00000268       0x20 c:/altera/13.0/nios2eds/bin/gnu/h-i686-mingw32/bin/../lib/gcc/nios2-elf/4.1.2/../../../../nios2-elf/lib\libc.a(lib_a-stdio.o)
 .debug_aranges
                0x00000288       0x20 c:/altera/13.0/nios2eds/bin/gnu/h-i686-mingw32/bin/../lib/gcc/nios2-elf/4.1.2/../../../../nios2-elf/lib\libc.a(lib_a-writer.o)
 .debug_aranges
                0x000002a8       0x20 c:/altera/13.0/nios2eds/bin/gnu/h-i686-mingw32/bin/../lib/gcc/nios2-elf/4.1.2/../../../../nios2-elf/lib\libc.a(lib_a-closer.o)
 .debug_aranges
                0x000002c8       0x20 c:/altera/13.0/nios2eds/bin/gnu/h-i686-mingw32/bin/../lib/gcc/nios2-elf/4.1.2/../../../../nios2-elf/lib\libc.a(lib_a-fclose.o)
 .debug_aranges
                0x000002e8       0x20 c:/altera/13.0/nios2eds/bin/gnu/h-i686-mingw32/bin/../lib/gcc/nios2-elf/4.1.2/../../../../nios2-elf/lib\libc.a(lib_a-fstatr.o)
 .debug_aranges
                0x00000308       0x20 c:/altera/13.0/nios2eds/bin/gnu/h-i686-mingw32/bin/../lib/gcc/nios2-elf/4.1.2/../../../../nios2-elf/lib\libc.a(lib_a-isattyr.o)
 .debug_aranges
                0x00000328       0x20 c:/altera/13.0/nios2eds/bin/gnu/h-i686-mingw32/bin/../lib/gcc/nios2-elf/4.1.2/../../../../nios2-elf/lib\libc.a(lib_a-lseekr.o)
 .debug_aranges
                0x00000348       0x20 c:/altera/13.0/nios2eds/bin/gnu/h-i686-mingw32/bin/../lib/gcc/nios2-elf/4.1.2/../../../../nios2-elf/lib\libc.a(lib_a-readr.o)
 .debug_aranges
                0x00000368       0x20 ../assignment2_bsp/\libhal_bsp.a(alt_alarm_start.o)
 .debug_aranges
                0x00000388       0x20 ../assignment2_bsp/\libhal_bsp.a(alt_close.o)
 .debug_aranges
                0x000003a8       0x20 ../assignment2_bsp/\libhal_bsp.a(alt_dev.o)
 .debug_aranges
                0x000003c8       0x20 ../assignment2_bsp/\libhal_bsp.a(alt_fstat.o)
 .debug_aranges
                0x000003e8       0x20 ../assignment2_bsp/\libhal_bsp.a(alt_irq_register.o)
 .debug_aranges
                0x00000408       0x20 ../assignment2_bsp/\libhal_bsp.a(alt_isatty.o)
 .debug_aranges
                0x00000428       0x20 ../assignment2_bsp/\libhal_bsp.a(alt_load.o)
 .debug_aranges
                0x00000448       0x20 ../assignment2_bsp/\libhal_bsp.a(alt_lseek.o)
 .debug_aranges
                0x00000468       0x20 ../assignment2_bsp/\libhal_bsp.a(alt_main.o)
 .debug_aranges
                0x00000488       0x20 ../assignment2_bsp/\libhal_bsp.a(alt_malloc_lock.o)
 .debug_aranges
                0x000004a8       0x20 ../assignment2_bsp/\libhal_bsp.a(alt_open.o)
 .debug_aranges
                0x000004c8       0x20 ../assignment2_bsp/\libhal_bsp.a(alt_read.o)
 .debug_aranges
                0x000004e8       0x20 ../assignment2_bsp/\libhal_bsp.a(alt_release_fd.o)
 .debug_aranges
                0x00000508       0x20 ../assignment2_bsp/\libhal_bsp.a(alt_sbrk.o)
 .debug_aranges
                0x00000528       0x20 ../assignment2_bsp/\libhal_bsp.a(alt_tick.o)
 .debug_aranges
                0x00000548       0x20 ../assignment2_bsp/\libhal_bsp.a(alt_write.o)
 .debug_aranges
                0x00000568       0x20 ../assignment2_bsp/\libhal_bsp.a(alt_sys_init.o)
 .debug_aranges
                0x00000588       0x20 ../assignment2_bsp/\libhal_bsp.a(altera_avalon_jtag_uart_fd.o)
 .debug_aranges
                0x000005a8       0x20 ../assignment2_bsp/\libhal_bsp.a(altera_avalon_jtag_uart_init.o)
 .debug_aranges
                0x000005c8       0x20 ../assignment2_bsp/\libhal_bsp.a(altera_avalon_jtag_uart_ioctl.o)
 .debug_aranges
                0x000005e8       0x20 ../assignment2_bsp/\libhal_bsp.a(altera_avalon_jtag_uart_read.o)
 .debug_aranges
                0x00000608       0x20 ../assignment2_bsp/\libhal_bsp.a(altera_avalon_jtag_uart_write.o)
 .debug_aranges
                0x00000628       0x20 ../assignment2_bsp/\libhal_bsp.a(altera_avalon_lcd_16207.o)
 .debug_aranges
                0x00000648       0x20 ../assignment2_bsp/\libhal_bsp.a(altera_avalon_lcd_16207_fd.o)
 .debug_aranges
                0x00000668       0x20 ../assignment2_bsp/\libhal_bsp.a(altera_avalon_timer_sc.o)
 .debug_aranges
                0x00000688       0x20 ../assignment2_bsp/\libhal_bsp.a(altera_avalon_uart_fd.o)
 .debug_aranges
                0x000006a8       0x20 ../assignment2_bsp/\libhal_bsp.a(altera_avalon_uart_init.o)
 .debug_aranges
                0x000006c8       0x20 ../assignment2_bsp/\libhal_bsp.a(altera_avalon_uart_read.o)
 .debug_aranges
                0x000006e8       0x20 ../assignment2_bsp/\libhal_bsp.a(altera_avalon_uart_write.o)
 .debug_aranges
                0x00000708       0x20 ../assignment2_bsp/\libhal_bsp.a(alt_dcache_flush_all.o)
 .debug_aranges
                0x00000728       0x20 ../assignment2_bsp/\libhal_bsp.a(alt_dev_llist_insert.o)
 .debug_aranges
                0x00000748       0x20 ../assignment2_bsp/\libhal_bsp.a(alt_do_ctors.o)
 .debug_aranges
                0x00000768       0x20 ../assignment2_bsp/\libhal_bsp.a(alt_do_dtors.o)
 .debug_aranges
                0x00000788       0x20 ../assignment2_bsp/\libhal_bsp.a(alt_find_dev.o)
 .debug_aranges
                0x000007a8       0x20 ../assignment2_bsp/\libhal_bsp.a(alt_find_file.o)
 .debug_aranges
                0x000007c8       0x20 ../assignment2_bsp/\libhal_bsp.a(alt_get_fd.o)
 .debug_aranges
                0x000007e8       0x20 ../assignment2_bsp/\libhal_bsp.a(alt_icache_flush_all.o)
 .debug_aranges
                0x00000808       0x20 ../assignment2_bsp/\libhal_bsp.a(alt_iic.o)
 .debug_aranges
                0x00000828       0x20 ../assignment2_bsp/\libhal_bsp.a(alt_iic_isr_register.o)
 .debug_aranges
                0x00000848       0x20 ../assignment2_bsp/\libhal_bsp.a(alt_io_redirect.o)
 .debug_aranges
                0x00000868       0x30 ../assignment2_bsp/\libhal_bsp.a(alt_irq_entry.o)
 .debug_aranges
                0x00000898       0x28 ../assignment2_bsp/\libhal_bsp.a(alt_irq_handler.o)
 .debug_aranges
                0x000008c0       0x20 ../assignment2_bsp/\libhal_bsp.a(alt_usleep.o)
 .debug_aranges
                0x000008e0       0x20 ../assignment2_bsp/\libhal_bsp.a(altera_nios2_qsys_irq.o)
 .debug_aranges
                0x00000900       0x20 ../assignment2_bsp/\libhal_bsp.a(alt_busy_sleep.o)
 .debug_aranges
                0x00000920       0x38 ../assignment2_bsp/\libhal_bsp.a(alt_exception_entry.o)
 .debug_aranges
                0x00000958       0x20 ../assignment2_bsp/\libhal_bsp.a(alt_icache_flush.o)
 .debug_aranges
                0x00000978       0x20 c:/altera/13.0/nios2eds/bin/gnu/h-i686-mingw32/bin/../lib/gcc/nios2-elf/4.1.2/../../../../nios2-elf/lib\libc.a(lib_a-atexit.o)
 .debug_aranges
                0x00000998       0x20 c:/altera/13.0/nios2eds/bin/gnu/h-i686-mingw32/bin/../lib/gcc/nios2-elf/4.1.2/../../../../nios2-elf/lib\libc.a(lib_a-exit.o)
 .debug_aranges
                0x000009b8       0x20 c:/altera/13.0/nios2eds/bin/gnu/h-i686-mingw32/bin/../lib/gcc/nios2-elf/4.1.2/../../../../nios2-elf/lib\libc.a(lib_a-memcmp.o)
 .debug_aranges
                0x000009d8       0x20 c:/altera/13.0/nios2eds/bin/gnu/h-i686-mingw32/bin/../lib/gcc/nios2-elf/4.1.2/../../../../nios2-elf/lib\libc.a(lib_a-__atexit.o)
 .debug_aranges
                0x000009f8       0x20 c:/altera/13.0/nios2eds/bin/gnu/h-i686-mingw32/bin/../lib/gcc/nios2-elf/4.1.2/../../../../nios2-elf/lib\libc.a(lib_a-__call_atexit.o)
 .debug_aranges
                0x00000a18       0x20 c:/altera/13.0/nios2eds/bin/gnu/h-i686-mingw32/bin/../lib/gcc/nios2-elf/4.1.2\libgcc.a(lib2-divmod.o)
 .debug_aranges
                0x00000a38       0x20 ../assignment2_bsp/\libhal_bsp.a(alt_exit.o)

.debug_pubnames
                0x00000000     0x2092
 *(.debug_pubnames)
 .debug_pubnames
                0x00000000      0x367 obj/default/hello_world.o
 .debug_pubnames
                0x00000367      0xd71 obj/default/sccharts.o
 .debug_pubnames
                0x000010d8       0x27 c:/altera/13.0/nios2eds/bin/gnu/h-i686-mingw32/bin/../lib/gcc/nios2-elf/4.1.2/../../../../nios2-elf/lib\libc.a(lib_a-puts.o)
 .debug_pubnames
                0x000010ff       0x1d c:/altera/13.0/nios2eds/bin/gnu/h-i686-mingw32/bin/../lib/gcc/nios2-elf/4.1.2/../../../../nios2-elf/lib\libc.a(lib_a-strlen.o)
 .debug_pubnames
                0x0000111c       0x23 c:/altera/13.0/nios2eds/bin/gnu/h-i686-mingw32/bin/../lib/gcc/nios2-elf/4.1.2/../../../../nios2-elf/lib\libc.a(lib_a-fvwrite.o)
 .debug_pubnames
                0x0000113f       0x39 c:/altera/13.0/nios2eds/bin/gnu/h-i686-mingw32/bin/../lib/gcc/nios2-elf/4.1.2/../../../../nios2-elf/lib\libc.a(lib_a-impure.o)
 .debug_pubnames
                0x00001178       0xce c:/altera/13.0/nios2eds/bin/gnu/h-i686-mingw32/bin/../lib/gcc/nios2-elf/4.1.2/../../../../nios2-elf/lib\libc.a(lib_a-mallocr.o)
 .debug_pubnames
                0x00001246       0x1d c:/altera/13.0/nios2eds/bin/gnu/h-i686-mingw32/bin/../lib/gcc/nios2-elf/4.1.2/../../../../nios2-elf/lib\libc.a(lib_a-memchr.o)
 .debug_pubnames
                0x00001263       0x1d c:/altera/13.0/nios2eds/bin/gnu/h-i686-mingw32/bin/../lib/gcc/nios2-elf/4.1.2/../../../../nios2-elf/lib\libc.a(lib_a-memcpy.o)
 .debug_pubnames
                0x00001280       0x1e c:/altera/13.0/nios2eds/bin/gnu/h-i686-mingw32/bin/../lib/gcc/nios2-elf/4.1.2/../../../../nios2-elf/lib\libc.a(lib_a-memmove.o)
 .debug_pubnames
                0x0000129e       0x21 c:/altera/13.0/nios2eds/bin/gnu/h-i686-mingw32/bin/../lib/gcc/nios2-elf/4.1.2/../../../../nios2-elf/lib\libc.a(lib_a-reallocr.o)
 .debug_pubnames
                0x000012bf       0x1e c:/altera/13.0/nios2eds/bin/gnu/h-i686-mingw32/bin/../lib/gcc/nios2-elf/4.1.2/../../../../nios2-elf/lib\libc.a(lib_a-sbrkr.o)
 .debug_pubnames
                0x000012dd       0x22 c:/altera/13.0/nios2eds/bin/gnu/h-i686-mingw32/bin/../lib/gcc/nios2-elf/4.1.2/../../../../nios2-elf/lib\libc.a(lib_a-wsetup.o)
 .debug_pubnames
                0x000012ff       0x2b c:/altera/13.0/nios2eds/bin/gnu/h-i686-mingw32/bin/../lib/gcc/nios2-elf/4.1.2/../../../../nios2-elf/lib\libc.a(lib_a-fflush.o)
 .debug_pubnames
                0x0000132a       0xdb c:/altera/13.0/nios2eds/bin/gnu/h-i686-mingw32/bin/../lib/gcc/nios2-elf/4.1.2/../../../../nios2-elf/lib\libc.a(lib_a-findfp.o)
 .debug_pubnames
                0x00001405       0x31 c:/altera/13.0/nios2eds/bin/gnu/h-i686-mingw32/bin/../lib/gcc/nios2-elf/4.1.2/../../../../nios2-elf/lib\libc.a(lib_a-freer.o)
 .debug_pubnames
                0x00001436       0x2e c:/altera/13.0/nios2eds/bin/gnu/h-i686-mingw32/bin/../lib/gcc/nios2-elf/4.1.2/../../../../nios2-elf/lib\libc.a(lib_a-fwalk.o)
 .debug_pubnames
                0x00001464       0x1c c:/altera/13.0/nios2eds/bin/gnu/h-i686-mingw32/bin/../lib/gcc/nios2-elf/4.1.2/../../../../nios2-elf/lib\libc.a(lib_a-int_errno.o)
 .debug_pubnames
                0x00001480       0x23 c:/altera/13.0/nios2eds/bin/gnu/h-i686-mingw32/bin/../lib/gcc/nios2-elf/4.1.2/../../../../nios2-elf/lib\libc.a(lib_a-makebuf.o)
 .debug_pubnames
                0x000014a3       0x1d c:/altera/13.0/nios2eds/bin/gnu/h-i686-mingw32/bin/../lib/gcc/nios2-elf/4.1.2/../../../../nios2-elf/lib\libc.a(lib_a-memset.o)
 .debug_pubnames
                0x000014c0       0x44 c:/altera/13.0/nios2eds/bin/gnu/h-i686-mingw32/bin/../lib/gcc/nios2-elf/4.1.2/../../../../nios2-elf/lib\libc.a(lib_a-stdio.o)
 .debug_pubnames
                0x00001504       0x1f c:/altera/13.0/nios2eds/bin/gnu/h-i686-mingw32/bin/../lib/gcc/nios2-elf/4.1.2/../../../../nios2-elf/lib\libc.a(lib_a-writer.o)
 .debug_pubnames
                0x00001523       0x1f c:/altera/13.0/nios2eds/bin/gnu/h-i686-mingw32/bin/../lib/gcc/nios2-elf/4.1.2/../../../../nios2-elf/lib\libc.a(lib_a-closer.o)
 .debug_pubnames
                0x00001542       0x2b c:/altera/13.0/nios2eds/bin/gnu/h-i686-mingw32/bin/../lib/gcc/nios2-elf/4.1.2/../../../../nios2-elf/lib\libc.a(lib_a-fclose.o)
 .debug_pubnames
                0x0000156d       0x1f c:/altera/13.0/nios2eds/bin/gnu/h-i686-mingw32/bin/../lib/gcc/nios2-elf/4.1.2/../../../../nios2-elf/lib\libc.a(lib_a-fstatr.o)
 .debug_pubnames
                0x0000158c       0x20 c:/altera/13.0/nios2eds/bin/gnu/h-i686-mingw32/bin/../lib/gcc/nios2-elf/4.1.2/../../../../nios2-elf/lib\libc.a(lib_a-isattyr.o)
 .debug_pubnames
                0x000015ac       0x1f c:/altera/13.0/nios2eds/bin/gnu/h-i686-mingw32/bin/../lib/gcc/nios2-elf/4.1.2/../../../../nios2-elf/lib\libc.a(lib_a-lseekr.o)
 .debug_pubnames
                0x000015cb       0x1e c:/altera/13.0/nios2eds/bin/gnu/h-i686-mingw32/bin/../lib/gcc/nios2-elf/4.1.2/../../../../nios2-elf/lib\libc.a(lib_a-readr.o)
 .debug_pubnames