Archive member included because of file (symbol)

c:/altera/13.0/nios2eds/bin/gnu/h-i686-mingw32/bin/../lib/gcc/nios2-elf/4.1.2/../../../../nios2-elf/lib\libc.a(lib_a-printf.o)
                              obj/default/hello_world.o (printf)
c:/altera/13.0/nios2eds/bin/gnu/h-i686-mingw32/bin/../lib/gcc/nios2-elf/4.1.2/../../../../nios2-elf/lib\libc.a(lib_a-puts.o)
                              obj/default/hello_world.o (puts)
c:/altera/13.0/nios2eds/bin/gnu/h-i686-mingw32/bin/../lib/gcc/nios2-elf/4.1.2/../../../../nios2-elf/lib\libc.a(lib_a-strlen.o)
                              c:/altera/13.0/nios2eds/bin/gnu/h-i686-mingw32/bin/../lib/gcc/nios2-elf/4.1.2/../../../../nios2-elf/lib\libc.a(lib_a-puts.o) (strlen)
c:/altera/13.0/nios2eds/bin/gnu/h-i686-mingw32/bin/../lib/gcc/nios2-elf/4.1.2/../../../../nios2-elf/lib\libc.a(lib_a-vfprintf.o)
                              c:/altera/13.0/nios2eds/bin/gnu/h-i686-mingw32/bin/../lib/gcc/nios2-elf/4.1.2/../../../../nios2-elf/lib\libc.a(lib_a-printf.o) (___vfprintf_internal_r)
c:/altera/13.0/nios2eds/bin/gnu/h-i686-mingw32/bin/../lib/gcc/nios2-elf/4.1.2/../../../../nios2-elf/lib\libc.a(lib_a-wsetup.o)
                              c:/altera/13.0/nios2eds/bin/gnu/h-i686-mingw32/bin/../lib/gcc/nios2-elf/4.1.2/../../../../nios2-elf/lib\libc.a(lib_a-vfprintf.o) (__swsetup_r)
c:/altera/13.0/nios2eds/bin/gnu/h-i686-mingw32/bin/../lib/gcc/nios2-elf/4.1.2/../../../../nios2-elf/lib\libc.a(lib_a-dtoa.o)
                              c:/altera/13.0/nios2eds/bin/gnu/h-i686-mingw32/bin/../lib/gcc/nios2-elf/4.1.2/../../../../nios2-elf/lib\libc.a(lib_a-vfprintf.o) (_dtoa_r)
c:/altera/13.0/nios2eds/bin/gnu/h-i686-mingw32/bin/../lib/gcc/nios2-elf/4.1.2/../../../../nios2-elf/lib\libc.a(lib_a-fflush.o)
                              c:/altera/13.0/nios2eds/bin/gnu/h-i686-mingw32/bin/../lib/gcc/nios2-elf/4.1.2/../../../../nios2-elf/lib\libc.a(lib_a-vfprintf.o) (_fflush_r)
c:/altera/13.0/nios2eds/bin/gnu/h-i686-mingw32/bin/../lib/gcc/nios2-elf/4.1.2/../../../../nios2-elf/lib\libc.a(lib_a-findfp.o)
                              c:/altera/13.0/nios2eds/bin/gnu/h-i686-mingw32/bin/../lib/gcc/nios2-elf/4.1.2/../../../../nios2-elf/lib\libc.a(lib_a-vfprintf.o) (__sinit)
c:/altera/13.0/nios2eds/bin/gnu/h-i686-mingw32/bin/../lib/gcc/nios2-elf/4.1.2/../../../../nios2-elf/lib\libc.a(lib_a-freer.o)
                              c:/altera/13.0/nios2eds/bin/gnu/h-i686-mingw32/bin/../lib/gcc/nios2-elf/4.1.2/../../../../nios2-elf/lib\libc.a(lib_a-wsetup.o) (_free_r)
c:/altera/13.0/nios2eds/bin/gnu/h-i686-mingw32/bin/../lib/gcc/nios2-elf/4.1.2/../../../../nios2-elf/lib\libc.a(lib_a-fvwrite.o)
                              c:/altera/13.0/nios2eds/bin/gnu/h-i686-mingw32/bin/../lib/gcc/nios2-elf/4.1.2/../../../../nios2-elf/lib\libc.a(lib_a-puts.o) (__sfvwrite_r)
c:/altera/13.0/nios2eds/bin/gnu/h-i686-mingw32/bin/../lib/gcc/nios2-elf/4.1.2/../../../../nios2-elf/lib\libc.a(lib_a-fwalk.o)
                              c:/altera/13.0/nios2eds/bin/gnu/h-i686-mingw32/bin/../lib/gcc/nios2-elf/4.1.2/../../../../nios2-elf/lib\libc.a(lib_a-fflush.o) (_fwalk_reent)
c:/altera/13.0/nios2eds/bin/gnu/h-i686-mingw32/bin/../lib/gcc/nios2-elf/4.1.2/../../../../nios2-elf/lib\libc.a(lib_a-impure.o)
                              c:/altera/13.0/nios2eds/bin/gnu/h-i686-mingw32/bin/../lib/gcc/nios2-elf/4.1.2/../../../../nios2-elf/lib\libc.a(lib_a-printf.o) (_impure_ptr)
c:/altera/13.0/nios2eds/bin/gnu/h-i686-mingw32/bin/../lib/gcc/nios2-elf/4.1.2/../../../../nios2-elf/lib\libc.a(lib_a-locale.o)
                              c:/altera/13.0/nios2eds/bin/gnu/h-i686-mingw32/bin/../lib/gcc/nios2-elf/4.1.2/../../../../nios2-elf/lib\libc.a(lib_a-vfprintf.o) (_localeconv_r)
c:/altera/13.0/nios2eds/bin/gnu/h-i686-mingw32/bin/../lib/gcc/nios2-elf/4.1.2/../../../../nios2-elf/lib\libc.a(lib_a-makebuf.o)
                              c:/altera/13.0/nios2eds/bin/gnu/h-i686-mingw32/bin/../lib/gcc/nios2-elf/4.1.2/../../../../nios2-elf/lib\libc.a(lib_a-wsetup.o) (__smakebuf_r)
c:/altera/13.0/nios2eds/bin/gnu/h-i686-mingw32/bin/../lib/gcc/nios2-elf/4.1.2/../../../../nios2-elf/lib\libc.a(lib_a-mallocr.o)
                              c:/altera/13.0/nios2eds/bin/gnu/h-i686-mingw32/bin/../lib/gcc/nios2-elf/4.1.2/../../../../nios2-elf/lib\libc.a(lib_a-findfp.o) (_malloc_r)
c:/altera/13.0/nios2eds/bin/gnu/h-i686-mingw32/bin/../lib/gcc/nios2-elf/4.1.2/../../../../nios2-elf/lib\libc.a(lib_a-memchr.o)
                              c:/altera/13.0/nios2eds/bin/gnu/h-i686-mingw32/bin/../lib/gcc/nios2-elf/4.1.2/../../../../nios2-elf/lib\libc.a(lib_a-vfprintf.o) (memchr)
c:/altera/13.0/nios2eds/bin/gnu/h-i686-mingw32/bin/../lib/gcc/nios2-elf/4.1.2/../../../../nios2-elf/lib\libc.a(lib_a-memcpy.o)
                              c:/altera/13.0/nios2eds/bin/gnu/h-i686-mingw32/bin/../lib/gcc/nios2-elf/4.1.2/../../../../nios2-elf/lib\libc.a(lib_a-dtoa.o) (memcpy)
[...]
Memory Configuration

Name             Origin             Length             Attributes
reset            0x00800000         0x00000020
sdram_controller 0x00800020         0x007fffe0
onchip_mem       0x01008000         0x00008000
*default*        0x00000000         0xffffffff

Linker script and memory map

LOAD ../assignment2_bsp//obj/HAL/src/crt0.o
LOAD obj/default/hello_world.o
LOAD c:/altera/13.0/nios2eds/bin/gnu/h-i686-mingw32/bin/../lib/gcc/nios2-elf/4.1.2/../../../../nios2-elf/lib\libstdc++.a
LOAD c:/altera/13.0/nios2eds/bin/gnu/h-i686-mingw32/bin/../lib/gcc/nios2-elf/4.1.2/../../../../nios2-elf/lib\libm.a
LOAD c:/altera/13.0/nios2eds/bin/gnu/h-i686-mingw32/bin/../lib/gcc/nios2-elf/4.1.2\libgcc.a
START GROUP
LOAD c:/altera/13.0/nios2eds/bin/gnu/h-i686-mingw32/bin/../lib/gcc/nios2-elf/4.1.2/../../../../nios2-elf/lib\libc.a
LOAD c:/altera/13.0/nios2eds/bin/gnu/h-i686-mingw32/bin/../lib/gcc/nios2-elf/4.1.2\libgcc.a
LOAD ../assignment2_bsp/\libhal_bsp.a
END GROUP
LOAD c:/altera/13.0/nios2eds/bin/gnu/h-i686-mingw32/bin/../lib/gcc/nios2-elf/4.1.2\libgcc.a
                0x00800000                __alt_mem_sdram_controller = 0x800000
                0x01008000                __alt_mem_onchip_mem = 0x1008000

.entry          0x00800000       0x20
 *(.entry)
 .entry         0x00800000       0x20 ../assignment2_bsp//obj/HAL/src/crt0.o
                0x00800000                __reset

.exceptions     0x00800020      0x194
                0x00800020                PROVIDE (__ram_exceptions_start, ABSOLUTE (.))
                0x00800020                . = ALIGN (0x20)
 *(.irq)
 *(.exceptions.entry.label)
 .exceptions.entry.label
                0x00800020        0x0 ../assignment2_bsp/\libhal_bsp.a(alt_irq_entry.o)
                0x00800020                alt_irq_entry
 .exceptions.entry.label
                0x00800020        0x0 ../assignment2_bsp/\libhal_bsp.a(alt_exception_entry.o)
                0x00800020                alt_exception
 *(.exceptions.entry.user)
 *(.exceptions.entry)
 .exceptions.entry
                0x00800020       0x54 ../assignment2_bsp/\libhal_bsp.a(alt_exception_entry.o)
 *(.exceptions.irqtest.user)
 *(.exceptions.irqtest)
 .exceptions.irqtest
                0x00800074       0x10 ../assignment2_bsp/\libhal_bsp.a(alt_irq_entry.o)
 *(.exceptions.irqhandler.user)
 *(.exceptions.irqhandler)
 .exceptions.irqhandler
                0x00800084        0x4 ../assignment2_bsp/\libhal_bsp.a(alt_irq_entry.o)
 *(.exceptions.irqreturn.user)
 *(.exceptions.irqreturn)
 .exceptions.irqreturn
                0x00800088        0x4 ../assignment2_bsp/\libhal_bsp.a(alt_irq_entry.o)
 *(.exceptions.notirq.label)
 .exceptions.notirq.label
                0x0080008c        0x0 ../assignment2_bsp/\libhal_bsp.a(alt_irq_entry.o)
 *(.exceptions.notirq.user)
 *(.exceptions.notirq)
 .exceptions.notirq
                0x0080008c        0x8 ../assignment2_bsp/\libhal_bsp.a(alt_exception_entry.o)
 *(.exceptions.soft.user)
 *(.exceptions.soft)
 *(.exceptions.unknown.user)
 *(.exceptions.unknown)
 .exceptions.unknown
                0x00800094        0x4 ../assignment2_bsp/\libhal_bsp.a(alt_exception_entry.o)
 *(.exceptions.exit.label)
 .exceptions.exit.label
                0x00800098        0x0 ../assignment2_bsp/\libhal_bsp.a(alt_irq_entry.o)
 .exceptions.exit.label
                0x00800098        0x0 ../assignment2_bsp/\libhal_bsp.a(alt_exception_entry.o)
 *(.exceptions.exit.user)
 *(.exceptions.exit)
 .exceptions.exit
                0x00800098       0x54 ../assignment2_bsp/\libhal_bsp.a(alt_exception_entry.o)
 *(.exceptions)
 .exceptions    0x008000ec       0xc8 ../assignment2_bsp/\libhal_bsp.a(alt_irq_handler.o)
                0x008000ec                alt_irq_handler
                0x008001b4                PROVIDE (__ram_exceptions_end, ABSOLUTE (.))
                0x00800020                PROVIDE (__flash_exceptions_start, LOADADDR (.exceptions))

.text           0x008001b4    0x11864
                0x008001b4                PROVIDE (stext, ABSOLUTE (.))
 *(.interp)
 *(.hash)
 *(.dynsym)
 *(.dynstr)
 *(.gnu.version)
 *(.gnu.version_d)
 *(.gnu.version_r)
 *(.rel.init)
 *(.rela.init)
 *(.rel.text .rel.text.* .rel.gnu.linkonce.t.*)
 *(.rela.text .rela.text.* .rela.gnu.linkonce.t.*)
 *(.rel.fini)
 *(.rela.fini)
 *(.rel.rodata .rel.rodata.* .rel.gnu.linkonce.r.*)
 *(.rela.rodata .rela.rodata.* .rela.gnu.linkonce.r.*)
 *(.rel.data .rel.data.* .rel.gnu.linkonce.d.*)
 *(.rela.data .rela.data.* .rela.gnu.linkonce.d.*)
 *(.rel.tdata .rel.tdata.* .rel.gnu.linkonce.td.*)
 *(.rela.tdata .rela.tdata.* .rela.gnu.linkonce.td.*)
 *(.rel.tbss .rel.tbss.* .rel.gnu.linkonce.tb.*)
 *(.rela.tbss .rela.tbss.* .rela.gnu.linkonce.tb.*)
 *(.rel.ctors)
 *(.rela.ctors)
 *(.rel.dtors)
 *(.rela.dtors)
 *(.rel.got)
 *(.rela.got)
 *(.rel.sdata .rel.sdata.* .rel.gnu.linkonce.s.*)
 *(.rela.sdata .rela.sdata.* .rela.gnu.linkonce.s.*)
 *(.rel.sbss .rel.sbss.* .rel.gnu.linkonce.sb.*)
 *(.rela.sbss .rela.sbss.* .rela.gnu.linkonce.sb.*)
 *(.rel.sdata2 .rel.sdata2.* .rel.gnu.linkonce.s2.*)
 *(.rela.sdata2 .rela.sdata2.* .rela.gnu.linkonce.s2.*)
 *(.rel.sbss2 .rel.sbss2.* .rel.gnu.linkonce.sb2.*)
 *(.rela.sbss2 .rela.sbss2.* .rela.gnu.linkonce.sb2.*)
 *(.rel.bss .rel.bss.* .rel.gnu.linkonce.b.*)
 *(.rela.bss .rela.bss.* .rela.gnu.linkonce.b.*)
 *(.rel.plt)
 *(.rela.plt)
 *(.rel.dyn)
 *(.init)
 *(.plt)
 *(.text .stub .text.* .gnu.linkonce.t.*)
 .text          0x008001b4       0x4c ../assignment2_bsp//obj/HAL/src/crt0.o
                0x008001b4                _start
 .text          0x00800200     0x39e0 obj/default/hello_world.o
                0x00800200                reset
                0x008002b0                tick
                0x00803388                main
                0x008033ec                mode0
                0x00803500                mode1
                0x0080351c                init_buttons_pio
                0x00803578                buttons_isr
                0x00803640                initialise_avi_timer
                0x00803698                initialise_aei_timer
                0x008036f0                initialise_pvarp_timer
                0x00803748                initialise_vrp_timer
                0x008037a0                initialise_lri_timer
                0x008037f8                initialise_uri_timer
                0x00803850                initialise_debounce_timer
                0x008038a8                initialise_LED_timer
                0x00803900                initialise_signal_timer
                0x00803958                avi_isr_function
                0x008039a0                aei_isr_function
                0x008039e8                pvarp_isr_function
                0x00803a30                vrp_isr_function
                0x00803a78                lri_isr_function
                0x00803ac0                uri_isr_function
                0x00803b08                debounce_isr_function
                0x00803b50                LED_isr_function
                0x00803b98                signal_isr_function
 .text          0x00803be0       0x78 c:/altera/13.0/nios2eds/bin/gnu/h-i686-mingw32/bin/../lib/gcc/nios2-elf/4.1.2/../../../../nios2-elf/lib\libc.a(lib_a-printf.o)
                0x00803be0                printf
                0x00803c24                _printf_r
 .text          0x00803c58       0xb4 c:/altera/13.0/nios2eds/bin/gnu/h-i686-mingw32/bin/../lib/gcc/nios2-elf/4.1.2/../../../../nios2-elf/lib\libc.a(lib_a-puts.o)
                0x00803c58                _puts_r
                0x00803cf8                puts
 .text          0x00803d0c       0x74 c:/altera/13.0/nios2eds/bin/gnu/h-i686-mingw32/bin/../lib/gcc/nios2-elf/4.1.2/../../../../nios2-elf/lib\libc.a(lib_a-strlen.o)
                0x00803d0c                strlen
 .text          0x00803d80     0x1f28 c:/altera/13.0/nios2eds/bin/gnu/h-i686-mingw32/bin/../lib/gcc/nios2-elf/4.1.2/../../../../nios2-elf/lib\libc.a(lib_a-vfprintf.o)
                0x00803dd8                ___vfprintf_internal_r
                0x00805c84                __vfprintf_internal
 .text          0x00805ca8      0x13c c:/altera/13.0/nios2eds/bin/gnu/h-i686-mingw32/bin/../lib/gcc/nios2-elf/4.1.2/../../../../nios2-elf/lib\libc.a(lib_a-wsetup.o)
                0x00805ca8                __swsetup_r
 .text          0x00805de4     0x17cc c:/altera/13.0/nios2eds/bin/gnu/h-i686-mingw32/bin/../lib/gcc/nios2-elf/4.1.2/../../../../nios2-elf/lib\libc.a(lib_a-dtoa.o)
                0x00805ffc                _dtoa_r
 .text          0x008075b0      0x230 c:/altera/13.0/nios2eds/bin/gnu/h-i686-mingw32/bin/../lib/gcc/nios2-elf/4.1.2/../../../../nios2-elf/lib\libc.a(lib_a-fflush.o)
                0x008075b0                _fflush_r
                0x008077ac                fflush
 .text          0x008077e0      0x2c0 c:/altera/13.0/nios2eds/bin/gnu/h-i686-mingw32/bin/../lib/gcc/nios2-elf/4.1.2/../../../../nios2-elf/lib\libc.a(lib_a-findfp.o)
                0x00807838                __sfp_lock_acquire
                0x0080783c                __sfp_lock_release
                0x00807840                __sinit_lock_acquire
                0x00807844                __sinit_lock_release
                0x00807848                __sinit
                0x008078fc                __fp_unlock_all
                0x00807914                __fp_lock_all
                0x0080792c                _cleanup_r
                0x00807938                _cleanup
                0x00807948                __sfmoreglue
                0x008079b0                __sfp
 .text          0x00807aa0      0x440 c:/altera/13.0/nios2eds/bin/gnu/h-i686-mingw32/bin/../lib/gcc/nios2-elf/4.1.2/../../../../nios2-elf/lib\libc.a(lib_a-freer.o)
                0x00807aa0                _malloc_trim_r
                0x00807bcc                _free_r
 .text          0x00807ee0      0x49c c:/altera/13.0/nios2eds/bin/gnu/h-i686-mingw32/bin/../lib/gcc/nios2-elf/4.1.2/../../../../nios2-elf/lib\libc.a(lib_a-fvwrite.o)
                0x00807ee0                __sfvwrite_r
 .text          0x0080837c      0x180 c:/altera/13.0/nios2eds/bin/gnu/h-i686-mingw32/bin/../lib/gcc/nios2-elf/4.1.2/../../../../nios2-elf/lib\libc.a(lib_a-fwalk.o)
                0x0080837c                _fwalk_reent
                0x00808444                _fwalk
 .text          0x008084fc        0x0 c:/altera/13.0/nios2eds/bin/gnu/h-i686-mingw32/bin/../lib/gcc/nios2-elf/4.1.2/../../../../nios2-elf/lib\libc.a(lib_a-impure.o)
 .text          0x008084fc       0xc4 c:/altera/13.0/nios2eds/bin/gnu/h-i686-mingw32/bin/../lib/gcc/nios2-elf/4.1.2/../../../../nios2-elf/lib\libc.a(lib_a-locale.o)
                0x008084fc                __locale_charset
                0x00808504                _localeconv_r
                0x00808510                localeconv
                0x00808520                _setlocale_r
                0x008085a4                setlocale
 .text          0x008085c0      0x194 c:/altera/13.0/nios2eds/bin/gnu/h-i686-mingw32/bin/../lib/gcc/nios2-elf/4.1.2/../../../../nios2-elf/lib\libc.a(lib_a-makebuf.o)
                0x008085c0                __smakebuf_r
 .text          0x00808754      0x740 c:/altera/13.0/nios2eds/bin/gnu/h-i686-mingw32/bin/../lib/gcc/nios2-elf/4.1.2/../../../../nios2-elf/lib\libc.a(lib_a-mallocr.o)
                0x00808754                _malloc_r
 .text          0x00808e94       0xe4 c:/altera/13.0/nios2eds/bin/gnu/h-i686-mingw32/bin/../lib/gcc/nios2-elf/4.1.2/../../../../nios2-elf/lib\libc.a(lib_a-memchr.o)
                0x00808e94                memchr
 .text          0x00808f78       0xa0 c:/altera/13.0/nios2eds/bin/gnu/h-i686-mingw32/bin/../lib/gcc/nios2-elf/4.1.2/../../../../nios2-elf/lib\libc.a(lib_a-memcpy.o)
                0x00808f78                memcpy
 .text          0x00809018       0xe0 c:/altera/13.0/nios2eds/bin/gnu/h-i686-mingw32/bin/../lib/gcc/nios2-elf/4.1.2/../../../../nios2-elf/lib\libc.a(lib_a-memmove.o)
                0x00809018                memmove
 .text          0x008090f8       0x98 c:/altera/13.0/nios2eds/bin/gnu/h-i686-mingw32/bin/../lib/gcc/nios2-elf/4.1.2/../../../../nios2-elf/lib\libc.a(lib_a-memset.o)
                0x008090f8                memset
 .text          0x00809190      0xff4 c:/altera/13.0/nios2eds/bin/gnu/h-i686-mingw32/bin/../lib/gcc/nios2-elf/4.1.2/../../../../nios2-elf/lib\libc.a(lib_a-mprec.o)
                0x00809190                _Bfree
                0x008091b8                __hi0bits
                0x00809228                __lo0bits
                0x008092ec                __mcmp
                0x0080934c                __ulp
                0x008093cc                __b2d
                0x008094ec                __ratio
                0x0080959c                _mprec_log10
                0x00809630                __copybits
                0x00809688                __any_on
                0x00809710                _Balloc
                0x008097cc                __d2b
                0x00809948                __mdiff
                0x00809ad4                __lshift
                0x00809c20                __multiply
                0x00809e08                __i2b
                0x00809e44                __multadd
                0x00809f44                __pow5mult
                0x0080a064                __s2b
 .text          0x0080a184      0x5f4 c:/altera/13.0/nios2eds/bin/gnu/h-i686-mingw32/bin/../lib/gcc/nios2-elf/4.1.2/../../../../nios2-elf/lib\libc.a(lib_a-reallocr.o)
                0x0080a184                _realloc_r
 .text          0x0080a778       0x40 c:/altera/13.0/nios2eds/bin/gnu/h-i686-mingw32/bin/../lib/gcc/nios2-elf/4.1.2/../../../../nios2-elf/lib\libc.a(lib_a-s_isinfd.o)
                0x0080a778                __isinfd
 .text          0x0080a7b8       0x30 c:/altera/13.0/nios2eds/bin/gnu/h-i686-mingw32/bin/../lib/gcc/nios2-elf/4.1.2/../../../../nios2-elf/lib\libc.a(lib_a-s_isnand.o)
                0x0080a7b8                __isnand
 .text          0x0080a7e8       0x70 c:/altera/13.0/nios2eds/bin/gnu/h-i686-mingw32/bin/../lib/gcc/nios2-elf/4.1.2/../../../../nios2-elf/lib\libc.a(lib_a-sbrkr.o)
                0x0080a7e8                _sbrk_r
 .text          0x0080a858      0x14c c:/altera/13.0/nios2eds/bin/gnu/h-i686-mingw32/bin/../lib/gcc/nios2-elf/4.1.2/../../../../nios2-elf/lib\libc.a(lib_a-stdio.o)
                0x0080a858                __sclose
                0x0080a860                __sseek
                0x0080a8c8                __swrite
                0x0080a944                __sread
 .text          0x0080a9a4       0xbc c:/altera/13.0/nios2eds/bin/gnu/h-i686-mingw32/bin/../lib/gcc/nios2-elf/4.1.2/../../../../nios2-elf/lib\libc.a(lib_a-strcmp.o)
                0x0080a9a4                strcmp
 .text          0x0080aa60       0x78 c:/altera/13.0/nios2eds/bin/gnu/h-i686-mingw32/bin/../lib/gcc/nios2-elf/4.1.2/../../../../nios2-elf/lib\libc.a(lib_a-writer.o)
                0x0080aa60                _write_r
 .text          0x0080aad8       0xb4 c:/altera/13.0/nios2eds/bin/gnu/h-i686-mingw32/bin/../lib/gcc/nios2-elf/4.1.2/../../../../nios2-elf/lib\libc.a(lib_a-callocr.o)
                0x0080aad8                _calloc_r
 .text          0x0080ab8c       0x70 c:/altera/13.0/nios2eds/bin/gnu/h-i686-mingw32/bin/../lib/gcc/nios2-elf/4.1.2/../../../../nios2-elf/lib\libc.a(lib_a-closer.o)
                0x0080ab8c                _close_r
 .text          0x0080abfc      0x124 c:/altera/13.0/nios2eds/bin/gnu/h-i686-mingw32/bin/../lib/gcc/nios2-elf/4.1.2/../../../../nios2-elf/lib\libc.a(lib_a-fclose.o)
                0x0080abfc                _fclose_r
                0x0080ad0c                fclose
 .text          0x0080ad20       0x74 c:/altera/13.0/nios2eds/bin/gnu/h-i686-mingw32/bin/../lib/gcc/nios2-elf/4.1.2/../../../../nios2-elf/lib\libc.a(lib_a-fstatr.o)
                0x0080ad20                _fstat_r
 .text          0x0080ad94        0x0 c:/altera/13.0/nios2eds/bin/gnu/h-i686-mingw32/bin/../lib/gcc/nios2-elf/4.1.2/../../../../nios2-elf/lib\libc.a(lib_a-int_errno.o)
 .text          0x0080ad94       0x70 c:/altera/13.0/nios2eds/bin/gnu/h-i686-mingw32/bin/../lib/gcc/nios2-elf/4.1.2/../../../../nios2-elf/lib\libc.a(lib_a-isattyr.o)
                0x0080ad94                _isatty_r
 .text          0x0080ae04       0x78 c:/altera/13.0/nios2eds/bin/gnu/h-i686-mingw32/bin/../lib/gcc/nios2-elf/4.1.2/../../../../nios2-elf/lib\libc.a(lib_a-lseekr.o)
                0x0080ae04                _lseek_r
 .text          0x0080ae7c       0x78 c:/altera/13.0/nios2eds/bin/gnu/h-i686-mingw32/bin/../lib/gcc/nios2-elf/4.1.2/../../../../nios2-elf/lib\libc.a(lib_a-readr.o)
                0x0080ae7c                _read_r
 .text          0x0080aef4      0x5dc c:/altera/13.0/nios2eds/bin/gnu/h-i686-mingw32/bin/../lib/gcc/nios2-elf/4.1.2\libgcc.a(_udivdi3.o)
                0x0080aef4                __udivdi3
 .text          0x0080b4d0      0x5b0 c:/altera/13.0/nios2eds/bin/gnu/h-i686-mingw32/bin/../lib/gcc/nios2-elf/4.1.2\libgcc.a(_umoddi3.o)
                0x0080b4d0                __umoddi3
 .text          0x0080ba80      0x504 c:/altera/13.0/nios2eds/bin/gnu/h-i686-mingw32/bin/../lib/gcc/nios2-elf/4.1.2\libgcc.a(_addsub_df.o)
                0x0080be90                __subdf3
                0x0080bf10                __adddf3
 .text          0x0080bf84      0x3c4 c:/altera/13.0/nios2eds/bin/gnu/h-i686-mingw32/bin/../lib/gcc/nios2-elf/4.1.2\libgcc.a(_mul_df.o)
                0x0080bf84                __muldf3
 .text          0x0080c348      0x258 c:/altera/13.0/nios2eds/bin/gnu/h-i686-mingw32/bin/../lib/gcc/nios2-elf/4.1.2\libgcc.a(_div_df.o)
                0x0080c348                __divdf3
 .text          0x0080c5a0       0x88 c:/altera/13.0/nios2eds/bin/gnu/h-i686-mingw32/bin/../lib/gcc/nios2-elf/4.1.2\libgcc.a(_eq_df.o)
                0x0080c5a0                __eqdf2
 .text          0x0080c628       0x88 c:/altera/13.0/nios2eds/bin/gnu/h-i686-mingw32/bin/../lib/gcc/nios2-elf/4.1.2\libgcc.a(_ne_df.o)
                0x0080c628                __nedf2
 .text          0x0080c6b0       0x88 c:/altera/13.0/nios2eds/bin/gnu/h-i686-mingw32/bin/../lib/gcc/nios2-elf/4.1.2\libgcc.a(_gt_df.o)
                0x0080c6b0                __gtdf2
 .text          0x0080c738       0x88 c:/altera/13.0/nios2eds/bin/gnu/h-i686-mingw32/bin/../lib/gcc/nios2-elf/4.1.2\libgcc.a(_ge_df.o)
                0x0080c738                __gedf2
 .text          0x0080c7c0       0x88 c:/altera/13.0/nios2eds/bin/gnu/h-i686-mingw32/bin/../lib/gcc/nios2-elf/4.1.2\libgcc.a(_lt_df.o)
                0x0080c7c0                __ltdf2
 .text          0x0080c848       0xf8 c:/altera/13.0/nios2eds/bin/gnu/h-i686-mingw32/bin/../lib/gcc/nios2-elf/4.1.2\libgcc.a(_si_to_df.o)
                0x0080c848                __floatsidf
 .text          0x0080c940       0xd8 c:/altera/13.0/nios2eds/bin/gnu/h-i686-mingw32/bin/../lib/gcc/nios2-elf/4.1.2\libgcc.a(_df_to_si.o)
                0x0080c940                __fixdfsi
 .text          0x0080ca18        0x0 c:/altera/13.0/nios2eds/bin/gnu/h-i686-mingw32/bin/../lib/gcc/nios2-elf/4.1.2\libgcc.a(_thenan_df.o)
 .text          0x0080ca18      0x194 c:/altera/13.0/nios2eds/bin/gnu/h-i686-mingw32/bin/../lib/gcc/nios2-elf/4.1.2\libgcc.a(_usi_to_df.o)
                0x0080ca18                __floatunsidf
 .text          0x0080cbac      0x14c c:/altera/13.0/nios2eds/bin/gnu/h-i686-mingw32/bin/../lib/gcc/nios2-elf/4.1.2\libgcc.a(lib2-divmod.o)
                0x0080cc28                __divsi3
                0x0080cc88                __modsi3
                0x0080cce8                __udivsi3
                0x0080ccf0                __umodsi3
 .text          0x0080ccf8       0x98 c:/altera/13.0/nios2eds/bin/gnu/h-i686-mingw32/bin/../lib/gcc/nios2-elf/4.1.2\libgcc.a(_muldi3.o)
                0x0080ccf8                __muldi3
 .text          0x0080cd90        0x0 c:/altera/13.0/nios2eds/bin/gnu/h-i686-mingw32/bin/../lib/gcc/nios2-elf/4.1.2\libgcc.a(_clz.o)
 .text          0x0080cd90       0x80 c:/altera/13.0/nios2eds/bin/gnu/h-i686-mingw32/bin/../lib/gcc/nios2-elf/4.1.2\libgcc.a(_clzsi2.o)
                0x0080cd90                __clzsi2
 .text          0x0080ce10      0x314 c:/altera/13.0/nios2eds/bin/gnu/h-i686-mingw32/bin/../lib/gcc/nios2-elf/4.1.2\libgcc.a(_pack_df.o)
                0x0080ce10                __pack_d
 .text          0x0080d124      0x138 c:/altera/13.0/nios2eds/bin/gnu/h-i686-mingw32/bin/../lib/gcc/nios2-elf/4.1.2\libgcc.a(_unpack_df.o)
                0x0080d124                __unpack_d
 .text          0x0080d25c       0xc8 c:/altera/13.0/nios2eds/bin/gnu/h-i686-mingw32/bin/../lib/gcc/nios2-elf/4.1.2\libgcc.a(_fpcmp_parts_df.o)
                0x0080d25c                __fpcmp_parts_d
 .text          0x0080d324      0x154 ../assignment2_bsp/\libhal_bsp.a(alt_alarm_start.o)
                0x0080d324                alt_alarm_start
 .text          0x0080d478      0x15c ../assignment2_bsp/\libhal_bsp.a(alt_close.o)
                0x0080d478                close
 .text          0x0080d5d4       0x2c ../assignment2_bsp/\libhal_bsp.a(alt_dev.o)
 .text          0x0080d600        0x0 ../assignment2_bsp/\libhal_bsp.a(alt_errno.o)
 .text          0x0080d600      0x134 ../assignment2_bsp/\libhal_bsp.a(alt_fstat.o)
                0x0080d600                fstat
 .text          0x0080d734      0x1c0 ../assignment2_bsp/\libhal_bsp.a(alt_irq_register.o)
                0x0080d734                alt_irq_register
 .text          0x0080d8f4        0x0 ../assignment2_bsp/\libhal_bsp.a(alt_irq_vars.o)
 .text          0x0080d8f4      0x120 ../assignment2_bsp/\libhal_bsp.a(alt_isatty.o)
                0x0080d8f4                isatty
 .text          0x0080da14       0xec ../assignment2_bsp/\libhal_bsp.a(alt_load.o)
                0x0080da14                alt_load
 .text          0x0080db00      0x150 ../assignment2_bsp/\libhal_bsp.a(alt_lseek.o)
                0x0080db00                lseek
 .text          0x0080dc50       0x6c ../assignment2_bsp/\libhal_bsp.a(alt_main.o)
                0x0080dc50                alt_main
 .text          0x0080dcbc       0x40 ../assignment2_bsp/\libhal_bsp.a(alt_malloc_lock.o)
                0x0080dcbc                __malloc_lock
                0x0080dcdc                __malloc_unlock
 .text          0x0080dcfc      0x180 ../assignment2_bsp/\libhal_bsp.a(alt_read.o)
                0x0080dcfc                read
 .text          0x0080de7c       0x60 ../assignment2_bsp/\libhal_bsp.a(alt_release_fd.o)
                0x0080de7c                alt_release_fd
 .text          0x0080dedc       0xbc ../assignment2_bsp/\libhal_bsp.a(alt_sbrk.o)
                0x0080dedc                sbrk
 .text          0x0080df98      0x1a4 ../assignment2_bsp/\libhal_bsp.a(alt_tick.o)
                0x0080df98                alt_alarm_stop
                0x0080e030                alt_tick
 .text          0x0080e13c      0x180 ../assignment2_bsp/\libhal_bsp.a(alt_write.o)
                0x0080e13c                write
 .text          0x0080e2bc      0x100 ../assignment2_bsp/\libhal_bsp.a(alt_sys_init.o)
                0x0080e2bc                alt_irq_init
                0x0080e2f0                alt_sys_init
 .text          0x0080e3bc      0x148 ../assignment2_bsp/\libhal_bsp.a(altera_avalon_jtag_uart_fd.o)
                0x0080e3bc                altera_avalon_jtag_uart_read_fd
                0x0080e414                altera_avalon_jtag_uart_write_fd
                0x0080e46c                altera_avalon_jtag_uart_close_fd
                0x0080e4b4                altera_avalon_jtag_uart_ioctl_fd
 .text          0x0080e504      0x40c ../assignment2_bsp/\libhal_bsp.a(altera_avalon_jtag_uart_init.o)
                0x0080e504                altera_avalon_jtag_uart_init
                0x0080e89c                altera_avalon_jtag_uart_close
 .text          0x0080e910       0xf4 ../assignment2_bsp/\libhal_bsp.a(altera_avalon_jtag_uart_ioctl.o)
                0x0080e910                altera_avalon_jtag_uart_ioctl
 .text          0x0080ea04      0x224 ../assignment2_bsp/\libhal_bsp.a(altera_avalon_jtag_uart_read.o)
                0x0080ea04                altera_avalon_jtag_uart_read
 .text          0x0080ec28      0x240 ../assignment2_bsp/\libhal_bsp.a(altera_avalon_jtag_uart_write.o)
                0x0080ec28                altera_avalon_jtag_uart_write
 .text          0x0080ee68      0xee8 ../assignment2_bsp/\libhal_bsp.a(altera_avalon_lcd_16207.o)
                0x0080f63c                altera_avalon_lcd_16207_write
                0x0080fc14                altera_avalon_lcd_16207_init
 .text          0x0080fd50       0x58 ../assignment2_bsp/\libhal_bsp.a(altera_avalon_lcd_16207_fd.o)
                0x0080fd50                altera_avalon_lcd_16207_write_fd
 .text          0x0080fda8      0x100 ../assignment2_bsp/\libhal_bsp.a(altera_avalon_timer_sc.o)
                0x0080fe18                alt_avalon_timer_sc_init
 .text          0x0080fea8       0xf8 ../assignment2_bsp/\libhal_bsp.a(altera_avalon_uart_fd.o)
                0x0080fea8                altera_avalon_uart_read_fd
                0x0080ff00                altera_avalon_uart_write_fd
                0x0080ff58                altera_avalon_uart_close_fd
 .text          0x0080ffa0      0x400 ../assignment2_bsp/\libhal_bsp.a(altera_avalon_uart_init.o)
                0x0080ffa0                altera_avalon_uart_init
                0x00810340                altera_avalon_uart_close
 .text          0x008103a0      0x290 ../assignment2_bsp/\libhal_bsp.a(altera_avalon_uart_read.o)
                0x008103a0                altera_avalon_uart_read
 .text          0x00810630      0x228 ../assignment2_bsp/\libhal_bsp.a(altera_avalon_uart_write.o)
                0x00810630                altera_avalon_uart_write
 .text          0x00810858       0x44 ../assignment2_bsp/\libhal_bsp.a(alt_dcache_flush_all.o)
                0x00810858                alt_dcache_flush_all
 .text          0x0081089c      0x114 ../assignment2_bsp/\libhal_bsp.a(alt_dev_llist_insert.o)
                0x0081089c                alt_dev_llist_insert
 .text          0x008109b0       0x64 ../assignment2_bsp/\libhal_bsp.a(alt_do_ctors.o)
                0x008109b0                _do_ctors
 .text          0x00810a14       0x64 ../assignment2_bsp/\libhal_bsp.a(alt_do_dtors.o)
                0x00810a14                _do_dtors
 .text          0x00810a78       0x30 ../assignment2_bsp/\libhal_bsp.a(alt_icache_flush_all.o)
                0x00810a78                alt_icache_flush_all
 .text          0x00810aa8      0x1d4 ../assignment2_bsp/\libhal_bsp.a(alt_iic.o)
                0x00810aa8                alt_ic_isr_register
                0x00810af8                alt_ic_irq_enable
                0x00810b94                alt_ic_irq_disable
                0x00810c34                alt_ic_irq_enabled
 .text          0x00810c7c       0xf8 ../assignment2_bsp/\libhal_bsp.a(alt_iic_isr_register.o)
                0x00810c7c                alt_iic_isr_register
 .text          0x00810d74      0x13c ../assignment2_bsp/\libhal_bsp.a(alt_io_redirect.o)
                0x00810e38                alt_io_redirect
 .text          0x00810eb0        0x0 ../assignment2_bsp/\libhal_bsp.a(alt_irq_entry.o)
 .text          0x00810eb0        0x0 ../assignment2_bsp/\libhal_bsp.a(alt_irq_handler.o)
 .text          0x00810eb0      0x2c4 ../assignment2_bsp/\libhal_bsp.a(alt_open.o)
                0x00810f8c                open
 .text          0x00811174       0x30 ../assignment2_bsp/\libhal_bsp.a(alt_usleep.o)
                0x00811174                usleep
 .text          0x008111a4       0x20 ../assignment2_bsp/\libhal_bsp.a(altera_nios2_qsys_irq.o)
                0x008111a4                altera_nios2_qsys_irq_init
 .text          0x008111c4      0x14c ../assignment2_bsp/\libhal_bsp.a(alt_busy_sleep.o)
                0x008111c4                alt_busy_sleep
 .text          0x00811310        0x0 ../assignment2_bsp/\libhal_bsp.a(alt_exception_entry.o)
 .text          0x00811310       0x94 ../assignment2_bsp/\libhal_bsp.a(alt_find_dev.o)
                0x00811310                alt_find_dev
 .text          0x008113a4      0x120 ../assignment2_bsp/\libhal_bsp.a(alt_find_file.o)
                0x008113a4                alt_find_file
 .text          0x008114c4       0xb8 ../assignment2_bsp/\libhal_bsp.a(alt_get_fd.o)
                0x008114c4                alt_get_fd
 .text          0x0081157c       0x90 ../assignment2_bsp/\libhal_bsp.a(alt_icache_flush.o)
                0x0081157c                alt_icache_flush
 .text          0x0081160c       0x14 c:/altera/13.0/nios2eds/bin/gnu/h-i686-mingw32/bin/../lib/gcc/nios2-elf/4.1.2/../../../../nios2-elf/lib\libc.a(lib_a-atexit.o)
                0x0081160c                atexit
 .text          0x00811620        0x0 c:/altera/13.0/nios2eds/bin/gnu/h-i686-mingw32/bin/../lib/gcc/nios2-elf/4.1.2/../../../../nios2-elf/lib\libc.a(lib_a-ctype_.o)
 .text          0x00811620       0x38 c:/altera/13.0/nios2eds/bin/gnu/h-i686-mingw32/bin/../lib/gcc/nios2-elf/4.1.2/../../../../nios2-elf/lib\libc.a(lib_a-exit.o)
                0x00811620                exit
 .text          0x00811658       0x74 c:/altera/13.0/nios2eds/bin/gnu/h-i686-mingw32/bin/../lib/gcc/nios2-elf/4.1.2/../../../../nios2-elf/lib\libc.a(lib_a-memcmp.o)
                0x00811658                memcmp
 .text          0x008116cc      0x134 c:/altera/13.0/nios2eds/bin/gnu/h-i686-mingw32/bin/../lib/gcc/nios2-elf/4.1.2/../../../../nios2-elf/lib\libc.a(lib_a-__atexit.o)
                0x008116cc                __register_exitproc
 .text          0x00811800      0x1b4 c:/altera/13.0/nios2eds/bin/gnu/h-i686-mingw32/bin/../lib/gcc/nios2-elf/4.1.2/../../../../nios2-elf/lib\libc.a(lib_a-__call_atexit.o)
                0x00811804                __call_exitprocs
 .text          0x008119b4       0x60 ../assignment2_bsp/\libhal_bsp.a(alt_exit.o)
                0x008119f4                _exit
 *(.gnu.warning.*)
 *(.fini)
                0x00811a14                PROVIDE (__etext, ABSOLUTE (.))
                0x00811a14                PROVIDE (_etext, ABSOLUTE (.))
                0x00811a14                PROVIDE (etext, ABSOLUTE (.))
 *(.eh_frame_hdr)
                0x00811a14                . = ALIGN (0x4)
                0x00811a14                PROVIDE (__preinit_array_start, ABSOLUTE (.))
 *(.preinit_array)
                0x00811a14                PROVIDE (__preinit_array_end, ABSOLUTE (.))
                0x00811a14                PROVIDE (__init_array_start, ABSOLUTE (.))
 *(.init_array)
                0x00811a14                PROVIDE (__init_array_end, ABSOLUTE (.))
                0x00811a14                PROVIDE (__fini_array_start, ABSOLUTE (.))
 *(.fini_array)
                0x00811a14                PROVIDE (__fini_array_end, ABSOLUTE (.))
 *(.eh_frame)
 *(.gcc_except_table)
 *(.dynamic)
                0x00811a14                PROVIDE (__CTOR_LIST__, ABSOLUTE (.))
 *(.ctors)
 *(SORT(.ctors.*))
 .ctors.65535   0x00811a14        0x4 c:/altera/13.0/nios2eds/bin/gnu/h-i686-mingw32/bin/../lib/gcc/nios2-elf/4.1.2/../../../../nios2-elf/lib\libc.a(lib_a-__call_atexit.o)
                0x00811a18                PROVIDE (__CTOR_END__, ABSOLUTE (.))
                0x00811a18                PROVIDE (__DTOR_LIST__, ABSOLUTE (.))
 *(.dtors)
 *(SORT(.dtors.*))
                0x00811a18                PROVIDE (__DTOR_END__, ABSOLUTE (.))
 *(.jcr)
                0x00811a18                . = ALIGN (0x4)

.rodata         0x00811a18      0x764
                0x00811a18                PROVIDE (__ram_rodata_start, ABSOLUTE (.))
                0x00811a18                . = ALIGN (0x4)
 *(.rodata .rodata.* .gnu.linkonce.r.*)
 .rodata        0x00811a18      0x18c obj/default/hello_world.o
 .rodata.str1.4
                0x00811ba4        0x2 c:/altera/13.0/nios2eds/bin/gnu/h-i686-mingw32/bin/../lib/gcc/nios2-elf/4.1.2/../../../../nios2-elf/lib\libc.a(lib_a-puts.o)
                                  0x4 (size before relaxing)
 *fill*         0x00811ba6        0x2 00
 .rodata.str1.4
                0x00811ba8       0x5e c:/altera/13.0/nios2eds/bin/gnu/h-i686-mingw32/bin/../lib/gcc/nios2-elf/4.1.2/../../../../nios2-elf/lib\libc.a(lib_a-vfprintf.o)
                                 0x60 (size before relaxing)
 *fill*         0x00811c06        0x2 00
 .rodata        0x00811c08       0x20 c:/altera/13.0/nios2eds/bin/gnu/h-i686-mingw32/bin/../lib/gcc/nios2-elf/4.1.2/../../../../nios2-elf/lib\libc.a(lib_a-vfprintf.o)
 .rodata.str1.4
                0x00811c28       0x10 c:/altera/13.0/nios2eds/bin/gnu/h-i686-mingw32/bin/../lib/gcc/nios2-elf/4.1.2/../../../../nios2-elf/lib\libc.a(lib_a-dtoa.o)
                                 0x14 (size before relaxing)
 .rodata.str1.4
                0x00811c38        0x2 c:/altera/13.0/nios2eds/bin/gnu/h-i686-mingw32/bin/../lib/gcc/nios2-elf/4.1.2/../../../../nios2-elf/lib\libc.a(lib_a-impure.o)
                                  0x4 (size before relaxing)
 *fill*         0x00811c3a        0x2 00
 .rodata.str1.4
                0x00811c3c       0x10 c:/altera/13.0/nios2eds/bin/gnu/h-i686-mingw32/bin/../lib/gcc/nios2-elf/4.1.2/../../../../nios2-elf/lib\libc.a(lib_a-locale.o)
                                 0x18 (size before relaxing)
 .rodata        0x00811c4c       0x30 c:/altera/13.0/nios2eds/bin/gnu/h-i686-mingw32/bin/../lib/gcc/nios2-elf/4.1.2/../../../../nios2-elf/lib\libc.a(lib_a-locale.o)
 .rodata        0x00811c7c      0x124 c:/altera/13.0/nios2eds/bin/gnu/h-i686-mingw32/bin/../lib/gcc/nios2-elf/4.1.2/../../../../nios2-elf/lib\libc.a(lib_a-mprec.o)
                0x00811c7c                __mprec_tens
                0x00811d44                __mprec_bigtens
                0x00811d6c                __mprec_tinytens
 .rodata        0x00811da0       0x14 c:/altera/13.0/nios2eds/bin/gnu/h-i686-mingw32/bin/../lib/gcc/nios2-elf/4.1.2\libgcc.a(_thenan_df.o)
                0x00811da0                __thenan_df
 .rodata        0x00811db4      0x100 c:/altera/13.0/nios2eds/bin/gnu/h-i686-mingw32/bin/../lib/gcc/nios2-elf/4.1.2\libgcc.a(_clz.o)
                0x00811db4                __clz_tab
 .rodata        0x00811eb4        0xc ../assignment2_bsp/\libhal_bsp.a(alt_dev.o)
 .rodata        0x00811ec0       0x10 ../assignment2_bsp/\libhal_bsp.a(alt_main.o)
 .rodata        0x00811ed0       0x28 ../assignment2_bsp/\libhal_bsp.a(alt_sys_init.o)
 .rodata        0x00811ef8      0x284 c:/altera/13.0/nios2eds/bin/gnu/h-i686-mingw32/bin/../lib/gcc/nios2-elf/4.1.2/../../../../nios2-elf/lib\libc.a(lib_a-ctype_.o)
                0x00811ef8                _ctype_
 *(.rodata1)
                0x0081217c                . = ALIGN (0x4)
                0x0081217c                PROVIDE (__ram_rodata_end, ABSOLUTE (.))
                0x00811a18                PROVIDE (__flash_rodata_start, LOADADDR (.rodata))

.rwdata         0x0081217c     0x1c4c load address 0x00813dc8
                0x0081217c                PROVIDE (__ram_rwdata_start, ABSOLUTE (.))
                0x0081217c                . = ALIGN (0x4)
 *(.got.plt)
 *(.got)
 *(.data1)
 *(.data .data.* .gnu.linkonce.d.*)
 .data          0x0081217c        0x0 ../assignment2_bsp//obj/HAL/src/crt0.o
 .data          0x0081217c        0x0 obj/default/hello_world.o
 .data          0x0081217c        0x0 c:/altera/13.0/nios2eds/bin/gnu/h-i686-mingw32/bin/../lib/gcc/nios2-elf/4.1.2/../../../../nios2-elf/lib\libc.a(lib_a-printf.o)
 .data          0x0081217c        0x0 c:/altera/13.0/nios2eds/bin/gnu/h-i686-mingw32/bin/../lib/gcc/nios2-elf/4.1.2/../../../../nios2-elf/lib\libc.a(lib_a-puts.o)
 .data          0x0081217c        0x0 c:/altera/13.0/nios2eds/bin/gnu/h-i686-mingw32/bin/../lib/gcc/nios2-elf/4.1.2/../../../../nios2-elf/lib\libc.a(lib_a-strlen.o)
 .data          0x0081217c        0x0 c:/altera/13.0/nios2eds/bin/gnu/h-i686-mingw32/bin/../lib/gcc/nios2-elf/4.1.2/../../../../nios2-elf/lib\libc.a(lib_a-vfprintf.o)
 .data          0x0081217c        0x0 c:/altera/13.0/nios2eds/bin/gnu/h-i686-mingw32/bin/../lib/gcc/nios2-elf/4.1.2/../../../../nios2-elf/lib\libc.a(lib_a-wsetup.o)
 .data          0x0081217c        0x0 c:/altera/13.0/nios2eds/bin/gnu/h-i686-mingw32/bin/../lib/gcc/nios2-elf/4.1.2/../../../../nios2-elf/lib\libc.a(lib_a-dtoa.o)
 .data          0x0081217c        0x0 c:/altera/13.0/nios2eds/bin/gnu/h-i686-mingw32/bin/../lib/gcc/nios2-elf/4.1.2/../../../../nios2-elf/lib\libc.a(lib_a-fflush.o)
 .data          0x0081217c        0x0 c:/altera/13.0/nios2eds/bin/gnu/h-i686-mingw32/bin/../lib/gcc/nios2-elf/4.1.2/../../../../nios2-elf/lib\libc.a(lib_a-findfp.o)
 .data          0x0081217c        0x0 c:/altera/13.0/nios2eds/bin/gnu/h-i686-mingw32/bin/../lib/gcc/nios2-elf/4.1.2/../../../../nios2-elf/lib\libc.a(lib_a-freer.o)
 .data          0x0081217c        0x0 c:/altera/13.0/nios2eds/bin/gnu/h-i686-mingw32/bin/../lib/gcc/nios2-elf/4.1.2/../../../../nios2-elf/lib\libc.a(lib_a-fvwrite.o)
 .data          0x0081217c        0x0 c:/altera/13.0/nios2eds/bin/gnu/h-i686-mingw32/bin/../lib/gcc/nios2-elf/4.1.2/../../../../nios2-elf/lib\libc.a(lib_a-fwalk.o)
 .data          0x0081217c      0x400 c:/altera/13.0/nios2eds/bin/gnu/h-i686-mingw32/bin/../lib/gcc/nios2-elf/4.1.2/../../../../nios2-elf/lib\libc.a(lib_a-impure.o)
 .data          0x0081257c        0xc c:/altera/13.0/nios2eds/bin/gnu/h-i686-mingw32/bin/../lib/gcc/nios2-elf/4.1.2/../../../../nios2-elf/lib\libc.a(lib_a-locale.o)
                0x0081257c                __lc_ctype
 .data          0x00812588        0x0 c:/altera/13.0/nios2eds/bin/gnu/h-i686-mingw32/bin/../lib/gcc/nios2-elf/4.1.2/../../../../nios2-elf/lib\libc.a(lib_a-makebuf.o)
 .data          0x00812588      0x408 c:/altera/13.0/nios2eds/bin/gnu/h-i686-mingw32/bin/../lib/gcc/nios2-elf/4.1.2/../../../../nios2-elf/lib\libc.a(lib_a-mallocr.o)
                0x00812588                __malloc_av_
 .data          0x00812990        0x0 c:/altera/13.0/nios2eds/bin/gnu/h-i686-mingw32/bin/../lib/gcc/nios2-elf/4.1.2/../../../../nios2-elf/lib\libc.a(lib_a-memchr.o)
 .data          0x00812990        0x0 c:/altera/13.0/nios2eds/bin/gnu/h-i686-mingw32/bin/../lib/gcc/nios2-elf/4.1.2/../../../../nios2-elf/lib\libc.a(lib_a-memcpy.o)
 .data          0x00812990        0x0 c:/altera/13.0/nios2eds/bin/gnu/h-i686-mingw32/bin/../lib/gcc/nios2-elf/4.1.2/../../../../nios2-elf/lib\libc.a(lib_a-memmove.o)
 .data          0x00812990        0x0 c:/altera/13.0/nios2eds/bin/gnu/h-i686-mingw32/bin/../lib/gcc/nios2-elf/4.1.2/../../../../nios2-elf/lib\libc.a(lib_a-memset.o)
 .data          0x00812990        0x0 c:/altera/13.0/nios2eds/bin/gnu/h-i686-mingw32/bin/../lib/gcc/nios2-elf/4.1.2/../../../../nios2-elf/lib\libc.a(lib_a-mprec.o)
 .data          0x00812990        0x0 c:/altera/13.0/nios2eds/bin/gnu/h-i686-mingw32/bin/../lib/gcc/nios2-elf/4.1.2/../../../../nios2-elf/lib\libc.a(lib_a-reallocr.o)
 .data          0x00812990        0x0 c:/altera/13.0/nios2eds/bin/gnu/h-i686-mingw32/bin/../lib/gcc/nios2-elf/4.1.2/../../../../nios2-elf/lib\libc.a(lib_a-s_isinfd.o)
 .data          0x00812990        0x0 c:/altera/13.0/nios2eds/bin/gnu/h-i686-mingw32/bin/../lib/gcc/nios2-elf/4.1.2/../../../../nios2-elf/lib\libc.a(lib_a-s_isnand.o)
 .data          0x00812990        0x0 c:/altera/13.0/nios2eds/bin/gnu/h-i686-mingw32/bin/../lib/gcc/nios2-elf/4.1.2/../../../../nios2-elf/lib\libc.a(lib_a-sbrkr.o)
 .data          0x00812990        0x0 c:/altera/13.0/nios2eds/bin/gnu/h-i686-mingw32/bin/../lib/gcc/nios2-elf/4.1.2/../../../../nios2-elf/lib\libc.a(lib_a-stdio.o)
 .data          0x00812990        0x0 c:/altera/13.0/nios2eds/bin/gnu/h-i686-mingw32/bin/../lib/gcc/nios2-elf/4.1.2/../../../../nios2-elf/lib\libc.a(lib_a-strcmp.o)
 .data          0x00812990        0x0 c:/altera/13.0/nios2eds/bin/gnu/h-i686-mingw32/bin/../lib/gcc/nios2-elf/4.1.2/../../../../nios2-elf/lib\libc.a(lib_a-writer.o)
 .data          0x00812990        0x0 c:/altera/13.0/nios2eds/bin/gnu/h-i686-mingw32/bin/../lib/gcc/nios2-elf/4.1.2/../../../../nios2-elf/lib\libc.a(lib_a-callocr.o)
 .data          0x00812990        0x0 c:/altera/13.0/nios2eds/bin/gnu/h-i686-mingw32/bin/../lib/gcc/nios2-elf/4.1.2/../../../../nios2-elf/lib\libc.a(lib_a-closer.o)
 .data          0x00812990        0x0 c:/altera/13.0/nios2eds/bin/gnu/h-i686-mingw32/bin/../lib/gcc/nios2-elf/4.1.2/../../../../nios2-elf/lib\libc.a(lib_a-fclose.o)
 .data          0x00812990        0x0 c:/altera/13.0/nios2eds/bin/gnu/h-i686-mingw32/bin/../lib/gcc/nios2-elf/4.1.2/../../../../nios2-elf/lib\libc.a(lib_a-fstatr.o)
 .data          0x00812990        0x0 c:/altera/13.0/nios2eds/bin/gnu/h-i686-mingw32/bin/../lib/gcc/nios2-elf/4.1.2/../../../../nios2-elf/lib\libc.a(lib_a-int_errno.o)
 .data          0x00812990        0x0 c:/altera/13.0/nios2eds/bin/gnu/h-i686-mingw32/bin/../lib/gcc/nios2-elf/4.1.2/../../../../nios2-elf/lib\libc.a(lib_a-isattyr.o)
 .data          0x00812990        0x0 c:/altera/13.0/nios2eds/bin/gnu/h-i686-mingw32/bin/../lib/gcc/nios2-elf/4.1.2/../../../../nios2-elf/lib\libc.a(lib_a-lseekr.o)
 .data          0x00812990        0x0 c:/altera/13.0/nios2eds/bin/gnu/h-i686-mingw32/bin/../lib/gcc/nios2-elf/4.1.2/../../../../nios2-elf/lib\libc.a(lib_a-readr.o)
 .data          0x00812990        0x0 c:/altera/13.0/nios2eds/bin/gnu/h-i686-mingw32/bin/../lib/gcc/nios2-elf/4.1.2\libgcc.a(_udivdi3.o)
 .data          0x00812990        0x0 c:/altera/13.0/nios2eds/bin/gnu/h-i686-mingw32/bin/../lib/gcc/nios2-elf/4.1.2\libgcc.a(_umoddi3.o)
 .data          0x00812990        0x0 c:/altera/13.0/nios2eds/bin/gnu/h-i686-mingw32/bin/../lib/gcc/nios2-elf/4.1.2\libgcc.a(_addsub_df.o)
 .data          0x00812990        0x0 c:/altera/13.0/nios2eds/bin/gnu/h-i686-mingw32/bin/../lib/gcc/nios2-elf/4.1.2\libgcc.a(_mul_df.o)
 .data          0x00812990        0x0 c:/altera/13.0/nios2eds/bin/gnu/h-i686-mingw32/bin/../lib/gcc/nios2-elf/4.1.2\libgcc.a(_div_df.o)
 .data          0x00812990        0x0 c:/altera/13.0/nios2eds/bin/gnu/h-i686-mingw32/bin/../lib/gcc/nios2-elf/4.1.2\libgcc.a(_eq_df.o)
 .data          0x00812990        0x0 c:/altera/13.0/nios2eds/bin/gnu/h-i686-mingw32/bin/../lib/gcc/nios2-elf/4.1.2\libgcc.a(_ne_df.o)
 .data          0x00812990        0x0 c:/altera/13.0/nios2eds/bin/gnu/h-i686-mingw32/bin/../lib/gcc/nios2-elf/4.1.2\libgcc.a(_gt_df.o)
 .data          0x00812990        0x0 c:/altera/13.0/nios2eds/bin/gnu/h-i686-mingw32/bin/../lib/gcc/nios2-elf/4.1.2\libgcc.a(_ge_df.o)
 .data          0x00812990        0x0 c:/altera/13.0/nios2eds/bin/gnu/h-i686-mingw32/bin/../lib/gcc/nios2-elf/4.1.2\libgcc.a(_lt_df.o)
 .data          0x00812990        0x0 c:/altera/13.0/nios2eds/bin/gnu/h-i686-mingw32/bin/../lib/gcc/nios2-elf/4.1.2\libgcc.a(_si_to_df.o)
 .data          0x00812990        0x0 c:/altera/13.0/nios2eds/bin/gnu/h-i686-mingw32/bin/../lib/gcc/nios2-elf/4.1.2\libgcc.a(_df_to_si.o)
 .data          0x00812990        0x0 c:/altera/13.0/nios2eds/bin/gnu/h-i686-mingw32/bin/../lib/gcc/nios2-elf/4.1.2\libgcc.a(_thenan_df.o)
 .data          0x00812990        0x0 c:/altera/13.0/nios2eds/bin/gnu/h-i686-mingw32/bin/../lib/gcc/nios2-elf/4.1.2\libgcc.a(_usi_to_df.o)
 .data          0x00812990        0x0 c:/altera/13.0/nios2eds/bin/gnu/h-i686-mingw32/bin/../lib/gcc/nios2-elf/4.1.2\libgcc.a(lib2-divmod.o)
 .data          0x00812990        0x0 c:/altera/13.0/nios2eds/bin/gnu/h-i686-mingw32/bin/../lib/gcc/nios2-elf/4.1.2\libgcc.a(_muldi3.o)
 .data          0x00812990        0x0 c:/altera/13.0/nios2eds/bin/gnu/h-i686-mingw32/bin/../lib/gcc/nios2-elf/4.1.2\libgcc.a(_clz.o)
 .data          0x00812990        0x0 c:/altera/13.0/nios2eds/bin/gnu/h-i686-mingw32/bin/../lib/gcc/nios2-elf/4.1.2\libgcc.a(_clzsi2.o)
 .data          0x00812990        0x0 c:/altera/13.0/nios2eds/bin/gnu/h-i686-mingw32/bin/../lib/gcc/nios2-elf/4.1.2\libgcc.a(_pack_df.o)
 .data          0x00812990        0x0 c:/altera/13.0/nios2eds/bin/gnu/h-i686-mingw32/bin/../lib/gcc/nios2-elf/4.1.2\libgcc.a(_unpack_df.o)
 .data          0x00812990        0x0 c:/altera/13.0/nios2eds/bin/gnu/h-i686-mingw32/bin/../lib/gcc/nios2-elf/4.1.2\libgcc.a(_fpcmp_parts_df.o)
 .data          0x00812990        0x0 ../assignment2_bsp/\libhal_bsp.a(alt_alarm_start.o)
 .data          0x00812990        0x0 ../assignment2_bsp/\libhal_bsp.a(alt_close.o)
 .data          0x00812990      0x1a8 ../assignment2_bsp/\libhal_bsp.a(alt_dev.o)
                0x00812990                alt_dev_null
                0x008129b8                alt_fd_list
 .data          0x00812b38        0x0 ../assignment2_bsp/\libhal_bsp.a(alt_errno.o)
 .data          0x00812b38        0x0 ../assignment2_bsp/\libhal_bsp.a(alt_fstat.o)
 .data          0x00812b38        0x0 ../assignment2_bsp/\libhal_bsp.a(alt_irq_register.o)
 .data          0x00812b38        0x0 ../assignment2_bsp/\libhal_bsp.a(alt_irq_vars.o)
 .data          0x00812b38        0x0 ../assignment2_bsp/\libhal_bsp.a(alt_isatty.o)
 .data          0x00812b38        0x0 ../assignment2_bsp/\libhal_bsp.a(alt_load.o)
 .data          0x00812b38        0x0 ../assignment2_bsp/\libhal_bsp.a(alt_lseek.o)
 .data          0x00812b38        0x0 ../assignment2_bsp/\libhal_bsp.a(alt_main.o)
 .data          0x00812b38        0x0 ../assignment2_bsp/\libhal_bsp.a(alt_malloc_lock.o)
 .data          0x00812b38        0x0 ../assignment2_bsp/\libhal_bsp.a(alt_read.o)
 .data          0x00812b38        0x0 ../assignment2_bsp/\libhal_bsp.a(alt_release_fd.o)
 .data          0x00812b38        0x0 ../assignment2_bsp/\libhal_bsp.a(alt_sbrk.o)
 .data          0x00812b38        0x0 ../assignment2_bsp/\libhal_bsp.a(alt_tick.o)
 .data          0x00812b38        0x0 ../assignment2_bsp/\libhal_bsp.a(alt_write.o)
 .data          0x00812b38     0x1244 ../assignment2_bsp/\libhal_bsp.a(alt_sys_init.o)
 .data          0x00813d7c        0x0 ../assignment2_bsp/\libhal_bsp.a(altera_avalon_jtag_uart_fd.o)
 .data          0x00813d7c        0x0 ../assignment2_bsp/\libhal_bsp.a(altera_avalon_jtag_uart_init.o)
 .data          0x00813d7c        0x0 ../assignment2_bsp/\libhal_bsp.a(altera_avalon_jtag_uart_ioctl.o)
 .data          0x00813d7c        0x0 ../assignment2_bsp/\libhal_bsp.a(altera_avalon_jtag_uart_read.o)
 .data          0x00813d7c        0x0 ../assignment2_bsp/\libhal_bsp.a(altera_avalon_jtag_uart_write.o)
 .data          0x00813d7c        0x0 ../assignment2_bsp/\libhal_bsp.a(altera_avalon_lcd_16207.o)
 .data          0x00813d7c        0x0 ../assignment2_bsp/\libhal_bsp.a(altera_avalon_lcd_16207_fd.o)
 .data          0x00813d7c        0x0 ../assignment2_bsp/\libhal_bsp.a(altera_avalon_timer_sc.o)
 .data          0x00813d7c        0x0 ../assignment2_bsp/\libhal_bsp.a(altera_avalon_uart_fd.o)
 .data          0x00813d7c        0x0 ../assignment2_bsp/\libhal_bsp.a(altera_avalon_uart_init.o)
 .data          0x00813d7c        0x0 ../assignment2_bsp/\libhal_bsp.a(altera_avalon_uart_read.o)
 .data          0x00813d7c        0x0 ../assignment2_bsp/\libhal_bsp.a(altera_avalon_uart_write.o)
 .data          0x00813d7c        0x0 ../assignment2_bsp/\libhal_bsp.a(alt_dcache_flush_all.o)
 .data          0x00813d7c        0x0 ../assignment2_bsp/\libhal_bsp.a(alt_dev_llist_insert.o)
 .data          0x00813d7c        0x0 ../assignment2_bsp/\libhal_bsp.a(alt_do_ctors.o)
 .data          0x00813d7c        0x0 ../assignment2_bsp/\libhal_bsp.a(alt_do_dtors.o)
 .data          0x00813d7c        0x0 ../assignment2_bsp/\libhal_bsp.a(alt_icache_flush_all.o)
 .data          0x00813d7c        0x0 ../assignment2_bsp/\libhal_bsp.a(alt_iic.o)
 .data          0x00813d7c        0x0 ../assignment2_bsp/\libhal_bsp.a(alt_iic_isr_register.o)
 .data          0x00813d7c        0x0 ../assignment2_bsp/\libhal_bsp.a(alt_io_redirect.o)
 .data          0x00813d7c        0x0 ../assignment2_bsp/\libhal_bsp.a(alt_irq_entry.o)
 .data          0x00813d7c        0x0 ../assignment2_bsp/\libhal_bsp.a(alt_irq_handler.o)
 .data          0x00813d7c        0x0 ../assignment2_bsp/\libhal_bsp.a(alt_open.o)
 .data          0x00813d7c        0x0 ../assignment2_bsp/\libhal_bsp.a(alt_usleep.o)
 .data          0x00813d7c        0x0 ../assignment2_bsp/\libhal_bsp.a(altera_nios2_qsys_irq.o)
 .data          0x00813d7c        0x0 ../assignment2_bsp/\libhal_bsp.a(alt_busy_sleep.o)
 .data          0x00813d7c        0x0 ../assignment2_bsp/\libhal_bsp.a(alt_exception_entry.o)
 .data          0x00813d7c        0x0 ../assignment2_bsp/\libhal_bsp.a(alt_find_dev.o)
 .data          0x00813d7c        0x0 ../assignment2_bsp/\libhal_bsp.a(alt_find_file.o)
 .data          0x00813d7c        0x0 ../assignment2_bsp/\libhal_bsp.a(alt_get_fd.o)
 .data          0x00813d7c        0x0 ../assignment2_bsp/\libhal_bsp.a(alt_icache_flush.o)
 .data          0x00813d7c        0x0 c:/altera/13.0/nios2eds/bin/gnu/h-i686-mingw32/bin/../lib/gcc/nios2-elf/4.1.2/../../../../nios2-elf/lib\libc.a(lib_a-atexit.o)
 .data          0x00813d7c        0x0 c:/altera/13.0/nios2eds/bin/gnu/h-i686-mingw32/bin/../lib/gcc/nios2-elf/4.1.2/../../../../nios2-elf/lib\libc.a(lib_a-ctype_.o)
 .data          0x00813d7c        0x0 c:/altera/13.0/nios2eds/bin/gnu/h-i686-mingw32/bin/../lib/gcc/nios2-elf/4.1.2/../../../../nios2-elf/lib\libc.a(lib_a-exit.o)
 .data          0x00813d7c        0x0 c:/altera/13.0/nios2eds/bin/gnu/h-i686-mingw32/bin/../lib/gcc/nios2-elf/4.1.2/../../../../nios2-elf/lib\libc.a(lib_a-memcmp.o)
 .data          0x00813d7c        0x0 c:/altera/13.0/nios2eds/bin/gnu/h-i686-mingw32/bin/../lib/gcc/nios2-elf/4.1.2/../../../../nios2-elf/lib\libc.a(lib_a-__atexit.o)
 .data          0x00813d7c        0x0 c:/altera/13.0/nios2eds/bin/gnu/h-i686-mingw32/bin/../lib/gcc/nios2-elf/4.1.2/../../../../nios2-elf/lib\libc.a(lib_a-__call_atexit.o)
 .data          0x00813d7c        0x0 ../assignment2_bsp/\libhal_bsp.a(alt_exit.o)
                0x0081bd7c                _gp = ABSOLUTE ((. + 0x8000))
                0x0081bd7c                PROVIDE (gp, _gp)
 *(.rwdata .rwdata.*)
 *(.sdata .sdata.* .gnu.linkonce.s.*)
 .sdata         0x00813d7c        0x4 obj/default/hello_world.o
 .sdata         0x00813d80        0x8 c:/altera/13.0/nios2eds/bin/gnu/h-i686-mingw32/bin/../lib/gcc/nios2-elf/4.1.2/../../../../nios2-elf/lib\libc.a(lib_a-impure.o)
                0x00813d80                _impure_ptr
                0x00813d84                _global_impure_ptr
 .sdata         0x00813d88        0x8 c:/altera/13.0/nios2eds/bin/gnu/h-i686-mingw32/bin/../lib/gcc/nios2-elf/4.1.2/../../../../nios2-elf/lib\libc.a(lib_a-locale.o)
                0x00813d88                __mb_cur_max
 .sdata         0x00813d90        0x8 c:/altera/13.0/nios2eds/bin/gnu/h-i686-mingw32/bin/../lib/gcc/nios2-elf/4.1.2/../../../../nios2-elf/lib\libc.a(lib_a-mallocr.o)
                0x00813d90                __malloc_trim_threshold
                0x00813d94                __malloc_sbrk_base
 .sdata         0x00813d98       0x14 ../assignment2_bsp/\libhal_bsp.a(alt_dev.o)
                0x00813d98                alt_fs_list
                0x00813da0                alt_dev_list
                0x00813da8                alt_max_fd
 .sdata         0x00813dac        0x4 ../assignment2_bsp/\libhal_bsp.a(alt_errno.o)
                0x00813dac                alt_errno
 .sdata         0x00813db0        0x4 ../assignment2_bsp/\libhal_bsp.a(alt_irq_vars.o)
                0x00813db0                alt_priority_mask
 .sdata         0x00813db4        0x4 ../assignment2_bsp/\libhal_bsp.a(alt_sbrk.o)
 .sdata         0x00813db8        0x8 ../assignment2_bsp/\libhal_bsp.a(alt_tick.o)
                0x00813db8                alt_alarm_list
 .sdata         0x00813dc0        0x4 ../assignment2_bsp/\libhal_bsp.a(altera_avalon_lcd_16207.o)
 .sdata         0x00813dc4        0x4 c:/altera/13.0/nios2eds/bin/gnu/h-i686-mingw32/bin/../lib/gcc/nios2-elf/4.1.2/../../../../nios2-elf/lib\libc.a(lib_a-ctype_.o)
                0x00813dc4                __ctype_ptr
 *(.sdata2 .sdata2.* .gnu.linkonce.s2.*)
                0x00813dc8                . = ALIGN (0x4)
                0x00813dc8                _edata = ABSOLUTE (.)
                0x00813dc8                PROVIDE (edata, ABSOLUTE (.))
                0x00813dc8                PROVIDE (__ram_rwdata_end, ABSOLUTE (.))
                0x00813dc8                PROVIDE (__flash_rwdata_start, LOADADDR (.rwdata))

.bss            0x00815a14      0x4f4
                0x00815a14                __bss_start = ABSOLUTE (.)
                0x00815a14                PROVIDE (__sbss_start, ABSOLUTE (.))
                0x00815a14                PROVIDE (___sbss_start, ABSOLUTE (.))
 *(.dynsbss)
 *(.sbss .sbss.* .gnu.linkonce.sb.*)
 .sbss          0x00815a14        0x8 obj/default/hello_world.o
 .sbss          0x00815a1c      0x126 obj/default/hello_world.o
                0x00815a1c                _cg81
                0x00815a1d                g83
                0x00815a1e                g40
                0x00815a1f                _cg99
                0x00815a20                g91
                0x00815a21                PRE_g112
                0x00815a22                _compsys303_a2_local_URI_stop
                0x00815a23                APace
                0x00815a24                g4
                0x00815a25                g108
                0x00815a26                g62b
                0x00815a27                g19
                0x00815a28                g111
                0x00815a29                g132_e13
                0x00815a2a                PRE_g38
                0x00815a2b                g137_e2
                0x00815a2c                g128_e12
                0x00815a2d                g91_e9
                0x00815a2e                g80b
                0x00815a2f                g37b
                0x00815a30                g55
                0x00815a31                PRE_g51
                0x00815a32                g27
                0x00815a33                g113b
                0x00815a34                _compsys303_a2_local_AEI_start
                0x00815a35                g112
                0x00815a36                g3
                0x00815a37                g31b
                0x00815a38                PRE_g63
                0x00815a39                g116_e11
                0x00815a3a                g34_e3
                0x00815a3b                g103
                0x00815a3c                PRE_g27
                0x00815a3d                g47
                0x00815a3e                g85
                0x00815a3f                g42
                0x00815a40                g9
                0x00815a41                g127
                0x00815a42                LRITO
                0x00815a43                _cg7
                0x00815a44                _PRE_GO
                0x00815a48                _compsys303_a2_local_AEI_ex
                0x00815a49                PRE_g3
                0x00815a4a                g102
                0x00815a4b                g115
                0x00815a4c                PRE_g121
                0x00815a4d                _cg52
                0x00815a4e                PRE_g56
                0x00815a4f                _compsys303_a2_local_LRI_ex
                0x00815a50                g87
                0x00815a51                g44
                0x00815a52                g133_fix1
                0x00815a53                g97b
                0x00815a54                g123
                0x00815a55                g88b
                0x00815a56                g92
                0x00815a57                g1
                0x00815a58                g61
                0x00815a59                g135
                0x00815a5a                g71
                0x00815a5b                g50b
                0x00815a5c                g7b
                0x00815a5d                PRE_g118
                0x00815a5e                g126
                0x00815a5f                g82
                0x00815a60                _cg33
                0x00815a61                PRE_g69
                0x00815a62                g12
                0x00815a63                g97
                0x00815a64                g52
                0x00815a65                _compsys303_a2_local_AVI_stop
                0x00815a66                g17
                0x00815a67                g41_e4
                0x00815a68                g76
                0x00815a69                g31
                0x00815a6a                g37
                0x00815a6b                g133_e1
                0x00815a6c                g133_e1_fix_fix
                0x00815a6d                _cg104
                0x00815a6e                g62
                0x00815a6f                g41
                0x00815a70                g84
                0x00815a71                _cg119
                0x00815a72                g118
                0x00815a73                PRE_g85
                0x00815a74                PRE_g49
                0x00815a75                PRE_g8
                0x00815a76                _cg126
                0x00815a77                _compsys303_a2_local_AVI_ex
                0x00815a78                g18
                0x00815a79                ASense
                0x00815a7a                g132
                0x00815a7b                g48
                0x00815a7c                _cg111
                0x00815a7d                g38
                0x00815a7e                g105
                0x00815a7f                _cg97
                0x00815a80                PRE_g87
                0x00815a81                g83_e8
                0x00815a82                g117
                0x00815a83                _cg20
                0x00815a84                PRE_g123
                0x00815a85                _cg82
                0x00815a86                _compsys303_a2_local_PVARP_stop
                0x00815a87                g22b
                0x00815a88                _cg28
                0x00815a89                g64
                0x00815a8a                g21
                0x00815a8b                _cg107
                0x00815a8c                _cg14
                0x00815a8d                PRE_g46
                0x00815a8e                g34
                0x00815a8f                g79
                0x00815a90                g5
                0x00815a91                g94
                0x00815a92                g110
                0x00815a93                g49
                0x00815a94                g2
                0x00815a95                g7
                0x00815a96                _cg16
                0x00815a97                _compsys303_a2_local_AEI_stop
                0x00815a98                PRE_g101
                0x00815a99                g80
                0x00815a9a                g133_fix0
                0x00815a9b                g128
                0x00815a9c                _cg124
                0x00815a9d                g136
                0x00815a9e                g100
                0x00815a9f                g59
                0x00815aa0                g99
                0x00815aa1                g54
                0x00815aa2                g66
                0x00815aa3                g23
                0x00815aa4                g111b
                0x00815aa5                _cg44
                0x00815aa6                PRE_g71
                0x00815aa7                g14
                0x00815aa8                PRE_g79
                0x00815aa9                PRE_g36
                0x00815aaa                _compsys303_a2_local_URI_start
                0x00815aab                _compsys303_a2_local_VRP_stop
                0x00815aac                g101
                0x00815aad                g25_e2
                0x00815aae                g114
                0x00815aaf                g56
                0x00815ab0                g129
                0x00815ab1                g131
                0x00815ab2                VSense
                0x00815ab3                PRE_g6
                0x00815ab4                _cg114
                0x00815ab5                g78
                0x00815ab6                g33
                0x00815ab7                g122
                0x00815ab8                PRE_g96
                0x00815ab9                g59_e5
                0x00815aba                _cg64
                0x00815abb                g134
                0x00815abc                g35
                0x00815abd                g122b
                0x00815abe                g15
                0x00815abf                g90
                0x00815ac0                _GO
                0x00815ac1                URITO
                0x00815ac2                VRPTO
                0x00815ac3                PRE_g11
                0x00815ac4                g63
                0x00815ac5                g20
                0x00815ac6                AVITO
                0x00815ac7                g60
                0x00815ac8                PRE_g19
                0x00815ac9                g93
                0x00815aca                _cg22
                0x00815acb                g119
                0x00815acc                g64b
                0x00815acd                g86
                0x00815ace                g43
                0x00815acf                _cg65
                0x00815ad0                g133_e1_fix
                0x00815ad1                g86b
                0x00815ad2                PRE_g43
                0x00815ad3                PVARPTO
                0x00815ad4                g74_e7
                0x00815ad5                g36
                0x00815ad6                g89
                0x00815ad7                g46
                0x00815ad8                g57b
                0x00815ad9                _cg127
                0x00815ada                g95
                0x00815adb                g50
                0x00815adc                g96
                0x00815add                g51
                0x00815ade                g138
                0x00815adf                _cg70
                0x00815ae0                _cg37
                0x00815ae1                g107
                0x00815ae2                g113
                0x00815ae3                g133_fix2
                0x00815ae4                _cg80
                0x00815ae5                PRE_g61
                0x00815ae6                g104
                0x00815ae7                PRE_g130
                0x00815ae8                g13
                0x00815ae9                g98
                0x00815aea                g53
                0x00815aeb                g8
                0x00815aec                g57
                0x00815aed                _compsys303_a2_local_AVI_start
                0x00815aee                g70
                0x00815aef                g108_e10
                0x00815af0                _cg86
                0x00815af1                _cg47
                0x00815af2                g116
                0x00815af3                g6
                0x00815af4                _cg122
                0x00815af5                g72
                0x00815af6                g81
                0x00815af7                PRE_g76
                0x00815af8                PRE_g110
                0x00815af9                _compsys303_a2_local_PVARP_start
                0x00815afa                g124
                0x00815afb                _cg50
                0x00815afc                _cg13
                0x00815afd                _cg9
                0x00815afe                g137
                0x00815aff                g17_e1
                0x00815b00                _compsys303_a2_local_URI_ex
                0x00815b01                g0
                0x00815b02                _cg89
                0x00815b03                _cg54
                0x00815b04                g75
                0x00815b05                g30
                0x00815b06                g67_e6
                0x00815b07                PRE_g21
                0x00815b08                g16
                0x00815b09                g70b
                0x00815b0a                g58
                0x00815b0b                _compsys303_a2_local_LRI_stop
                0x00815b0c                _cg77
                0x00815b0d                _cg94
                0x00815b0e                _cg57
                0x00815b0f                g25
                0x00815b10                g68
                0x00815b11                PRE_g93
                0x00815b12                _compsys303_a2_local_LRI_start
                0x00815b13                g11
                0x00815b14                g133_fix3
                0x00815b15                g65
                0x00815b16                g22
                0x00815b17                g28
                0x00815b18                PRE_g98
                0x00815b19                g73
                0x00815b1a                _cg113
                0x00815b1b                g125
                0x00815b1c                g77
                0x00815b1d                g32
                0x00815b1e                _compsys303_a2_local_PVARP_ex
                0x00815b1f                g20b
                0x00815b20                g88
                0x00815b21                g45
                0x00815b22                _cg23
                0x00815b23                _compsys303_a2_local_VRP_ex
                0x00815b24                _compsys303_a2_local_VRP_start
                0x00815b25                _cg55
                0x00815b26                g130
                0x00815b27                PRE_g30
                0x00815b28                g121
                0x00815b29                VPace
                0x00815b2a                g12b
                0x00815b2b                g39
                0x00815b2c                _cg88
                0x00815b2d                g120
                0x00815b2e                g29
                0x00815b2f                g67
                0x00815b30                g24
                0x00815b31                _cg4
                0x00815b32                g133
                0x00815b33                g109
                0x00815b34                _cg32
                0x00815b35                g106
                0x00815b36                _cg31
                0x00815b37                PRE_g135
                0x00815b38                g10
                0x00815b39                _cg62
                0x00815b3a                _cg102
                0x00815b3b                AEITO
                0x00815b3c                g69
                0x00815b3d                g26
                0x00815b3e                _cg72
                0x00815b3f                _cg39
                0x00815b40                _cg105
                0x00815b41                g74
 *fill*         0x00815b42        0x2 00
 .sbss          0x00815b44        0xc c:/altera/13.0/nios2eds/bin/gnu/h-i686-mingw32/bin/../lib/gcc/nios2-elf/4.1.2/../../../../nios2-elf/lib\libc.a(lib_a-locale.o)
                0x00815b44                __nlocale_changed
                0x00815b48                __mlocale_changed
                0x00815b4c                _PathLocale
 .sbss          0x00815b50        0xc c:/altera/13.0/nios2eds/bin/gnu/h-i686-mingw32/bin/../lib/gcc/nios2-elf/4.1.2/../../../../nios2-elf/lib\libc.a(lib_a-mallocr.o)
                0x00815b50                __malloc_top_pad
                0x00815b54                __malloc_max_sbrked_mem
                0x00815b58                __malloc_max_total_mem
 .sbss          0x00815b5c        0x4 c:/altera/13.0/nios2eds/bin/gnu/h-i686-mingw32/bin/../lib/gcc/nios2-elf/4.1.2/../../../../nios2-elf/lib\libc.a(lib_a-int_errno.o)
                0x00815b5c                errno
 .sbss          0x00815b60        0x4 ../assignment2_bsp/\libhal_bsp.a(alt_irq_vars.o)
                0x00815b60                alt_irq_active
 .sbss          0x00815b64        0xc ../assignment2_bsp/\libhal_bsp.a(alt_main.o)
                0x00815b64                alt_argc
                0x00815b68                alt_argv
                0x00815b6c                alt_envp
 .sbss          0x00815b70        0x8 ../assignment2_bsp/\libhal_bsp.a(alt_tick.o)
                0x00815b70                _alt_tick_rate
                0x00815b74                _alt_nticks
 *(.sbss2 .sbss2.* .gnu.linkonce.sb2.*)
 *(.scommon)
                0x00815b78                PROVIDE (__sbss_end, ABSOLUTE (.))
                0x00815b78                PROVIDE (___sbss_end, ABSOLUTE (.))
 *(.dynbss)
 *(.bss .bss.* .gnu.linkonce.b.*)
 .bss           0x00815b78        0x0 ../assignment2_bsp//obj/HAL/src/crt0.o
 .bss           0x00815b78       0xd8 obj/default/hello_world.o
 .bss           0x00815c50        0x0 c:/altera/13.0/nios2eds/bin/gnu/h-i686-mingw32/bin/../lib/gcc/nios2-elf/4.1.2/../../../../nios2-elf/lib\libc.a(lib_a-printf.o)
 .bss           0x00815c50        0x0 c:/altera/13.0/nios2eds/bin/gnu/h-i686-mingw32/bin/../lib/gcc/nios2-elf/4.1.2/../../../../nios2-elf/lib\libc.a(lib_a-puts.o)
 .bss           0x00815c50        0x0 c:/altera/13.0/nios2eds/bin/gnu/h-i686-mingw32/bin/../lib/gcc/nios2-elf/4.1.2/../../../../nios2-elf/lib\libc.a(lib_a-strlen.o)
 .bss           0x00815c50        0x0 c:/altera/13.0/nios2eds/bin/gnu/h-i686-mingw32/bin/../lib/gcc/nios2-elf/4.1.2/../../../../nios2-elf/lib\libc.a(lib_a-vfprintf.o)
 .bss           0x00815c50        0x0 c:/altera/13.0/nios2eds/bin/gnu/h-i686-mingw32/bin/../lib/gcc/nios2-elf/4.1.2/../../../../nios2-elf/lib\libc.a(lib_a-wsetup.o)
 .bss           0x00815c50        0x0 c:/altera/13.0/nios2eds/bin/gnu/h-i686-mingw32/bin/../lib/gcc/nios2-elf/4.1.2/../../../../nios2-elf/lib\libc.a(lib_a-dtoa.o)
 .bss           0x00815c50        0x0 c:/altera/13.0/nios2eds/bin/gnu/h-i686-mingw32/bin/../lib/gcc/nios2-elf/4.1.2/../../../../nios2-elf/lib\libc.a(lib_a-fflush.o)
 .bss           0x00815c50        0x0 c:/altera/13.0/nios2eds/bin/gnu/h-i686-mingw32/bin/../lib/gcc/nios2-elf/4.1.2/../../../../nios2-elf/lib\libc.a(lib_a-findfp.o)
 .bss           0x00815c50        0x0 c:/altera/13.0/nios2eds/bin/gnu/h-i686-mingw32/bin/../lib/gcc/nios2-elf/4.1.2/../../../../nios2-elf/lib\libc.a(lib_a-freer.o)
 .bss           0x00815c50        0x0 c:/altera/13.0/nios2eds/bin/gnu/h-i686-mingw32/bin/../lib/gcc/nios2-elf/4.1.2/../../../../nios2-elf/lib\libc.a(lib_a-fvwrite.o)
 .bss           0x00815c50        0x0 c:/altera/13.0/nios2eds/bin/gnu/h-i686-mingw32/bin/../lib/gcc/nios2-elf/4.1.2/../../../../nios2-elf/lib\libc.a(lib_a-fwalk.o)
 .bss           0x00815c50        0x0 c:/altera/13.0/nios2eds/bin/gnu/h-i686-mingw32/bin/../lib/gcc/nios2-elf/4.1.2/../../../../nios2-elf/lib\libc.a(lib_a-impure.o)
 .bss           0x00815c50        0x0 c:/altera/13.0/nios2eds/bin/gnu/h-i686-mingw32/bin/../lib/gcc/nios2-elf/4.1.2/../../../../nios2-elf/lib\libc.a(lib_a-locale.o)
 .bss           0x00815c50        0x0 c:/altera/13.0/nios2eds/bin/gnu/h-i686-mingw32/bin/../lib/gcc/nios2-elf/4.1.2/../../../../nios2-elf/lib\libc.a(lib_a-makebuf.o)
 .bss           0x00815c50       0x28 c:/altera/13.0/nios2eds/bin/gnu/h-i686-mingw32/bin/../lib/gcc/nios2-elf/4.1.2/../../../../nios2-elf/lib\libc.a(lib_a-mallocr.o)
                0x00815c50                __malloc_current_mallinfo
 .bss           0x00815c78        0x0 c:/altera/13.0/nios2eds/bin/gnu/h-i686-mingw32/bin/../lib/gcc/nios2-elf/4.1.2/../../../../nios2-elf/lib\libc.a(lib_a-memchr.o)
 .bss           0x00815c78        0x0 c:/altera/13.0/nios2eds/bin/gnu/h-i686-mingw32/bin/../lib/gcc/nios2-elf/4.1.2/../../../../nios2-elf/lib\libc.a(lib_a-memcpy.o)
 .bss           0x00815c78        0x0 c:/altera/13.0/nios2eds/bin/gnu/h-i686-mingw32/bin/../lib/gcc/nios2-elf/4.1.2/../../../../nios2-elf/lib\libc.a(lib_a-memmove.o)
 .bss           0x00815c78        0x0 c:/altera/13.0/nios2eds/bin/gnu/h-i686-mingw32/bin/../lib/gcc/nios2-elf/4.1.2/../../../../nios2-elf/lib\libc.a(lib_a-memset.o)
 .bss           0x00815c78        0x0 c:/altera/13.0/nios2eds/bin/gnu/h-i686-mingw32/bin/../lib/gcc/nios2-elf/4.1.2/../../../../nios2-elf/lib\libc.a(lib_a-mprec.o)
 .bss           0x00815c78        0x0 c:/altera/13.0/nios2eds/bin/gnu/h-i686-mingw32/bin/../lib/gcc/nios2-elf/4.1.2/../../../../nios2-elf/lib\libc.a(lib_a-reallocr.o)
 .bss           0x00815c78        0x0 c:/altera/13.0/nios2eds/bin/gnu/h-i686-mingw32/bin/../lib/gcc/nios2-elf/4.1.2/../../../../nios2-elf/lib\libc.a(lib_a-s_isinfd.o)
 .bss           0x00815c78        0x0 c:/altera/13.0/nios2eds/bin/gnu/h-i686-mingw32/bin/../lib/gcc/nios2-elf/4.1.2/../../../../nios2-elf/lib\libc.a(lib_a-s_isnand.o)
 .bss           0x00815c78        0x0 c:/altera/13.0/nios2eds/bin/gnu/h-i686-mingw32/bin/../lib/gcc/nios2-elf/4.1.2/../../../../nios2-elf/lib\libc.a(lib_a-sbrkr.o)
 .bss           0x00815c78        0x0 c:/altera/13.0/nios2eds/bin/gnu/h-i686-mingw32/bin/../lib/gcc/nios2-elf/4.1.2/../../../../nios2-elf/lib\libc.a(lib_a-stdio.o)
 .bss           0x00815c78        0x0 c:/altera/13.0/nios2eds/bin/gnu/h-i686-mingw32/bin/../lib/gcc/nios2-elf/4.1.2/../../../../nios2-elf/lib\libc.a(lib_a-strcmp.o)
 .bss           0x00815c78        0x0 c:/altera/13.0/nios2eds/bin/gnu/h-i686-mingw32/bin/../lib/gcc/nios2-elf/4.1.2/../../../../nios2-elf/lib\libc.a(lib_a-writer.o)
 .bss           0x00815c78        0x0 c:/altera/13.0/nios2eds/bin/gnu/h-i686-mingw32/bin/../lib/gcc/nios2-elf/4.1.2/../../../../nios2-elf/lib\libc.a(lib_a-callocr.o)
 .bss           0x00815c78        0x0 c:/altera/13.0/nios2eds/bin/gnu/h-i686-mingw32/bin/../lib/gcc/nios2-elf/4.1.2/../../../../nios2-elf/lib\libc.a(lib_a-closer.o)
 .bss           0x00815c78        0x0 c:/altera/13.0/nios2eds/bin/gnu/h-i686-mingw32/bin/../lib/gcc/nios2-elf/4.1.2/../../../../nios2-elf/lib\libc.a(lib_a-fclose.o)
 .bss           0x00815c78        0x0 c:/altera/13.0/nios2eds/bin/gnu/h-i686-mingw32/bin/../lib/gcc/nios2-elf/4.1.2/../../../../nios2-elf/lib\libc.a(lib_a-fstatr.o)
 .bss           0x00815c78        0x0 c:/altera/13.0/nios2eds/bin/gnu/h-i686-mingw32/bin/../lib/gcc/nios2-elf/4.1.2/../../../../nios2-elf/lib\libc.a(lib_a-int_errno.o)
 .bss           0x00815c78        0x0 c:/altera/13.0/nios2eds/bin/gnu/h-i686-mingw32/bin/../lib/gcc/nios2-elf/4.1.2/../../../../nios2-elf/lib\libc.a(lib_a-isattyr.o)
 .bss           0x00815c78        0x0 c:/altera/13.0/nios2eds/bin/gnu/h-i686-mingw32/bin/../lib/gcc/nios2-elf/4.1.2/../../../../nios2-elf/lib\libc.a(lib_a-lseekr.o)
 .bss           0x00815c78        0x0 c:/altera/13.0/nios2eds/bin/gnu/h-i686-mingw32/bin/../lib/gcc/nios2-elf/4.1.2/../../../../nios2-elf/lib\libc.a(lib_a-readr.o)
 .bss           0x00815c78        0x0 c:/altera/13.0/nios2eds/bin/gnu/h-i686-mingw32/bin/../lib/gcc/nios2-elf/4.1.2\libgcc.a(_udivdi3.o)
 .bss           0x00815c78        0x0 c:/altera/13.0/nios2eds/bin/gnu/h-i686-mingw32/bin/../lib/gcc/nios2-elf/4.1.2\libgcc.a(_umoddi3.o)
 .bss           0x00815c78        0x0 c:/altera/13.0/nios2eds/bin/gnu/h-i686-mingw32/bin/../lib/gcc/nios2-elf/4.1.2\libgcc.a(_addsub_df.o)
 .bss           0x00815c78        0x0 c:/altera/13.0/nios2eds/bin/gnu/h-i686-mingw32/bin/../lib/gcc/nios2-elf/4.1.2\libgcc.a(_mul_df.o)
 .bss           0x00815c78        0x0 c:/altera/13.0/nios2eds/bin/gnu/h-i686-mingw32/bin/../lib/gcc/nios2-elf/4.1.2\libgcc.a(_div_df.o)
 .bss           0x00815c78        0x0 c:/altera/13.0/nios2eds/bin/gnu/h-i686-mingw32/bin/../lib/gcc/nios2-elf/4.1.2\libgcc.a(_eq_df.o)
 .bss           0x00815c78        0x0 c:/altera/13.0/nios2eds/bin/gnu/h-i686-mingw32/bin/../lib/gcc/nios2-elf/4.1.2\libgcc.a(_ne_df.o)
 .bss           0x00815c78        0x0 c:/altera/13.0/nios2eds/bin/gnu/h-i686-mingw32/bin/../lib/gcc/nios2-elf/4.1.2\libgcc.a(_gt_df.o)
 .bss           0x00815c78        0x0 c:/altera/13.0/nios2eds/bin/gnu/h-i686-mingw32/bin/../lib/gcc/nios2-elf/4.1.2\libgcc.a(_ge_df.o)
 .bss           0x00815c78        0x0 c:/altera/13.0/nios2eds/bin/gnu/h-i686-mingw32/bin/../lib/gcc/nios2-elf/4.1.2\libgcc.a(_lt_df.o)
 .bss           0x00815c78        0x0 c:/altera/13.0/nios2eds/bin/gnu/h-i686-mingw32/bin/../lib/gcc/nios2-elf/4.1.2\libgcc.a(_si_to_df.o)
 .bss           0x00815c78        0x0 c:/altera/13.0/nios2eds/bin/gnu/h-i686-mingw32/bin/../lib/gcc/nios2-elf/4.1.2\libgcc.a(_df_to_si.o)
 .bss           0x00815c78        0x0 c:/altera/13.0/nios2eds/bin/gnu/h-i686-mingw32/bin/../lib/gcc/nios2-elf/4.1.2\libgcc.a(_thenan_df.o)
 .bss           0x00815c78        0x0 c:/altera/13.0/nios2eds/bin/gnu/h-i686-mingw32/bin/../lib/gcc/nios2-elf/4.1.2\libgcc.a(_usi_to_df.o)
 .bss           0x00815c78        0x0 c:/altera/13.0/nios2eds/bin/gnu/h-i686-mingw32/bin/../lib/gcc/nios2-elf/4.1.2\libgcc.a(lib2-divmod.o)
 .bss           0x00815c78        0x0 c:/altera/13.0/nios2eds/bin/gnu/h-i686-mingw32/bin/../lib/gcc/nios2-elf/4.1.2\libgcc.a(_muldi3.o)
 .bss           0x00815c78        0x0 c:/altera/13.0/nios2eds/bin/gnu/h-i686-mingw32/bin/../lib/gcc/nios2-elf/4.1.2\libgcc.a(_clz.o)
 .bss           0x00815c78        0x0 c:/altera/13.0/nios2eds/bin/gnu/h-i686-mingw32/bin/../lib/gcc/nios2-elf/4.1.2\libgcc.a(_clzsi2.o)
 .bss           0x00815c78        0x0 c:/altera/13.0/nios2eds/bin/gnu/h-i686-mingw32/bin/../lib/gcc/nios2-elf/4.1.2\libgcc.a(_pack_df.o)
 .bss           0x00815c78        0x0 c:/altera/13.0/nios2eds/bin/gnu/h-i686-mingw32/bin/../lib/gcc/nios2-elf/4.1.2\libgcc.a(_unpack_df.o)
 .bss           0x00815c78        0x0 c:/altera/13.0/nios2eds/bin/gnu/h-i686-mingw32/bin/../lib/gcc/nios2-elf/4.1.2\libgcc.a(_fpcmp_parts_df.o)
 .bss           0x00815c78        0x0 ../assignment2_bsp/\libhal_bsp.a(alt_alarm_start.o)
 .bss           0x00815c78        0x0 ../assignment2_bsp/\libhal_bsp.a(alt_close.o)
 .bss           0x00815c78        0x0 ../assignment2_bsp/\libhal_bsp.a(alt_dev.o)
 .bss           0x00815c78        0x0 ../assignment2_bsp/\libhal_bsp.a(alt_errno.o)
 .bss           0x00815c78        0x0 ../assignment2_bsp/\libhal_bsp.a(alt_fstat.o)
 .bss           0x00815c78        0x0 ../assignment2_bsp/\libhal_bsp.a(alt_irq_register.o)
 .bss           0x00815c78        0x0 ../assignment2_bsp/\libhal_bsp.a(alt_irq_vars.o)
 .bss           0x00815c78        0x0 ../assignment2_bsp/\libhal_bsp.a(alt_isatty.o)
 .bss           0x00815c78        0x0 ../assignment2_bsp/\libhal_bsp.a(alt_load.o)
 .bss           0x00815c78        0x0 ../assignment2_bsp/\libhal_bsp.a(alt_lseek.o)
 .bss           0x00815c78        0x0 ../assignment2_bsp/\libhal_bsp.a(alt_main.o)
 .bss           0x00815c78        0x0 ../assignment2_bsp/\libhal_bsp.a(alt_malloc_lock.o)
 .bss           0x00815c78        0x0 ../assignment2_bsp/\libhal_bsp.a(alt_read.o)
 .bss           0x00815c78        0x0 ../assignment2_bsp/\libhal_bsp.a(alt_release_fd.o)
 .bss           0x00815c78        0x0 ../assignment2_bsp/\libhal_bsp.a(alt_sbrk.o)
 .bss           0x00815c78        0x0 ../assignment2_bsp/\libhal_bsp.a(alt_tick.o)
 .bss           0x00815c78        0x0 ../assignment2_bsp/\libhal_bsp.a(alt_write.o)
 .bss           0x00815c78        0x0 ../assignment2_bsp/\libhal_bsp.a(alt_sys_init.o)
 .bss           0x00815c78        0x0 ../assignment2_bsp/\libhal_bsp.a(altera_avalon_jtag_uart_fd.o)
 .bss           0x00815c78        0x0 ../assignment2_bsp/\libhal_bsp.a(altera_avalon_jtag_uart_init.o)
 .bss           0x00815c78        0x0 ../assignment2_bsp/\libhal_bsp.a(altera_avalon_jtag_uart_ioctl.o)
 .bss           0x00815c78        0x0 ../assignment2_bsp/\libhal_bsp.a(altera_avalon_jtag_uart_read.o)
 .bss           0x00815c78        0x0 ../assignment2_bsp/\libhal_bsp.a(altera_avalon_jtag_uart_write.o)
 .bss           0x00815c78        0x0 ../assignment2_bsp/\libhal_bsp.a(altera_avalon_lcd_16207.o)
 .bss           0x00815c78        0x0 ../assignment2_bsp/\libhal_bsp.a(altera_avalon_lcd_16207_fd.o)
 .bss           0x00815c78        0x0 ../assignment2_bsp/\libhal_bsp.a(altera_avalon_timer_sc.o)
 .bss           0x00815c78        0x0 ../assignment2_bsp/\libhal_bsp.a(altera_avalon_uart_fd.o)
 .bss           0x00815c78        0x0 ../assignment2_bsp/\libhal_bsp.a(altera_avalon_uart_init.o)
 .bss           0x00815c78        0x0 ../assignment2_bsp/\libhal_bsp.a(altera_avalon_uart_read.o)
 .bss           0x00815c78        0x0 ../assignment2_bsp/\libhal_bsp.a(altera_avalon_uart_write.o)
 .bss           0x00815c78        0x0 ../assignment2_bsp/\libhal_bsp.a(alt_dcache_flush_all.o)
 .bss           0x00815c78        0x0 ../assignment2_bsp/\libhal_bsp.a(alt_dev_llist_insert.o)
 .bss           0x00815c78        0x0 ../assignment2_bsp/\libhal_bsp.a(alt_do_ctors.o)
 .bss           0x00815c78        0x0 ../assignment2_bsp/\libhal_bsp.a(alt_do_dtors.o)
 .bss           0x00815c78        0x0 ../assignment2_bsp/\libhal_bsp.a(alt_icache_flush_all.o)
 .bss           0x00815c78        0x0 ../assignment2_bsp/\libhal_bsp.a(alt_iic.o)
 .bss           0x00815c78        0x0 ../assignment2_bsp/\libhal_bsp.a(alt_iic_isr_register.o)
 .bss           0x00815c78        0x0 ../assignment2_bsp/\libhal_bsp.a(alt_io_redirect.o)
 .bss           0x00815c78        0x0 ../assignment2_bsp/\libhal_bsp.a(alt_irq_entry.o)
 .bss           0x00815c78        0x0 ../assignment2_bsp/\libhal_bsp.a(alt_irq_handler.o)
 .bss           0x00815c78        0x0 ../assignment2_bsp/\libhal_bsp.a(alt_open.o)
 .bss           0x00815c78        0x0 ../assignment2_bsp/\libhal_bsp.a(alt_usleep.o)
 .bss           0x00815c78        0x0 ../assignment2_bsp/\libhal_bsp.a(altera_nios2_qsys_irq.o)
 .bss           0x00815c78        0x0 ../assignment2_bsp/\libhal_bsp.a(alt_busy_sleep.o)
 .bss           0x00815c78        0x0 ../assignment2_bsp/\libhal_bsp.a(alt_exception_entry.o)
 .bss           0x00815c78        0x0 ../assignment2_bsp/\libhal_bsp.a(alt_find_dev.o)
 .bss           0x00815c78        0x0 ../assignment2_bsp/\libhal_bsp.a(alt_find_file.o)
 .bss           0x00815c78        0x0 ../assignment2_bsp/\libhal_bsp.a(alt_get_fd.o)
 .bss           0x00815c78        0x0 ../assignment2_bsp/\libhal_bsp.a(alt_icache_flush.o)
 .bss           0x00815c78        0x0 c:/altera/13.0/nios2eds/bin/gnu/h-i686-mingw32/bin/../lib/gcc/nios2-elf/4.1.2/../../../../nios2-elf/lib\libc.a(lib_a-atexit.o)
 .bss           0x00815c78        0x0 c:/altera/13.0/nios2eds/bin/gnu/h-i686-mingw32/bin/../lib/gcc/nios2-elf/4.1.2/../../../../nios2-elf/lib\libc.a(lib_a-ctype_.o)
 .bss           0x00815c78        0x0 c:/altera/13.0/nios2eds/bin/gnu/h-i686-mingw32/bin/../lib/gcc/nios2-elf/4.1.2/../../../../nios2-elf/lib\libc.a(lib_a-exit.o)
 .bss           0x00815c78        0x0 c:/altera/13.0/nios2eds/bin/gnu/h-i686-mingw32/bin/../lib/gcc/nios2-elf/4.1.2/../../../../nios2-elf/lib\libc.a(lib_a-memcmp.o)
 .bss           0x00815c78        0x0 c:/altera/13.0/nios2eds/bin/gnu/h-i686-mingw32/bin/../lib/gcc/nios2-elf/4.1.2/../../../../nios2-elf/lib\libc.a(lib_a-__atexit.o)
 .bss           0x00815c78        0x0 c:/altera/13.0/nios2eds/bin/gnu/h-i686-mingw32/bin/../lib/gcc/nios2-elf/4.1.2/../../../../nios2-elf/lib\libc.a(lib_a-__call_atexit.o)
 .bss           0x00815c78        0x0 ../assignment2_bsp/\libhal_bsp.a(alt_exit.o)
 *(COMMON)
 COMMON         0x00815c78      0x100 ../assignment2_bsp/\libhal_bsp.a(alt_irq_handler.o)
                0x00815c78                alt_irq
 COMMON         0x00815d78      0x190 c:/altera/13.0/nios2eds/bin/gnu/h-i686-mingw32/bin/../lib/gcc/nios2-elf/4.1.2/../../../../nios2-elf/lib\libc.a(lib_a-atexit.o)
                0x00815d78                _atexit0
                0x00815f08                . = ALIGN (0x4)
                0x00815f08                __bss_end = ABSOLUTE (.)

.sdram_controller
                0x00815f08        0x0
                0x00815f08                PROVIDE (_alt_partition_sdram_controller_start, ABSOLUTE (.))
 *(.sdram_controller. sdram_controller.*)
                0x00815f08                . = ALIGN (0x4)
                0x00815f08                PROVIDE (_alt_partition_sdram_controller_end, ABSOLUTE (.))
                0x00815f08                _end = ABSOLUTE (.)
                0x00815f08                end = ABSOLUTE (.)
                0x00815f08                __alt_stack_base = ABSOLUTE (.)
                0x00815f08                PROVIDE (_alt_partition_sdram_controller_load_addr, LOADADDR (.sdram_controller))

.onchip_mem     0x01008000        0x0 load address 0x00815f08
                0x01008000                PROVIDE (_alt_partition_onchip_mem_start, ABSOLUTE (.))
 *(.onchip_mem. onchip_mem.*)
                0x01008000                . = ALIGN (0x4)
                0x01008000                PROVIDE (_alt_partition_onchip_mem_end, ABSOLUTE (.))
                0x00815f08                PROVIDE (_alt_partition_onchip_mem_load_addr, LOADADDR (.onchip_mem))

.stab
 *(.stab)

.stabstr
 *(.stabstr)

.stab.excl
 *(.stab.excl)

.stab.exclstr
 *(.stab.exclstr)

.stab.index
 *(.stab.index)

.stab.indexstr
 *(.stab.indexstr)

.comment        0x00000000       0x23
 *(.comment)
 .comment       0x00000000       0x23 obj/default/hello_world.o
                                 0x24 (size before relaxing)
 .comment       0x00000000       0x24 c:/altera/13.0/nios2eds/bin/gnu/h-i686-mingw32/bin/../lib/gcc/nios2-elf/4.1.2/../../../../nios2-elf/lib\libc.a(lib_a-printf.o)
 .comment       0x00000000       0x24 c:/altera/13.0/nios2eds/bin/gnu/h-i686-mingw32/bin/../lib/gcc/nios2-elf/4.1.2/../../../../nios2-elf/lib\libc.a(lib_a-puts.o)
 .comment       0x00000000       0x24 c:/altera/13.0/nios2eds/bin/gnu/h-i686-mingw32/bin/../lib/gcc/nios2-elf/4.1.2/../../../../nios2-elf/lib\libc.a(lib_a-strlen.o)
 .comment       0x00000000       0x24 c:/altera/13.0/nios2eds/bin/gnu/h-i686-mingw32/bin/../lib/gcc/nios2-elf/4.1.2/../../../../nios2-elf/lib\libc.a(lib_a-vfprintf.o)
 .comment       0x00000000       0x24 c:/altera/13.0/nios2eds/bin/gnu/h-i686-mingw32/bin/../lib/gcc/nios2-elf/4.1.2/../../../../nios2-elf/lib\libc.a(lib_a-wsetup.o)
 .comment       0x00000000       0x24 c:/altera/13.0/nios2eds/bin/gnu/h-i686-mingw32/bin/../lib/gcc/nios2-elf/4.1.2/../../../../nios2-elf/lib\libc.a(lib_a-dtoa.o)
 .comment       0x00000000       0x24 c:/altera/13.0/nios2eds/bin/gnu/h-i686-mingw32/bin/../lib/gcc/nios2-elf/4.1.2/../../../../nios2-elf/lib\libc.a(lib_a-fflush.o)
 .comment       0x00000000       0x24 c:/altera/13.0/nios2eds/bin/gnu/h-i686-mingw32/bin/../lib/gcc/nios2-elf/4.1.2/../../../../nios2-elf/lib\libc.a(lib_a-findfp.o)
 .comment       0x00000000       0x24 c:/altera/13.0/nios2eds/bin/gnu/h-i686-mingw32/bin/../lib/gcc/nios2-elf/4.1.2/../../../../nios2-elf/lib\libc.a(lib_a-freer.o)
 .comment       0x00000000       0x24 c:/altera/13.0/nios2eds/bin/gnu/h-i686-mingw32/bin/../lib/gcc/nios2-elf/4.1.2/../../../../nios2-elf/lib\libc.a(lib_a-fvwrite.o)
 .comment       0x00000000       0x24 c:/altera/13.0/nios2eds/bin/gnu/h-i686-mingw32/bin/../lib/gcc/nios2-elf/4.1.2/../../../../nios2-elf/lib\libc.a(lib_a-fwalk.o)
 .comment       0x00000000       0x24 c:/altera/13.0/nios2eds/bin/gnu/h-i686-mingw32/bin/../lib/gcc/nios2-elf/4.1.2/../../../../nios2-elf/lib\libc.a(lib_a-impure.o)
 .comment       0x00000000       0x24 c:/altera/13.0/nios2eds/bin/gnu/h-i686-mingw32/bin/../lib/gcc/nios2-elf/4.1.2/../../../../nios2-elf/lib\libc.a(lib_a-locale.o)
 .comment       0x00000000       0x24 c:/altera/13.0/nios2eds/bin/gnu/h-i686-mingw32/bin/../lib/gcc/nios2-elf/4.1.2/../../../../nios2-elf/lib\libc.a(lib_a-makebuf.o)
 .comment       0x00000000       0x24 c:/altera/13.0/nios2eds/bin/gnu/h-i686-mingw32/bin/../lib/gcc/nios2-elf/4.1.2/../../../../nios2-elf/lib\libc.a(lib_a-mallocr.o)
 .comment       0x00000000       0x24 c:/altera/13.0/nios2eds/bin/gnu/h-i686-mingw32/bin/../lib/gcc/nios2-elf/4.1.2/../../../../nios2-elf/lib\libc.a(lib_a-memchr.o)
 .comment       0x00000000       0x24 c:/altera/13.0/nios2eds/bin/gnu/h-i686-mingw32/bin/../lib/gcc/nios2-elf/4.1.2/../../../../nios2-elf/lib\libc.a(lib_a-memcpy.o)
 .comment       0x00000000       0x24 c:/altera/13.0/nios2eds/bin/gnu/h-i686-mingw32/bin/../lib/gcc/nios2-elf/4.1.2/../../../../nios2-elf/lib\libc.a(lib_a-memmove.o)
 .comment       0x00000000       0x24 c:/altera/13.0/nios2eds/bin/gnu/h-i686-mingw32/bin/../lib/gcc/nios2-elf/4.1.2/../../../../nios2-elf/lib\libc.a(lib_a-memset.o)
 .comment       0x00000000       0x24 c:/altera/13.0/nios2eds/bin/gnu/h-i686-mingw32/bin/../lib/gcc/nios2-elf/4.1.2/../../../../nios2-elf/lib\libc.a(lib_a-mprec.o)
 .comment       0x00000000       0x24 c:/altera/13.0/nios2eds/bin/gnu/h-i686-mingw32/bin/../lib/gcc/nios2-elf/4.1.2/../../../../nios2-elf/lib\libc.a(lib_a-reallocr.o)
 .comment       0x00000000       0x24 c:/altera/13.0/nios2eds/bin/gnu/h-i686-mingw32/bin/../lib/gcc/nios2-elf/4.1.2/../../../../nios2-elf/lib\libc.a(lib_a-s_isinfd.o)
 .comment       0x00000000       0x24 c:/altera/13.0/nios2eds/bin/gnu/h-i686-mingw32/bin/../lib/gcc/nios2-elf/4.1.2/../../../../nios2-elf/lib\libc.a(lib_a-s_isnand.o)
 .comment       0x00000000       0x24 c:/altera/13.0/nios2eds/bin/gnu/h-i686-mingw32/bin/../lib/gcc/nios2-elf/4.1.2/../../../../nios2-elf/lib\libc.a(lib_a-sbrkr.o)
 .comment       0x00000000       0x24 c:/altera/13.0/nios2eds/bin/gnu/h-i686-mingw32/bin/../lib/gcc/nios2-elf/4.1.2/../../../../nios2-elf/lib\libc.a(lib_a-stdio.o)
 .comment       0x00000000       0x24 c:/altera/13.0/nios2eds/bin/gnu/h-i686-mingw32/bin/../lib/gcc/nios2-elf/4.1.2/../../../../nios2-elf/lib\libc.a(lib_a-strcmp.o)
 .comment       0x00000000       0x24 c:/altera/13.0/nios2eds/bin/gnu/h-i686-mingw32/bin/../lib/gcc/nios2-elf/4.1.2/../../../../nios2-elf/lib\libc.a(lib_a-writer.o)
 .comment       0x00000000       0x24 c:/altera/13.0/nios2eds/bin/gnu/h-i686-mingw32/bin/../lib/gcc/nios2-elf/4.1.2/../../../../nios2-elf/lib\libc.a(lib_a-callocr.o)
 .comment       0x00000000       0x24 c:/altera/13.0/nios2eds/bin/gnu/h-i686-mingw32/bin/../lib/gcc/nios2-elf/4.1.2/../../../../nios2-elf/lib\libc.a(lib_a-closer.o)
 .comment       0x00000000       0x24 c:/altera/13.0/nios2eds/bin/gnu/h-i686-mingw32/bin/../lib/gcc/nios2-elf/4.1.2/../../../../nios2-elf/lib\libc.a(lib_a-fclose.o)
 .comment       0x00000000       0x24 c:/altera/13.0/nios2eds/bin/gnu/h-i686-mingw32/bin/../lib/gcc/nios2-elf/4.1.2/../../../../nios2-elf/lib\libc.a(lib_a-fstatr.o)
 .comment       0x00000000       0x24 c:/altera/13.0/nios2eds/bin/gnu/h-i686-mingw32/bin/../lib/gcc/nios2-elf/4.1.2/../../../../nios2-elf/lib\libc.a(lib_a-int_errno.o)
 .comment       0x00000000       0x24 c:/altera/13.0/nios2eds/bin/gnu/h-i686-mingw32/bin/../lib/gcc/nios2-elf/4.1.2/../../../../nios2-elf/lib\libc.a(lib_a-isattyr.o)
 .comment       0x00000000       0x24 c:/altera/13.0/nios2eds/bin/gnu/h-i686-mingw32/bin/../lib/gcc/nios2-elf/4.1.2/../../../../nios2-elf/lib\libc.a(lib_a-lseekr.o)
 .comment       0x00000000       0x24 c:/altera/13.0/nios2eds/bin/gnu/h-i686-mingw32/bin/../lib/gcc/nios2-elf/4.1.2/../../../../nios2-elf/lib\libc.a(lib_a-readr.o)
 .comment       0x00000000       0x24 c:/altera/13.0/nios2eds/bin/gnu/h-i686-mingw32/bin/../lib/gcc/nios2-elf/4.1.2\libgcc.a(_udivdi3.o)
 .comment       0x00000000       0x24 c:/altera/13.0/nios2eds/bin/gnu/h-i686-mingw32/bin/../lib/gcc/nios2-elf/4.1.2\libgcc.a(_umoddi3.o)
 .comment       0x00000000       0x24 c:/altera/13.0/nios2eds/bin/gnu/h-i686-mingw32/bin/../lib/gcc/nios2-elf/4.1.2\libgcc.a(_addsub_df.o)
 .comment       0x00000000       0x24 c:/altera/13.0/nios2eds/bin/gnu/h-i686-mingw32/bin/../lib/gcc/nios2-elf/4.1.2\libgcc.a(_mul_df.o)
 .comment       0x00000000       0x24 c:/altera/13.0/nios2eds/bin/gnu/h-i686-mingw32/bin/../lib/gcc/nios2-elf/4.1.2\libgcc.a(_div_df.o)
 .comment       0x00000000       0x24 c:/altera/13.0/nios2eds/bin/gnu/h-i686-mingw32/bin/../lib/gcc/nios2-elf/4.1.2\libgcc.a(_eq_df.o)
 .comment       0x00000000       0x24 c:/altera/13.0/nios2eds/bin/gnu/h-i686-mingw32/bin/../lib/gcc/nios2-elf/4.1.2\libgcc.a(_ne_df.o)
 .comment       0x00000000       0x24 c:/altera/13.0/nios2eds/bin/gnu/h-i686-mingw32/bin/../lib/gcc/nios2-elf/4.1.2\libgcc.a(_gt_df.o)
 .comment       0x00000000       0x24 c:/altera/13.0/nios2eds/bin/gnu/h-i686-mingw32/bin/../lib/gcc/nios2-elf/4.1.2\libgcc.a(_ge_df.o)
 .comment       0x00000000       0x24 c:/altera/13.0/nios2eds/bin/gnu/h-i686-mingw32/bin/../lib/gcc/nios2-elf/4.1.2\libgcc.a(_lt_df.o)
 .comment       0x00000000       0x24 c:/altera/13.0/nios2eds/bin/gnu/h-i686-mingw32/bin/../lib/gcc/nios2-elf/4.1.2\libgcc.a(_si_to_df.o)
 .comment       0x00000000       0x24 c:/altera/13.0/nios2eds/bin/gnu/h-i686-mingw32/bin/../lib/gcc/nios2-elf/4.1.2\libgcc.a(_df_to_si.o)
 .comment       0x00000000       0x24 c:/altera/13.0/nios2eds/bin/gnu/h-i686-mingw32/bin/../lib/gcc/nios2-elf/4.1.2\libgcc.a(_thenan_df.o)
 .comment       0x00000000       0x24 c:/altera/13.0/nios2eds/bin/gnu/h-i686-mingw32/bin/../lib/gcc/nios2-elf/4.1.2\libgcc.a(_usi_to_df.o)
 .comment       0x00000000       0x24 c:/altera/13.0/nios2eds/bin/gnu/h-i686-mingw32/bin/../lib/gcc/nios2-elf/4.1.2\libgcc.a(lib2-divmod.o)
 .comment       0x00000000       0x24 c:/altera/13.0/nios2eds/bin/gnu/h-i686-mingw32/bin/../lib/gcc/nios2-elf/4.1.2\libgcc.a(_muldi3.o)
 .comment       0x00000000       0x24 c:/altera/13.0/nios2eds/bin/gnu/h-i686-mingw32/bin/../lib/gcc/nios2-elf/4.1.2\libgcc.a(_clz.o)
 .comment       0x00000000       0x24 c:/altera/13.0/nios2eds/bin/gnu/h-i686-mingw32/bin/../lib/gcc/nios2-elf/4.1.2\libgcc.a(_clzsi2.o)
 .comment       0x00000000       0x24 c:/altera/13.0/nios2eds/bin/gnu/h-i686-mingw32/bin/../lib/gcc/nios2-elf/4.1.2\libgcc.a(_pack_df.o)
 .comment       0x00000000       0x24 c:/altera/13.0/nios2eds/bin/gnu/h-i686-mingw32/bin/../lib/gcc/nios2-elf/4.1.2\libgcc.a(_unpack_df.o)
 .comment       0x00000000       0x24 c:/altera/13.0/nios2eds/bin/gnu/h-i686-mingw32/bin/../lib/gcc/nios2-elf/4.1.2\libgcc.a(_fpcmp_parts_df.o)
 .comment       0x00000000       0x24 ../assignment2_bsp/\libhal_bsp.a(alt_alarm_start.o)
 .comment       0x00000000       0x24 ../assignment2_bsp/\libhal_bsp.a(alt_close.o)
 .comment       0x00000000       0x24 ../assignment2_bsp/\libhal_bsp.a(alt_dev.o)
 .comment       0x00000000       0x24 ../assignment2_bsp/\libhal_bsp.a(alt_errno.o)
 .comment       0x00000000       0x24 ../assignment2_bsp/\libhal_bsp.a(alt_fstat.o)
 .comment       0x00000000       0x24 ../assignment2_bsp/\libhal_bsp.a(alt_irq_register.o)
 .comment       0x00000000       0x24 ../assignment2_bsp/\libhal_bsp.a(alt_irq_vars.o)
 .comment       0x00000000       0x24 ../assignment2_bsp/\libhal_bsp.a(alt_isatty.o)
 .comment       0x00000000       0x24 ../assignment2_bsp/\libhal_bsp.a(alt_load.o)
 .comment       0x00000000       0x24 ../assignment2_bsp/\libhal_bsp.a(alt_lseek.o)
 .comment       0x00000000       0x24 ../assignment2_bsp/\libhal_bsp.a(alt_main.o)
 .comment       0x00000000       0x24 ../assignment2_bsp/\libhal_bsp.a(alt_malloc_lock.o)