Archive member included because of file (symbol)

c:/altera/13.0/nios2eds/bin/gnu/h-i686-mingw32/bin/../lib/gcc/nios2-elf/4.1.2/../../../../nios2-elf/lib\libc.a(lib_a-puts.o)
                              obj/default/hello_world.o (puts)
c:/altera/13.0/nios2eds/bin/gnu/h-i686-mingw32/bin/../lib/gcc/nios2-elf/4.1.2/../../../../nios2-elf/lib\libc.a(lib_a-strlen.o)
                              c:/altera/13.0/nios2eds/bin/gnu/h-i686-mingw32/bin/../lib/gcc/nios2-elf/4.1.2/../../../../nios2-elf/lib\libc.a(lib_a-puts.o) (strlen)
c:/altera/13.0/nios2eds/bin/gnu/h-i686-mingw32/bin/../lib/gcc/nios2-elf/4.1.2/../../../../nios2-elf/lib\libc.a(lib_a-fvwrite.o)
                              c:/altera/13.0/nios2eds/bin/gnu/h-i686-mingw32/bin/../lib/gcc/nios2-elf/4.1.2/../../../../nios2-elf/lib\libc.a(lib_a-puts.o) (__sfvwrite_r)
c:/altera/13.0/nios2eds/bin/gnu/h-i686-mingw32/bin/../lib/gcc/nios2-elf/4.1.2/../../../../nios2-elf/lib\libc.a(lib_a-impure.o)
                              c:/altera/13.0/nios2eds/bin/gnu/h-i686-mingw32/bin/../lib/gcc/nios2-elf/4.1.2/../../../../nios2-elf/lib\libc.a(lib_a-puts.o) (_impure_ptr)
c:/altera/13.0/nios2eds/bin/gnu/h-i686-mingw32/bin/../lib/gcc/nios2-elf/4.1.2/../../../../nios2-elf/lib\libc.a(lib_a-mallocr.o)
                              c:/altera/13.0/nios2eds/bin/gnu/h-i686-mingw32/bin/../lib/gcc/nios2-elf/4.1.2/../../../../nios2-elf/lib\libc.a(lib_a-fvwrite.o) (_malloc_r)
c:/altera/13.0/nios2eds/bin/gnu/h-i686-mingw32/bin/../lib/gcc/nios2-elf/4.1.2/../../../../nios2-elf/lib\libc.a(lib_a-memchr.o)
                              c:/altera/13.0/nios2eds/bin/gnu/h-i686-mingw32/bin/../lib/gcc/nios2-elf/4.1.2/../../../../nios2-elf/lib\libc.a(lib_a-fvwrite.o) (memchr)
c:/altera/13.0/nios2eds/bin/gnu/h-i686-mingw32/bin/../lib/gcc/nios2-elf/4.1.2/../../../../nios2-elf/lib\libc.a(lib_a-memcpy.o)
                              c:/altera/13.0/nios2eds/bin/gnu/h-i686-mingw32/bin/../lib/gcc/nios2-elf/4.1.2/../../../../nios2-elf/lib\libc.a(lib_a-fvwrite.o) (memcpy)
c:/altera/13.0/nios2eds/bin/gnu/h-i686-mingw32/bin/../lib/gcc/nios2-elf/4.1.2/../../../../nios2-elf/lib\libc.a(lib_a-memmove.o)
                              c:/altera/13.0/nios2eds/bin/gnu/h-i686-mingw32/bin/../lib/gcc/nios2-elf/4.1.2/../../../../nios2-elf/lib\libc.a(lib_a-fvwrite.o) (memmove)
c:/altera/13.0/nios2eds/bin/gnu/h-i686-mingw32/bin/../lib/gcc/nios2-elf/4.1.2/../../../../nios2-elf/lib\libc.a(lib_a-reallocr.o)
                              c:/altera/13.0/nios2eds/bin/gnu/h-i686-mingw32/bin/../lib/gcc/nios2-elf/4.1.2/../../../../nios2-elf/lib\libc.a(lib_a-fvwrite.o) (_realloc_r)
c:/altera/13.0/nios2eds/bin/gnu/h-i686-mingw32/bin/../lib/gcc/nios2-elf/4.1.2/../../../../nios2-elf/lib\libc.a(lib_a-sbrkr.o)
                              c:/altera/13.0/nios2eds/bin/gnu/h-i686-mingw32/bin/../lib/gcc/nios2-elf/4.1.2/../../../../nios2-elf/lib\libc.a(lib_a-mallocr.o) (_sbrk_r)
c:/altera/13.0/nios2eds/bin/gnu/h-i686-mingw32/bin/../lib/gcc/nios2-elf/4.1.2/../../../../nios2-elf/lib\libc.a(lib_a-wsetup.o)
                              c:/altera/13.0/nios2eds/bin/gnu/h-i686-mingw32/bin/../lib/gcc/nios2-elf/4.1.2/../../../../nios2-elf/lib\libc.a(lib_a-fvwrite.o) (__swsetup_r)
c:/altera/13.0/nios2eds/bin/gnu/h-i686-mingw32/bin/../lib/gcc/nios2-elf/4.1.2/../../../../nios2-elf/lib\libc.a(lib_a-fflush.o)
                              c:/altera/13.0/nios2eds/bin/gnu/h-i686-mingw32/bin/../lib/gcc/nios2-elf/4.1.2/../../../../nios2-elf/lib\libc.a(lib_a-fvwrite.o) (_fflush_r)
c:/altera/13.0/nios2eds/bin/gnu/h-i686-mingw32/bin/../lib/gcc/nios2-elf/4.1.2/../../../../nios2-elf/lib\libc.a(lib_a-findfp.o)
                              c:/altera/13.0/nios2eds/bin/gnu/h-i686-mingw32/bin/../lib/gcc/nios2-elf/4.1.2/../../../../nios2-elf/lib\libc.a(lib_a-wsetup.o) (__sinit)
c:/altera/13.0/nios2eds/bin/gnu/h-i686-mingw32/bin/../lib/gcc/nios2-elf/4.1.2/../../../../nios2-elf/lib\libc.a(lib_a-freer.o)
                              c:/altera/13.0/nios2eds/bin/gnu/h-i686-mingw32/bin/../lib/gcc/nios2-elf/4.1.2/../../../../nios2-elf/lib\libc.a(lib_a-fvwrite.o) (_free_r)
c:/altera/13.0/nios2eds/bin/gnu/h-i686-mingw32/bin/../lib/gcc/nios2-elf/4.1.2/../../../../nios2-elf/lib\libc.a(lib_a-fwalk.o)
                              c:/altera/13.0/nios2eds/bin/gnu/h-i686-mingw32/bin/../lib/gcc/nios2-elf/4.1.2/../../../../nios2-elf/lib\libc.a(lib_a-fflush.o) (_fwalk_reent)
c:/altera/13.0/nios2eds/bin/gnu/h-i686-mingw32/bin/../lib/gcc/nios2-elf/4.1.2/../../../../nios2-elf/lib\libc.a(lib_a-int_errno.o)
                              c:/altera/13.0/nios2eds/bin/gnu/h-i686-mingw32/bin/../lib/gcc/nios2-elf/4.1.2/../../../../nios2-elf/lib\libc.a(lib_a-sbrkr.o) (errno)
c:/altera/13.0/nios2eds/bin/gnu/h-i686-mingw32/bin/../lib/gcc/nios2-elf/4.1.2/../../../../nios2-elf/lib\libc.a(lib_a-makebuf.o)
                              c:/altera/13.0/nios2eds/bin/gnu/h-i686-mingw32/bin/../lib/gcc/nios2-elf/4.1.2/../../../../nios2-elf/lib\libc.a(lib_a-wsetup.o) (__smakebuf_r)
[...]
Memory Configuration

Name             Origin             Length             Attributes
reset            0x00800000         0x00000020
sdram_controller 0x00800020         0x007fffe0
onchip_mem       0x01008000         0x00008000
*default*        0x00000000         0xffffffff

Linker script and memory map

LOAD ../assignment2_bsp//obj/HAL/src/crt0.o
LOAD obj/default/hello_world.o
LOAD obj/default/sccharts.o
LOAD c:/altera/13.0/nios2eds/bin/gnu/h-i686-mingw32/bin/../lib/gcc/nios2-elf/4.1.2/../../../../nios2-elf/lib\libstdc++.a
LOAD c:/altera/13.0/nios2eds/bin/gnu/h-i686-mingw32/bin/../lib/gcc/nios2-elf/4.1.2/../../../../nios2-elf/lib\libm.a
LOAD c:/altera/13.0/nios2eds/bin/gnu/h-i686-mingw32/bin/../lib/gcc/nios2-elf/4.1.2\libgcc.a
START GROUP
LOAD c:/altera/13.0/nios2eds/bin/gnu/h-i686-mingw32/bin/../lib/gcc/nios2-elf/4.1.2/../../../../nios2-elf/lib\libc.a
LOAD c:/altera/13.0/nios2eds/bin/gnu/h-i686-mingw32/bin/../lib/gcc/nios2-elf/4.1.2\libgcc.a
LOAD ../assignment2_bsp/\libhal_bsp.a
END GROUP
LOAD c:/altera/13.0/nios2eds/bin/gnu/h-i686-mingw32/bin/../lib/gcc/nios2-elf/4.1.2\libgcc.a
                0x00800000                __alt_mem_sdram_controller = 0x800000
                0x01008000                __alt_mem_onchip_mem = 0x1008000

.entry          0x00800000       0x20
 *(.entry)
 .entry         0x00800000       0x20 ../assignment2_bsp//obj/HAL/src/crt0.o
                0x00800000                __reset

.exceptions     0x00800020      0x194
                0x00800020                PROVIDE (__ram_exceptions_start, ABSOLUTE (.))
                0x00800020                . = ALIGN (0x20)
 *(.irq)
 *(.exceptions.entry.label)
 .exceptions.entry.label
                0x00800020        0x0 ../assignment2_bsp/\libhal_bsp.a(alt_irq_entry.o)
                0x00800020                alt_irq_entry
 .exceptions.entry.label
                0x00800020        0x0 ../assignment2_bsp/\libhal_bsp.a(alt_exception_entry.o)
                0x00800020                alt_exception
 *(.exceptions.entry.user)
 *(.exceptions.entry)
 .exceptions.entry
                0x00800020       0x54 ../assignment2_bsp/\libhal_bsp.a(alt_exception_entry.o)
 *(.exceptions.irqtest.user)
 *(.exceptions.irqtest)
 .exceptions.irqtest
                0x00800074       0x10 ../assignment2_bsp/\libhal_bsp.a(alt_irq_entry.o)
 *(.exceptions.irqhandler.user)
 *(.exceptions.irqhandler)
 .exceptions.irqhandler
                0x00800084        0x4 ../assignment2_bsp/\libhal_bsp.a(alt_irq_entry.o)
 *(.exceptions.irqreturn.user)
 *(.exceptions.irqreturn)
 .exceptions.irqreturn
                0x00800088        0x4 ../assignment2_bsp/\libhal_bsp.a(alt_irq_entry.o)
 *(.exceptions.notirq.label)
 .exceptions.notirq.label
                0x0080008c        0x0 ../assignment2_bsp/\libhal_bsp.a(alt_irq_entry.o)
 *(.exceptions.notirq.user)
 *(.exceptions.notirq)
 .exceptions.notirq
                0x0080008c        0x8 ../assignment2_bsp/\libhal_bsp.a(alt_exception_entry.o)
 *(.exceptions.soft.user)
 *(.exceptions.soft)
 *(.exceptions.unknown.user)
 *(.exceptions.unknown)
 .exceptions.unknown
                0x00800094        0x4 ../assignment2_bsp/\libhal_bsp.a(alt_exception_entry.o)
 *(.exceptions.exit.label)
 .exceptions.exit.label
                0x00800098        0x0 ../assignment2_bsp/\libhal_bsp.a(alt_irq_entry.o)
 .exceptions.exit.label
                0x00800098        0x0 ../assignment2_bsp/\libhal_bsp.a(alt_exception_entry.o)
 *(.exceptions.exit.user)
 *(.exceptions.exit)
 .exceptions.exit
                0x00800098       0x54 ../assignment2_bsp/\libhal_bsp.a(alt_exception_entry.o)
 *(.exceptions)
 .exceptions    0x008000ec       0xc8 ../assignment2_bsp/\libhal_bsp.a(alt_irq_handler.o)
                0x008000ec                alt_irq_handler
                0x008001b4                PROVIDE (__ram_exceptions_end, ABSOLUTE (.))
                0x00800020                PROVIDE (__flash_exceptions_start, LOADADDR (.exceptions))

.text           0x008001b4     0xb3d0
                0x008001b4                PROVIDE (stext, ABSOLUTE (.))
 *(.interp)
 *(.hash)
 *(.dynsym)
 *(.dynstr)
 *(.gnu.version)
 *(.gnu.version_d)
 *(.gnu.version_r)
 *(.rel.init)
 *(.rela.init)
 *(.rel.text .rel.text.* .rel.gnu.linkonce.t.*)
 *(.rela.text .rela.text.* .rela.gnu.linkonce.t.*)
 *(.rel.fini)
 *(.rela.fini)
 *(.rel.rodata .rel.rodata.* .rel.gnu.linkonce.r.*)
 *(.rela.rodata .rela.rodata.* .rela.gnu.linkonce.r.*)
 *(.rel.data .rel.data.* .rel.gnu.linkonce.d.*)
 *(.rela.data .rela.data.* .rela.gnu.linkonce.d.*)
 *(.rel.tdata .rel.tdata.* .rel.gnu.linkonce.td.*)
 *(.rela.tdata .rela.tdata.* .rela.gnu.linkonce.td.*)
 *(.rel.tbss .rel.tbss.* .rel.gnu.linkonce.tb.*)
 *(.rela.tbss .rela.tbss.* .rela.gnu.linkonce.tb.*)
 *(.rel.ctors)
 *(.rela.ctors)
 *(.rel.dtors)
 *(.rela.dtors)
 *(.rel.got)
 *(.rela.got)
 *(.rel.sdata .rel.sdata.* .rel.gnu.linkonce.s.*)
 *(.rela.sdata .rela.sdata.* .rela.gnu.linkonce.s.*)
 *(.rel.sbss .rel.sbss.* .rel.gnu.linkonce.sb.*)
 *(.rela.sbss .rela.sbss.* .rela.gnu.linkonce.sb.*)
 *(.rel.sdata2 .rel.sdata2.* .rel.gnu.linkonce.s2.*)
 *(.rela.sdata2 .rela.sdata2.* .rela.gnu.linkonce.s2.*)
 *(.rel.sbss2 .rel.sbss2.* .rel.gnu.linkonce.sb2.*)
 *(.rela.sbss2 .rela.sbss2.* .rela.gnu.linkonce.sb2.*)
 *(.rel.bss .rel.bss.* .rel.gnu.linkonce.b.*)
 *(.rela.bss .rela.bss.* .rela.gnu.linkonce.b.*)
 *(.rel.plt)
 *(.rela.plt)
 *(.rel.dyn)
 *(.init)
 *(.plt)
 *(.text .stub .text.* .gnu.linkonce.t.*)
 .text          0x008001b4       0x4c ../assignment2_bsp//obj/HAL/src/crt0.o
                0x008001b4                _start
 .text          0x00800200      0xdd4 obj/default/hello_world.o
                0x00800200                main
                0x008004c8                mode0
                0x008005ec                mode1
                0x00800844                init_uart
                0x0080087c                init_buttons_pio
                0x008008d8                buttons_isr
                0x008009fc                initialise_avi_timer
                0x00800a60                initialise_aei_timer
                0x00800acc                initialise_pvarp_timer
                0x00800b38                initialise_vrp_timer
                0x00800ba4                initialise_lri_timer
                0x00800c08                initialise_uri_timer
                0x00800c78                initialise_debounce_timer
                0x00800cc4                initialise_LED_timer
                0x00800d10                avi_isr_function
                0x00800d70                aei_isr_function
                0x00800dd4                pvarp_isr_function
                0x00800e38                vrp_isr_function
                0x00800e9c                lri_isr_function
                0x00800efc                uri_isr_function
                0x00800f6c                debounce_isr_function
                0x00800fa0                LED_isr_function
 .text          0x00800fd4     0x3460 obj/default/sccharts.o
                0x00800fd4                reset
                0x00801084                tick
 .text          0x00804434       0xb4 c:/altera/13.0/nios2eds/bin/gnu/h-i686-mingw32/bin/../lib/gcc/nios2-elf/4.1.2/../../../../nios2-elf/lib\libc.a(lib_a-puts.o)
                0x00804434                _puts_r
                0x008044d4                puts
 .text          0x008044e8       0x74 c:/altera/13.0/nios2eds/bin/gnu/h-i686-mingw32/bin/../lib/gcc/nios2-elf/4.1.2/../../../../nios2-elf/lib\libc.a(lib_a-strlen.o)
                0x008044e8                strlen
 .text          0x0080455c      0x49c c:/altera/13.0/nios2eds/bin/gnu/h-i686-mingw32/bin/../lib/gcc/nios2-elf/4.1.2/../../../../nios2-elf/lib\libc.a(lib_a-fvwrite.o)
                0x0080455c                __sfvwrite_r
 .text          0x008049f8        0x0 c:/altera/13.0/nios2eds/bin/gnu/h-i686-mingw32/bin/../lib/gcc/nios2-elf/4.1.2/../../../../nios2-elf/lib\libc.a(lib_a-impure.o)
 .text          0x008049f8      0x740 c:/altera/13.0/nios2eds/bin/gnu/h-i686-mingw32/bin/../lib/gcc/nios2-elf/4.1.2/../../../../nios2-elf/lib\libc.a(lib_a-mallocr.o)
                0x008049f8                _malloc_r
 .text          0x00805138       0xe4 c:/altera/13.0/nios2eds/bin/gnu/h-i686-mingw32/bin/../lib/gcc/nios2-elf/4.1.2/../../../../nios2-elf/lib\libc.a(lib_a-memchr.o)
                0x00805138                memchr
 .text          0x0080521c       0xa0 c:/altera/13.0/nios2eds/bin/gnu/h-i686-mingw32/bin/../lib/gcc/nios2-elf/4.1.2/../../../../nios2-elf/lib\libc.a(lib_a-memcpy.o)
                0x0080521c                memcpy
 .text          0x008052bc       0xe0 c:/altera/13.0/nios2eds/bin/gnu/h-i686-mingw32/bin/../lib/gcc/nios2-elf/4.1.2/../../../../nios2-elf/lib\libc.a(lib_a-memmove.o)
                0x008052bc                memmove
 .text          0x0080539c      0x5f4 c:/altera/13.0/nios2eds/bin/gnu/h-i686-mingw32/bin/../lib/gcc/nios2-elf/4.1.2/../../../../nios2-elf/lib\libc.a(lib_a-reallocr.o)
                0x0080539c                _realloc_r
 .text          0x00805990       0x70 c:/altera/13.0/nios2eds/bin/gnu/h-i686-mingw32/bin/../lib/gcc/nios2-elf/4.1.2/../../../../nios2-elf/lib\libc.a(lib_a-sbrkr.o)
                0x00805990                _sbrk_r
 .text          0x00805a00      0x13c c:/altera/13.0/nios2eds/bin/gnu/h-i686-mingw32/bin/../lib/gcc/nios2-elf/4.1.2/../../../../nios2-elf/lib\libc.a(lib_a-wsetup.o)
                0x00805a00                __swsetup_r
 .text          0x00805b3c      0x230 c:/altera/13.0/nios2eds/bin/gnu/h-i686-mingw32/bin/../lib/gcc/nios2-elf/4.1.2/../../../../nios2-elf/lib\libc.a(lib_a-fflush.o)
                0x00805b3c                _fflush_r
                0x00805d38                fflush
 .text          0x00805d6c      0x2c0 c:/altera/13.0/nios2eds/bin/gnu/h-i686-mingw32/bin/../lib/gcc/nios2-elf/4.1.2/../../../../nios2-elf/lib\libc.a(lib_a-findfp.o)
                0x00805dc4                __sfp_lock_acquire
                0x00805dc8                __sfp_lock_release
                0x00805dcc                __sinit_lock_acquire
                0x00805dd0                __sinit_lock_release
                0x00805dd4                __sinit
                0x00805e88                __fp_unlock_all
                0x00805ea0                __fp_lock_all
                0x00805eb8                _cleanup_r
                0x00805ec4                _cleanup
                0x00805ed4                __sfmoreglue
                0x00805f3c                __sfp
 .text          0x0080602c      0x440 c:/altera/13.0/nios2eds/bin/gnu/h-i686-mingw32/bin/../lib/gcc/nios2-elf/4.1.2/../../../../nios2-elf/lib\libc.a(lib_a-freer.o)
                0x0080602c                _malloc_trim_r
                0x00806158                _free_r
 .text          0x0080646c      0x180 c:/altera/13.0/nios2eds/bin/gnu/h-i686-mingw32/bin/../lib/gcc/nios2-elf/4.1.2/../../../../nios2-elf/lib\libc.a(lib_a-fwalk.o)
                0x0080646c                _fwalk_reent
                0x00806534                _fwalk
 .text          0x008065ec        0x0 c:/altera/13.0/nios2eds/bin/gnu/h-i686-mingw32/bin/../lib/gcc/nios2-elf/4.1.2/../../../../nios2-elf/lib\libc.a(lib_a-int_errno.o)
 .text          0x008065ec      0x194 c:/altera/13.0/nios2eds/bin/gnu/h-i686-mingw32/bin/../lib/gcc/nios2-elf/4.1.2/../../../../nios2-elf/lib\libc.a(lib_a-makebuf.o)
                0x008065ec                __smakebuf_r
 .text          0x00806780       0x98 c:/altera/13.0/nios2eds/bin/gnu/h-i686-mingw32/bin/../lib/gcc/nios2-elf/4.1.2/../../../../nios2-elf/lib\libc.a(lib_a-memset.o)
                0x00806780                memset
 .text          0x00806818      0x14c c:/altera/13.0/nios2eds/bin/gnu/h-i686-mingw32/bin/../lib/gcc/nios2-elf/4.1.2/../../../../nios2-elf/lib\libc.a(lib_a-stdio.o)
                0x00806818                __sclose
                0x00806820                __sseek
                0x00806888                __swrite
                0x00806904                __sread
 .text          0x00806964       0x78 c:/altera/13.0/nios2eds/bin/gnu/h-i686-mingw32/bin/../lib/gcc/nios2-elf/4.1.2/../../../../nios2-elf/lib\libc.a(lib_a-writer.o)
                0x00806964                _write_r
 .text          0x008069dc       0x70 c:/altera/13.0/nios2eds/bin/gnu/h-i686-mingw32/bin/../lib/gcc/nios2-elf/4.1.2/../../../../nios2-elf/lib\libc.a(lib_a-closer.o)
                0x008069dc                _close_r
 .text          0x00806a4c      0x124 c:/altera/13.0/nios2eds/bin/gnu/h-i686-mingw32/bin/../lib/gcc/nios2-elf/4.1.2/../../../../nios2-elf/lib\libc.a(lib_a-fclose.o)
                0x00806a4c                _fclose_r
                0x00806b5c                fclose
 .text          0x00806b70       0x74 c:/altera/13.0/nios2eds/bin/gnu/h-i686-mingw32/bin/../lib/gcc/nios2-elf/4.1.2/../../../../nios2-elf/lib\libc.a(lib_a-fstatr.o)
                0x00806b70                _fstat_r
 .text          0x00806be4       0x70 c:/altera/13.0/nios2eds/bin/gnu/h-i686-mingw32/bin/../lib/gcc/nios2-elf/4.1.2/../../../../nios2-elf/lib\libc.a(lib_a-isattyr.o)
                0x00806be4                _isatty_r
 .text          0x00806c54       0x78 c:/altera/13.0/nios2eds/bin/gnu/h-i686-mingw32/bin/../lib/gcc/nios2-elf/4.1.2/../../../../nios2-elf/lib\libc.a(lib_a-lseekr.o)
                0x00806c54                _lseek_r
 .text          0x00806ccc       0x78 c:/altera/13.0/nios2eds/bin/gnu/h-i686-mingw32/bin/../lib/gcc/nios2-elf/4.1.2/../../../../nios2-elf/lib\libc.a(lib_a-readr.o)
                0x00806ccc                _read_r
 .text          0x00806d44      0x154 ../assignment2_bsp/\libhal_bsp.a(alt_alarm_start.o)
                0x00806d44                alt_alarm_start
 .text          0x00806e98      0x15c ../assignment2_bsp/\libhal_bsp.a(alt_close.o)
                0x00806e98                close
 .text          0x00806ff4       0x2c ../assignment2_bsp/\libhal_bsp.a(alt_dev.o)
 .text          0x00807020        0x0 ../assignment2_bsp/\libhal_bsp.a(alt_errno.o)
 .text          0x00807020      0x134 ../assignment2_bsp/\libhal_bsp.a(alt_fstat.o)
                0x00807020                fstat
 .text          0x00807154      0x1c0 ../assignment2_bsp/\libhal_bsp.a(alt_irq_register.o)
                0x00807154                alt_irq_register
 .text          0x00807314        0x0 ../assignment2_bsp/\libhal_bsp.a(alt_irq_vars.o)
 .text          0x00807314      0x120 ../assignment2_bsp/\libhal_bsp.a(alt_isatty.o)
                0x00807314                isatty
 .text          0x00807434       0xec ../assignment2_bsp/\libhal_bsp.a(alt_load.o)
                0x00807434                alt_load
 .text          0x00807520      0x150 ../assignment2_bsp/\libhal_bsp.a(alt_lseek.o)
                0x00807520                lseek
 .text          0x00807670       0x6c ../assignment2_bsp/\libhal_bsp.a(alt_main.o)
                0x00807670                alt_main
 .text          0x008076dc       0x40 ../assignment2_bsp/\libhal_bsp.a(alt_malloc_lock.o)
                0x008076dc                __malloc_lock
                0x008076fc                __malloc_unlock
 .text          0x0080771c      0x2c4 ../assignment2_bsp/\libhal_bsp.a(alt_open.o)
                0x008077f8                open
 .text          0x008079e0      0x180 ../assignment2_bsp/\libhal_bsp.a(alt_read.o)
                0x008079e0                read
 .text          0x00807b60       0x60 ../assignment2_bsp/\libhal_bsp.a(alt_release_fd.o)
                0x00807b60                alt_release_fd
 .text          0x00807bc0       0xbc ../assignment2_bsp/\libhal_bsp.a(alt_sbrk.o)
                0x00807bc0                sbrk
 .text          0x00807c7c      0x1a4 ../assignment2_bsp/\libhal_bsp.a(alt_tick.o)
                0x00807c7c                alt_alarm_stop
                0x00807d14                alt_tick
 .text          0x00807e20      0x180 ../assignment2_bsp/\libhal_bsp.a(alt_write.o)
                0x00807e20                write
 .text          0x00807fa0      0x100 ../assignment2_bsp/\libhal_bsp.a(alt_sys_init.o)
                0x00807fa0                alt_irq_init
                0x00807fd4                alt_sys_init
 .text          0x008080a0      0x148 ../assignment2_bsp/\libhal_bsp.a(altera_avalon_jtag_uart_fd.o)
                0x008080a0                altera_avalon_jtag_uart_read_fd
                0x008080f8                altera_avalon_jtag_uart_write_fd
                0x00808150                altera_avalon_jtag_uart_close_fd
                0x00808198                altera_avalon_jtag_uart_ioctl_fd
 .text          0x008081e8      0x40c ../assignment2_bsp/\libhal_bsp.a(altera_avalon_jtag_uart_init.o)
                0x008081e8                altera_avalon_jtag_uart_init
                0x00808580                altera_avalon_jtag_uart_close
 .text          0x008085f4       0xf4 ../assignment2_bsp/\libhal_bsp.a(altera_avalon_jtag_uart_ioctl.o)
                0x008085f4                altera_avalon_jtag_uart_ioctl
 .text          0x008086e8      0x224 ../assignment2_bsp/\libhal_bsp.a(altera_avalon_jtag_uart_read.o)
                0x008086e8                altera_avalon_jtag_uart_read
 .text          0x0080890c      0x240 ../assignment2_bsp/\libhal_bsp.a(altera_avalon_jtag_uart_write.o)
                0x0080890c                altera_avalon_jtag_uart_write
 .text          0x00808b4c      0xee8 ../assignment2_bsp/\libhal_bsp.a(altera_avalon_lcd_16207.o)
                0x00809320                altera_avalon_lcd_16207_write
                0x008098f8                altera_avalon_lcd_16207_init
 .text          0x00809a34       0x58 ../assignment2_bsp/\libhal_bsp.a(altera_avalon_lcd_16207_fd.o)
                0x00809a34                altera_avalon_lcd_16207_write_fd
 .text          0x00809a8c      0x100 ../assignment2_bsp/\libhal_bsp.a(altera_avalon_timer_sc.o)
                0x00809afc                alt_avalon_timer_sc_init
 .text          0x00809b8c       0xf8 ../assignment2_bsp/\libhal_bsp.a(altera_avalon_uart_fd.o)
                0x00809b8c                altera_avalon_uart_read_fd
                0x00809be4                altera_avalon_uart_write_fd
                0x00809c3c                altera_avalon_uart_close_fd
 .text          0x00809c84      0x400 ../assignment2_bsp/\libhal_bsp.a(altera_avalon_uart_init.o)
                0x00809c84                altera_avalon_uart_init
                0x0080a024                altera_avalon_uart_close
 .text          0x0080a084      0x290 ../assignment2_bsp/\libhal_bsp.a(altera_avalon_uart_read.o)
                0x0080a084                altera_avalon_uart_read
 .text          0x0080a314      0x228 ../assignment2_bsp/\libhal_bsp.a(altera_avalon_uart_write.o)
                0x0080a314                altera_avalon_uart_write
 .text          0x0080a53c       0x44 ../assignment2_bsp/\libhal_bsp.a(alt_dcache_flush_all.o)
                0x0080a53c                alt_dcache_flush_all
 .text          0x0080a580      0x114 ../assignment2_bsp/\libhal_bsp.a(alt_dev_llist_insert.o)
                0x0080a580                alt_dev_llist_insert
 .text          0x0080a694       0x64 ../assignment2_bsp/\libhal_bsp.a(alt_do_ctors.o)
                0x0080a694                _do_ctors
 .text          0x0080a6f8       0x64 ../assignment2_bsp/\libhal_bsp.a(alt_do_dtors.o)
                0x0080a6f8                _do_dtors
 .text          0x0080a75c       0x94 ../assignment2_bsp/\libhal_bsp.a(alt_find_dev.o)
                0x0080a75c                alt_find_dev
 .text          0x0080a7f0      0x120 ../assignment2_bsp/\libhal_bsp.a(alt_find_file.o)
                0x0080a7f0                alt_find_file
 .text          0x0080a910       0xb8 ../assignment2_bsp/\libhal_bsp.a(alt_get_fd.o)
                0x0080a910                alt_get_fd
 .text          0x0080a9c8       0x30 ../assignment2_bsp/\libhal_bsp.a(alt_icache_flush_all.o)
                0x0080a9c8                alt_icache_flush_all
 .text          0x0080a9f8      0x1d4 ../assignment2_bsp/\libhal_bsp.a(alt_iic.o)
                0x0080a9f8                alt_ic_isr_register
                0x0080aa48                alt_ic_irq_enable
                0x0080aae4                alt_ic_irq_disable
                0x0080ab84                alt_ic_irq_enabled
 .text          0x0080abcc       0xf8 ../assignment2_bsp/\libhal_bsp.a(alt_iic_isr_register.o)
                0x0080abcc                alt_iic_isr_register
 .text          0x0080acc4      0x13c ../assignment2_bsp/\libhal_bsp.a(alt_io_redirect.o)
                0x0080ad88                alt_io_redirect
 .text          0x0080ae00        0x0 ../assignment2_bsp/\libhal_bsp.a(alt_irq_entry.o)
 .text          0x0080ae00        0x0 ../assignment2_bsp/\libhal_bsp.a(alt_irq_handler.o)
 .text          0x0080ae00       0x30 ../assignment2_bsp/\libhal_bsp.a(alt_usleep.o)
                0x0080ae00                usleep
 .text          0x0080ae30       0x20 ../assignment2_bsp/\libhal_bsp.a(altera_nios2_qsys_irq.o)
                0x0080ae30                altera_nios2_qsys_irq_init
 .text          0x0080ae50      0x14c ../assignment2_bsp/\libhal_bsp.a(alt_busy_sleep.o)
                0x0080ae50                alt_busy_sleep
 .text          0x0080af9c        0x0 ../assignment2_bsp/\libhal_bsp.a(alt_exception_entry.o)
 .text          0x0080af9c       0x90 ../assignment2_bsp/\libhal_bsp.a(alt_icache_flush.o)
                0x0080af9c                alt_icache_flush
 .text          0x0080b02c       0x14 c:/altera/13.0/nios2eds/bin/gnu/h-i686-mingw32/bin/../lib/gcc/nios2-elf/4.1.2/../../../../nios2-elf/lib\libc.a(lib_a-atexit.o)
                0x0080b02c                atexit
 .text          0x0080b040        0x0 c:/altera/13.0/nios2eds/bin/gnu/h-i686-mingw32/bin/../lib/gcc/nios2-elf/4.1.2/../../../../nios2-elf/lib\libc.a(lib_a-ctype_.o)
 .text          0x0080b040       0x38 c:/altera/13.0/nios2eds/bin/gnu/h-i686-mingw32/bin/../lib/gcc/nios2-elf/4.1.2/../../../../nios2-elf/lib\libc.a(lib_a-exit.o)
                0x0080b040                exit
 .text          0x0080b078       0x74 c:/altera/13.0/nios2eds/bin/gnu/h-i686-mingw32/bin/../lib/gcc/nios2-elf/4.1.2/../../../../nios2-elf/lib\libc.a(lib_a-memcmp.o)
                0x0080b078                memcmp
 .text          0x0080b0ec      0x134 c:/altera/13.0/nios2eds/bin/gnu/h-i686-mingw32/bin/../lib/gcc/nios2-elf/4.1.2/../../../../nios2-elf/lib\libc.a(lib_a-__atexit.o)
                0x0080b0ec                __register_exitproc
 .text          0x0080b220      0x1b4 c:/altera/13.0/nios2eds/bin/gnu/h-i686-mingw32/bin/../lib/gcc/nios2-elf/4.1.2/../../../../nios2-elf/lib\libc.a(lib_a-__call_atexit.o)
                0x0080b224                __call_exitprocs
 .text          0x0080b3d4      0x14c c:/altera/13.0/nios2eds/bin/gnu/h-i686-mingw32/bin/../lib/gcc/nios2-elf/4.1.2\libgcc.a(lib2-divmod.o)
                0x0080b450                __divsi3
                0x0080b4b0                __modsi3
                0x0080b510                __udivsi3
                0x0080b518                __umodsi3
 .text          0x0080b520       0x60 ../assignment2_bsp/\libhal_bsp.a(alt_exit.o)
                0x0080b560                _exit
 *(.gnu.warning.*)
 *(.fini)
                0x0080b580                PROVIDE (__etext, ABSOLUTE (.))
                0x0080b580                PROVIDE (_etext, ABSOLUTE (.))
                0x0080b580                PROVIDE (etext, ABSOLUTE (.))
 *(.eh_frame_hdr)
                0x0080b580                . = ALIGN (0x4)
                0x0080b580                PROVIDE (__preinit_array_start, ABSOLUTE (.))
 *(.preinit_array)
                0x0080b580                PROVIDE (__preinit_array_end, ABSOLUTE (.))
                0x0080b580                PROVIDE (__init_array_start, ABSOLUTE (.))
 *(.init_array)
                0x0080b580                PROVIDE (__init_array_end, ABSOLUTE (.))
                0x0080b580                PROVIDE (__fini_array_start, ABSOLUTE (.))
 *(.fini_array)
                0x0080b580                PROVIDE (__fini_array_end, ABSOLUTE (.))
 *(.eh_frame)
 *(.gcc_except_table)
 *(.dynamic)
                0x0080b580                PROVIDE (__CTOR_LIST__, ABSOLUTE (.))
 *(.ctors)
 *(SORT(.ctors.*))
 .ctors.65535   0x0080b580        0x4 c:/altera/13.0/nios2eds/bin/gnu/h-i686-mingw32/bin/../lib/gcc/nios2-elf/4.1.2/../../../../nios2-elf/lib\libc.a(lib_a-__call_atexit.o)
                0x0080b584                PROVIDE (__CTOR_END__, ABSOLUTE (.))
                0x0080b584                PROVIDE (__DTOR_LIST__, ABSOLUTE (.))
 *(.dtors)
 *(SORT(.dtors.*))
                0x0080b584                PROVIDE (__DTOR_END__, ABSOLUTE (.))
 *(.jcr)
                0x0080b584                . = ALIGN (0x4)

.rodata         0x0080b584      0x460
                0x0080b584                PROVIDE (__ram_rodata_start, ABSOLUTE (.))
                0x0080b584                . = ALIGN (0x4)
 *(.rodata .rodata.* .gnu.linkonce.r.*)
 .rodata        0x0080b584      0x190 obj/default/hello_world.o
 .rodata.str1.4
                0x0080b714        0x2 c:/altera/13.0/nios2eds/bin/gnu/h-i686-mingw32/bin/../lib/gcc/nios2-elf/4.1.2/../../../../nios2-elf/lib\libc.a(lib_a-puts.o)
                                  0x4 (size before relaxing)
 *fill*         0x0080b716        0x2 00
 .rodata.str1.4
                0x0080b718        0x4 c:/altera/13.0/nios2eds/bin/gnu/h-i686-mingw32/bin/../lib/gcc/nios2-elf/4.1.2/../../../../nios2-elf/lib\libc.a(lib_a-impure.o)
 .rodata        0x0080b71c        0xc ../assignment2_bsp/\libhal_bsp.a(alt_dev.o)
 .rodata        0x0080b728       0x10 ../assignment2_bsp/\libhal_bsp.a(alt_main.o)
 .rodata        0x0080b738       0x28 ../assignment2_bsp/\libhal_bsp.a(alt_sys_init.o)
 .rodata        0x0080b760      0x284 c:/altera/13.0/nios2eds/bin/gnu/h-i686-mingw32/bin/../lib/gcc/nios2-elf/4.1.2/../../../../nios2-elf/lib\libc.a(lib_a-ctype_.o)
                0x0080b760                _ctype_
 *(.rodata1)
                0x0080b9e4                . = ALIGN (0x4)
                0x0080b9e4                PROVIDE (__ram_rodata_end, ABSOLUTE (.))
                0x0080b584                PROVIDE (__flash_rodata_start, LOADADDR (.rodata))

.rwdata         0x0080b9e4     0x1c3c load address 0x0080d620
                0x0080b9e4                PROVIDE (__ram_rwdata_start, ABSOLUTE (.))
                0x0080b9e4                . = ALIGN (0x4)
 *(.got.plt)
 *(.got)
 *(.data1)
 *(.data .data.* .gnu.linkonce.d.*)
 .data          0x0080b9e4        0x0 ../assignment2_bsp//obj/HAL/src/crt0.o
 .data          0x0080b9e4        0x0 obj/default/hello_world.o
 .data          0x0080b9e4        0x0 obj/default/sccharts.o
 .data          0x0080b9e4        0x0 c:/altera/13.0/nios2eds/bin/gnu/h-i686-mingw32/bin/../lib/gcc/nios2-elf/4.1.2/../../../../nios2-elf/lib\libc.a(lib_a-puts.o)
 .data          0x0080b9e4        0x0 c:/altera/13.0/nios2eds/bin/gnu/h-i686-mingw32/bin/../lib/gcc/nios2-elf/4.1.2/../../../../nios2-elf/lib\libc.a(lib_a-strlen.o)
 .data          0x0080b9e4        0x0 c:/altera/13.0/nios2eds/bin/gnu/h-i686-mingw32/bin/../lib/gcc/nios2-elf/4.1.2/../../../../nios2-elf/lib\libc.a(lib_a-fvwrite.o)
 .data          0x0080b9e4      0x400 c:/altera/13.0/nios2eds/bin/gnu/h-i686-mingw32/bin/../lib/gcc/nios2-elf/4.1.2/../../../../nios2-elf/lib\libc.a(lib_a-impure.o)
 .data          0x0080bde4      0x408 c:/altera/13.0/nios2eds/bin/gnu/h-i686-mingw32/bin/../lib/gcc/nios2-elf/4.1.2/../../../../nios2-elf/lib\libc.a(lib_a-mallocr.o)
                0x0080bde4                __malloc_av_
 .data          0x0080c1ec        0x0 c:/altera/13.0/nios2eds/bin/gnu/h-i686-mingw32/bin/../lib/gcc/nios2-elf/4.1.2/../../../../nios2-elf/lib\libc.a(lib_a-memchr.o)
 .data          0x0080c1ec        0x0 c:/altera/13.0/nios2eds/bin/gnu/h-i686-mingw32/bin/../lib/gcc/nios2-elf/4.1.2/../../../../nios2-elf/lib\libc.a(lib_a-memcpy.o)
 .data          0x0080c1ec        0x0 c:/altera/13.0/nios2eds/bin/gnu/h-i686-mingw32/bin/../lib/gcc/nios2-elf/4.1.2/../../../../nios2-elf/lib\libc.a(lib_a-memmove.o)
 .data          0x0080c1ec        0x0 c:/altera/13.0/nios2eds/bin/gnu/h-i686-mingw32/bin/../lib/gcc/nios2-elf/4.1.2/../../../../nios2-elf/lib\libc.a(lib_a-reallocr.o)
 .data          0x0080c1ec        0x0 c:/altera/13.0/nios2eds/bin/gnu/h-i686-mingw32/bin/../lib/gcc/nios2-elf/4.1.2/../../../../nios2-elf/lib\libc.a(lib_a-sbrkr.o)
 .data          0x0080c1ec        0x0 c:/altera/13.0/nios2eds/bin/gnu/h-i686-mingw32/bin/../lib/gcc/nios2-elf/4.1.2/../../../../nios2-elf/lib\libc.a(lib_a-wsetup.o)
 .data          0x0080c1ec        0x0 c:/altera/13.0/nios2eds/bin/gnu/h-i686-mingw32/bin/../lib/gcc/nios2-elf/4.1.2/../../../../nios2-elf/lib\libc.a(lib_a-fflush.o)
 .data          0x0080c1ec        0x0 c:/altera/13.0/nios2eds/bin/gnu/h-i686-mingw32/bin/../lib/gcc/nios2-elf/4.1.2/../../../../nios2-elf/lib\libc.a(lib_a-findfp.o)
 .data          0x0080c1ec        0x0 c:/altera/13.0/nios2eds/bin/gnu/h-i686-mingw32/bin/../lib/gcc/nios2-elf/4.1.2/../../../../nios2-elf/lib\libc.a(lib_a-freer.o)
 .data          0x0080c1ec        0x0 c:/altera/13.0/nios2eds/bin/gnu/h-i686-mingw32/bin/../lib/gcc/nios2-elf/4.1.2/../../../../nios2-elf/lib\libc.a(lib_a-fwalk.o)
 .data          0x0080c1ec        0x0 c:/altera/13.0/nios2eds/bin/gnu/h-i686-mingw32/bin/../lib/gcc/nios2-elf/4.1.2/../../../../nios2-elf/lib\libc.a(lib_a-int_errno.o)
 .data          0x0080c1ec        0x0 c:/altera/13.0/nios2eds/bin/gnu/h-i686-mingw32/bin/../lib/gcc/nios2-elf/4.1.2/../../../../nios2-elf/lib\libc.a(lib_a-makebuf.o)
 .data          0x0080c1ec        0x0 c:/altera/13.0/nios2eds/bin/gnu/h-i686-mingw32/bin/../lib/gcc/nios2-elf/4.1.2/../../../../nios2-elf/lib\libc.a(lib_a-memset.o)
 .data          0x0080c1ec        0x0 c:/altera/13.0/nios2eds/bin/gnu/h-i686-mingw32/bin/../lib/gcc/nios2-elf/4.1.2/../../../../nios2-elf/lib\libc.a(lib_a-stdio.o)
 .data          0x0080c1ec        0x0 c:/altera/13.0/nios2eds/bin/gnu/h-i686-mingw32/bin/../lib/gcc/nios2-elf/4.1.2/../../../../nios2-elf/lib\libc.a(lib_a-writer.o)
 .data          0x0080c1ec        0x0 c:/altera/13.0/nios2eds/bin/gnu/h-i686-mingw32/bin/../lib/gcc/nios2-elf/4.1.2/../../../../nios2-elf/lib\libc.a(lib_a-closer.o)
 .data          0x0080c1ec        0x0 c:/altera/13.0/nios2eds/bin/gnu/h-i686-mingw32/bin/../lib/gcc/nios2-elf/4.1.2/../../../../nios2-elf/lib\libc.a(lib_a-fclose.o)
 .data          0x0080c1ec        0x0 c:/altera/13.0/nios2eds/bin/gnu/h-i686-mingw32/bin/../lib/gcc/nios2-elf/4.1.2/../../../../nios2-elf/lib\libc.a(lib_a-fstatr.o)
 .data          0x0080c1ec        0x0 c:/altera/13.0/nios2eds/bin/gnu/h-i686-mingw32/bin/../lib/gcc/nios2-elf/4.1.2/../../../../nios2-elf/lib\libc.a(lib_a-isattyr.o)
 .data          0x0080c1ec        0x0 c:/altera/13.0/nios2eds/bin/gnu/h-i686-mingw32/bin/../lib/gcc/nios2-elf/4.1.2/../../../../nios2-elf/lib\libc.a(lib_a-lseekr.o)
 .data          0x0080c1ec        0x0 c:/altera/13.0/nios2eds/bin/gnu/h-i686-mingw32/bin/../lib/gcc/nios2-elf/4.1.2/../../../../nios2-elf/lib\libc.a(lib_a-readr.o)
 .data          0x0080c1ec        0x0 ../assignment2_bsp/\libhal_bsp.a(alt_alarm_start.o)
 .data          0x0080c1ec        0x0 ../assignment2_bsp/\libhal_bsp.a(alt_close.o)
 .data          0x0080c1ec      0x1a8 ../assignment2_bsp/\libhal_bsp.a(alt_dev.o)
                0x0080c1ec                alt_dev_null
                0x0080c214                alt_fd_list
 .data          0x0080c394        0x0 ../assignment2_bsp/\libhal_bsp.a(alt_errno.o)
 .data          0x0080c394        0x0 ../assignment2_bsp/\libhal_bsp.a(alt_fstat.o)
 .data          0x0080c394        0x0 ../assignment2_bsp/\libhal_bsp.a(alt_irq_register.o)
 .data          0x0080c394        0x0 ../assignment2_bsp/\libhal_bsp.a(alt_irq_vars.o)
 .data          0x0080c394        0x0 ../assignment2_bsp/\libhal_bsp.a(alt_isatty.o)
 .data          0x0080c394        0x0 ../assignment2_bsp/\libhal_bsp.a(alt_load.o)
 .data          0x0080c394        0x0 ../assignment2_bsp/\libhal_bsp.a(alt_lseek.o)
 .data          0x0080c394        0x0 ../assignment2_bsp/\libhal_bsp.a(alt_main.o)
 .data          0x0080c394        0x0 ../assignment2_bsp/\libhal_bsp.a(alt_malloc_lock.o)
 .data          0x0080c394        0x0 ../assignment2_bsp/\libhal_bsp.a(alt_open.o)
 .data          0x0080c394        0x0 ../assignment2_bsp/\libhal_bsp.a(alt_read.o)
 .data          0x0080c394        0x0 ../assignment2_bsp/\libhal_bsp.a(alt_release_fd.o)
 .data          0x0080c394        0x0 ../assignment2_bsp/\libhal_bsp.a(alt_sbrk.o)
 .data          0x0080c394        0x0 ../assignment2_bsp/\libhal_bsp.a(alt_tick.o)
 .data          0x0080c394        0x0 ../assignment2_bsp/\libhal_bsp.a(alt_write.o)
 .data          0x0080c394     0x1244 ../assignment2_bsp/\libhal_bsp.a(alt_sys_init.o)
 .data          0x0080d5d8        0x0 ../assignment2_bsp/\libhal_bsp.a(altera_avalon_jtag_uart_fd.o)
 .data          0x0080d5d8        0x0 ../assignment2_bsp/\libhal_bsp.a(altera_avalon_jtag_uart_init.o)
 .data          0x0080d5d8        0x0 ../assignment2_bsp/\libhal_bsp.a(altera_avalon_jtag_uart_ioctl.o)
 .data          0x0080d5d8        0x0 ../assignment2_bsp/\libhal_bsp.a(altera_avalon_jtag_uart_read.o)
 .data          0x0080d5d8        0x0 ../assignment2_bsp/\libhal_bsp.a(altera_avalon_jtag_uart_write.o)
 .data          0x0080d5d8        0x0 ../assignment2_bsp/\libhal_bsp.a(altera_avalon_lcd_16207.o)
 .data          0x0080d5d8        0x0 ../assignment2_bsp/\libhal_bsp.a(altera_avalon_lcd_16207_fd.o)
 .data          0x0080d5d8        0x0 ../assignment2_bsp/\libhal_bsp.a(altera_avalon_timer_sc.o)
 .data          0x0080d5d8        0x0 ../assignment2_bsp/\libhal_bsp.a(altera_avalon_uart_fd.o)
 .data          0x0080d5d8        0x0 ../assignment2_bsp/\libhal_bsp.a(altera_avalon_uart_init.o)
 .data          0x0080d5d8        0x0 ../assignment2_bsp/\libhal_bsp.a(altera_avalon_uart_read.o)
 .data          0x0080d5d8        0x0 ../assignment2_bsp/\libhal_bsp.a(altera_avalon_uart_write.o)
 .data          0x0080d5d8        0x0 ../assignment2_bsp/\libhal_bsp.a(alt_dcache_flush_all.o)
 .data          0x0080d5d8        0x0 ../assignment2_bsp/\libhal_bsp.a(alt_dev_llist_insert.o)
 .data          0x0080d5d8        0x0 ../assignment2_bsp/\libhal_bsp.a(alt_do_ctors.o)
 .data          0x0080d5d8        0x0 ../assignment2_bsp/\libhal_bsp.a(alt_do_dtors.o)
 .data          0x0080d5d8        0x0 ../assignment2_bsp/\libhal_bsp.a(alt_find_dev.o)
 .data          0x0080d5d8        0x0 ../assignment2_bsp/\libhal_bsp.a(alt_find_file.o)
 .data          0x0080d5d8        0x0 ../assignment2_bsp/\libhal_bsp.a(alt_get_fd.o)
 .data          0x0080d5d8        0x0 ../assignment2_bsp/\libhal_bsp.a(alt_icache_flush_all.o)
 .data          0x0080d5d8        0x0 ../assignment2_bsp/\libhal_bsp.a(alt_iic.o)
 .data          0x0080d5d8        0x0 ../assignment2_bsp/\libhal_bsp.a(alt_iic_isr_register.o)
 .data          0x0080d5d8        0x0 ../assignment2_bsp/\libhal_bsp.a(alt_io_redirect.o)
 .data          0x0080d5d8        0x0 ../assignment2_bsp/\libhal_bsp.a(alt_irq_entry.o)
 .data          0x0080d5d8        0x0 ../assignment2_bsp/\libhal_bsp.a(alt_irq_handler.o)
 .data          0x0080d5d8        0x0 ../assignment2_bsp/\libhal_bsp.a(alt_usleep.o)
 .data          0x0080d5d8        0x0 ../assignment2_bsp/\libhal_bsp.a(altera_nios2_qsys_irq.o)
 .data          0x0080d5d8        0x0 ../assignment2_bsp/\libhal_bsp.a(alt_busy_sleep.o)
 .data          0x0080d5d8        0x0 ../assignment2_bsp/\libhal_bsp.a(alt_exception_entry.o)
 .data          0x0080d5d8        0x0 ../assignment2_bsp/\libhal_bsp.a(alt_icache_flush.o)
 .data          0x0080d5d8        0x0 c:/altera/13.0/nios2eds/bin/gnu/h-i686-mingw32/bin/../lib/gcc/nios2-elf/4.1.2/../../../../nios2-elf/lib\libc.a(lib_a-atexit.o)
 .data          0x0080d5d8        0x0 c:/altera/13.0/nios2eds/bin/gnu/h-i686-mingw32/bin/../lib/gcc/nios2-elf/4.1.2/../../../../nios2-elf/lib\libc.a(lib_a-ctype_.o)
 .data          0x0080d5d8        0x0 c:/altera/13.0/nios2eds/bin/gnu/h-i686-mingw32/bin/../lib/gcc/nios2-elf/4.1.2/../../../../nios2-elf/lib\libc.a(lib_a-exit.o)
 .data          0x0080d5d8        0x0 c:/altera/13.0/nios2eds/bin/gnu/h-i686-mingw32/bin/../lib/gcc/nios2-elf/4.1.2/../../../../nios2-elf/lib\libc.a(lib_a-memcmp.o)
 .data          0x0080d5d8        0x0 c:/altera/13.0/nios2eds/bin/gnu/h-i686-mingw32/bin/../lib/gcc/nios2-elf/4.1.2/../../../../nios2-elf/lib\libc.a(lib_a-__atexit.o)
 .data          0x0080d5d8        0x0 c:/altera/13.0/nios2eds/bin/gnu/h-i686-mingw32/bin/../lib/gcc/nios2-elf/4.1.2/../../../../nios2-elf/lib\libc.a(lib_a-__call_atexit.o)
 .data          0x0080d5d8        0x0 c:/altera/13.0/nios2eds/bin/gnu/h-i686-mingw32/bin/../lib/gcc/nios2-elf/4.1.2\libgcc.a(lib2-divmod.o)
 .data          0x0080d5d8        0x0 ../assignment2_bsp/\libhal_bsp.a(alt_exit.o)
                0x008155d8                _gp = ABSOLUTE ((. + 0x8000))
                0x008155d8                PROVIDE (gp, _gp)
 *(.rwdata .rwdata.*)
 *(.sdata .sdata.* .gnu.linkonce.s.*)
 .sdata         0x0080d5d8        0x8 obj/default/hello_world.o
                0x0080d5dc                previous_switch_value
 .sdata         0x0080d5e0        0x8 c:/altera/13.0/nios2eds/bin/gnu/h-i686-mingw32/bin/../lib/gcc/nios2-elf/4.1.2/../../../../nios2-elf/lib\libc.a(lib_a-impure.o)
                0x0080d5e0                _impure_ptr
                0x0080d5e4                _global_impure_ptr
 .sdata         0x0080d5e8        0x8 c:/altera/13.0/nios2eds/bin/gnu/h-i686-mingw32/bin/../lib/gcc/nios2-elf/4.1.2/../../../../nios2-elf/lib\libc.a(lib_a-mallocr.o)
                0x0080d5e8                __malloc_trim_threshold
                0x0080d5ec                __malloc_sbrk_base
 .sdata         0x0080d5f0       0x14 ../assignment2_bsp/\libhal_bsp.a(alt_dev.o)
                0x0080d5f0                alt_fs_list
                0x0080d5f8                alt_dev_list
                0x0080d600                alt_max_fd
 .sdata         0x0080d604        0x4 ../assignment2_bsp/\libhal_bsp.a(alt_errno.o)
                0x0080d604                alt_errno
 .sdata         0x0080d608        0x4 ../assignment2_bsp/\libhal_bsp.a(alt_irq_vars.o)
                0x0080d608                alt_priority_mask
 .sdata         0x0080d60c        0x4 ../assignment2_bsp/\libhal_bsp.a(alt_sbrk.o)
 .sdata         0x0080d610        0x8 ../assignment2_bsp/\libhal_bsp.a(alt_tick.o)
                0x0080d610                alt_alarm_list
 .sdata         0x0080d618        0x4 ../assignment2_bsp/\libhal_bsp.a(altera_avalon_lcd_16207.o)
 .sdata         0x0080d61c        0x4 c:/altera/13.0/nios2eds/bin/gnu/h-i686-mingw32/bin/../lib/gcc/nios2-elf/4.1.2/../../../../nios2-elf/lib\libc.a(lib_a-ctype_.o)
                0x0080d61c                __ctype_ptr
 *(.sdata2 .sdata2.* .gnu.linkonce.s2.*)
                0x0080d620                . = ALIGN (0x4)
                0x0080d620                _edata = ABSOLUTE (.)
                0x0080d620                PROVIDE (edata, ABSOLUTE (.))
                0x0080d620                PROVIDE (__ram_rwdata_end, ABSOLUTE (.))
                0x0080d620                PROVIDE (__flash_rwdata_start, LOADADDR (.rwdata))

.bss            0x0080f25c      0x518
                0x0080f25c                __bss_start = ABSOLUTE (.)
                0x0080f25c                PROVIDE (__sbss_start, ABSOLUTE (.))
                0x0080f25c                PROVIDE (___sbss_start, ABSOLUTE (.))
 *(.dynsbss)
 *(.sbss .sbss.* .gnu.linkonce.sb.*)
 .sbss          0x0080f25c       0x38 obj/default/hello_world.o
                0x0080f28c                mode
                0x0080f290                current_switch_value
 .sbss          0x0080f294        0xc obj/default/hello_world.o
                0x0080f294                fp
                0x0080f298                c
                0x0080f29c                uart_read
 .sbss          0x0080f2a0      0x132 obj/default/sccharts.o
                0x0080f2a0                _cg81
                0x0080f2a1                g40
                0x0080f2a2                g83
                0x0080f2a3                g143_e2
                0x0080f2a4                g91
                0x0080f2a5                _compsys303_a2_local_URI_stop
                0x0080f2a6                APace
                0x0080f2a7                g139
                0x0080f2a8                g4
                0x0080f2a9                g108
                0x0080f2aa                g19
                0x0080f2ab                g111
                0x0080f2ac                g139_fix1
                0x0080f2ad                g55
                0x0080f2ae                _cg59
                0x0080f2af                g27
                0x0080f2b0                g94_e9
                0x0080f2b1                PRE_g90
                0x0080f2b2                _compsys303_a2_local_AEI_start
                0x0080f2b3                g112
                0x0080f2b4                g139_e1_fix_fix
                0x0080f2b5                g3
                0x0080f2b6                URI_NOTRUNNING
                0x0080f2b7                g31b
                0x0080f2b8                g103
                0x0080f2b9                PRE_g27
                0x0080f2ba                g47
                0x0080f2bb                g86_e8
                0x0080f2bc                g85
                0x0080f2bd                g42
                0x0080f2be                g9
                0x0080f2bf                g127
                0x0080f2c0                _cg125
                0x0080f2c1                LRITO
                0x0080f2c2                _cg7
                0x0080f2c4                _PRE_GO
                0x0080f2c8                _compsys303_a2_local_AEI_ex
                0x0080f2c9                PRE_g3
                0x0080f2ca                g102
                0x0080f2cb                g140
                0x0080f2cc                _cg128
                0x0080f2cd                g115
                0x0080f2ce                g114_e10
                0x0080f2cf                PRE_g56
                0x0080f2d0                _compsys303_a2_local_LRI_ex
                0x0080f2d1                PRE_g75
                0x0080f2d2                g87
                0x0080f2d3                g44
                0x0080f2d4                g123
                0x0080f2d5                _cg84
                0x0080f2d6                PRE_g65
                0x0080f2d7                g92
                0x0080f2d8                g1
                0x0080f2d9                g61
                0x0080f2da                g135
                0x0080f2db                g71
                0x0080f2dc                PRE_g141
                0x0080f2dd                g7b
                0x0080f2de                PRE_g118
                0x0080f2df                g126
                0x0080f2e0                g82
                0x0080f2e1                g12
                0x0080f2e2                g97
                0x0080f2e3                g52
                0x0080f2e4                _cg85
                0x0080f2e5                _cg46
                0x0080f2e6                _cg74
                0x0080f2e7                _compsys303_a2_local_AVI_stop
                0x0080f2e8                g17
                0x0080f2e9                g76
                0x0080f2ea                g31
                0x0080f2eb                g139_fix0
                0x0080f2ec                g37
                0x0080f2ed                g62
                0x0080f2ee                g84
                0x0080f2ef                g41
                0x0080f2f0                _cg61
                0x0080f2f1                _cg119
                0x0080f2f2                g118
                0x0080f2f3                g119b
                0x0080f2f4                PRE_g8
                0x0080f2f5                _cg69
                0x0080f2f6                PRE_g136
                0x0080f2f7                _compsys303_a2_local_AVI_ex
                0x0080f2f8                g18
                0x0080f2f9                PRE_g124
                0x0080f2fa                ASense
                0x0080f2fb                PRE_g50
                0x0080f2fc                PRE_g104
                0x0080f2fd                g132
                0x0080f2fe                g48
                0x0080f2ff                PRE_g35
                0x0080f300                g134_e12
                0x0080f301                g78_e7
                0x0080f302                _cg111
                0x0080f303                g38
                0x0080f304                g105
                0x0080f305                _cg97
                0x0080f306                PRE_g116
                0x0080f307                _cg132
                0x0080f308                PRE_g42
                0x0080f309                g117
                0x0080f30a                _cg20
                0x0080f30b                _cg76
                0x0080f30c                _cg43
                0x0080f30d                _compsys303_a2_local_PVARP_stop
                0x0080f30e                g22b
                0x0080f30f                _cg28
                0x0080f310                g64
                0x0080f311                g21
                0x0080f312                g74b
                0x0080f313                _cg107
                0x0080f314                _cg51
                0x0080f315                _cg14
                0x0080f316                _cg68
                0x0080f317                g79
                0x0080f318                g34
                0x0080f319                g5
                0x0080f31a                g94
                0x0080f31b                g110
                0x0080f31c                g49
                0x0080f31d                g2
                0x0080f31e                g7
                0x0080f31f                _cg53
                0x0080f320                _cg16
                0x0080f321                _compsys303_a2_local_AEI_stop
                0x0080f322                PRE_g101
                0x0080f323                g80
                0x0080f324                PRE_g80
                0x0080f325                g139_fix3
                0x0080f326                g128
                0x0080f327                g136
                0x0080f328                g143
                0x0080f329                g100
                0x0080f32a                g59
                0x0080f32b                g99
                0x0080f32c                g54
                0x0080f32d                g66
                0x0080f32e                g23
                0x0080f32f                g14
                0x0080f330                _compsys303_a2_local_URI_start
                0x0080f331                _compsys303_a2_local_VRP_stop
                0x0080f332                g144
                0x0080f333                g101
                0x0080f334                g25_e2
                0x0080f335                _cg100
                0x0080f336                g114
                0x0080f337                g56
                0x0080f338                g129
                0x0080f339                g131
                0x0080f33a                VSense
                0x0080f33b                PRE_g6
                0x0080f33c                g78
                0x0080f33d                g33
                0x0080f33e                _cg133
                0x0080f33f                g122
                0x0080f340                g71_e6
                0x0080f341                PRE_g96
                0x0080f342                PRE_g67
                0x0080f343                PRE_g83
                0x0080f344                _cg130
                0x0080f345                g134
                0x0080f346                g35
                0x0080f347                _cg38
                0x0080f348                g15
                0x0080f349                g90
                0x0080f34a                _GO
                0x0080f34b                g89b
                0x0080f34c                URITO
                0x0080f34d                VRPTO
                0x0080f34e                PRE_g11
                0x0080f34f                g63
                0x0080f350                g20
                0x0080f351                AVITO
                0x0080f352                g60
                0x0080f353                g68b
                0x0080f354                PRE_g19
                0x0080f355                g66b
                0x0080f356                g93
                0x0080f357                _cg22
                0x0080f358                g119
                0x0080f359                g84b
                0x0080f35a                g86
                0x0080f35b                g43
                0x0080f35c                PRE_g88
                0x0080f35d                PVARPTO
                0x0080f35e                g36
                0x0080f35f                g89
                0x0080f360                g46
                0x0080f361                g57b
                0x0080f362                g138_e13
                0x0080f363                g95
                0x0080f364                g50
                0x0080f365                g96
                0x0080f366                g51
                0x0080f367                g138
                0x0080f368                g107
                0x0080f369                g113
                0x0080f36a                _cg117
                0x0080f36b                PRE_g129
                0x0080f36c                PRE_g48
                0x0080f36d                _cg112
                0x0080f36e                g104
                0x0080f36f                g139_e1_fix
                0x0080f370                g13
                0x0080f371                g98
                0x0080f372                g53
                0x0080f373                g8
                0x0080f374                g57
                0x0080f375                _compsys303_a2_local_AVI_start
                0x0080f376                g70
                0x0080f377                _cg66
                0x0080f378                g139_e1
                0x0080f379                g91b
                0x0080f37a                g141
                0x0080f37b                g36b
                0x0080f37c                g116
                0x0080f37d                g6
                0x0080f37e                g72
                0x0080f37f                g81
                0x0080f380                g117b
                0x0080f381                _compsys303_a2_local_PVARP_start
                0x0080f382                g124
                0x0080f383                _cg108
                0x0080f384                _cg13
                0x0080f385                _cg9
                0x0080f386                PRE_g99
                0x0080f387                g137
                0x0080f388                g17_e1
                0x0080f389                _compsys303_a2_local_URI_ex
                0x0080f38a                g0
                0x0080f38b                _cg89
                0x0080f38c                g128b
                0x0080f38d                g139_fix2
                0x0080f38e                _cg54
                0x0080f38f                _cg91
                0x0080f390                g75
                0x0080f391                g30
                0x0080f392                PRE_g21
                0x0080f393                g16
                0x0080f394                g58
                0x0080f395                g63_e5
                0x0080f396                _compsys303_a2_local_LRI_stop
                0x0080f397                _cg57
                0x0080f398                g25
                0x0080f399                g68
                0x0080f39a                g142
                0x0080f39b                _compsys303_a2_local_LRI_start
                0x0080f39c                g11
                0x0080f39d                g65
                0x0080f39e                g22
                0x0080f39f                g28
                0x0080f3a0                g73
                0x0080f3a1                _cg113
                0x0080f3a2                g40_e4
                0x0080f3a3                g125
                0x0080f3a4                g77
                0x0080f3a5                g32
                0x0080f3a6                _compsys303_a2_local_PVARP_ex
                0x0080f3a7                g20b
                0x0080f3a8                g88
                0x0080f3a9                g45
                0x0080f3aa                _cg23
                0x0080f3ab                _compsys303_a2_local_VRP_ex
                0x0080f3ac                PRE_g127
                0x0080f3ad                _compsys303_a2_local_VRP_start
                0x0080f3ae                _cg55
                0x0080f3af                _cg92
                0x0080f3b0                PRE_g45
                0x0080f3b1                g130
                0x0080f3b2                g49b
                0x0080f3b3                PRE_g73
                0x0080f3b4                PRE_g30
                0x0080f3b5                g121
                0x0080f3b6                g100b
                0x0080f3b7                _cg109
                0x0080f3b8                VPace
                0x0080f3b9                g12b
                0x0080f3ba                g39
                0x0080f3bb                _cg49
                0x0080f3bc                g120
                0x0080f3bd                _cg120
                0x0080f3be                g29
                0x0080f3bf                g67
                0x0080f3c0                g24
                0x0080f3c1                _cg4
                0x0080f3c2                g133
                0x0080f3c3                g109
                0x0080f3c4                _cg32
                0x0080f3c5                g106
                0x0080f3c6                _cg36
                0x0080f3c7                _cg31
                0x0080f3c8                g10
                0x0080f3c9                _cg102
                0x0080f3ca                AEITO
                0x0080f3cb                g69
                0x0080f3cc                g26
                0x0080f3cd                PRE_g37
                0x0080f3ce                g122_e11
                0x0080f3cf                _cg105
                0x0080f3d0                g74
                0x0080f3d1                g33_e3
 *fill*         0x0080f3d2        0x2 00
 .sbss          0x0080f3d4        0xc c:/altera/13.0/nios2eds/bin/gnu/h-i686-mingw32/bin/../lib/gcc/nios2-elf/4.1.2/../../../../nios2-elf/lib\libc.a(lib_a-mallocr.o)
                0x0080f3d4                __malloc_top_pad
                0x0080f3d8                __malloc_max_sbrked_mem
                0x0080f3dc                __malloc_max_total_mem
 .sbss          0x0080f3e0        0x4 c:/altera/13.0/nios2eds/bin/gnu/h-i686-mingw32/bin/../lib/gcc/nios2-elf/4.1.2/../../../../nios2-elf/lib\libc.a(lib_a-int_errno.o)
                0x0080f3e0                errno
 .sbss          0x0080f3e4        0x4 ../assignment2_bsp/\libhal_bsp.a(alt_irq_vars.o)
                0x0080f3e4                alt_irq_active
 .sbss          0x0080f3e8        0xc ../assignment2_bsp/\libhal_bsp.a(alt_main.o)
                0x0080f3e8                alt_argc
                0x0080f3ec                alt_argv
                0x0080f3f0                alt_envp
 .sbss          0x0080f3f4        0x8 ../assignment2_bsp/\libhal_bsp.a(alt_tick.o)
                0x0080f3f4                _alt_tick_rate
                0x0080f3f8                _alt_nticks
 *(.sbss2 .sbss2.* .gnu.linkonce.sb2.*)
 *(.scommon)
                0x0080f3fc                PROVIDE (__sbss_end, ABSOLUTE (.))
                0x0080f3fc                PROVIDE (___sbss_end, ABSOLUTE (.))
 *(.dynbss)
 *(.bss .bss.* .gnu.linkonce.b.*)
 .bss           0x0080f3fc        0x0 ../assignment2_bsp//obj/HAL/src/crt0.o
 .bss           0x0080f3fc       0xc0 obj/default/hello_world.o
 .bss           0x0080f4bc        0x0 obj/default/sccharts.o
 .bss           0x0080f4bc        0x0 c:/altera/13.0/nios2eds/bin/gnu/h-i686-mingw32/bin/../lib/gcc/nios2-elf/4.1.2/../../../../nios2-elf/lib\libc.a(lib_a-puts.o)
 .bss           0x0080f4bc        0x0 c:/altera/13.0/nios2eds/bin/gnu/h-i686-mingw32/bin/../lib/gcc/nios2-elf/4.1.2/../../../../nios2-elf/lib\libc.a(lib_a-strlen.o)
 .bss           0x0080f4bc        0x0 c:/altera/13.0/nios2eds/bin/gnu/h-i686-mingw32/bin/../lib/gcc/nios2-elf/4.1.2/../../../../nios2-elf/lib\libc.a(lib_a-fvwrite.o)
 .bss           0x0080f4bc        0x0 c:/altera/13.0/nios2eds/bin/gnu/h-i686-mingw32/bin/../lib/gcc/nios2-elf/4.1.2/../../../../nios2-elf/lib\libc.a(lib_a-impure.o)
 .bss           0x0080f4bc       0x28 c:/altera/13.0/nios2eds/bin/gnu/h-i686-mingw32/bin/../lib/gcc/nios2-elf/4.1.2/../../../../nios2-elf/lib\libc.a(lib_a-mallocr.o)
                0x0080f4bc                __malloc_current_mallinfo
 .bss           0x0080f4e4        0x0 c:/altera/13.0/nios2eds/bin/gnu/h-i686-mingw32/bin/../lib/gcc/nios2-elf/4.1.2/../../../../nios2-elf/lib\libc.a(lib_a-memchr.o)
 .bss           0x0080f4e4        0x0 c:/altera/13.0/nios2eds/bin/gnu/h-i686-mingw32/bin/../lib/gcc/nios2-elf/4.1.2/../../../../nios2-elf/lib\libc.a(lib_a-memcpy.o)
 .bss           0x0080f4e4        0x0 c:/altera/13.0/nios2eds/bin/gnu/h-i686-mingw32/bin/../lib/gcc/nios2-elf/4.1.2/../../../../nios2-elf/lib\libc.a(lib_a-memmove.o)
 .bss           0x0080f4e4        0x0 c:/altera/13.0/nios2eds/bin/gnu/h-i686-mingw32/bin/../lib/gcc/nios2-elf/4.1.2/../../../../nios2-elf/lib\libc.a(lib_a-reallocr.o)
 .bss           0x0080f4e4        0x0 c:/altera/13.0/nios2eds/bin/gnu/h-i686-mingw32/bin/../lib/gcc/nios2-elf/4.1.2/../../../../nios2-elf/lib\libc.a(lib_a-sbrkr.o)
 .bss           0x0080f4e4        0x0 c:/altera/13.0/nios2eds/bin/gnu/h-i686-mingw32/bin/../lib/gcc/nios2-elf/4.1.2/../../../../nios2-elf/lib\libc.a(lib_a-wsetup.o)
 .bss           0x0080f4e4        0x0 c:/altera/13.0/nios2eds/bin/gnu/h-i686-mingw32/bin/../lib/gcc/nios2-elf/4.1.2/../../../../nios2-elf/lib\libc.a(lib_a-fflush.o)
 .bss           0x0080f4e4        0x0 c:/altera/13.0/nios2eds/bin/gnu/h-i686-mingw32/bin/../lib/gcc/nios2-elf/4.1.2/../../../../nios2-elf/lib\libc.a(lib_a-findfp.o)
 .bss           0x0080f4e4        0x0 c:/altera/13.0/nios2eds/bin/gnu/h-i686-mingw32/bin/../lib/gcc/nios2-elf/4.1.2/../../../../nios2-elf/lib\libc.a(lib_a-freer.o)
 .bss           0x0080f4e4        0x0 c:/altera/13.0/nios2eds/bin/gnu/h-i686-mingw32/bin/../lib/gcc/nios2-elf/4.1.2/../../../../nios2-elf/lib\libc.a(lib_a-fwalk.o)
 .bss           0x0080f4e4        0x0 c:/altera/13.0/nios2eds/bin/gnu/h-i686-mingw32/bin/../lib/gcc/nios2-elf/4.1.2/../../../../nios2-elf/lib\libc.a(lib_a-int_errno.o)
 .bss           0x0080f4e4        0x0 c:/altera/13.0/nios2eds/bin/gnu/h-i686-mingw32/bin/../lib/gcc/nios2-elf/4.1.2/../../../../nios2-elf/lib\libc.a(lib_a-makebuf.o)
 .bss           0x0080f4e4        0x0 c:/altera/13.0/nios2eds/bin/gnu/h-i686-mingw32/bin/../lib/gcc/nios2-elf/4.1.2/../../../../nios2-elf/lib\libc.a(lib_a-memset.o)
 .bss           0x0080f4e4        0x0 c:/altera/13.0/nios2eds/bin/gnu/h-i686-mingw32/bin/../lib/gcc/nios2-elf/4.1.2/../../../../nios2-elf/lib\libc.a(lib_a-stdio.o)
 .bss           0x0080f4e4        0x0 c:/altera/13.0/nios2eds/bin/gnu/h-i686-mingw32/bin/../lib/gcc/nios2-elf/4.1.2/../../../../nios2-elf/lib\libc.a(lib_a-writer.o)
 .bss           0x0080f4e4        0x0 c:/altera/13.0/nios2eds/bin/gnu/h-i686-mingw32/bin/../lib/gcc/nios2-elf/4.1.2/../../../../nios2-elf/lib\libc.a(lib_a-closer.o)
 .bss           0x0080f4e4        0x0 c:/altera/13.0/nios2eds/bin/gnu/h-i686-mingw32/bin/../lib/gcc/nios2-elf/4.1.2/../../../../nios2-elf/lib\libc.a(lib_a-fclose.o)
 .bss           0x0080f4e4        0x0 c:/altera/13.0/nios2eds/bin/gnu/h-i686-mingw32/bin/../lib/gcc/nios2-elf/4.1.2/../../../../nios2-elf/lib\libc.a(lib_a-fstatr.o)
 .bss           0x0080f4e4        0x0 c:/altera/13.0/nios2eds/bin/gnu/h-i686-mingw32/bin/../lib/gcc/nios2-elf/4.1.2/../../../../nios2-elf/lib\libc.a(lib_a-isattyr.o)
 .bss           0x0080f4e4        0x0 c:/altera/13.0/nios2eds/bin/gnu/h-i686-mingw32/bin/../lib/gcc/nios2-elf/4.1.2/../../../../nios2-elf/lib\libc.a(lib_a-lseekr.o)
 .bss           0x0080f4e4        0x0 c:/altera/13.0/nios2eds/bin/gnu/h-i686-mingw32/bin/../lib/gcc/nios2-elf/4.1.2/../../../../nios2-elf/lib\libc.a(lib_a-readr.o)
 .bss           0x0080f4e4        0x0 ../assignment2_bsp/\libhal_bsp.a(alt_alarm_start.o)
 .bss           0x0080f4e4        0x0 ../assignment2_bsp/\libhal_bsp.a(alt_close.o)
 .bss           0x0080f4e4        0x0 ../assignment2_bsp/\libhal_bsp.a(alt_dev.o)
 .bss           0x0080f4e4        0x0 ../assignment2_bsp/\libhal_bsp.a(alt_errno.o)
 .bss           0x0080f4e4        0x0 ../assignment2_bsp/\libhal_bsp.a(alt_fstat.o)
 .bss           0x0080f4e4        0x0 ../assignment2_bsp/\libhal_bsp.a(alt_irq_register.o)
 .bss           0x0080f4e4        0x0 ../assignment2_bsp/\libhal_bsp.a(alt_irq_vars.o)
 .bss           0x0080f4e4        0x0 ../assignment2_bsp/\libhal_bsp.a(alt_isatty.o)
 .bss           0x0080f4e4        0x0 ../assignment2_bsp/\libhal_bsp.a(alt_load.o)
 .bss           0x0080f4e4        0x0 ../assignment2_bsp/\libhal_bsp.a(alt_lseek.o)
 .bss           0x0080f4e4        0x0 ../assignment2_bsp/\libhal_bsp.a(alt_main.o)
 .bss           0x0080f4e4        0x0 ../assignment2_bsp/\libhal_bsp.a(alt_malloc_lock.o)
 .bss           0x0080f4e4        0x0 ../assignment2_bsp/\libhal_bsp.a(alt_open.o)
 .bss           0x0080f4e4        0x0 ../assignment2_bsp/\libhal_bsp.a(alt_read.o)
 .bss           0x0080f4e4        0x0 ../assignment2_bsp/\libhal_bsp.a(alt_release_fd.o)
 .bss           0x0080f4e4        0x0 ../assignment2_bsp/\libhal_bsp.a(alt_sbrk.o)
 .bss           0x0080f4e4        0x0 ../assignment2_bsp/\libhal_bsp.a(alt_tick.o)
 .bss           0x0080f4e4        0x0 ../assignment2_bsp/\libhal_bsp.a(alt_write.o)
 .bss           0x0080f4e4        0x0 ../assignment2_bsp/\libhal_bsp.a(alt_sys_init.o)
 .bss           0x0080f4e4        0x0 ../assignment2_bsp/\libhal_bsp.a(altera_avalon_jtag_uart_fd.o)
 .bss           0x0080f4e4        0x0 ../assignment2_bsp/\libhal_bsp.a(altera_avalon_jtag_uart_init.o)
 .bss           0x0080f4e4        0x0 ../assignment2_bsp/\libhal_bsp.a(altera_avalon_jtag_uart_ioctl.o)
 .bss           0x0080f4e4        0x0 ../assignment2_bsp/\libhal_bsp.a(altera_avalon_jtag_uart_read.o)
 .bss           0x0080f4e4        0x0 ../assignment2_bsp/\libhal_bsp.a(altera_avalon_jtag_uart_write.o)
 .bss           0x0080f4e4        0x0 ../assignment2_bsp/\libhal_bsp.a(altera_avalon_lcd_16207.o)
 .bss           0x0080f4e4        0x0 ../assignment2_bsp/\libhal_bsp.a(altera_avalon_lcd_16207_fd.o)
 .bss           0x0080f4e4        0x0 ../assignment2_bsp/\libhal_bsp.a(altera_avalon_timer_sc.o)
 .bss           0x0080f4e4        0x0 ../assignment2_bsp/\libhal_bsp.a(altera_avalon_uart_fd.o)
 .bss           0x0080f4e4        0x0 ../assignment2_bsp/\libhal_bsp.a(altera_avalon_uart_init.o)
 .bss           0x0080f4e4        0x0 ../assignment2_bsp/\libhal_bsp.a(altera_avalon_uart_read.o)
 .bss           0x0080f4e4        0x0 ../assignment2_bsp/\libhal_bsp.a(altera_avalon_uart_write.o)
 .bss           0x0080f4e4        0x0 ../assignment2_bsp/\libhal_bsp.a(alt_dcache_flush_all.o)
 .bss           0x0080f4e4        0x0 ../assignment2_bsp/\libhal_bsp.a(alt_dev_llist_insert.o)
 .bss           0x0080f4e4        0x0 ../assignment2_bsp/\libhal_bsp.a(alt_do_ctors.o)
 .bss           0x0080f4e4        0x0 ../assignment2_bsp/\libhal_bsp.a(alt_do_dtors.o)
 .bss           0x0080f4e4        0x0 ../assignment2_bsp/\libhal_bsp.a(alt_find_dev.o)
 .bss           0x0080f4e4        0x0 ../assignment2_bsp/\libhal_bsp.a(alt_find_file.o)
 .bss           0x0080f4e4        0x0 ../assignment2_bsp/\libhal_bsp.a(alt_get_fd.o)
 .bss           0x0080f4e4        0x0 ../assignment2_bsp/\libhal_bsp.a(alt_icache_flush_all.o)
 .bss           0x0080f4e4        0x0 ../assignment2_bsp/\libhal_bsp.a(alt_iic.o)
 .bss           0x0080f4e4        0x0 ../assignment2_bsp/\libhal_bsp.a(alt_iic_isr_register.o)
 .bss           0x0080f4e4        0x0 ../assignment2_bsp/\libhal_bsp.a(alt_io_redirect.o)
 .bss           0x0080f4e4        0x0 ../assignment2_bsp/\libhal_bsp.a(alt_irq_entry.o)
 .bss           0x0080f4e4        0x0 ../assignment2_bsp/\libhal_bsp.a(alt_irq_handler.o)
 .bss           0x0080f4e4        0x0 ../assignment2_bsp/\libhal_bsp.a(alt_usleep.o)
 .bss           0x0080f4e4        0x0 ../assignment2_bsp/\libhal_bsp.a(altera_nios2_qsys_irq.o)
 .bss           0x0080f4e4        0x0 ../assignment2_bsp/\libhal_bsp.a(alt_busy_sleep.o)
 .bss           0x0080f4e4        0x0 ../assignment2_bsp/\libhal_bsp.a(alt_exception_entry.o)
 .bss           0x0080f4e4        0x0 ../assignment2_bsp/\libhal_bsp.a(alt_icache_flush.o)
 .bss           0x0080f4e4        0x0 c:/altera/13.0/nios2eds/bin/gnu/h-i686-mingw32/bin/../lib/gcc/nios2-elf/4.1.2/../../../../nios2-elf/lib\libc.a(lib_a-atexit.o)
 .bss           0x0080f4e4        0x0 c:/altera/13.0/nios2eds/bin/gnu/h-i686-mingw32/bin/../lib/gcc/nios2-elf/4.1.2/../../../../nios2-elf/lib\libc.a(lib_a-ctype_.o)
 .bss           0x0080f4e4        0x0 c:/altera/13.0/nios2eds/bin/gnu/h-i686-mingw32/bin/../lib/gcc/nios2-elf/4.1.2/../../../../nios2-elf/lib\libc.a(lib_a-exit.o)
 .bss           0x0080f4e4        0x0 c:/altera/13.0/nios2eds/bin/gnu/h-i686-mingw32/bin/../lib/gcc/nios2-elf/4.1.2/../../../../nios2-elf/lib\libc.a(lib_a-memcmp.o)
 .bss           0x0080f4e4        0x0 c:/altera/13.0/nios2eds/bin/gnu/h-i686-mingw32/bin/../lib/gcc/nios2-elf/4.1.2/../../../../nios2-elf/lib\libc.a(lib_a-__atexit.o)
 .bss           0x0080f4e4        0x0 c:/altera/13.0/nios2eds/bin/gnu/h-i686-mingw32/bin/../lib/gcc/nios2-elf/4.1.2/../../../../nios2-elf/lib\libc.a(lib_a-__call_atexit.o)
 .bss           0x0080f4e4        0x0 c:/altera/13.0/nios2eds/bin/gnu/h-i686-mingw32/bin/../lib/gcc/nios2-elf/4.1.2\libgcc.a(lib2-divmod.o)
 .bss           0x0080f4e4        0x0 ../assignment2_bsp/\libhal_bsp.a(alt_exit.o)
 *(COMMON)
 COMMON         0x0080f4e4      0x100 ../assignment2_bsp/\libhal_bsp.a(alt_irq_handler.o)
                0x0080f4e4                alt_irq
 COMMON         0x0080f5e4      0x190 c:/altera/13.0/nios2eds/bin/gnu/h-i686-mingw32/bin/../lib/gcc/nios2-elf/4.1.2/../../../../nios2-elf/lib\libc.a(lib_a-atexit.o)
                0x0080f5e4                _atexit0
                0x0080f774                . = ALIGN (0x4)
                0x0080f774                __bss_end = ABSOLUTE (.)

.sdram_controller
                0x0080f774        0x0
                0x0080f774                PROVIDE (_alt_partition_sdram_controller_start, ABSOLUTE (.))
 *(.sdram_controller. sdram_controller.*)
                0x0080f774                . = ALIGN (0x4)
                0x0080f774                PROVIDE (_alt_partition_sdram_controller_end, ABSOLUTE (.))
                0x0080f774                _end = ABSOLUTE (.)
                0x0080f774                end = ABSOLUTE (.)
                0x0080f774                __alt_stack_base = ABSOLUTE (.)
                0x0080f774                PROVIDE (_alt_partition_sdram_controller_load_addr, LOADADDR (.sdram_controller))

.onchip_mem     0x01008000        0x0 load address 0x0080f774
                0x01008000                PROVIDE (_alt_partition_onchip_mem_start, ABSOLUTE (.))
 *(.onchip_mem. onchip_mem.*)
                0x01008000                . = ALIGN (0x4)
                0x01008000                PROVIDE (_alt_partition_onchip_mem_end, ABSOLUTE (.))
                0x0080f774                PROVIDE (_alt_partition_onchip_mem_load_addr, LOADADDR (.onchip_mem))

.stab
 *(.stab)

.stabstr
 *(.stabstr)

.stab.excl
 *(.stab.excl)

.stab.exclstr
 *(.stab.exclstr)

.stab.index
 *(.stab.index)

.stab.indexstr
 *(.stab.indexstr)

.comment        0x00000000       0x23
 *(.comment)
 .comment       0x00000000       0x23 obj/default/hello_world.o
                                 0x24 (size before relaxing)
 .comment       0x00000000       0x24 obj/default/sccharts.o
 .comment       0x00000000       0x24 c:/altera/13.0/nios2eds/bin/gnu/h-i686-mingw32/bin/../lib/gcc/nios2-elf/4.1.2/../../../../nios2-elf/lib\libc.a(lib_a-puts.o)
 .comment       0x00000000       0x24 c:/altera/13.0/nios2eds/bin/gnu/h-i686-mingw32/bin/../lib/gcc/nios2-elf/4.1.2/../../../../nios2-elf/lib\libc.a(lib_a-strlen.o)
 .comment       0x00000000       0x24 c:/altera/13.0/nios2eds/bin/gnu/h-i686-mingw32/bin/../lib/gcc/nios2-elf/4.1.2/../../../../nios2-elf/lib\libc.a(lib_a-fvwrite.o)
 .comment       0x00000000       0x24 c:/altera/13.0/nios2eds/bin/gnu/h-i686-mingw32/bin/../lib/gcc/nios2-elf/4.1.2/../../../../nios2-elf/lib\libc.a(lib_a-impure.o)
 .comment       0x00000000       0x24 c:/altera/13.0/nios2eds/bin/gnu/h-i686-mingw32/bin/../lib/gcc/nios2-elf/4.1.2/../../../../nios2-elf/lib\libc.a(lib_a-mallocr.o)
 .comment       0x00000000       0x24 c:/altera/13.0/nios2eds/bin/gnu/h-i686-mingw32/bin/../lib/gcc/nios2-elf/4.1.2/../../../../nios2-elf/lib\libc.a(lib_a-memchr.o)
 .comment       0x00000000       0x24 c:/altera/13.0/nios2eds/bin/gnu/h-i686-mingw32/bin/../lib/gcc/nios2-elf/4.1.2/../../../../nios2-elf/lib\libc.a(lib_a-memcpy.o)
 .comment       0x00000000       0x24 c:/altera/13.0/nios2eds/bin/gnu/h-i686-mingw32/bin/../lib/gcc/nios2-elf/4.1.2/../../../../nios2-elf/lib\libc.a(lib_a-memmove.o)
 .comment       0x00000000       0x24 c:/altera/13.0/nios2eds/bin/gnu/h-i686-mingw32/bin/../lib/gcc/nios2-elf/4.1.2/../../../../nios2-elf/lib\libc.a(lib_a-reallocr.o)
 .comment       0x00000000       0x24 c:/altera/13.0/nios2eds/bin/gnu/h-i686-mingw32/bin/../lib/gcc/nios2-elf/4.1.2/../../../../nios2-elf/lib\libc.a(lib_a-sbrkr.o)
 .comment       0x00000000       0x24 c:/altera/13.0/nios2eds/bin/gnu/h-i686-mingw32/bin/../lib/gcc/nios2-elf/4.1.2/../../../../nios2-elf/lib\libc.a(lib_a-wsetup.o)
 .comment       0x00000000       0x24 c:/altera/13.0/nios2eds/bin/gnu/h-i686-mingw32/bin/../lib/gcc/nios2-elf/4.1.2/../../../../nios2-elf/lib\libc.a(lib_a-fflush.o)
 .comment       0x00000000       0x24 c:/altera/13.0/nios2eds/bin/gnu/h-i686-mingw32/bin/../lib/gcc/nios2-elf/4.1.2/../../../../nios2-elf/lib\libc.a(lib_a-findfp.o)
 .comment       0x00000000       0x24 c:/altera/13.0/nios2eds/bin/gnu/h-i686-mingw32/bin/../lib/gcc/nios2-elf/4.1.2/../../../../nios2-elf/lib\libc.a(lib_a-freer.o)
 .comment       0x00000000       0x24 c:/altera/13.0/nios2eds/bin/gnu/h-i686-mingw32/bin/../lib/gcc/nios2-elf/4.1.2/../../../../nios2-elf/lib\libc.a(lib_a-fwalk.o)
 .comment       0x00000000       0x24 c:/altera/13.0/nios2eds/bin/gnu/h-i686-mingw32/bin/../lib/gcc/nios2-elf/4.1.2/../../../../nios2-elf/lib\libc.a(lib_a-int_errno.o)
 .comment       0x00000000       0x24 c:/altera/13.0/nios2eds/bin/gnu/h-i686-mingw32/bin/../lib/gcc/nios2-elf/4.1.2/../../../../nios2-elf/lib\libc.a(lib_a-makebuf.o)
 .comment       0x00000000       0x24 c:/altera/13.0/nios2eds/bin/gnu/h-i686-mingw32/bin/../lib/gcc/nios2-elf/4.1.2/../../../../nios2-elf/lib\libc.a(lib_a-memset.o)
 .comment       0x00000000       0x24 c:/altera/13.0/nios2eds/bin/gnu/h-i686-mingw32/bin/../lib/gcc/nios2-elf/4.1.2/../../../../nios2-elf/lib\libc.a(lib_a-stdio.o)
 .comment       0x00000000       0x24 c:/altera/13.0/nios2eds/bin/gnu/h-i686-mingw32/bin/../lib/gcc/nios2-elf/4.1.2/../../../../nios2-elf/lib\libc.a(lib_a-writer.o)
 .comment       0x00000000       0x24 c:/altera/13.0/nios2eds/bin/gnu/h-i686-mingw32/bin/../lib/gcc/nios2-elf/4.1.2/../../../../nios2-elf/lib\libc.a(lib_a-closer.o)
 .comment       0x00000000       0x24 c:/altera/13.0/nios2eds/bin/gnu/h-i686-mingw32/bin/../lib/gcc/nios2-elf/4.1.2/../../../../nios2-elf/lib\libc.a(lib_a-fclose.o)
 .comment       0x00000000       0x24 c:/altera/13.0/nios2eds/bin/gnu/h-i686-mingw32/bin/../lib/gcc/nios2-elf/4.1.2/../../../../nios2-elf/lib\libc.a(lib_a-fstatr.o)
 .comment       0x00000000       0x24 c:/altera/13.0/nios2eds/bin/gnu/h-i686-mingw32/bin/../lib/gcc/nios2-elf/4.1.2/../../../../nios2-elf/lib\libc.a(lib_a-isattyr.o)
 .comment       0x00000000       0x24 c:/altera/13.0/nios2eds/bin/gnu/h-i686-mingw32/bin/../lib/gcc/nios2-elf/4.1.2/../../../../nios2-elf/lib\libc.a(lib_a-lseekr.o)
 .comment       0x00000000       0x24 c:/altera/13.0/nios2eds/bin/gnu/h-i686-mingw32/bin/../lib/gcc/nios2-elf/4.1.2/../../../../nios2-elf/lib\libc.a(lib_a-readr.o)
 .comment       0x00000000       0x24 ../assignment2_bsp/\libhal_bsp.a(alt_alarm_start.o)
 .comment       0x00000000       0x24 ../assignment2_bsp/\libhal_bsp.a(alt_close.o)
 .comment       0x00000000       0x24 ../assignment2_bsp/\libhal_bsp.a(alt_dev.o)
 .comment       0x00000000       0x24 ../assignment2_bsp/\libhal_bsp.a(alt_errno.o)
 .comment       0x00000000       0x24 ../assignment2_bsp/\libhal_bsp.a(alt_fstat.o)
 .comment       0x00000000       0x24 ../assignment2_bsp/\libhal_bsp.a(alt_irq_register.o)
 .comment       0x00000000       0x24 ../assignment2_bsp/\libhal_bsp.a(alt_irq_vars.o)
 .comment       0x00000000       0x24 ../assignment2_bsp/\libhal_bsp.a(alt_isatty.o)
 .comment       0x00000000       0x24 ../assignment2_bsp/\libhal_bsp.a(alt_load.o)
 .comment       0x00000000       0x24 ../assignment2_bsp/\libhal_bsp.a(alt_lseek.o)
 .comment       0x00000000       0x24 ../assignment2_bsp/\libhal_bsp.a(alt_main.o)
 .comment       0x00000000       0x24 ../assignment2_bsp/\libhal_bsp.a(alt_malloc_lock.o)
 .comment       0x00000000       0x24 ../assignment2_bsp/\libhal_bsp.a(alt_open.o)
 .comment       0x00000000       0x24 ../assignment2_bsp/\libhal_bsp.a(alt_read.o)
 .comment       0x00000000       0x24 ../assignment2_bsp/\libhal_bsp.a(alt_release_fd.o)
 .comment       0x00000000       0x24 ../assignment2_bsp/\libhal_bsp.a(alt_sbrk.o)
 .comment       0x00000000       0x24 ../assignment2_bsp/\libhal_bsp.a(alt_tick.o)
 .comment       0x00000000       0x24 ../assignment2_bsp/\libhal_bsp.a(alt_write.o)
 .comment       0x00000000       0x24 ../assignment2_bsp/\libhal_bsp.a(alt_sys_init.o)
 .comment       0x00000000       0x24 ../assignment2_bsp/\libhal_bsp.a(altera_avalon_jtag_uart_fd.o)
 .comment       0x00000000       0x24 ../assignment2_bsp/\libhal_bsp.a(altera_avalon_jtag_uart_init.o)
 .comment       0x00000000       0x24 ../assignment2_bsp/\libhal_bsp.a(altera_avalon_jtag_uart_ioctl.o)
 .comment       0x00000000       0x24 ../assignment2_bsp/\libhal_bsp.a(altera_avalon_jtag_uart_read.o)
 .comment       0x00000000       0x24 ../assignment2_bsp/\libhal_bsp.a(altera_avalon_jtag_uart_write.o)
 .comment       0x00000000       0x24 ../assignment2_bsp/\libhal_bsp.a(altera_avalon_lcd_16207.o)
 .comment       0x00000000       0x24 ../assignment2_bsp/\libhal_bsp.a(altera_avalon_lcd_16207_fd.o)
 .comment       0x00000000       0x24 ../assignment2_bsp/\libhal_bsp.a(altera_avalon_timer_sc.o)
 .comment       0x00000000       0x24 ../assignment2_bsp/\libhal_bsp.a(altera_avalon_uart_fd.o)
 .comment       0x00000000       0x24 ../assignment2_bsp/\libhal_bsp.a(altera_avalon_uart_init.o)
 .comment       0x00000000       0x24 ../assignment2_bsp/\libhal_bsp.a(altera_avalon_uart_read.o)
 .comment       0x00000000       0x24 ../assignment2_bsp/\libhal_bsp.a(altera_avalon_uart_write.o)
 .comment       0x00000000       0x24 ../assignment2_bsp/\libhal_bsp.a(alt_dcache_flush_all.o)
 .comment       0x00000000       0x24 ../assignment2_bsp/\libhal_bsp.a(alt_dev_llist_insert.o)
 .comment       0x00000000       0x24 ../assignment2_bsp/\libhal_bsp.a(alt_do_ctors.o)
 .comment       0x00000000       0x24 ../assignment2_bsp/\libhal_bsp.a(alt_do_dtors.o)
 .comment       0x00000000       0x24 ../assignment2_bsp/\libhal_bsp.a(alt_find_dev.o)
 .comment       0x00000000       0x24 ../assignment2_bsp/\libhal_bsp.a(alt_find_file.o)
 .comment       0x00000000       0x24 ../assignment2_bsp/\libhal_bsp.a(alt_get_fd.o)
 .comment       0x00000000       0x24 ../assignment2_bsp/\libhal_bsp.a(alt_icache_flush_all.o)
 .comment       0x00000000       0x24 ../assignment2_bsp/\libhal_bsp.a(alt_iic.o)
 .comment       0x00000000       0x24 ../assignment2_bsp/\libhal_bsp.a(alt_iic_isr_register.o)
 .comment       0x00000000       0x24 ../assignment2_bsp/\libhal_bsp.a(alt_io_redirect.o)
 .comment       0x00000000       0x24 ../assignment2_bsp/\libhal_bsp.a(alt_irq_handler.o)
 .comment       0x00000000       0x24 ../assignment2_bsp/\libhal_bsp.a(alt_usleep.o)
 .comment       0x00000000       0x24 ../assignment2_bsp/\libhal_bsp.a(altera_nios2_qsys_irq.o)
 .comment       0x00000000       0x24 ../assignment2_bsp/\libhal_bsp.a(alt_busy_sleep.o)
 .comment       0x00000000       0x24 ../assignment2_bsp/\libhal_bsp.a(alt_icache_flush.o)
 .comment       0x00000000       0x24 c:/altera/13.0/nios2eds/bin/gnu/h-i686-mingw32/bin/../lib/gcc/nios2-elf/4.1.2/../../../../nios2-elf/lib\libc.a(lib_a-atexit.o)
 .comment       0x00000000       0x24 c:/altera/13.0/nios2eds/bin/gnu/h-i686-mingw32/bin/../lib/gcc/nios2-elf/4.1.2/../../../../nios2-elf/lib\libc.a(lib_a-ctype_.o)
 .comment       0x00000000       0x24 c:/altera/13.0/nios2eds/bin/gnu/h-i686-mingw32/bin/../lib/gcc/nios2-elf/4.1.2/../../../../nios2-elf/lib\libc.a(lib_a-exit.o)
 .comment       0x00000000       0x24 c:/altera/13.0/nios2eds/bin/gnu/h-i686-mingw32/bin/../lib/gcc/nios2-elf/4.1.2/../../../../nios2-elf/lib\libc.a(lib_a-memcmp.o)
 .comment       0x00000000       0x24 c:/altera/13.0/nios2eds/bin/gnu/h-i686-mingw32/bin/../lib/gcc/nios2-elf/4.1.2/../../../../nios2-elf/lib\libc.a(lib_a-__atexit.o)
 .comment       0x00000000       0x24 c:/altera/13.0/nios2eds/bin/gnu/h-i686-mingw32/bin/../lib/gcc/nios2-elf/4.1.2/../../../../nios2-elf/lib\libc.a(lib_a-__call_atexit.o)
 .comment       0x00000000       0x24 c:/altera/13.0/nios2eds/bin/gnu/h-i686-mingw32/bin/../lib/gcc/nios2-elf/4.1.2\libgcc.a(lib2-divmod.o)
 .comment       0x00000000       0x24 ../assignment2_bsp/\libhal_bsp.a(alt_exit.o)

.debug
 *(.debug)

.line
 *(.line)

.debug_srcinfo
 *(.debug_srcinfo)

.debug_sfnames
 *(.debug_sfnames)

.debug_aranges  0x00000000      0xa58
 *(.debug_aranges)
 .debug_aranges
                0x00000000       0x28 ../assignment2_bsp//obj/HAL/src/crt0.o
 .debug_aranges
                0x00000028       0x20 obj/default/hello_world.o
 .debug_aranges
                0x00000048       0x20 obj/default/sccharts.o
 .debug_aranges
                0x00000068       0x20 c:/altera/13.0/nios2eds/bin/gnu/h-i686-mingw32/bin/../lib/gcc/nios2-elf/4.1.2/../../../../nios2-elf/lib\libc.a(lib_a-puts.o)
 .debug_aranges
                0x00000088       0x20 c:/altera/13.0/nios2eds/bin/gnu/h-i686-mingw32/bin/../lib/gcc/nios2-elf/4.1.2/../../../../nios2-elf/lib\libc.a(lib_a-strlen.o)
 .debug_aranges
                0x000000a8       0x20 c:/altera/13.0/nios2eds/bin/gnu/h-i686-mingw32/bin/../lib/gcc/nios2-elf/4.1.2/../../../../nios2-elf/lib\libc.a(lib_a-fvwrite.o)
 .debug_aranges
                0x000000c8       0x20 c:/altera/13.0/nios2eds/bin/gnu/h-i686-mingw32/bin/../lib/gcc/nios2-elf/4.1.2/../../../../nios2-elf/lib\libc.a(lib_a-mallocr.o)
 .debug_aranges
                0x000000e8       0x20 c:/altera/13.0/nios2eds/bin/gnu/h-i686-mingw32/bin/../lib/gcc/nios2-elf/4.1.2/../../../../nios2-elf/lib\libc.a(lib_a-memchr.o)
 .debug_aranges
                0x00000108       0x20 c:/altera/13.0/nios2eds/bin/gnu/h-i686-mingw32/bin/../lib/gcc/nios2-elf/4.1.2/../../../../nios2-elf/lib\libc.a(lib_a-memcpy.o)
 .debug_aranges
                0x00000128       0x20 c:/altera/13.0/nios2eds/bin/gnu/h-i686-mingw32/bin/../lib/gcc/nios2-elf/4.1.2/../../../../nios2-elf/lib\libc.a(lib_a-memmove.o)
 .debug_aranges
                0x00000148       0x20 c:/altera/13.0/nios2eds/bin/gnu/h-i686-mingw32/bin/../lib/gcc/nios2-elf/4.1.2/../../../../nios2-elf/lib\libc.a(lib_a-reallocr.o)
 .debug_aranges
                0x00000168       0x20 c:/altera/13.0/nios2eds/bin/gnu/h-i686-mingw32/bin/../lib/gcc/nios2-elf/4.1.2/../../../../nios2-elf/lib\libc.a(lib_a-sbrkr.o)
 .debug_aranges
                0x00000188       0x20 c:/altera/13.0/nios2eds/bin/gnu/h-i686-mingw32/bin/../lib/gcc/nios2-elf/4.1.2/../../../../nios2-elf/lib\libc.a(lib_a-wsetup.o)
 .debug_aranges
                0x000001a8       0x20 c:/altera/13.0/nios2eds/bin/gnu/h-i686-mingw32/bin/../lib/gcc/nios2-elf/4.1.2/../../../../nios2-elf/lib\libc.a(lib_a-fflush.o)
 .debug_aranges
                0x000001c8       0x20 c:/altera/13.0/nios2eds/bin/gnu/h-i686-mingw32/bin/../lib/gcc/nios2-elf/4.1.2/../../../../nios2-elf/lib\libc.a(lib_a-findfp.o)
 .debug_aranges
                0x000001e8       0x20 c:/altera/13.0/nios2eds/bin/gnu/h-i686-mingw32/bin/../lib/gcc/nios2-elf/4.1.2/../../../../nios2-elf/lib\libc.a(lib_a-freer.o)
 .debug_aranges
                0x00000208       0x20 c:/altera/13.0/nios2eds/bin/gnu/h-i686-mingw32/bin/../lib/gcc/nios2-elf/4.1.2/../../../../nios2-elf/lib\libc.a(lib_a-fwalk.o)
 .debug_aranges
                0x00000228       0x20 c:/altera/13.0/nios2eds/bin/gnu/h-i686-mingw32/bin/../lib/gcc/nios2-elf/4.1.2/../../../../nios2-elf/lib\libc.a(lib_a-makebuf.o)
 .debug_aranges
                0x00000248       0x20 c:/altera/13.0/nios2eds/bin/gnu/h-i686-mingw32/bin/../lib/gcc/nios2-elf/4.1.2/../../../../nios2-elf/lib\libc.a(lib_a-memset.o)
 .debug_aranges
                0x00000268       0x20 c:/altera/13.0/nios2eds/bin/gnu/h-i686-mingw32/bin/../lib/gcc/nios2-elf/4.1.2/../../../../nios2-elf/lib\libc.a(lib_a-stdio.o)
 .debug_aranges
                0x00000288       0x20 c:/altera/13.0/nios2eds/bin/gnu/h-i686-mingw32/bin/../lib/gcc/nios2-elf/4.1.2/../../../../nios2-elf/lib\libc.a(lib_a-writer.o)
 .debug_aranges
                0x000002a8       0x20 c:/altera/13.0/nios2eds/bin/gnu/h-i686-mingw32/bin/../lib/gcc/nios2-elf/4.1.2/../../../../nios2-elf/lib\libc.a(lib_a-closer.o)
 .debug_aranges
                0x000002c8       0x20 c:/altera/13.0/nios2eds/bin/gnu/h-i686-mingw32/bin/../lib/gcc/nios2-elf/4.1.2/../../../../nios2-elf/lib\libc.a(lib_a-fclose.o)
 .debug_aranges
                0x000002e8       0x20 c:/altera/13.0/nios2eds/bin/gnu/h-i686-mingw32/bin/../lib/gcc/nios2-elf/4.1.2/../../../../nios2-elf/lib\libc.a(lib_a-fstatr.o)
 .debug_aranges
                0x00000308       0x20 c:/altera/13.0/nios2eds/bin/gnu/h-i686-mingw32/bin/../lib/gcc/nios2-elf/4.1.2/../../../../nios2-elf/lib\libc.a(lib_a-isattyr.o)
 .debug_aranges
                0x00000328       0x20 c:/altera/13.0/nios2eds/bin/gnu/h-i686-mingw32/bin/../lib/gcc/nios2-elf/4.1.2/../../../../nios2-elf/lib\libc.a(lib_a-lseekr.o)
 .debug_aranges
                0x00000348       0x20 c:/altera/13.0/nios2eds/bin/gnu/h-i686-mingw32/bin/../lib/gcc/nios2-elf/4.1.2/../../../../nios2-elf/lib\libc.a(lib_a-readr.o)
 .debug_aranges
                0x00000368       0x20 ../assignment2_bsp/\libhal_bsp.a(alt_alarm_start.o)
 .debug_aranges
                0x00000388       0x20 ../assignment2_bsp/\libhal_bsp.a(alt_close.o)
 .debug_aranges
                0x000003a8       0x20 ../assignment2_bsp/\libhal_bsp.a(alt_dev.o)
 .debug_aranges
                0x000003c8       0x20 ../assignment2_bsp/\libhal_bsp.a(alt_fstat.o)
 .debug_aranges
                0x000003e8       0x20 ../assignment2_bsp/\libhal_bsp.a(alt_irq_register.o)
 .debug_aranges
                0x00000408       0x20 ../assignment2_bsp/\libhal_bsp.a(alt_isatty.o)
 .debug_aranges
                0x00000428       0x20 ../assignment2_bsp/\libhal_bsp.a(alt_load.o)
 .debug_aranges
                0x00000448       0x20 ../assignment2_bsp/\libhal_bsp.a(alt_lseek.o)
 .debug_aranges
                0x00000468       0x20 ../assignment2_bsp/\libhal_bsp.a(alt_main.o)
 .debug_aranges
                0x00000488       0x20 ../assignment2_bsp/\libhal_bsp.a(alt_malloc_lock.o)
 .debug_aranges
                0x000004a8       0x20 ../assignment2_bsp/\libhal_bsp.a(alt_open.o)
 .debug_aranges
                0x000004c8       0x20 ../assignment2_bsp/\libhal_bsp.a(alt_read.o)
 .debug_aranges
                0x000004e8       0x20 ../assignment2_bsp/\libhal_bsp.a(alt_release_fd.o)
 .debug_aranges
                0x00000508       0x20 ../assignment2_bsp/\libhal_bsp.a(alt_sbrk.o)
 .debug_aranges
                0x00000528       0x20 ../assignment2_bsp/\libhal_bsp.a(alt_tick.o)
 .debug_aranges
                0x00000548       0x20 ../assignment2_bsp/\libhal_bsp.a(alt_write.o)
 .debug_aranges
                0x00000568       0x20 ../assignment2_bsp/\libhal_bsp.a(alt_sys_init.o)
 .debug_aranges
                0x00000588       0x20 ../assignment2_bsp/\libhal_bsp.a(altera_avalon_jtag_uart_fd.o)
 .debug_aranges
                0x000005a8       0x20 ../assignment2_bsp/\libhal_bsp.a(altera_avalon_jtag_uart_init.o)
 .debug_aranges
                0x000005c8       0x20 ../assignment2_bsp/\libhal_bsp.a(altera_avalon_jtag_uart_ioctl.o)
 .debug_aranges
                0x000005e8       0x20 ../assignment2_bsp/\libhal_bsp.a(altera_avalon_jtag_uart_read.o)
 .debug_aranges
                0x00000608       0x20 ../assignment2_bsp/\libhal_bsp.a(altera_avalon_jtag_uart_write.o)
 .debug_aranges
                0x00000628       0x20 ../assignment2_bsp/\libhal_bsp.a(altera_avalon_lcd_16207.o)
 .debug_aranges
                0x00000648       0x20 ../assignment2_bsp/\libhal_bsp.a(altera_avalon_lcd_16207_fd.o)
 .debug_aranges
                0x00000668       0x20 ../assignment2_bsp/\libhal_bsp.a(altera_avalon_timer_sc.o)
 .debug_aranges
                0x00000688       0x20 ../assignment2_bsp/\libhal_bsp.a(altera_avalon_uart_fd.o)
 .debug_aranges
                0x000006a8       0x20 ../assignment2_bsp/\libhal_bsp.a(altera_avalon_uart_init.o)
 .debug_aranges
                0x000006c8       0x20 ../assignment2_bsp/\libhal_bsp.a(altera_avalon_uart_read.o)
 .debug_aranges
                0x000006e8       0x20 ../assignment2_bsp/\libhal_bsp.a(altera_avalon_uart_write.o)
 .debug_aranges
                0x00000708       0x20 ../assignment2_bsp/\libhal_bsp.a(alt_dcache_flush_all.o)
 .debug_aranges
                0x00000728       0x20 ../assignment2_bsp/\libhal_bsp.a(alt_dev_llist_insert.o)
 .debug_aranges
                0x00000748       0x20 ../assignment2_bsp/\libhal_bsp.a(alt_do_ctors.o)
 .debug_aranges
                0x00000768       0x20 ../assignment2_bsp/\libhal_bsp.a(alt_do_dtors.o)
 .debug_aranges
                0x00000788       0x20 ../assignment2_bsp/\libhal_bsp.a(alt_find_dev.o)
 .debug_aranges
                0x000007a8       0x20 ../assignment2_bsp/\libhal_bsp.a(alt_find_file.o)
 .debug_aranges
                0x000007c8       0x20 ../assignment2_bsp/\libhal_bsp.a(alt_get_fd.o)
 .debug_aranges
                0x000007e8       0x20 ../assignment2_bsp/\libhal_bsp.a(alt_icache_flush_all.o)
 .debug_aranges
                0x00000808       0x20 ../assignment2_bsp/\libhal_bsp.a(alt_iic.o)
 .debug_aranges
                0x00000828       0x20 ../assignment2_bsp/\libhal_bsp.a(alt_iic_isr_register.o)
 .debug_aranges
                0x00000848       0x20 ../assignment2_bsp/\libhal_bsp.a(alt_io_redirect.o)
 .debug_aranges
                0x00000868       0x30 ../assignment2_bsp/\libhal_bsp.a(alt_irq_entry.o)
 .debug_aranges
                0x00000898       0x28 ../assignment2_bsp/\libhal_bsp.a(alt_irq_handler.o)
 .debug_aranges
                0x000008c0       0x20 ../assignment2_bsp/\libhal_bsp.a(alt_usleep.o)
 .debug_aranges
                0x000008e0       0x20 ../assignment2_bsp/\libhal_bsp.a(altera_nios2_qsys_irq.o)
 .debug_aranges
                0x00000900       0x20 ../assignment2_bsp/\libhal_bsp.a(alt_busy_sleep.o)
 .debug_aranges
                0x00000920       0x38 ../assignment2_bsp/\libhal_bsp.a(alt_exception_entry.o)
 .debug_aranges
                0x00000958       0x20 ../assignment2_bsp/\libhal_bsp.a(alt_icache_flush.o)
 .debug_aranges
                0x00000978       0x20 c:/altera/13.0/nios2eds/bin/gnu/h-i686-mingw32/bin/../lib/gcc/nios2-elf/4.1.2/../../../../nios2-elf/lib\libc.a(lib_a-atexit.o)
 .debug_aranges
                0x00000998       0x20 c:/altera/13.0/nios2eds/bin/gnu/h-i686-mingw32/bin/../lib/gcc/nios2-elf/4.1.2/../../../../nios2-elf/lib\libc.a(lib_a-exit.o)
 .debug_aranges
                0x000009b8       0x20 c:/altera/13.0/nios2eds/bin/gnu/h-i686-mingw32/bin/../lib/gcc/nios2-elf/4.1.2/../../../../nios2-elf/lib\libc.a(lib_a-memcmp.o)
 .debug_aranges
                0x000009d8       0x20 c:/altera/13.0/nios2eds/bin/gnu/h-i686-mingw32/bin/../lib/gcc/nios2-elf/4.1.2/../../../../nios2-elf/lib\libc.a(lib_a-__atexit.o)
 .debug_aranges
                0x000009f8       0x20 c:/altera/13.0/nios2eds/bin/gnu/h-i686-mingw32/bin/../lib/gcc/nios2-elf/4.1.2/../../../../nios2-elf/lib\libc.a(lib_a-__call_atexit.o)
 .debug_aranges
                0x00000a18       0x20 c:/altera/13.0/nios2eds/bin/gnu/h-i686-mingw32/bin/../lib/gcc/nios2-elf/4.1.2\libgcc.a(lib2-divmod.o)
 .debug_aranges
                0x00000a38       0x20 ../assignment2_bsp/\libhal_bsp.a(alt_exit.o)

.debug_pubnames
                0x00000000     0x1f22
 *(.debug_pubnames)
 .debug_pubnames
                0x00000000      0x237 obj/default/hello_world.o
 .debug_pubnames
                0x00000237      0xd31 obj/default/sccharts.o
 .debug_pubnames
                0x00000f68       0x27 c:/altera/13.0/nios2eds/bin/gnu/h-i686-mingw32/bin/../lib/gcc/nios2-elf/4.1.2/../../../../nios2-elf/lib\libc.a(lib_a-puts.o)
 .debug_pubnames
                0x00000f8f       0x1d c:/altera/13.0/nios2eds/bin/gnu/h-i686-mingw32/bin/../lib/gcc/nios2-elf/4.1.2/../../../../nios2-elf/lib\libc.a(lib_a-strlen.o)
 .debug_pubnames
                0x00000fac       0x23 c:/altera/13.0/nios2eds/bin/gnu/h-i686-mingw32/bin/../lib/gcc/nios2-elf/4.1.2/../../../../nios2-elf/lib\libc.a(lib_a-fvwrite.o)
 .debug_pubnames
                0x00000fcf       0x39 c:/altera/13.0/nios2eds/bin/gnu/h-i686-mingw32/bin/../lib/gcc/nios2-elf/4.1.2/../../../../nios2-elf/lib\libc.a(lib_a-impure.o)
 .debug_pubnames
                0x00001008       0xce c:/altera/13.0/nios2eds/bin/gnu/h-i686-mingw32/bin/../lib/gcc/nios2-elf/4.1.2/../../../../nios2-elf/lib\libc.a(lib_a-mallocr.o)
 .debug_pubnames
                0x000010d6       0x1d c:/altera/13.0/nios2eds/bin/gnu/h-i686-mingw32/bin/../lib/gcc/nios2-elf/4.1.2/../../../../nios2-elf/lib\libc.a(lib_a-memchr.o)
 .debug_pubnames
                0x000010f3       0x1d c:/altera/13.0/nios2eds/bin/gnu/h-i686-mingw32/bin/../lib/gcc/nios2-elf/4.1.2/../../../../nios2-elf/lib\libc.a(lib_a-memcpy.o)
 .debug_pubnames
                0x00001110       0x1e c:/altera/13.0/nios2eds/bin/gnu/h-i686-mingw32/bin/../lib/gcc/nios2-elf/4.1.2/../../../../nios2-elf/lib\libc.a(lib_a-memmove.o)
 .debug_pubnames
                0x0000112e       0x21 c:/altera/13.0/nios2eds/bin/gnu/h-i686-mingw32/bin/../lib/gcc/nios2-elf/4.1.2/../../../../nios2-elf/lib\libc.a(lib_a-reallocr.o)
 .debug_pubnames
                0x0000114f       0x1e c:/altera/13.0/nios2eds/bin/gnu/h-i686-mingw32/bin/../lib/gcc/nios2-elf/4.1.2/../../../../nios2-elf/lib\libc.a(lib_a-sbrkr.o)
 .debug_pubnames
                0x0000116d       0x22 c:/altera/13.0/nios2eds/bin/gnu/h-i686-mingw32/bin/../lib/gcc/nios2-elf/4.1.2/../../../../nios2-elf/lib\libc.a(lib_a-wsetup.o)
 .debug_pubnames
                0x0000118f       0x2b c:/altera/13.0/nios2eds/bin/gnu/h-i686-mingw32/bin/../lib/gcc/nios2-elf/4.1.2/../../../../nios2-elf/lib\libc.a(lib_a-fflush.o)
 .debug_pubnames
                0x000011ba       0xdb c:/altera/13.0/nios2eds/bin/gnu/h-i686-mingw32/bin/../lib/gcc/nios2-elf/4.1.2/../../../../nios2-elf/lib\libc.a(lib_a-findfp.o)
 .debug_pubnames
                0x00001295       0x31 c:/altera/13.0/nios2eds/bin/gnu/h-i686-mingw32/bin/../lib/gcc/nios2-elf/4.1.2/../../../../nios2-elf/lib\libc.a(lib_a-freer.o)
 .debug_pubnames
                0x000012c6       0x2e c:/altera/13.0/nios2eds/bin/gnu/h-i686-mingw32/bin/../lib/gcc/nios2-elf/4.1.2/../../../../nios2-elf/lib\libc.a(lib_a-fwalk.o)
 .debug_pubnames
                0x000012f4       0x1c c:/altera/13.0/nios2eds/bin/gnu/h-i686-mingw32/bin/../lib/gcc/nios2-elf/4.1.2/../../../../nios2-elf/lib\libc.a(lib_a-int_errno.o)
 .debug_pubnames
                0x00001310       0x23 c:/altera/13.0/nios2eds/bin/gnu/h-i686-mingw32/bin/../lib/gcc/nios2-elf/4.1.2/../../../../nios2-elf/lib\libc.a(lib_a-makebuf.o)
 .debug_pubnames
                0x00001333       0x1d c:/altera/13.0/nios2eds/bin/gnu/h-i686-mingw32/bin/../lib/gcc/nios2-elf/4.1.2/../../../../nios2-elf/lib\libc.a(lib_a-memset.o)
 .debug_pubnames
                0x00001350       0x44 c:/altera/13.0/nios2eds/bin/gnu/h-i686-mingw32/bin/../lib/gcc/nios2-elf/4.1.2/../../../../nios2-elf/lib\libc.a(lib_a-stdio.o)
 .debug_pubnames
                0x00001394       0x1f c:/altera/13.0/nios2eds/bin/gnu/h-i686-mingw32/bin/../lib/gcc/nios2-elf/4.1.2/../../../../nios2-elf/lib\libc.a(lib_a-writer.o)
 .debug_pubnames
                0x000013b3       0x1f c:/altera/13.0/nios2eds/bin/gnu/h-i686-mingw32/bin/../lib/gcc/nios2-elf/4.1.2/../../../../nios2-elf/lib\libc.a(lib_a-closer.o)
 .debug_pubnames
                0x000013d2       0x2b c:/altera/13.0/nios2eds/bin/gnu/h-i686-mingw32/bin/../lib/gcc/nios2-elf/4.1.2/../../../../nios2-elf/lib\libc.a(lib_a-fclose.o)
 .debug_pubnames
                0x000013fd       0x1f c:/altera/13.0/nios2eds/bin/gnu/h-i686-mingw32/bin/../lib/gcc/nios2-elf/4.1.2/../../../../nios2-elf/lib\libc.a(lib_a-fstatr.o)
 .debug_pubnames
                0x0000141c       0x20 c:/altera/13.0/nios2eds/bin/gnu/h-i686-mingw32/bin/../lib/gcc/nios2-elf/4.1.2/../../../../nios2-elf/lib\libc.a(lib_a-isattyr.o)
 .debug_pubnames
                0x0000143c       0x1f c:/altera/13.0/nios2eds/bin/gnu/h-i686-mingw32/bin/../lib/gcc/nios2-elf/4.1.2/../../../../nios2-elf/lib\libc.a(lib_a-lseekr.o)
 .debug_pubnames
                0x0000145b       0x1e c:/altera/13.0/nios2eds/bin/gnu/h-i686-mingw32/bin/../lib/gcc/nios2-elf/4.1.2/../../../../nios2-elf/lib\libc.a(lib_a-readr.o)
 .debug_pubnames
                0x00001479       0x26 ../assignment2_bsp/\libhal_bsp.a(alt_alarm_start.o)
 .debug_pubnames
                0x0000149f       0x1c ../assignment2_bsp/\libhal_bsp.a(alt_close.o)
 .debug_pubnames
                0x000014bb       0x63 ../assignment2_bsp/\libhal_bsp.a(alt_dev.o)
 .debug_pubnames
                0x0000151e       0x20 ../assignment2_bsp/\libhal_bsp.a(alt_errno.o)
 .debug_pubnames
                0x0000153e       0x1c ../assignment2_bsp/\libhal_bsp.a(alt_fstat.o)
 .debug_pubnames
                0x0000155a       0x27 ../assignment2_bsp/\libhal_bsp.a(alt_irq_register.o)
 .debug_pubnames
                0x00001581       0x3b ../assignment2_bsp/\libhal_bsp.a(alt_irq_vars.o)
 .debug_pubnames
                0x000015bc       0x1d ../assignment2_bsp/\libhal_bsp.a(alt_isatty.o)
 .debug_pubnames