Archive member included because of file (symbol)

c:/altera/13.0/nios2eds/bin/gnu/h-i686-mingw32/bin/../lib/gcc/nios2-elf/4.1.2/../../../../nios2-elf/lib\libc.a(lib_a-puts.o)
                              obj/default/hello_world.o (puts)
c:/altera/13.0/nios2eds/bin/gnu/h-i686-mingw32/bin/../lib/gcc/nios2-elf/4.1.2/../../../../nios2-elf/lib\libc.a(lib_a-strlen.o)
                              c:/altera/13.0/nios2eds/bin/gnu/h-i686-mingw32/bin/../lib/gcc/nios2-elf/4.1.2/../../../../nios2-elf/lib\libc.a(lib_a-puts.o) (strlen)
c:/altera/13.0/nios2eds/bin/gnu/h-i686-mingw32/bin/../lib/gcc/nios2-elf/4.1.2/../../../../nios2-elf/lib\libc.a(lib_a-fvwrite.o)
                              c:/altera/13.0/nios2eds/bin/gnu/h-i686-mingw32/bin/../lib/gcc/nios2-elf/4.1.2/../../../../nios2-elf/lib\libc.a(lib_a-puts.o) (__sfvwrite_r)
c:/altera/13.0/nios2eds/bin/gnu/h-i686-mingw32/bin/../lib/gcc/nios2-elf/4.1.2/../../../../nios2-elf/lib\libc.a(lib_a-impure.o)
                              c:/altera/13.0/nios2eds/bin/gnu/h-i686-mingw32/bin/../lib/gcc/nios2-elf/4.1.2/../../../../nios2-elf/lib\libc.a(lib_a-puts.o) (_impure_ptr)
c:/altera/13.0/nios2eds/bin/gnu/h-i686-mingw32/bin/../lib/gcc/nios2-elf/4.1.2/../../../../nios2-elf/lib\libc.a(lib_a-mallocr.o)
                              c:/altera/13.0/nios2eds/bin/gnu/h-i686-mingw32/bin/../lib/gcc/nios2-elf/4.1.2/../../../../nios2-elf/lib\libc.a(lib_a-fvwrite.o) (_malloc_r)
c:/altera/13.0/nios2eds/bin/gnu/h-i686-mingw32/bin/../lib/gcc/nios2-elf/4.1.2/../../../../nios2-elf/lib\libc.a(lib_a-memchr.o)
                              c:/altera/13.0/nios2eds/bin/gnu/h-i686-mingw32/bin/../lib/gcc/nios2-elf/4.1.2/../../../../nios2-elf/lib\libc.a(lib_a-fvwrite.o) (memchr)
c:/altera/13.0/nios2eds/bin/gnu/h-i686-mingw32/bin/../lib/gcc/nios2-elf/4.1.2/../../../../nios2-elf/lib\libc.a(lib_a-memcpy.o)
                              c:/altera/13.0/nios2eds/bin/gnu/h-i686-mingw32/bin/../lib/gcc/nios2-elf/4.1.2/../../../../nios2-elf/lib\libc.a(lib_a-fvwrite.o) (memcpy)
c:/altera/13.0/nios2eds/bin/gnu/h-i686-mingw32/bin/../lib/gcc/nios2-elf/4.1.2/../../../../nios2-elf/lib\libc.a(lib_a-memmove.o)
                              c:/altera/13.0/nios2eds/bin/gnu/h-i686-mingw32/bin/../lib/gcc/nios2-elf/4.1.2/../../../../nios2-elf/lib\libc.a(lib_a-fvwrite.o) (memmove)
c:/altera/13.0/nios2eds/bin/gnu/h-i686-mingw32/bin/../lib/gcc/nios2-elf/4.1.2/../../../../nios2-elf/lib\libc.a(lib_a-reallocr.o)
                              c:/altera/13.0/nios2eds/bin/gnu/h-i686-mingw32/bin/../lib/gcc/nios2-elf/4.1.2/../../../../nios2-elf/lib\libc.a(lib_a-fvwrite.o) (_realloc_r)
c:/altera/13.0/nios2eds/bin/gnu/h-i686-mingw32/bin/../lib/gcc/nios2-elf/4.1.2/../../../../nios2-elf/lib\libc.a(lib_a-sbrkr.o)
                              c:/altera/13.0/nios2eds/bin/gnu/h-i686-mingw32/bin/../lib/gcc/nios2-elf/4.1.2/../../../../nios2-elf/lib\libc.a(lib_a-mallocr.o) (_sbrk_r)
c:/altera/13.0/nios2eds/bin/gnu/h-i686-mingw32/bin/../lib/gcc/nios2-elf/4.1.2/../../../../nios2-elf/lib\libc.a(lib_a-wsetup.o)
                              c:/altera/13.0/nios2eds/bin/gnu/h-i686-mingw32/bin/../lib/gcc/nios2-elf/4.1.2/../../../../nios2-elf/lib\libc.a(lib_a-fvwrite.o) (__swsetup_r)
c:/altera/13.0/nios2eds/bin/gnu/h-i686-mingw32/bin/../lib/gcc/nios2-elf/4.1.2/../../../../nios2-elf/lib\libc.a(lib_a-fflush.o)
                              c:/altera/13.0/nios2eds/bin/gnu/h-i686-mingw32/bin/../lib/gcc/nios2-elf/4.1.2/../../../../nios2-elf/lib\libc.a(lib_a-fvwrite.o) (_fflush_r)
c:/altera/13.0/nios2eds/bin/gnu/h-i686-mingw32/bin/../lib/gcc/nios2-elf/4.1.2/../../../../nios2-elf/lib\libc.a(lib_a-findfp.o)
                              c:/altera/13.0/nios2eds/bin/gnu/h-i686-mingw32/bin/../lib/gcc/nios2-elf/4.1.2/../../../../nios2-elf/lib\libc.a(lib_a-wsetup.o) (__sinit)
c:/altera/13.0/nios2eds/bin/gnu/h-i686-mingw32/bin/../lib/gcc/nios2-elf/4.1.2/../../../../nios2-elf/lib\libc.a(lib_a-freer.o)
                              c:/altera/13.0/nios2eds/bin/gnu/h-i686-mingw32/bin/../lib/gcc/nios2-elf/4.1.2/../../../../nios2-elf/lib\libc.a(lib_a-fvwrite.o) (_free_r)
c:/altera/13.0/nios2eds/bin/gnu/h-i686-mingw32/bin/../lib/gcc/nios2-elf/4.1.2/../../../../nios2-elf/lib\libc.a(lib_a-fwalk.o)
                              c:/altera/13.0/nios2eds/bin/gnu/h-i686-mingw32/bin/../lib/gcc/nios2-elf/4.1.2/../../../../nios2-elf/lib\libc.a(lib_a-fflush.o) (_fwalk_reent)
c:/altera/13.0/nios2eds/bin/gnu/h-i686-mingw32/bin/../lib/gcc/nios2-elf/4.1.2/../../../../nios2-elf/lib\libc.a(lib_a-int_errno.o)
                              c:/altera/13.0/nios2eds/bin/gnu/h-i686-mingw32/bin/../lib/gcc/nios2-elf/4.1.2/../../../../nios2-elf/lib\libc.a(lib_a-sbrkr.o) (errno)
c:/altera/13.0/nios2eds/bin/gnu/h-i686-mingw32/bin/../lib/gcc/nios2-elf/4.1.2/../../../../nios2-elf/lib\libc.a(lib_a-makebuf.o)
                              c:/altera/13.0/nios2eds/bin/gnu/h-i686-mingw32/bin/../lib/gcc/nios2-elf/4.1.2/../../../../nios2-elf/lib\libc.a(lib_a-wsetup.o) (__smakebuf_r)
[...]
Memory Configuration

Name             Origin             Length             Attributes
reset            0x00800000         0x00000020
sdram_controller 0x00800020         0x007fffe0
onchip_mem       0x01008000         0x00008000
*default*        0x00000000         0xffffffff

Linker script and memory map

LOAD ../assignment2_bsp//obj/HAL/src/crt0.o
LOAD obj/default/hello_world.o
LOAD obj/default/sccharts.o
LOAD c:/altera/13.0/nios2eds/bin/gnu/h-i686-mingw32/bin/../lib/gcc/nios2-elf/4.1.2/../../../../nios2-elf/lib\libstdc++.a
LOAD c:/altera/13.0/nios2eds/bin/gnu/h-i686-mingw32/bin/../lib/gcc/nios2-elf/4.1.2/../../../../nios2-elf/lib\libm.a
LOAD c:/altera/13.0/nios2eds/bin/gnu/h-i686-mingw32/bin/../lib/gcc/nios2-elf/4.1.2\libgcc.a
START GROUP
LOAD c:/altera/13.0/nios2eds/bin/gnu/h-i686-mingw32/bin/../lib/gcc/nios2-elf/4.1.2/../../../../nios2-elf/lib\libc.a
LOAD c:/altera/13.0/nios2eds/bin/gnu/h-i686-mingw32/bin/../lib/gcc/nios2-elf/4.1.2\libgcc.a
LOAD ../assignment2_bsp/\libhal_bsp.a
END GROUP
LOAD c:/altera/13.0/nios2eds/bin/gnu/h-i686-mingw32/bin/../lib/gcc/nios2-elf/4.1.2\libgcc.a
                0x00800000                __alt_mem_sdram_controller = 0x800000
                0x01008000                __alt_mem_onchip_mem = 0x1008000

.entry          0x00800000       0x20
 *(.entry)
 .entry         0x00800000       0x20 ../assignment2_bsp//obj/HAL/src/crt0.o
                0x00800000                __reset

.exceptions     0x00800020      0x194
                0x00800020                PROVIDE (__ram_exceptions_start, ABSOLUTE (.))
                0x00800020                . = ALIGN (0x20)
 *(.irq)
 *(.exceptions.entry.label)
 .exceptions.entry.label
                0x00800020        0x0 ../assignment2_bsp/\libhal_bsp.a(alt_irq_entry.o)
                0x00800020                alt_irq_entry
 .exceptions.entry.label
                0x00800020        0x0 ../assignment2_bsp/\libhal_bsp.a(alt_exception_entry.o)
                0x00800020                alt_exception
 *(.exceptions.entry.user)
 *(.exceptions.entry)
 .exceptions.entry
                0x00800020       0x54 ../assignment2_bsp/\libhal_bsp.a(alt_exception_entry.o)
 *(.exceptions.irqtest.user)
 *(.exceptions.irqtest)
 .exceptions.irqtest
                0x00800074       0x10 ../assignment2_bsp/\libhal_bsp.a(alt_irq_entry.o)
 *(.exceptions.irqhandler.user)
 *(.exceptions.irqhandler)
 .exceptions.irqhandler
                0x00800084        0x4 ../assignment2_bsp/\libhal_bsp.a(alt_irq_entry.o)
 *(.exceptions.irqreturn.user)
 *(.exceptions.irqreturn)
 .exceptions.irqreturn
                0x00800088        0x4 ../assignment2_bsp/\libhal_bsp.a(alt_irq_entry.o)
 *(.exceptions.notirq.label)
 .exceptions.notirq.label
                0x0080008c        0x0 ../assignment2_bsp/\libhal_bsp.a(alt_irq_entry.o)
 *(.exceptions.notirq.user)
 *(.exceptions.notirq)
 .exceptions.notirq
                0x0080008c        0x8 ../assignment2_bsp/\libhal_bsp.a(alt_exception_entry.o)
 *(.exceptions.soft.user)
 *(.exceptions.soft)
 *(.exceptions.unknown.user)
 *(.exceptions.unknown)
 .exceptions.unknown
                0x00800094        0x4 ../assignment2_bsp/\libhal_bsp.a(alt_exception_entry.o)
 *(.exceptions.exit.label)
 .exceptions.exit.label
                0x00800098        0x0 ../assignment2_bsp/\libhal_bsp.a(alt_irq_entry.o)
 .exceptions.exit.label
                0x00800098        0x0 ../assignment2_bsp/\libhal_bsp.a(alt_exception_entry.o)
 *(.exceptions.exit.user)
 *(.exceptions.exit)
 .exceptions.exit
                0x00800098       0x54 ../assignment2_bsp/\libhal_bsp.a(alt_exception_entry.o)
 *(.exceptions)
 .exceptions    0x008000ec       0xc8 ../assignment2_bsp/\libhal_bsp.a(alt_irq_handler.o)
                0x008000ec                alt_irq_handler
                0x008001b4                PROVIDE (__ram_exceptions_end, ABSOLUTE (.))
                0x00800020                PROVIDE (__flash_exceptions_start, LOADADDR (.exceptions))

.text           0x008001b4     0xb288
                0x008001b4                PROVIDE (stext, ABSOLUTE (.))
 *(.interp)
 *(.hash)
 *(.dynsym)
 *(.dynstr)
 *(.gnu.version)
 *(.gnu.version_d)
 *(.gnu.version_r)
 *(.rel.init)
 *(.rela.init)
 *(.rel.text .rel.text.* .rel.gnu.linkonce.t.*)
 *(.rela.text .rela.text.* .rela.gnu.linkonce.t.*)
 *(.rel.fini)
 *(.rela.fini)
 *(.rel.rodata .rel.rodata.* .rel.gnu.linkonce.r.*)
 *(.rela.rodata .rela.rodata.* .rela.gnu.linkonce.r.*)
 *(.rel.data .rel.data.* .rel.gnu.linkonce.d.*)
 *(.rela.data .rela.data.* .rela.gnu.linkonce.d.*)
 *(.rel.tdata .rel.tdata.* .rel.gnu.linkonce.td.*)
 *(.rela.tdata .rela.tdata.* .rela.gnu.linkonce.td.*)
 *(.rel.tbss .rel.tbss.* .rel.gnu.linkonce.tb.*)
 *(.rela.tbss .rela.tbss.* .rela.gnu.linkonce.tb.*)
 *(.rel.ctors)
 *(.rela.ctors)
 *(.rel.dtors)
 *(.rela.dtors)
 *(.rel.got)
 *(.rela.got)
 *(.rel.sdata .rel.sdata.* .rel.gnu.linkonce.s.*)
 *(.rela.sdata .rela.sdata.* .rela.gnu.linkonce.s.*)
 *(.rel.sbss .rel.sbss.* .rel.gnu.linkonce.sb.*)
 *(.rela.sbss .rela.sbss.* .rela.gnu.linkonce.sb.*)
 *(.rel.sdata2 .rel.sdata2.* .rel.gnu.linkonce.s2.*)
 *(.rela.sdata2 .rela.sdata2.* .rela.gnu.linkonce.s2.*)
 *(.rel.sbss2 .rel.sbss2.* .rel.gnu.linkonce.sb2.*)
 *(.rela.sbss2 .rela.sbss2.* .rela.gnu.linkonce.sb2.*)
 *(.rel.bss .rel.bss.* .rel.gnu.linkonce.b.*)
 *(.rela.bss .rela.bss.* .rela.gnu.linkonce.b.*)
 *(.rel.plt)
 *(.rela.plt)
 *(.rel.dyn)
 *(.init)
 *(.plt)
 *(.text .stub .text.* .gnu.linkonce.t.*)
 .text          0x008001b4       0x4c ../assignment2_bsp//obj/HAL/src/crt0.o
                0x008001b4                _start
 .text          0x00800200      0xc8c obj/default/hello_world.o
                0x00800200                main
                0x00800380                mode0
                0x008004a4                mode1
                0x008006fc                init_uart
                0x00800734                init_buttons_pio
                0x00800790                buttons_isr
                0x008008b4                initialise_avi_timer
                0x00800918                initialise_aei_timer
                0x00800984                initialise_pvarp_timer
                0x008009f0                initialise_vrp_timer
                0x00800a5c                initialise_lri_timer
                0x00800ac0                initialise_uri_timer
                0x00800b30                initialise_debounce_timer
                0x00800b7c                initialise_LED_timer
                0x00800bc8                avi_isr_function
                0x00800c28                aei_isr_function
                0x00800c8c                pvarp_isr_function
                0x00800cf0                vrp_isr_function
                0x00800d54                lri_isr_function
                0x00800db4                uri_isr_function
                0x00800e24                debounce_isr_function
                0x00800e58                LED_isr_function
 .text          0x00800e8c     0x3460 obj/default/sccharts.o
                0x00800e8c                reset
                0x00800f3c                tick
 .text          0x008042ec       0xb4 c:/altera/13.0/nios2eds/bin/gnu/h-i686-mingw32/bin/../lib/gcc/nios2-elf/4.1.2/../../../../nios2-elf/lib\libc.a(lib_a-puts.o)
                0x008042ec                _puts_r
                0x0080438c                puts
 .text          0x008043a0       0x74 c:/altera/13.0/nios2eds/bin/gnu/h-i686-mingw32/bin/../lib/gcc/nios2-elf/4.1.2/../../../../nios2-elf/lib\libc.a(lib_a-strlen.o)
                0x008043a0                strlen
 .text          0x00804414      0x49c c:/altera/13.0/nios2eds/bin/gnu/h-i686-mingw32/bin/../lib/gcc/nios2-elf/4.1.2/../../../../nios2-elf/lib\libc.a(lib_a-fvwrite.o)
                0x00804414                __sfvwrite_r
 .text          0x008048b0        0x0 c:/altera/13.0/nios2eds/bin/gnu/h-i686-mingw32/bin/../lib/gcc/nios2-elf/4.1.2/../../../../nios2-elf/lib\libc.a(lib_a-impure.o)
 .text          0x008048b0      0x740 c:/altera/13.0/nios2eds/bin/gnu/h-i686-mingw32/bin/../lib/gcc/nios2-elf/4.1.2/../../../../nios2-elf/lib\libc.a(lib_a-mallocr.o)
                0x008048b0                _malloc_r
 .text          0x00804ff0       0xe4 c:/altera/13.0/nios2eds/bin/gnu/h-i686-mingw32/bin/../lib/gcc/nios2-elf/4.1.2/../../../../nios2-elf/lib\libc.a(lib_a-memchr.o)
                0x00804ff0                memchr
 .text          0x008050d4       0xa0 c:/altera/13.0/nios2eds/bin/gnu/h-i686-mingw32/bin/../lib/gcc/nios2-elf/4.1.2/../../../../nios2-elf/lib\libc.a(lib_a-memcpy.o)
                0x008050d4                memcpy
 .text          0x00805174       0xe0 c:/altera/13.0/nios2eds/bin/gnu/h-i686-mingw32/bin/../lib/gcc/nios2-elf/4.1.2/../../../../nios2-elf/lib\libc.a(lib_a-memmove.o)
                0x00805174                memmove
 .text          0x00805254      0x5f4 c:/altera/13.0/nios2eds/bin/gnu/h-i686-mingw32/bin/../lib/gcc/nios2-elf/4.1.2/../../../../nios2-elf/lib\libc.a(lib_a-reallocr.o)
                0x00805254                _realloc_r
 .text          0x00805848       0x70 c:/altera/13.0/nios2eds/bin/gnu/h-i686-mingw32/bin/../lib/gcc/nios2-elf/4.1.2/../../../../nios2-elf/lib\libc.a(lib_a-sbrkr.o)
                0x00805848                _sbrk_r
 .text          0x008058b8      0x13c c:/altera/13.0/nios2eds/bin/gnu/h-i686-mingw32/bin/../lib/gcc/nios2-elf/4.1.2/../../../../nios2-elf/lib\libc.a(lib_a-wsetup.o)
                0x008058b8                __swsetup_r
 .text          0x008059f4      0x230 c:/altera/13.0/nios2eds/bin/gnu/h-i686-mingw32/bin/../lib/gcc/nios2-elf/4.1.2/../../../../nios2-elf/lib\libc.a(lib_a-fflush.o)
                0x008059f4                _fflush_r
                0x00805bf0                fflush
 .text          0x00805c24      0x2c0 c:/altera/13.0/nios2eds/bin/gnu/h-i686-mingw32/bin/../lib/gcc/nios2-elf/4.1.2/../../../../nios2-elf/lib\libc.a(lib_a-findfp.o)
                0x00805c7c                __sfp_lock_acquire
                0x00805c80                __sfp_lock_release
                0x00805c84                __sinit_lock_acquire
                0x00805c88                __sinit_lock_release
                0x00805c8c                __sinit
                0x00805d40                __fp_unlock_all
                0x00805d58                __fp_lock_all
                0x00805d70                _cleanup_r
                0x00805d7c                _cleanup
                0x00805d8c                __sfmoreglue
                0x00805df4                __sfp
 .text          0x00805ee4      0x440 c:/altera/13.0/nios2eds/bin/gnu/h-i686-mingw32/bin/../lib/gcc/nios2-elf/4.1.2/../../../../nios2-elf/lib\libc.a(lib_a-freer.o)
                0x00805ee4                _malloc_trim_r
                0x00806010                _free_r
 .text          0x00806324      0x180 c:/altera/13.0/nios2eds/bin/gnu/h-i686-mingw32/bin/../lib/gcc/nios2-elf/4.1.2/../../../../nios2-elf/lib\libc.a(lib_a-fwalk.o)
                0x00806324                _fwalk_reent
                0x008063ec                _fwalk
 .text          0x008064a4        0x0 c:/altera/13.0/nios2eds/bin/gnu/h-i686-mingw32/bin/../lib/gcc/nios2-elf/4.1.2/../../../../nios2-elf/lib\libc.a(lib_a-int_errno.o)
 .text          0x008064a4      0x194 c:/altera/13.0/nios2eds/bin/gnu/h-i686-mingw32/bin/../lib/gcc/nios2-elf/4.1.2/../../../../nios2-elf/lib\libc.a(lib_a-makebuf.o)
                0x008064a4                __smakebuf_r
 .text          0x00806638       0x98 c:/altera/13.0/nios2eds/bin/gnu/h-i686-mingw32/bin/../lib/gcc/nios2-elf/4.1.2/../../../../nios2-elf/lib\libc.a(lib_a-memset.o)
                0x00806638                memset
 .text          0x008066d0      0x14c c:/altera/13.0/nios2eds/bin/gnu/h-i686-mingw32/bin/../lib/gcc/nios2-elf/4.1.2/../../../../nios2-elf/lib\libc.a(lib_a-stdio.o)
                0x008066d0                __sclose
                0x008066d8                __sseek
                0x00806740                __swrite
                0x008067bc                __sread
 .text          0x0080681c       0x78 c:/altera/13.0/nios2eds/bin/gnu/h-i686-mingw32/bin/../lib/gcc/nios2-elf/4.1.2/../../../../nios2-elf/lib\libc.a(lib_a-writer.o)
                0x0080681c                _write_r
 .text          0x00806894       0x70 c:/altera/13.0/nios2eds/bin/gnu/h-i686-mingw32/bin/../lib/gcc/nios2-elf/4.1.2/../../../../nios2-elf/lib\libc.a(lib_a-closer.o)
                0x00806894                _close_r
 .text          0x00806904      0x124 c:/altera/13.0/nios2eds/bin/gnu/h-i686-mingw32/bin/../lib/gcc/nios2-elf/4.1.2/../../../../nios2-elf/lib\libc.a(lib_a-fclose.o)
                0x00806904                _fclose_r
                0x00806a14                fclose
 .text          0x00806a28       0x74 c:/altera/13.0/nios2eds/bin/gnu/h-i686-mingw32/bin/../lib/gcc/nios2-elf/4.1.2/../../../../nios2-elf/lib\libc.a(lib_a-fstatr.o)
                0x00806a28                _fstat_r
 .text          0x00806a9c       0x70 c:/altera/13.0/nios2eds/bin/gnu/h-i686-mingw32/bin/../lib/gcc/nios2-elf/4.1.2/../../../../nios2-elf/lib\libc.a(lib_a-isattyr.o)
                0x00806a9c                _isatty_r
 .text          0x00806b0c       0x78 c:/altera/13.0/nios2eds/bin/gnu/h-i686-mingw32/bin/../lib/gcc/nios2-elf/4.1.2/../../../../nios2-elf/lib\libc.a(lib_a-lseekr.o)
                0x00806b0c                _lseek_r
 .text          0x00806b84       0x78 c:/altera/13.0/nios2eds/bin/gnu/h-i686-mingw32/bin/../lib/gcc/nios2-elf/4.1.2/../../../../nios2-elf/lib\libc.a(lib_a-readr.o)
                0x00806b84                _read_r
 .text          0x00806bfc      0x154 ../assignment2_bsp/\libhal_bsp.a(alt_alarm_start.o)
                0x00806bfc                alt_alarm_start
 .text          0x00806d50      0x15c ../assignment2_bsp/\libhal_bsp.a(alt_close.o)
                0x00806d50                close
 .text          0x00806eac       0x2c ../assignment2_bsp/\libhal_bsp.a(alt_dev.o)
 .text          0x00806ed8        0x0 ../assignment2_bsp/\libhal_bsp.a(alt_errno.o)
 .text          0x00806ed8      0x134 ../assignment2_bsp/\libhal_bsp.a(alt_fstat.o)
                0x00806ed8                fstat
 .text          0x0080700c      0x1c0 ../assignment2_bsp/\libhal_bsp.a(alt_irq_register.o)
                0x0080700c                alt_irq_register
 .text          0x008071cc        0x0 ../assignment2_bsp/\libhal_bsp.a(alt_irq_vars.o)
 .text          0x008071cc      0x120 ../assignment2_bsp/\libhal_bsp.a(alt_isatty.o)
                0x008071cc                isatty
 .text          0x008072ec       0xec ../assignment2_bsp/\libhal_bsp.a(alt_load.o)
                0x008072ec                alt_load
 .text          0x008073d8      0x150 ../assignment2_bsp/\libhal_bsp.a(alt_lseek.o)
                0x008073d8                lseek
 .text          0x00807528       0x6c ../assignment2_bsp/\libhal_bsp.a(alt_main.o)
                0x00807528                alt_main
 .text          0x00807594       0x40 ../assignment2_bsp/\libhal_bsp.a(alt_malloc_lock.o)
                0x00807594                __malloc_lock
                0x008075b4                __malloc_unlock
 .text          0x008075d4      0x2c4 ../assignment2_bsp/\libhal_bsp.a(alt_open.o)
                0x008076b0                open
 .text          0x00807898      0x180 ../assignment2_bsp/\libhal_bsp.a(alt_read.o)
                0x00807898                read
 .text          0x00807a18       0x60 ../assignment2_bsp/\libhal_bsp.a(alt_release_fd.o)
                0x00807a18                alt_release_fd
 .text          0x00807a78       0xbc ../assignment2_bsp/\libhal_bsp.a(alt_sbrk.o)
                0x00807a78                sbrk
 .text          0x00807b34      0x1a4 ../assignment2_bsp/\libhal_bsp.a(alt_tick.o)
                0x00807b34                alt_alarm_stop
                0x00807bcc                alt_tick
 .text          0x00807cd8      0x180 ../assignment2_bsp/\libhal_bsp.a(alt_write.o)
                0x00807cd8                write
 .text          0x00807e58      0x100 ../assignment2_bsp/\libhal_bsp.a(alt_sys_init.o)
                0x00807e58                alt_irq_init
                0x00807e8c                alt_sys_init
 .text          0x00807f58      0x148 ../assignment2_bsp/\libhal_bsp.a(altera_avalon_jtag_uart_fd.o)
                0x00807f58                altera_avalon_jtag_uart_read_fd
                0x00807fb0                altera_avalon_jtag_uart_write_fd
                0x00808008                altera_avalon_jtag_uart_close_fd
                0x00808050                altera_avalon_jtag_uart_ioctl_fd
 .text          0x008080a0      0x40c ../assignment2_bsp/\libhal_bsp.a(altera_avalon_jtag_uart_init.o)
                0x008080a0                altera_avalon_jtag_uart_init
                0x00808438                altera_avalon_jtag_uart_close
 .text          0x008084ac       0xf4 ../assignment2_bsp/\libhal_bsp.a(altera_avalon_jtag_uart_ioctl.o)
                0x008084ac                altera_avalon_jtag_uart_ioctl
 .text          0x008085a0      0x224 ../assignment2_bsp/\libhal_bsp.a(altera_avalon_jtag_uart_read.o)
                0x008085a0                altera_avalon_jtag_uart_read
 .text          0x008087c4      0x240 ../assignment2_bsp/\libhal_bsp.a(altera_avalon_jtag_uart_write.o)
                0x008087c4                altera_avalon_jtag_uart_write
 .text          0x00808a04      0xee8 ../assignment2_bsp/\libhal_bsp.a(altera_avalon_lcd_16207.o)
                0x008091d8                altera_avalon_lcd_16207_write
                0x008097b0                altera_avalon_lcd_16207_init
 .text          0x008098ec       0x58 ../assignment2_bsp/\libhal_bsp.a(altera_avalon_lcd_16207_fd.o)
                0x008098ec                altera_avalon_lcd_16207_write_fd
 .text          0x00809944      0x100 ../assignment2_bsp/\libhal_bsp.a(altera_avalon_timer_sc.o)
                0x008099b4                alt_avalon_timer_sc_init
 .text          0x00809a44       0xf8 ../assignment2_bsp/\libhal_bsp.a(altera_avalon_uart_fd.o)
                0x00809a44                altera_avalon_uart_read_fd
                0x00809a9c                altera_avalon_uart_write_fd
                0x00809af4                altera_avalon_uart_close_fd
 .text          0x00809b3c      0x400 ../assignment2_bsp/\libhal_bsp.a(altera_avalon_uart_init.o)
                0x00809b3c                altera_avalon_uart_init
                0x00809edc                altera_avalon_uart_close
 .text          0x00809f3c      0x290 ../assignment2_bsp/\libhal_bsp.a(altera_avalon_uart_read.o)
                0x00809f3c                altera_avalon_uart_read
 .text          0x0080a1cc      0x228 ../assignment2_bsp/\libhal_bsp.a(altera_avalon_uart_write.o)
                0x0080a1cc                altera_avalon_uart_write
 .text          0x0080a3f4       0x44 ../assignment2_bsp/\libhal_bsp.a(alt_dcache_flush_all.o)
                0x0080a3f4                alt_dcache_flush_all
 .text          0x0080a438      0x114 ../assignment2_bsp/\libhal_bsp.a(alt_dev_llist_insert.o)
                0x0080a438                alt_dev_llist_insert
 .text          0x0080a54c       0x64 ../assignment2_bsp/\libhal_bsp.a(alt_do_ctors.o)
                0x0080a54c                _do_ctors
 .text          0x0080a5b0       0x64 ../assignment2_bsp/\libhal_bsp.a(alt_do_dtors.o)
                0x0080a5b0                _do_dtors
 .text          0x0080a614       0x94 ../assignment2_bsp/\libhal_bsp.a(alt_find_dev.o)
                0x0080a614                alt_find_dev
 .text          0x0080a6a8      0x120 ../assignment2_bsp/\libhal_bsp.a(alt_find_file.o)
                0x0080a6a8                alt_find_file
 .text          0x0080a7c8       0xb8 ../assignment2_bsp/\libhal_bsp.a(alt_get_fd.o)
                0x0080a7c8                alt_get_fd
 .text          0x0080a880       0x30 ../assignment2_bsp/\libhal_bsp.a(alt_icache_flush_all.o)
                0x0080a880                alt_icache_flush_all
 .text          0x0080a8b0      0x1d4 ../assignment2_bsp/\libhal_bsp.a(alt_iic.o)
                0x0080a8b0                alt_ic_isr_register
                0x0080a900                alt_ic_irq_enable
                0x0080a99c                alt_ic_irq_disable
                0x0080aa3c                alt_ic_irq_enabled
 .text          0x0080aa84       0xf8 ../assignment2_bsp/\libhal_bsp.a(alt_iic_isr_register.o)
                0x0080aa84                alt_iic_isr_register
 .text          0x0080ab7c      0x13c ../assignment2_bsp/\libhal_bsp.a(alt_io_redirect.o)
                0x0080ac40                alt_io_redirect
 .text          0x0080acb8        0x0 ../assignment2_bsp/\libhal_bsp.a(alt_irq_entry.o)
 .text          0x0080acb8        0x0 ../assignment2_bsp/\libhal_bsp.a(alt_irq_handler.o)
 .text          0x0080acb8       0x30 ../assignment2_bsp/\libhal_bsp.a(alt_usleep.o)
                0x0080acb8                usleep
 .text          0x0080ace8       0x20 ../assignment2_bsp/\libhal_bsp.a(altera_nios2_qsys_irq.o)
                0x0080ace8                altera_nios2_qsys_irq_init
 .text          0x0080ad08      0x14c ../assignment2_bsp/\libhal_bsp.a(alt_busy_sleep.o)
                0x0080ad08                alt_busy_sleep
 .text          0x0080ae54        0x0 ../assignment2_bsp/\libhal_bsp.a(alt_exception_entry.o)
 .text          0x0080ae54       0x90 ../assignment2_bsp/\libhal_bsp.a(alt_icache_flush.o)
                0x0080ae54                alt_icache_flush
 .text          0x0080aee4       0x14 c:/altera/13.0/nios2eds/bin/gnu/h-i686-mingw32/bin/../lib/gcc/nios2-elf/4.1.2/../../../../nios2-elf/lib\libc.a(lib_a-atexit.o)
                0x0080aee4                atexit
 .text          0x0080aef8        0x0 c:/altera/13.0/nios2eds/bin/gnu/h-i686-mingw32/bin/../lib/gcc/nios2-elf/4.1.2/../../../../nios2-elf/lib\libc.a(lib_a-ctype_.o)
 .text          0x0080aef8       0x38 c:/altera/13.0/nios2eds/bin/gnu/h-i686-mingw32/bin/../lib/gcc/nios2-elf/4.1.2/../../../../nios2-elf/lib\libc.a(lib_a-exit.o)
                0x0080aef8                exit
 .text          0x0080af30       0x74 c:/altera/13.0/nios2eds/bin/gnu/h-i686-mingw32/bin/../lib/gcc/nios2-elf/4.1.2/../../../../nios2-elf/lib\libc.a(lib_a-memcmp.o)
                0x0080af30                memcmp
 .text          0x0080afa4      0x134 c:/altera/13.0/nios2eds/bin/gnu/h-i686-mingw32/bin/../lib/gcc/nios2-elf/4.1.2/../../../../nios2-elf/lib\libc.a(lib_a-__atexit.o)
                0x0080afa4                __register_exitproc
 .text          0x0080b0d8      0x1b4 c:/altera/13.0/nios2eds/bin/gnu/h-i686-mingw32/bin/../lib/gcc/nios2-elf/4.1.2/../../../../nios2-elf/lib\libc.a(lib_a-__call_atexit.o)
                0x0080b0dc                __call_exitprocs
 .text          0x0080b28c      0x14c c:/altera/13.0/nios2eds/bin/gnu/h-i686-mingw32/bin/../lib/gcc/nios2-elf/4.1.2\libgcc.a(lib2-divmod.o)
                0x0080b308                __divsi3
                0x0080b368                __modsi3
                0x0080b3c8                __udivsi3
                0x0080b3d0                __umodsi3
 .text          0x0080b3d8       0x60 ../assignment2_bsp/\libhal_bsp.a(alt_exit.o)
                0x0080b418                _exit
 *(.gnu.warning.*)
 *(.fini)
                0x0080b438                PROVIDE (__etext, ABSOLUTE (.))
                0x0080b438                PROVIDE (_etext, ABSOLUTE (.))
                0x0080b438                PROVIDE (etext, ABSOLUTE (.))
 *(.eh_frame_hdr)
                0x0080b438                . = ALIGN (0x4)
                0x0080b438                PROVIDE (__preinit_array_start, ABSOLUTE (.))
 *(.preinit_array)
                0x0080b438                PROVIDE (__preinit_array_end, ABSOLUTE (.))
                0x0080b438                PROVIDE (__init_array_start, ABSOLUTE (.))
 *(.init_array)
                0x0080b438                PROVIDE (__init_array_end, ABSOLUTE (.))
                0x0080b438                PROVIDE (__fini_array_start, ABSOLUTE (.))
 *(.fini_array)
                0x0080b438                PROVIDE (__fini_array_end, ABSOLUTE (.))
 *(.eh_frame)
 *(.gcc_except_table)
 *(.dynamic)
                0x0080b438                PROVIDE (__CTOR_LIST__, ABSOLUTE (.))
 *(.ctors)
 *(SORT(.ctors.*))
 .ctors.65535   0x0080b438        0x4 c:/altera/13.0/nios2eds/bin/gnu/h-i686-mingw32/bin/../lib/gcc/nios2-elf/4.1.2/../../../../nios2-elf/lib\libc.a(lib_a-__call_atexit.o)
                0x0080b43c                PROVIDE (__CTOR_END__, ABSOLUTE (.))
                0x0080b43c                PROVIDE (__DTOR_LIST__, ABSOLUTE (.))
 *(.dtors)
 *(SORT(.dtors.*))
                0x0080b43c                PROVIDE (__DTOR_END__, ABSOLUTE (.))
 *(.jcr)
                0x0080b43c                . = ALIGN (0x4)

.rodata         0x0080b43c      0x44c
                0x0080b43c                PROVIDE (__ram_rodata_start, ABSOLUTE (.))
                0x0080b43c                . = ALIGN (0x4)
 *(.rodata .rodata.* .gnu.linkonce.r.*)
 .rodata        0x0080b43c      0x17c obj/default/hello_world.o
 .rodata.str1.4
                0x0080b5b8        0x2 c:/altera/13.0/nios2eds/bin/gnu/h-i686-mingw32/bin/../lib/gcc/nios2-elf/4.1.2/../../../../nios2-elf/lib\libc.a(lib_a-puts.o)
                                  0x4 (size before relaxing)
 *fill*         0x0080b5ba        0x2 00
 .rodata.str1.4
                0x0080b5bc        0x4 c:/altera/13.0/nios2eds/bin/gnu/h-i686-mingw32/bin/../lib/gcc/nios2-elf/4.1.2/../../../../nios2-elf/lib\libc.a(lib_a-impure.o)
 .rodata        0x0080b5c0        0xc ../assignment2_bsp/\libhal_bsp.a(alt_dev.o)
 .rodata        0x0080b5cc       0x10 ../assignment2_bsp/\libhal_bsp.a(alt_main.o)
 .rodata        0x0080b5dc       0x28 ../assignment2_bsp/\libhal_bsp.a(alt_sys_init.o)
 .rodata        0x0080b604      0x284 c:/altera/13.0/nios2eds/bin/gnu/h-i686-mingw32/bin/../lib/gcc/nios2-elf/4.1.2/../../../../nios2-elf/lib\libc.a(lib_a-ctype_.o)
                0x0080b604                _ctype_
 *(.rodata1)
                0x0080b888                . = ALIGN (0x4)
                0x0080b888                PROVIDE (__ram_rodata_end, ABSOLUTE (.))
                0x0080b43c                PROVIDE (__flash_rodata_start, LOADADDR (.rodata))

.rwdata         0x0080b888     0x1c38 load address 0x0080d4c0
                0x0080b888                PROVIDE (__ram_rwdata_start, ABSOLUTE (.))
                0x0080b888                . = ALIGN (0x4)
 *(.got.plt)
 *(.got)
 *(.data1)
 *(.data .data.* .gnu.linkonce.d.*)
 .data          0x0080b888        0x0 ../assignment2_bsp//obj/HAL/src/crt0.o
 .data          0x0080b888        0x0 obj/default/hello_world.o
 .data          0x0080b888        0x0 obj/default/sccharts.o
 .data          0x0080b888        0x0 c:/altera/13.0/nios2eds/bin/gnu/h-i686-mingw32/bin/../lib/gcc/nios2-elf/4.1.2/../../../../nios2-elf/lib\libc.a(lib_a-puts.o)
 .data          0x0080b888        0x0 c:/altera/13.0/nios2eds/bin/gnu/h-i686-mingw32/bin/../lib/gcc/nios2-elf/4.1.2/../../../../nios2-elf/lib\libc.a(lib_a-strlen.o)
 .data          0x0080b888        0x0 c:/altera/13.0/nios2eds/bin/gnu/h-i686-mingw32/bin/../lib/gcc/nios2-elf/4.1.2/../../../../nios2-elf/lib\libc.a(lib_a-fvwrite.o)
 .data          0x0080b888      0x400 c:/altera/13.0/nios2eds/bin/gnu/h-i686-mingw32/bin/../lib/gcc/nios2-elf/4.1.2/../../../../nios2-elf/lib\libc.a(lib_a-impure.o)
 .data          0x0080bc88      0x408 c:/altera/13.0/nios2eds/bin/gnu/h-i686-mingw32/bin/../lib/gcc/nios2-elf/4.1.2/../../../../nios2-elf/lib\libc.a(lib_a-mallocr.o)
                0x0080bc88                __malloc_av_
 .data          0x0080c090        0x0 c:/altera/13.0/nios2eds/bin/gnu/h-i686-mingw32/bin/../lib/gcc/nios2-elf/4.1.2/../../../../nios2-elf/lib\libc.a(lib_a-memchr.o)
 .data          0x0080c090        0x0 c:/altera/13.0/nios2eds/bin/gnu/h-i686-mingw32/bin/../lib/gcc/nios2-elf/4.1.2/../../../../nios2-elf/lib\libc.a(lib_a-memcpy.o)
 .data          0x0080c090        0x0 c:/altera/13.0/nios2eds/bin/gnu/h-i686-mingw32/bin/../lib/gcc/nios2-elf/4.1.2/../../../../nios2-elf/lib\libc.a(lib_a-memmove.o)
 .data          0x0080c090        0x0 c:/altera/13.0/nios2eds/bin/gnu/h-i686-mingw32/bin/../lib/gcc/nios2-elf/4.1.2/../../../../nios2-elf/lib\libc.a(lib_a-reallocr.o)
 .data          0x0080c090        0x0 c:/altera/13.0/nios2eds/bin/gnu/h-i686-mingw32/bin/../lib/gcc/nios2-elf/4.1.2/../../../../nios2-elf/lib\libc.a(lib_a-sbrkr.o)
 .data          0x0080c090        0x0 c:/altera/13.0/nios2eds/bin/gnu/h-i686-mingw32/bin/../lib/gcc/nios2-elf/4.1.2/../../../../nios2-elf/lib\libc.a(lib_a-wsetup.o)
 .data          0x0080c090        0x0 c:/altera/13.0/nios2eds/bin/gnu/h-i686-mingw32/bin/../lib/gcc/nios2-elf/4.1.2/../../../../nios2-elf/lib\libc.a(lib_a-fflush.o)
 .data          0x0080c090        0x0 c:/altera/13.0/nios2eds/bin/gnu/h-i686-mingw32/bin/../lib/gcc/nios2-elf/4.1.2/../../../../nios2-elf/lib\libc.a(lib_a-findfp.o)
 .data          0x0080c090        0x0 c:/altera/13.0/nios2eds/bin/gnu/h-i686-mingw32/bin/../lib/gcc/nios2-elf/4.1.2/../../../../nios2-elf/lib\libc.a(lib_a-freer.o)
 .data          0x0080c090        0x0 c:/altera/13.0/nios2eds/bin/gnu/h-i686-mingw32/bin/../lib/gcc/nios2-elf/4.1.2/../../../../nios2-elf/lib\libc.a(lib_a-fwalk.o)
 .data          0x0080c090        0x0 c:/altera/13.0/nios2eds/bin/gnu/h-i686-mingw32/bin/../lib/gcc/nios2-elf/4.1.2/../../../../nios2-elf/lib\libc.a(lib_a-int_errno.o)
 .data          0x0080c090        0x0 c:/altera/13.0/nios2eds/bin/gnu/h-i686-mingw32/bin/../lib/gcc/nios2-elf/4.1.2/../../../../nios2-elf/lib\libc.a(lib_a-makebuf.o)
 .data          0x0080c090        0x0 c:/altera/13.0/nios2eds/bin/gnu/h-i686-mingw32/bin/../lib/gcc/nios2-elf/4.1.2/../../../../nios2-elf/lib\libc.a(lib_a-memset.o)
 .data          0x0080c090        0x0 c:/altera/13.0/nios2eds/bin/gnu/h-i686-mingw32/bin/../lib/gcc/nios2-elf/4.1.2/../../../../nios2-elf/lib\libc.a(lib_a-stdio.o)
 .data          0x0080c090        0x0 c:/altera/13.0/nios2eds/bin/gnu/h-i686-mingw32/bin/../lib/gcc/nios2-elf/4.1.2/../../../../nios2-elf/lib\libc.a(lib_a-writer.o)
 .data          0x0080c090        0x0 c:/altera/13.0/nios2eds/bin/gnu/h-i686-mingw32/bin/../lib/gcc/nios2-elf/4.1.2/../../../../nios2-elf/lib\libc.a(lib_a-closer.o)
 .data          0x0080c090        0x0 c:/altera/13.0/nios2eds/bin/gnu/h-i686-mingw32/bin/../lib/gcc/nios2-elf/4.1.2/../../../../nios2-elf/lib\libc.a(lib_a-fclose.o)
 .data          0x0080c090        0x0 c:/altera/13.0/nios2eds/bin/gnu/h-i686-mingw32/bin/../lib/gcc/nios2-elf/4.1.2/../../../../nios2-elf/lib\libc.a(lib_a-fstatr.o)
 .data          0x0080c090        0x0 c:/altera/13.0/nios2eds/bin/gnu/h-i686-mingw32/bin/../lib/gcc/nios2-elf/4.1.2/../../../../nios2-elf/lib\libc.a(lib_a-isattyr.o)
 .data          0x0080c090        0x0 c:/altera/13.0/nios2eds/bin/gnu/h-i686-mingw32/bin/../lib/gcc/nios2-elf/4.1.2/../../../../nios2-elf/lib\libc.a(lib_a-lseekr.o)
 .data          0x0080c090        0x0 c:/altera/13.0/nios2eds/bin/gnu/h-i686-mingw32/bin/../lib/gcc/nios2-elf/4.1.2/../../../../nios2-elf/lib\libc.a(lib_a-readr.o)
 .data          0x0080c090        0x0 ../assignment2_bsp/\libhal_bsp.a(alt_alarm_start.o)
 .data          0x0080c090        0x0 ../assignment2_bsp/\libhal_bsp.a(alt_close.o)
 .data          0x0080c090      0x1a8 ../assignment2_bsp/\libhal_bsp.a(alt_dev.o)
                0x0080c090                alt_dev_null
                0x0080c0b8                alt_fd_list
 .data          0x0080c238        0x0 ../assignment2_bsp/\libhal_bsp.a(alt_errno.o)
 .data          0x0080c238        0x0 ../assignment2_bsp/\libhal_bsp.a(alt_fstat.o)
 .data          0x0080c238        0x0 ../assignment2_bsp/\libhal_bsp.a(alt_irq_register.o)
 .data          0x0080c238        0x0 ../assignment2_bsp/\libhal_bsp.a(alt_irq_vars.o)
 .data          0x0080c238        0x0 ../assignment2_bsp/\libhal_bsp.a(alt_isatty.o)
 .data          0x0080c238        0x0 ../assignment2_bsp/\libhal_bsp.a(alt_load.o)
 .data          0x0080c238        0x0 ../assignment2_bsp/\libhal_bsp.a(alt_lseek.o)
 .data          0x0080c238        0x0 ../assignment2_bsp/\libhal_bsp.a(alt_main.o)
 .data          0x0080c238        0x0 ../assignment2_bsp/\libhal_bsp.a(alt_malloc_lock.o)
 .data          0x0080c238        0x0 ../assignment2_bsp/\libhal_bsp.a(alt_open.o)
 .data          0x0080c238        0x0 ../assignment2_bsp/\libhal_bsp.a(alt_read.o)
 .data          0x0080c238        0x0 ../assignment2_bsp/\libhal_bsp.a(alt_release_fd.o)
 .data          0x0080c238        0x0 ../assignment2_bsp/\libhal_bsp.a(alt_sbrk.o)
 .data          0x0080c238        0x0 ../assignment2_bsp/\libhal_bsp.a(alt_tick.o)
 .data          0x0080c238        0x0 ../assignment2_bsp/\libhal_bsp.a(alt_write.o)
 .data          0x0080c238     0x1244 ../assignment2_bsp/\libhal_bsp.a(alt_sys_init.o)
 .data          0x0080d47c        0x0 ../assignment2_bsp/\libhal_bsp.a(altera_avalon_jtag_uart_fd.o)
 .data          0x0080d47c        0x0 ../assignment2_bsp/\libhal_bsp.a(altera_avalon_jtag_uart_init.o)
 .data          0x0080d47c        0x0 ../assignment2_bsp/\libhal_bsp.a(altera_avalon_jtag_uart_ioctl.o)
 .data          0x0080d47c        0x0 ../assignment2_bsp/\libhal_bsp.a(altera_avalon_jtag_uart_read.o)
 .data          0x0080d47c        0x0 ../assignment2_bsp/\libhal_bsp.a(altera_avalon_jtag_uart_write.o)
 .data          0x0080d47c        0x0 ../assignment2_bsp/\libhal_bsp.a(altera_avalon_lcd_16207.o)
 .data          0x0080d47c        0x0 ../assignment2_bsp/\libhal_bsp.a(altera_avalon_lcd_16207_fd.o)
 .data          0x0080d47c        0x0 ../assignment2_bsp/\libhal_bsp.a(altera_avalon_timer_sc.o)
 .data          0x0080d47c        0x0 ../assignment2_bsp/\libhal_bsp.a(altera_avalon_uart_fd.o)
 .data          0x0080d47c        0x0 ../assignment2_bsp/\libhal_bsp.a(altera_avalon_uart_init.o)
 .data          0x0080d47c        0x0 ../assignment2_bsp/\libhal_bsp.a(altera_avalon_uart_read.o)
 .data          0x0080d47c        0x0 ../assignment2_bsp/\libhal_bsp.a(altera_avalon_uart_write.o)
 .data          0x0080d47c        0x0 ../assignment2_bsp/\libhal_bsp.a(alt_dcache_flush_all.o)
 .data          0x0080d47c        0x0 ../assignment2_bsp/\libhal_bsp.a(alt_dev_llist_insert.o)
 .data          0x0080d47c        0x0 ../assignment2_bsp/\libhal_bsp.a(alt_do_ctors.o)
 .data          0x0080d47c        0x0 ../assignment2_bsp/\libhal_bsp.a(alt_do_dtors.o)
 .data          0x0080d47c        0x0 ../assignment2_bsp/\libhal_bsp.a(alt_find_dev.o)
 .data          0x0080d47c        0x0 ../assignment2_bsp/\libhal_bsp.a(alt_find_file.o)
 .data          0x0080d47c        0x0 ../assignment2_bsp/\libhal_bsp.a(alt_get_fd.o)
 .data          0x0080d47c        0x0 ../assignment2_bsp/\libhal_bsp.a(alt_icache_flush_all.o)
 .data          0x0080d47c        0x0 ../assignment2_bsp/\libhal_bsp.a(alt_iic.o)
 .data          0x0080d47c        0x0 ../assignment2_bsp/\libhal_bsp.a(alt_iic_isr_register.o)
 .data          0x0080d47c        0x0 ../assignment2_bsp/\libhal_bsp.a(alt_io_redirect.o)
 .data          0x0080d47c        0x0 ../assignment2_bsp/\libhal_bsp.a(alt_irq_entry.o)
 .data          0x0080d47c        0x0 ../assignment2_bsp/\libhal_bsp.a(alt_irq_handler.o)
 .data          0x0080d47c        0x0 ../assignment2_bsp/\libhal_bsp.a(alt_usleep.o)
 .data          0x0080d47c        0x0 ../assignment2_bsp/\libhal_bsp.a(altera_nios2_qsys_irq.o)
 .data          0x0080d47c        0x0 ../assignment2_bsp/\libhal_bsp.a(alt_busy_sleep.o)
 .data          0x0080d47c        0x0 ../assignment2_bsp/\libhal_bsp.a(alt_exception_entry.o)
 .data          0x0080d47c        0x0 ../assignment2_bsp/\libhal_bsp.a(alt_icache_flush.o)
 .data          0x0080d47c        0x0 c:/altera/13.0/nios2eds/bin/gnu/h-i686-mingw32/bin/../lib/gcc/nios2-elf/4.1.2/../../../../nios2-elf/lib\libc.a(lib_a-atexit.o)
 .data          0x0080d47c        0x0 c:/altera/13.0/nios2eds/bin/gnu/h-i686-mingw32/bin/../lib/gcc/nios2-elf/4.1.2/../../../../nios2-elf/lib\libc.a(lib_a-ctype_.o)
 .data          0x0080d47c        0x0 c:/altera/13.0/nios2eds/bin/gnu/h-i686-mingw32/bin/../lib/gcc/nios2-elf/4.1.2/../../../../nios2-elf/lib\libc.a(lib_a-exit.o)
 .data          0x0080d47c        0x0 c:/altera/13.0/nios2eds/bin/gnu/h-i686-mingw32/bin/../lib/gcc/nios2-elf/4.1.2/../../../../nios2-elf/lib\libc.a(lib_a-memcmp.o)
 .data          0x0080d47c        0x0 c:/altera/13.0/nios2eds/bin/gnu/h-i686-mingw32/bin/../lib/gcc/nios2-elf/4.1.2/../../../../nios2-elf/lib\libc.a(lib_a-__atexit.o)
 .data          0x0080d47c        0x0 c:/altera/13.0/nios2eds/bin/gnu/h-i686-mingw32/bin/../lib/gcc/nios2-elf/4.1.2/../../../../nios2-elf/lib\libc.a(lib_a-__call_atexit.o)
 .data          0x0080d47c        0x0 c:/altera/13.0/nios2eds/bin/gnu/h-i686-mingw32/bin/../lib/gcc/nios2-elf/4.1.2\libgcc.a(lib2-divmod.o)
 .data          0x0080d47c        0x0 ../assignment2_bsp/\libhal_bsp.a(alt_exit.o)
                0x0081547c                _gp = ABSOLUTE ((. + 0x8000))
                0x0081547c                PROVIDE (gp, _gp)
 *(.rwdata .rwdata.*)
 *(.sdata .sdata.* .gnu.linkonce.s.*)
 .sdata         0x0080d47c        0x4 obj/default/hello_world.o
 .sdata         0x0080d480        0x8 c:/altera/13.0/nios2eds/bin/gnu/h-i686-mingw32/bin/../lib/gcc/nios2-elf/4.1.2/../../../../nios2-elf/lib\libc.a(lib_a-impure.o)
                0x0080d480                _impure_ptr
                0x0080d484                _global_impure_ptr
 .sdata         0x0080d488        0x8 c:/altera/13.0/nios2eds/bin/gnu/h-i686-mingw32/bin/../lib/gcc/nios2-elf/4.1.2/../../../../nios2-elf/lib\libc.a(lib_a-mallocr.o)
                0x0080d488                __malloc_trim_threshold
                0x0080d48c                __malloc_sbrk_base
 .sdata         0x0080d490       0x14 ../assignment2_bsp/\libhal_bsp.a(alt_dev.o)
                0x0080d490                alt_fs_list
                0x0080d498                alt_dev_list
                0x0080d4a0                alt_max_fd
 .sdata         0x0080d4a4        0x4 ../assignment2_bsp/\libhal_bsp.a(alt_errno.o)
                0x0080d4a4                alt_errno
 .sdata         0x0080d4a8        0x4 ../assignment2_bsp/\libhal_bsp.a(alt_irq_vars.o)
                0x0080d4a8                alt_priority_mask
 .sdata         0x0080d4ac        0x4 ../assignment2_bsp/\libhal_bsp.a(alt_sbrk.o)
 .sdata         0x0080d4b0        0x8 ../assignment2_bsp/\libhal_bsp.a(alt_tick.o)
                0x0080d4b0                alt_alarm_list
 .sdata         0x0080d4b8        0x4 ../assignment2_bsp/\libhal_bsp.a(altera_avalon_lcd_16207.o)
 .sdata         0x0080d4bc        0x4 c:/altera/13.0/nios2eds/bin/gnu/h-i686-mingw32/bin/../lib/gcc/nios2-elf/4.1.2/../../../../nios2-elf/lib\libc.a(lib_a-ctype_.o)
                0x0080d4bc                __ctype_ptr
 *(.sdata2 .sdata2.* .gnu.linkonce.s2.*)
                0x0080d4c0                . = ALIGN (0x4)
                0x0080d4c0                _edata = ABSOLUTE (.)
                0x0080d4c0                PROVIDE (edata, ABSOLUTE (.))
                0x0080d4c0                PROVIDE (__ram_rwdata_end, ABSOLUTE (.))
                0x0080d4c0                PROVIDE (__flash_rwdata_start, LOADADDR (.rwdata))

.bss            0x0080f0f8      0x510
                0x0080f0f8                __bss_start = ABSOLUTE (.)
                0x0080f0f8                PROVIDE (__sbss_start, ABSOLUTE (.))
                0x0080f0f8                PROVIDE (___sbss_start, ABSOLUTE (.))
 *(.dynsbss)
 *(.sbss .sbss.* .gnu.linkonce.sb.*)
 .sbss          0x0080f0f8       0x30 obj/default/hello_world.o
 .sbss          0x0080f128        0xc obj/default/hello_world.o
                0x0080f128                fp
                0x0080f12c                c
                0x0080f130                uart_read
 .sbss          0x0080f134      0x132 obj/default/sccharts.o
                0x0080f134                _cg81
                0x0080f135                g40
                0x0080f136                g83
                0x0080f137                g143_e2
                0x0080f138                g91
                0x0080f139                _compsys303_a2_local_URI_stop
                0x0080f13a                APace
                0x0080f13b                g139
                0x0080f13c                g4
                0x0080f13d                g108
                0x0080f13e                g19
                0x0080f13f                g111
                0x0080f140                g139_fix1
                0x0080f141                g55
                0x0080f142                _cg59
                0x0080f143                g27
                0x0080f144                g94_e9
                0x0080f145                PRE_g90
                0x0080f146                _compsys303_a2_local_AEI_start
                0x0080f147                g112
                0x0080f148                g139_e1_fix_fix
                0x0080f149                g3
                0x0080f14a                URI_NOTRUNNING
                0x0080f14b                g31b
                0x0080f14c                g103
                0x0080f14d                PRE_g27
                0x0080f14e                g47
                0x0080f14f                g86_e8
                0x0080f150                g85
                0x0080f151                g42
                0x0080f152                g9
                0x0080f153                g127
                0x0080f154                _cg125
                0x0080f155                LRITO
                0x0080f156                _cg7
                0x0080f158                _PRE_GO
                0x0080f15c                _compsys303_a2_local_AEI_ex
                0x0080f15d                PRE_g3
                0x0080f15e                g102
                0x0080f15f                g140
                0x0080f160                _cg128
                0x0080f161                g115
                0x0080f162                g114_e10
                0x0080f163                PRE_g56
                0x0080f164                _compsys303_a2_local_LRI_ex
                0x0080f165                PRE_g75
                0x0080f166                g87
                0x0080f167                g44
                0x0080f168                g123
                0x0080f169                _cg84
                0x0080f16a                PRE_g65
                0x0080f16b                g92
                0x0080f16c                g1
                0x0080f16d                g61
                0x0080f16e                g135
                0x0080f16f                g71
                0x0080f170                PRE_g141
                0x0080f171                g7b
                0x0080f172                PRE_g118
                0x0080f173                g126
                0x0080f174                g82
                0x0080f175                g12
                0x0080f176                g97
                0x0080f177                g52
                0x0080f178                _cg85
                0x0080f179                _cg46
                0x0080f17a                _cg74
                0x0080f17b                _compsys303_a2_local_AVI_stop
                0x0080f17c                g17
                0x0080f17d                g76
                0x0080f17e                g31
                0x0080f17f                g139_fix0
                0x0080f180                g37
                0x0080f181                g62
                0x0080f182                g84
                0x0080f183                g41
                0x0080f184                _cg61
                0x0080f185                _cg119
                0x0080f186                g118
                0x0080f187                g119b
                0x0080f188                PRE_g8
                0x0080f189                _cg69
                0x0080f18a                PRE_g136
                0x0080f18b                _compsys303_a2_local_AVI_ex
                0x0080f18c                g18
                0x0080f18d                PRE_g124
                0x0080f18e                ASense
                0x0080f18f                PRE_g50
                0x0080f190                PRE_g104
                0x0080f191                g132
                0x0080f192                g48
                0x0080f193                PRE_g35
                0x0080f194                g134_e12
                0x0080f195                g78_e7
                0x0080f196                _cg111
                0x0080f197                g38
                0x0080f198                g105
                0x0080f199                _cg97
                0x0080f19a                PRE_g116
                0x0080f19b                _cg132
                0x0080f19c                PRE_g42
                0x0080f19d                g117
                0x0080f19e                _cg20
                0x0080f19f                _cg76
                0x0080f1a0                _cg43
                0x0080f1a1                _compsys303_a2_local_PVARP_stop
                0x0080f1a2                g22b
                0x0080f1a3                _cg28
                0x0080f1a4                g64
                0x0080f1a5                g21
                0x0080f1a6                g74b
                0x0080f1a7                _cg107
                0x0080f1a8                _cg51
                0x0080f1a9                _cg14
                0x0080f1aa                _cg68
                0x0080f1ab                g79
                0x0080f1ac                g34
                0x0080f1ad                g5
                0x0080f1ae                g94
                0x0080f1af                g110
                0x0080f1b0                g49
                0x0080f1b1                g2
                0x0080f1b2                g7
                0x0080f1b3                _cg53
                0x0080f1b4                _cg16
                0x0080f1b5                _compsys303_a2_local_AEI_stop
                0x0080f1b6                PRE_g101
                0x0080f1b7                g80
                0x0080f1b8                PRE_g80
                0x0080f1b9                g139_fix3
                0x0080f1ba                g128
                0x0080f1bb                g136
                0x0080f1bc                g143
                0x0080f1bd                g100
                0x0080f1be                g59
                0x0080f1bf                g99
                0x0080f1c0                g54
                0x0080f1c1                g66
                0x0080f1c2                g23
                0x0080f1c3                g14
                0x0080f1c4                _compsys303_a2_local_URI_start
                0x0080f1c5                _compsys303_a2_local_VRP_stop
                0x0080f1c6                g144
                0x0080f1c7                g101
                0x0080f1c8                g25_e2
                0x0080f1c9                _cg100
                0x0080f1ca                g114
                0x0080f1cb                g56
                0x0080f1cc                g129
                0x0080f1cd                g131
                0x0080f1ce                VSense
                0x0080f1cf                PRE_g6
                0x0080f1d0                g78
                0x0080f1d1                g33
                0x0080f1d2                _cg133
                0x0080f1d3                g122
                0x0080f1d4                g71_e6
                0x0080f1d5                PRE_g96
                0x0080f1d6                PRE_g67
                0x0080f1d7                PRE_g83
                0x0080f1d8                _cg130
                0x0080f1d9                g134
                0x0080f1da                g35
                0x0080f1db                _cg38
                0x0080f1dc                g15
                0x0080f1dd                g90
                0x0080f1de                _GO
                0x0080f1df                g89b
                0x0080f1e0                URITO
                0x0080f1e1                VRPTO
                0x0080f1e2                PRE_g11
                0x0080f1e3                g63
                0x0080f1e4                g20
                0x0080f1e5                AVITO
                0x0080f1e6                g60
                0x0080f1e7                g68b
                0x0080f1e8                PRE_g19
                0x0080f1e9                g66b
                0x0080f1ea                g93
                0x0080f1eb                _cg22
                0x0080f1ec                g119
                0x0080f1ed                g84b
                0x0080f1ee                g86
                0x0080f1ef                g43
                0x0080f1f0                PRE_g88
                0x0080f1f1                PVARPTO
                0x0080f1f2                g36
                0x0080f1f3                g89
                0x0080f1f4                g46
                0x0080f1f5                g57b
                0x0080f1f6                g138_e13
                0x0080f1f7                g95
                0x0080f1f8                g50
                0x0080f1f9                g96
                0x0080f1fa                g51
                0x0080f1fb                g138
                0x0080f1fc                g107
                0x0080f1fd                g113
                0x0080f1fe                _cg117
                0x0080f1ff                PRE_g129
                0x0080f200                PRE_g48
                0x0080f201                _cg112
                0x0080f202                g104
                0x0080f203                g139_e1_fix
                0x0080f204                g13
                0x0080f205                g98
                0x0080f206                g53
                0x0080f207                g8
                0x0080f208                g57
                0x0080f209                _compsys303_a2_local_AVI_start
                0x0080f20a                g70
                0x0080f20b                _cg66
                0x0080f20c                g139_e1
                0x0080f20d                g91b
                0x0080f20e                g141
                0x0080f20f                g36b
                0x0080f210                g116
                0x0080f211                g6
                0x0080f212                g72
                0x0080f213                g81
                0x0080f214                g117b
                0x0080f215                _compsys303_a2_local_PVARP_start
                0x0080f216                g124
                0x0080f217                _cg108
                0x0080f218                _cg13
                0x0080f219                _cg9
                0x0080f21a                PRE_g99
                0x0080f21b                g137
                0x0080f21c                g17_e1
                0x0080f21d                _compsys303_a2_local_URI_ex
                0x0080f21e                g0
                0x0080f21f                _cg89
                0x0080f220                g128b
                0x0080f221                g139_fix2
                0x0080f222                _cg54
                0x0080f223                _cg91
                0x0080f224                g75
                0x0080f225                g30
                0x0080f226                PRE_g21
                0x0080f227                g16
                0x0080f228                g58
                0x0080f229                g63_e5
                0x0080f22a                _compsys303_a2_local_LRI_stop
                0x0080f22b                _cg57
                0x0080f22c                g25
                0x0080f22d                g68
                0x0080f22e                g142
                0x0080f22f                _compsys303_a2_local_LRI_start
                0x0080f230                g11
                0x0080f231                g65
                0x0080f232                g22
                0x0080f233                g28
                0x0080f234                g73
                0x0080f235                _cg113
                0x0080f236                g40_e4
                0x0080f237                g125
                0x0080f238                g77
                0x0080f239                g32
                0x0080f23a                _compsys303_a2_local_PVARP_ex
                0x0080f23b                g20b
                0x0080f23c                g88
                0x0080f23d                g45
                0x0080f23e                _cg23
                0x0080f23f                _compsys303_a2_local_VRP_ex
                0x0080f240                PRE_g127
                0x0080f241                _compsys303_a2_local_VRP_start
                0x0080f242                _cg55
                0x0080f243                _cg92
                0x0080f244                PRE_g45
                0x0080f245                g130
                0x0080f246                g49b
                0x0080f247                PRE_g73
                0x0080f248                PRE_g30
                0x0080f249                g121
                0x0080f24a                g100b
                0x0080f24b                _cg109
                0x0080f24c                VPace
                0x0080f24d                g12b
                0x0080f24e                g39
                0x0080f24f                _cg49
                0x0080f250                g120
                0x0080f251                _cg120
                0x0080f252                g29
                0x0080f253                g67
                0x0080f254                g24
                0x0080f255                _cg4
                0x0080f256                g133
                0x0080f257                g109
                0x0080f258                _cg32
                0x0080f259                g106
                0x0080f25a                _cg36
                0x0080f25b                _cg31
                0x0080f25c                g10
                0x0080f25d                _cg102
                0x0080f25e                AEITO
                0x0080f25f                g69
                0x0080f260                g26
                0x0080f261                PRE_g37
                0x0080f262                g122_e11
                0x0080f263                _cg105
                0x0080f264                g74
                0x0080f265                g33_e3
 *fill*         0x0080f266        0x2 00
 .sbss          0x0080f268        0xc c:/altera/13.0/nios2eds/bin/gnu/h-i686-mingw32/bin/../lib/gcc/nios2-elf/4.1.2/../../../../nios2-elf/lib\libc.a(lib_a-mallocr.o)
                0x0080f268                __malloc_top_pad
                0x0080f26c                __malloc_max_sbrked_mem
                0x0080f270                __malloc_max_total_mem
 .sbss          0x0080f274        0x4 c:/altera/13.0/nios2eds/bin/gnu/h-i686-mingw32/bin/../lib/gcc/nios2-elf/4.1.2/../../../../nios2-elf/lib\libc.a(lib_a-int_errno.o)
                0x0080f274                errno
 .sbss          0x0080f278        0x4 ../assignment2_bsp/\libhal_bsp.a(alt_irq_vars.o)
                0x0080f278                alt_irq_active
 .sbss          0x0080f27c        0xc ../assignment2_bsp/\libhal_bsp.a(alt_main.o)
                0x0080f27c                alt_argc
                0x0080f280                alt_argv
                0x0080f284                alt_envp
 .sbss          0x0080f288        0x8 ../assignment2_bsp/\libhal_bsp.a(alt_tick.o)
                0x0080f288                _alt_tick_rate
                0x0080f28c                _alt_nticks
 *(.sbss2 .sbss2.* .gnu.linkonce.sb2.*)
 *(.scommon)
                0x0080f290                PROVIDE (__sbss_end, ABSOLUTE (.))
                0x0080f290                PROVIDE (___sbss_end, ABSOLUTE (.))
 *(.dynbss)
 *(.bss .bss.* .gnu.linkonce.b.*)
 .bss           0x0080f290        0x0 ../assignment2_bsp//obj/HAL/src/crt0.o
 .bss           0x0080f290       0xc0 obj/default/hello_world.o
 .bss           0x0080f350        0x0 obj/default/sccharts.o
 .bss           0x0080f350        0x0 c:/altera/13.0/nios2eds/bin/gnu/h-i686-mingw32/bin/../lib/gcc/nios2-elf/4.1.2/../../../../nios2-elf/lib\libc.a(lib_a-puts.o)
 .bss           0x0080f350        0x0 c:/altera/13.0/nios2eds/bin/gnu/h-i686-mingw32/bin/../lib/gcc/nios2-elf/4.1.2/../../../../nios2-elf/lib\libc.a(lib_a-strlen.o)
 .bss           0x0080f350        0x0 c:/altera/13.0/nios2eds/bin/gnu/h-i686-mingw32/bin/../lib/gcc/nios2-elf/4.1.2/../../../../nios2-elf/lib\libc.a(lib_a-fvwrite.o)
 .bss           0x0080f350        0x0 c:/altera/13.0/nios2eds/bin/gnu/h-i686-mingw32/bin/../lib/gcc/nios2-elf/4.1.2/../../../../nios2-elf/lib\libc.a(lib_a-impure.o)
 .bss           0x0080f350       0x28 c:/altera/13.0/nios2eds/bin/gnu/h-i686-mingw32/bin/../lib/gcc/nios2-elf/4.1.2/../../../../nios2-elf/lib\libc.a(lib_a-mallocr.o)
                0x0080f350                __malloc_current_mallinfo
 .bss           0x0080f378        0x0 c:/altera/13.0/nios2eds/bin/gnu/h-i686-mingw32/bin/../lib/gcc/nios2-elf/4.1.2/../../../../nios2-elf/lib\libc.a(lib_a-memchr.o)
 .bss           0x0080f378        0x0 c:/altera/13.0/nios2eds/bin/gnu/h-i686-mingw32/bin/../lib/gcc/nios2-elf/4.1.2/../../../../nios2-elf/lib\libc.a(lib_a-memcpy.o)
 .bss           0x0080f378        0x0 c:/altera/13.0/nios2eds/bin/gnu/h-i686-mingw32/bin/../lib/gcc/nios2-elf/4.1.2/../../../../nios2-elf/lib\libc.a(lib_a-memmove.o)
 .bss           0x0080f378        0x0 c:/altera/13.0/nios2eds/bin/gnu/h-i686-mingw32/bin/../lib/gcc/nios2-elf/4.1.2/../../../../nios2-elf/lib\libc.a(lib_a-reallocr.o)
 .bss           0x0080f378        0x0 c:/altera/13.0/nios2eds/bin/gnu/h-i686-mingw32/bin/../lib/gcc/nios2-elf/4.1.2/../../../../nios2-elf/lib\libc.a(lib_a-sbrkr.o)
 .bss           0x0080f378        0x0 c:/altera/13.0/nios2eds/bin/gnu/h-i686-mingw32/bin/../lib/gcc/nios2-elf/4.1.2/../../../../nios2-elf/lib\libc.a(lib_a-wsetup.o)
 .bss           0x0080f378        0x0 c:/altera/13.0/nios2eds/bin/gnu/h-i686-mingw32/bin/../lib/gcc/nios2-elf/4.1.2/../../../../nios2-elf/lib\libc.a(lib_a-fflush.o)
 .bss           0x0080f378        0x0 c:/altera/13.0/nios2eds/bin/gnu/h-i686-mingw32/bin/../lib/gcc/nios2-elf/4.1.2/../../../../nios2-elf/lib\libc.a(lib_a-findfp.o)
 .bss           0x0080f378        0x0 c:/altera/13.0/nios2eds/bin/gnu/h-i686-mingw32/bin/../lib/gcc/nios2-elf/4.1.2/../../../../nios2-elf/lib\libc.a(lib_a-freer.o)
 .bss           0x0080f378        0x0 c:/altera/13.0/nios2eds/bin/gnu/h-i686-mingw32/bin/../lib/gcc/nios2-elf/4.1.2/../../../../nios2-elf/lib\libc.a(lib_a-fwalk.o)
 .bss           0x0080f378        0x0 c:/altera/13.0/nios2eds/bin/gnu/h-i686-mingw32/bin/../lib/gcc/nios2-elf/4.1.2/../../../../nios2-elf/lib\libc.a(lib_a-int_errno.o)
 .bss           0x0080f378        0x0 c:/altera/13.0/nios2eds/bin/gnu/h-i686-mingw32/bin/../lib/gcc/nios2-elf/4.1.2/../../../../nios2-elf/lib\libc.a(lib_a-makebuf.o)
 .bss           0x0080f378        0x0 c:/altera/13.0/nios2eds/bin/gnu/h-i686-mingw32/bin/../lib/gcc/nios2-elf/4.1.2/../../../../nios2-elf/lib\libc.a(lib_a-memset.o)
 .bss           0x0080f378        0x0 c:/altera/13.0/nios2eds/bin/gnu/h-i686-mingw32/bin/../lib/gcc/nios2-elf/4.1.2/../../../../nios2-elf/lib\libc.a(lib_a-stdio.o)
 .bss           0x0080f378        0x0 c:/altera/13.0/nios2eds/bin/gnu/h-i686-mingw32/bin/../lib/gcc/nios2-elf/4.1.2/../../../../nios2-elf/lib\libc.a(lib_a-writer.o)
 .bss           0x0080f378        0x0 c:/altera/13.0/nios2eds/bin/gnu/h-i686-mingw32/bin/../lib/gcc/nios2-elf/4.1.2/../../../../nios2-elf/lib\libc.a(lib_a-closer.o)
 .bss           0x0080f378        0x0 c:/altera/13.0/nios2eds/bin/gnu/h-i686-mingw32/bin/../lib/gcc/nios2-elf/4.1.2/../../../../nios2-elf/lib\libc.a(lib_a-fclose.o)
 .bss           0x0080f378        0x0 c:/altera/13.0/nios2eds/bin/gnu/h-i686-mingw32/bin/../lib/gcc/nios2-elf/4.1.2/../../../../nios2-elf/lib\libc.a(lib_a-fstatr.o)
 .bss           0x0080f378        0x0 c:/altera/13.0/nios2eds/bin/gnu/h-i686-mingw32/bin/../lib/gcc/nios2-elf/4.1.2/../../../../nios2-elf/lib\libc.a(lib_a-isattyr.o)
 .bss           0x0080f378        0x0 c:/altera/13.0/nios2eds/bin/gnu/h-i686-mingw32/bin/../lib/gcc/nios2-elf/4.1.2/../../../../nios2-elf/lib\libc.a(lib_a-lseekr.o)
 .bss           0x0080f378        0x0 c:/altera/13.0/nios2eds/bin/gnu/h-i686-mingw32/bin/../lib/gcc/nios2-elf/4.1.2/../../../../nios2-elf/lib\libc.a(lib_a-readr.o)
 .bss           0x0080f378        0x0 ../assignment2_bsp/\libhal_bsp.a(alt_alarm_start.o)
 .bss           0x0080f378        0x0 ../assignment2_bsp/\libhal_bsp.a(alt_close.o)
 .bss           0x0080f378        0x0 ../assignment2_bsp/\libhal_bsp.a(alt_dev.o)
 .bss           0x0080f378        0x0 ../assignment2_bsp/\libhal_bsp.a(alt_errno.o)
 .bss           0x0080f378        0x0 ../assignment2_bsp/\libhal_bsp.a(alt_fstat.o)
 .bss           0x0080f378        0x0 ../assignment2_bsp/\libhal_bsp.a(alt_irq_register.o)
 .bss           0x0080f378        0x0 ../assignment2_bsp/\libhal_bsp.a(alt_irq_vars.o)
 .bss           0x0080f378        0x0 ../assignment2_bsp/\libhal_bsp.a(alt_isatty.o)
 .bss           0x0080f378        0x0 ../assignment2_bsp/\libhal_bsp.a(alt_load.o)
 .bss           0x0080f378        0x0 ../assignment2_bsp/\libhal_bsp.a(alt_lseek.o)
 .bss           0x0080f378        0x0 ../assignment2_bsp/\libhal_bsp.a(alt_main.o)
 .bss           0x0080f378        0x0 ../assignment2_bsp/\libhal_bsp.a(alt_malloc_lock.o)
 .bss           0x0080f378        0x0 ../assignment2_bsp/\libhal_bsp.a(alt_open.o)
 .bss           0x0080f378        0x0 ../assignment2_bsp/\libhal_bsp.a(alt_read.o)
 .bss           0x0080f378        0x0 ../assignment2_bsp/\libhal_bsp.a(alt_release_fd.o)
 .bss           0x0080f378        0x0 ../assignment2_bsp/\libhal_bsp.a(alt_sbrk.o)
 .bss           0x0080f378        0x0 ../assignment2_bsp/\libhal_bsp.a(alt_tick.o)
 .bss           0x0080f378        0x0 ../assignment2_bsp/\libhal_bsp.a(alt_write.o)
 .bss           0x0080f378        0x0 ../assignment2_bsp/\libhal_bsp.a(alt_sys_init.o)
 .bss           0x0080f378        0x0 ../assignment2_bsp/\libhal_bsp.a(altera_avalon_jtag_uart_fd.o)
 .bss           0x0080f378        0x0 ../assignment2_bsp/\libhal_bsp.a(altera_avalon_jtag_uart_init.o)
 .bss           0x0080f378        0x0 ../assignment2_bsp/\libhal_bsp.a(altera_avalon_jtag_uart_ioctl.o)
 .bss           0x0080f378        0x0 ../assignment2_bsp/\libhal_bsp.a(altera_avalon_jtag_uart_read.o)
 .bss           0x0080f378        0x0 ../assignment2_bsp/\libhal_bsp.a(altera_avalon_jtag_uart_write.o)
 .bss           0x0080f378        0x0 ../assignment2_bsp/\libhal_bsp.a(altera_avalon_lcd_16207.o)
 .bss           0x0080f378        0x0 ../assignment2_bsp/\libhal_bsp.a(altera_avalon_lcd_16207_fd.o)
 .bss           0x0080f378        0x0 ../assignment2_bsp/\libhal_bsp.a(altera_avalon_timer_sc.o)
 .bss           0x0080f378        0x0 ../assignment2_bsp/\libhal_bsp.a(altera_avalon_uart_fd.o)
 .bss           0x0080f378        0x0 ../assignment2_bsp/\libhal_bsp.a(altera_avalon_uart_init.o)
 .bss           0x0080f378        0x0 ../assignment2_bsp/\libhal_bsp.a(altera_avalon_uart_read.o)
 .bss           0x0080f378        0x0 ../assignment2_bsp/\libhal_bsp.a(altera_avalon_uart_write.o)
 .bss           0x0080f378        0x0 ../assignment2_bsp/\libhal_bsp.a(alt_dcache_flush_all.o)
 .bss           0x0080f378        0x0 ../assignment2_bsp/\libhal_bsp.a(alt_dev_llist_insert.o)
 .bss           0x0080f378        0x0 ../assignment2_bsp/\libhal_bsp.a(alt_do_ctors.o)
 .bss           0x0080f378        0x0 ../assignment2_bsp/\libhal_bsp.a(alt_do_dtors.o)
 .bss           0x0080f378        0x0 ../assignment2_bsp/\libhal_bsp.a(alt_find_dev.o)
 .bss           0x0080f378        0x0 ../assignment2_bsp/\libhal_bsp.a(alt_find_file.o)
 .bss           0x0080f378        0x0 ../assignment2_bsp/\libhal_bsp.a(alt_get_fd.o)
 .bss           0x0080f378        0x0 ../assignment2_bsp/\libhal_bsp.a(alt_icache_flush_all.o)
 .bss           0x0080f378        0x0 ../assignment2_bsp/\libhal_bsp.a(alt_iic.o)
 .bss           0x0080f378        0x0 ../assignment2_bsp/\libhal_bsp.a(alt_iic_isr_register.o)
 .bss           0x0080f378        0x0 ../assignment2_bsp/\libhal_bsp.a(alt_io_redirect.o)
 .bss           0x0080f378        0x0 ../assignment2_bsp/\libhal_bsp.a(alt_irq_entry.o)
 .bss           0x0080f378        0x0 ../assignment2_bsp/\libhal_bsp.a(alt_irq_handler.o)
 .bss           0x0080f378        0x0 ../assignment2_bsp/\libhal_bsp.a(alt_usleep.o)
 .bss           0x0080f378        0x0 ../assignment2_bsp/\libhal_bsp.a(altera_nios2_qsys_irq.o)
 .bss           0x0080f378        0x0 ../assignment2_bsp/\libhal_bsp.a(alt_busy_sleep.o)
 .bss           0x0080f378        0x0 ../assignment2_bsp/\libhal_bsp.a(alt_exception_entry.o)
 .bss           0x0080f378        0x0 ../assignment2_bsp/\libhal_bsp.a(alt_icache_flush.o)
 .bss           0x0080f378        0x0 c:/altera/13.0/nios2eds/bin/gnu/h-i686-mingw32/bin/../lib/gcc/nios2-elf/4.1.2/../../../../nios2-elf/lib\libc.a(lib_a-atexit.o)
 .bss           0x0080f378        0x0 c:/altera/13.0/nios2eds/bin/gnu/h-i686-mingw32/bin/../lib/gcc/nios2-elf/4.1.2/../../../../nios2-elf/lib\libc.a(lib_a-ctype_.o)
 .bss           0x0080f378        0x0 c:/altera/13.0/nios2eds/bin/gnu/h-i686-mingw32/bin/../lib/gcc/nios2-elf/4.1.2/../../../../nios2-elf/lib\libc.a(lib_a-exit.o)
 .bss           0x0080f378        0x0 c:/altera/13.0/nios2eds/bin/gnu/h-i686-mingw32/bin/../lib/gcc/nios2-elf/4.1.2/../../../../nios2-elf/lib\libc.a(lib_a-memcmp.o)
 .bss           0x0080f378        0x0 c:/altera/13.0/nios2eds/bin/gnu/h-i686-mingw32/bin/../lib/gcc/nios2-elf/4.1.2/../../../../nios2-elf/lib\libc.a(lib_a-__atexit.o)
 .bss           0x0080f378        0x0 c:/altera/13.0/nios2eds/bin/gnu/h-i686-mingw32/bin/../lib/gcc/nios2-elf/4.1.2/../../../../nios2-elf/lib\libc.a(lib_a-__call_atexit.o)
 .bss           0x0080f378        0x0 c:/altera/13.0/nios2eds/bin/gnu/h-i686-mingw32/bin/../lib/gcc/nios2-elf/4.1.2\libgcc.a(lib2-divmod.o)
 .bss           0x0080f378        0x0 ../assignment2_bsp/\libhal_bsp.a(alt_exit.o)
 *(COMMON)
 COMMON         0x0080f378      0x100 ../assignment2_bsp/\libhal_bsp.a(alt_irq_handler.o)
                0x0080f378                alt_irq
 COMMON         0x0080f478      0x190 c:/altera/13.0/nios2eds/bin/gnu/h-i686-mingw32/bin/../lib/gcc/nios2-elf/4.1.2/../../../../nios2-elf/lib\libc.a(lib_a-atexit.o)
                0x0080f478                _atexit0
                0x0080f608                . = ALIGN (0x4)
                0x0080f608                __bss_end = ABSOLUTE (.)

.sdram_controller
                0x0080f608        0x0
                0x0080f608                PROVIDE (_alt_partition_sdram_controller_start, ABSOLUTE (.))
 *(.sdram_controller. sdram_controller.*)
                0x0080f608                . = ALIGN (0x4)
                0x0080f608                PROVIDE (_alt_partition_sdram_controller_end, ABSOLUTE (.))
                0x0080f608                _end = ABSOLUTE (.)
                0x0080f608                end = ABSOLUTE (.)
                0x0080f608                __alt_stack_base = ABSOLUTE (.)
                0x0080f608                PROVIDE (_alt_partition_sdram_controller_load_addr, LOADADDR (.sdram_controller))

.onchip_mem     0x01008000        0x0 load address 0x0080f608
                0x01008000                PROVIDE (_alt_partition_onchip_mem_start, ABSOLUTE (.))
 *(.onchip_mem. onchip_mem.*)
                0x01008000                . = ALIGN (0x4)
                0x01008000                PROVIDE (_alt_partition_onchip_mem_end, ABSOLUTE (.))
                0x0080f608                PROVIDE (_alt_partition_onchip_mem_load_addr, LOADADDR (.onchip_mem))

.stab
 *(.stab)

.stabstr
 *(.stabstr)

.stab.excl
 *(.stab.excl)

.stab.exclstr
 *(.stab.exclstr)

.stab.index
 *(.stab.index)

.stab.indexstr
 *(.stab.indexstr)

.comment        0x00000000       0x23
 *(.comment)
 .comment       0x00000000       0x23 obj/default/hello_world.o
                                 0x24 (size before relaxing)
 .comment       0x00000000       0x24 obj/default/sccharts.o
 .comment       0x00000000       0x24 c:/altera/13.0/nios2eds/bin/gnu/h-i686-mingw32/bin/../lib/gcc/nios2-elf/4.1.2/../../../../nios2-elf/lib\libc.a(lib_a-puts.o)
 .comment       0x00000000       0x24 c:/altera/13.0/nios2eds/bin/gnu/h-i686-mingw32/bin/../lib/gcc/nios2-elf/4.1.2/../../../../nios2-elf/lib\libc.a(lib_a-strlen.o)
 .comment       0x00000000       0x24 c:/altera/13.0/nios2eds/bin/gnu/h-i686-mingw32/bin/../lib/gcc/nios2-elf/4.1.2/../../../../nios2-elf/lib\libc.a(lib_a-fvwrite.o)
 .comment       0x00000000       0x24 c:/altera/13.0/nios2eds/bin/gnu/h-i686-mingw32/bin/../lib/gcc/nios2-elf/4.1.2/../../../../nios2-elf/lib\libc.a(lib_a-impure.o)
 .comment       0x00000000       0x24 c:/altera/13.0/nios2eds/bin/gnu/h-i686-mingw32/bin/../lib/gcc/nios2-elf/4.1.2/../../../../nios2-elf/lib\libc.a(lib_a-mallocr.o)
 .comment       0x00000000       0x24 c:/altera/13.0/nios2eds/bin/gnu/h-i686-mingw32/bin/../lib/gcc/nios2-elf/4.1.2/../../../../nios2-elf/lib\libc.a(lib_a-memchr.o)
 .comment       0x00000000       0x24 c:/altera/13.0/nios2eds/bin/gnu/h-i686-mingw32/bin/../lib/gcc/nios2-elf/4.1.2/../../../../nios2-elf/lib\libc.a(lib_a-memcpy.o)
 .comment       0x00000000       0x24 c:/altera/13.0/nios2eds/bin/gnu/h-i686-mingw32/bin/../lib/gcc/nios2-elf/4.1.2/../../../../nios2-elf/lib\libc.a(lib_a-memmove.o)
 .comment       0x00000000       0x24 c:/altera/13.0/nios2eds/bin/gnu/h-i686-mingw32/bin/../lib/gcc/nios2-elf/4.1.2/../../../../nios2-elf/lib\libc.a(lib_a-reallocr.o)
 .comment       0x00000000       0x24 c:/altera/13.0/nios2eds/bin/gnu/h-i686-mingw32/bin/../lib/gcc/nios2-elf/4.1.2/../../../../nios2-elf/lib\libc.a(lib_a-sbrkr.o)
 .comment       0x00000000       0x24 c:/altera/13.0/nios2eds/bin/gnu/h-i686-mingw32/bin/../lib/gcc/nios2-elf/4.1.2/../../../../nios2-elf/lib\libc.a(lib_a-wsetup.o)
 .comment       0x00000000       0x24 c:/altera/13.0/nios2eds/bin/gnu/h-i686-mingw32/bin/../lib/gcc/nios2-elf/4.1.2/../../../../nios2-elf/lib\libc.a(lib_a-fflush.o)
 .comment       0x00000000       0x24 c:/altera/13.0/nios2eds/bin/gnu/h-i686-mingw32/bin/../lib/gcc/nios2-elf/4.1.2/../../../../nios2-elf/lib\libc.a(lib_a-findfp.o)
 .comment       0x00000000       0x24 c:/altera/13.0/nios2eds/bin/gnu/h-i686-mingw32/bin/../lib/gcc/nios2-elf/4.1.2/../../../../nios2-elf/lib\libc.a(lib_a-freer.o)
 .comment       0x00000000       0x24 c:/altera/13.0/nios2eds/bin/gnu/h-i686-mingw32/bin/../lib/gcc/nios2-elf/4.1.2/../../../../nios2-elf/lib\libc.a(lib_a-fwalk.o)
 .comment       0x00000000       0x24 c:/altera/13.0/nios2eds/bin/gnu/h-i686-mingw32/bin/../lib/gcc/nios2-elf/4.1.2/../../../../nios2-elf/lib\libc.a(lib_a-int_errno.o)
 .comment       0x00000000       0x24 c:/altera/13.0/nios2eds/bin/gnu/h-i686-mingw32/bin/../lib/gcc/nios2-elf/4.1.2/../../../../nios2-elf/lib\libc.a(lib_a-makebuf.o)
 .comment       0x00000000       0x24 c:/altera/13.0/nios2eds/bin/gnu/h-i686-mingw32/bin/../lib/gcc/nios2-elf/4.1.2/../../../../nios2-elf/lib\libc.a(lib_a-memset.o)
 .comment       0x00000000       0x24 c:/altera/13.0/nios2eds/bin/gnu/h-i686-mingw32/bin/../lib/gcc/nios2-elf/4.1.2/../../../../nios2-elf/lib\libc.a(lib_a-stdio.o)
 .comment       0x00000000       0x24 c:/altera/13.0/nios2eds/bin/gnu/h-i686-mingw32/bin/../lib/gcc/nios2-elf/4.1.2/../../../../nios2-elf/lib\libc.a(lib_a-writer.o)
 .comment       0x00000000       0x24 c:/altera/13.0/nios2eds/bin/gnu/h-i686-mingw32/bin/../lib/gcc/nios2-elf/4.1.2/../../../../nios2-elf/lib\libc.a(lib_a-closer.o)
 .comment       0x00000000       0x24 c:/altera/13.0/nios2eds/bin/gnu/h-i686-mingw32/bin/../lib/gcc/nios2-elf/4.1.2/../../../../nios2-elf/lib\libc.a(lib_a-fclose.o)
 .comment       0x00000000       0x24 c:/altera/13.0/nios2eds/bin/gnu/h-i686-mingw32/bin/../lib/gcc/nios2-elf/4.1.2/../../../../nios2-elf/lib\libc.a(lib_a-fstatr.o)
 .comment       0x00000000       0x24 c:/altera/13.0/nios2eds/bin/gnu/h-i686-mingw32/bin/../lib/gcc/nios2-elf/4.1.2/../../../../nios2-elf/lib\libc.a(lib_a-isattyr.o)
 .comment       0x00000000       0x24 c:/altera/13.0/nios2eds/bin/gnu/h-i686-mingw32/bin/../lib/gcc/nios2-elf/4.1.2/../../../../nios2-elf/lib\libc.a(lib_a-lseekr.o)
 .comment       0x00000000       0x24 c:/altera/13.0/nios2eds/bin/gnu/h-i686-mingw32/bin/../lib/gcc/nios2-elf/4.1.2/../../../../nios2-elf/lib\libc.a(lib_a-readr.o)
 .comment       0x00000000       0x24 ../assignment2_bsp/\libhal_bsp.a(alt_alarm_start.o)
 .comment       0x00000000       0x24 ../assignment2_bsp/\libhal_bsp.a(alt_close.o)
 .comment       0x00000000       0x24 ../assignment2_bsp/\libhal_bsp.a(alt_dev.o)
 .comment       0x00000000       0x24 ../assignment2_bsp/\libhal_bsp.a(alt_errno.o)
 .comment       0x00000000       0x24 ../assignment2_bsp/\libhal_bsp.a(alt_fstat.o)
 .comment       0x00000000       0x24 ../assignment2_bsp/\libhal_bsp.a(alt_irq_register.o)
 .comment       0x00000000       0x24 ../assignment2_bsp/\libhal_bsp.a(alt_irq_vars.o)
 .comment       0x00000000       0x24 ../assignment2_bsp/\libhal_bsp.a(alt_isatty.o)
 .comment       0x00000000       0x24 ../assignment2_bsp/\libhal_bsp.a(alt_load.o)
 .comment       0x00000000       0x24 ../assignment2_bsp/\libhal_bsp.a(alt_lseek.o)
 .comment       0x00000000       0x24 ../assignment2_bsp/\libhal_bsp.a(alt_main.o)
 .comment       0x00000000       0x24 ../assignment2_bsp/\libhal_bsp.a(alt_malloc_lock.o)
 .comment       0x00000000       0x24 ../assignment2_bsp/\libhal_bsp.a(alt_open.o)
 .comment       0x00000000       0x24 ../assignment2_bsp/\libhal_bsp.a(alt_read.o)
 .comment       0x00000000       0x24 ../assignment2_bsp/\libhal_bsp.a(alt_release_fd.o)
 .comment       0x00000000       0x24 ../assignment2_bsp/\libhal_bsp.a(alt_sbrk.o)
 .comment       0x00000000       0x24 ../assignment2_bsp/\libhal_bsp.a(alt_tick.o)
 .comment       0x00000000       0x24 ../assignment2_bsp/\libhal_bsp.a(alt_write.o)
 .comment       0x00000000       0x24 ../assignment2_bsp/\libhal_bsp.a(alt_sys_init.o)
 .comment       0x00000000       0x24 ../assignment2_bsp/\libhal_bsp.a(altera_avalon_jtag_uart_fd.o)
 .comment       0x00000000       0x24 ../assignment2_bsp/\libhal_bsp.a(altera_avalon_jtag_uart_init.o)
 .comment       0x00000000       0x24 ../assignment2_bsp/\libhal_bsp.a(altera_avalon_jtag_uart_ioctl.o)
 .comment       0x00000000       0x24 ../assignment2_bsp/\libhal_bsp.a(altera_avalon_jtag_uart_read.o)
 .comment       0x00000000       0x24 ../assignment2_bsp/\libhal_bsp.a(altera_avalon_jtag_uart_write.o)
 .comment       0x00000000       0x24 ../assignment2_bsp/\libhal_bsp.a(altera_avalon_lcd_16207.o)
 .comment       0x00000000       0x24 ../assignment2_bsp/\libhal_bsp.a(altera_avalon_lcd_16207_fd.o)
 .comment       0x00000000       0x24 ../assignment2_bsp/\libhal_bsp.a(altera_avalon_timer_sc.o)
 .comment       0x00000000       0x24 ../assignment2_bsp/\libhal_bsp.a(altera_avalon_uart_fd.o)
 .comment       0x00000000       0x24 ../assignment2_bsp/\libhal_bsp.a(altera_avalon_uart_init.o)
 .comment       0x00000000       0x24 ../assignment2_bsp/\libhal_bsp.a(altera_avalon_uart_read.o)
 .comment       0x00000000       0x24 ../assignment2_bsp/\libhal_bsp.a(altera_avalon_uart_write.o)
 .comment       0x00000000       0x24 ../assignment2_bsp/\libhal_bsp.a(alt_dcache_flush_all.o)
 .comment       0x00000000       0x24 ../assignment2_bsp/\libhal_bsp.a(alt_dev_llist_insert.o)
 .comment       0x00000000       0x24 ../assignment2_bsp/\libhal_bsp.a(alt_do_ctors.o)
 .comment       0x00000000       0x24 ../assignment2_bsp/\libhal_bsp.a(alt_do_dtors.o)
 .comment       0x00000000       0x24 ../assignment2_bsp/\libhal_bsp.a(alt_find_dev.o)
 .comment       0x00000000       0x24 ../assignment2_bsp/\libhal_bsp.a(alt_find_file.o)
 .comment       0x00000000       0x24 ../assignment2_bsp/\libhal_bsp.a(alt_get_fd.o)
 .comment       0x00000000       0x24 ../assignment2_bsp/\libhal_bsp.a(alt_icache_flush_all.o)
 .comment       0x00000000       0x24 ../assignment2_bsp/\libhal_bsp.a(alt_iic.o)
 .comment       0x00000000       0x24 ../assignment2_bsp/\libhal_bsp.a(alt_iic_isr_register.o)
 .comment       0x00000000       0x24 ../assignment2_bsp/\libhal_bsp.a(alt_io_redirect.o)
 .comment       0x00000000       0x24 ../assignment2_bsp/\libhal_bsp.a(alt_irq_handler.o)
 .comment       0x00000000       0x24 ../assignment2_bsp/\libhal_bsp.a(alt_usleep.o)
 .comment       0x00000000       0x24 ../assignment2_bsp/\libhal_bsp.a(altera_nios2_qsys_irq.o)
 .comment       0x00000000       0x24 ../assignment2_bsp/\libhal_bsp.a(alt_busy_sleep.o)
 .comment       0x00000000       0x24 ../assignment2_bsp/\libhal_bsp.a(alt_icache_flush.o)
 .comment       0x00000000       0x24 c:/altera/13.0/nios2eds/bin/gnu/h-i686-mingw32/bin/../lib/gcc/nios2-elf/4.1.2/../../../../nios2-elf/lib\libc.a(lib_a-atexit.o)
 .comment       0x00000000       0x24 c:/altera/13.0/nios2eds/bin/gnu/h-i686-mingw32/bin/../lib/gcc/nios2-elf/4.1.2/../../../../nios2-elf/lib\libc.a(lib_a-ctype_.o)
 .comment       0x00000000       0x24 c:/altera/13.0/nios2eds/bin/gnu/h-i686-mingw32/bin/../lib/gcc/nios2-elf/4.1.2/../../../../nios2-elf/lib\libc.a(lib_a-exit.o)
 .comment       0x00000000       0x24 c:/altera/13.0/nios2eds/bin/gnu/h-i686-mingw32/bin/../lib/gcc/nios2-elf/4.1.2/../../../../nios2-elf/lib\libc.a(lib_a-memcmp.o)
 .comment       0x00000000       0x24 c:/altera/13.0/nios2eds/bin/gnu/h-i686-mingw32/bin/../lib/gcc/nios2-elf/4.1.2/../../../../nios2-elf/lib\libc.a(lib_a-__atexit.o)
 .comment       0x00000000       0x24 c:/altera/13.0/nios2eds/bin/gnu/h-i686-mingw32/bin/../lib/gcc/nios2-elf/4.1.2/../../../../nios2-elf/lib\libc.a(lib_a-__call_atexit.o)
 .comment       0x00000000       0x24 c:/altera/13.0/nios2eds/bin/gnu/h-i686-mingw32/bin/../lib/gcc/nios2-elf/4.1.2\libgcc.a(lib2-divmod.o)
 .comment       0x00000000       0x24 ../assignment2_bsp/\libhal_bsp.a(alt_exit.o)

.debug
 *(.debug)

.line
 *(.line)

.debug_srcinfo
 *(.debug_srcinfo)

.debug_sfnames
 *(.debug_sfnames)

.debug_aranges  0x00000000      0xa58
 *(.debug_aranges)
 .debug_aranges
                0x00000000       0x28 ../assignment2_bsp//obj/HAL/src/crt0.o
 .debug_aranges
                0x00000028       0x20 obj/default/hello_world.o
 .debug_aranges
                0x00000048       0x20 obj/default/sccharts.o
 .debug_aranges
                0x00000068       0x20 c:/altera/13.0/nios2eds/bin/gnu/h-i686-mingw32/bin/../lib/gcc/nios2-elf/4.1.2/../../../../nios2-elf/lib\libc.a(lib_a-puts.o)
 .debug_aranges
                0x00000088       0x20 c:/altera/13.0/nios2eds/bin/gnu/h-i686-mingw32/bin/../lib/gcc/nios2-elf/4.1.2/../../../../nios2-elf/lib\libc.a(lib_a-strlen.o)
 .debug_aranges
                0x000000a8       0x20 c:/altera/13.0/nios2eds/bin/gnu/h-i686-mingw32/bin/../lib/gcc/nios2-elf/4.1.2/../../../../nios2-elf/lib\libc.a(lib_a-fvwrite.o)
 .debug_aranges
                0x000000c8       0x20 c:/altera/13.0/nios2eds/bin/gnu/h-i686-mingw32/bin/../lib/gcc/nios2-elf/4.1.2/../../../../nios2-elf/lib\libc.a(lib_a-mallocr.o)
 .debug_aranges
                0x000000e8       0x20 c:/altera/13.0/nios2eds/bin/gnu/h-i686-mingw32/bin/../lib/gcc/nios2-elf/4.1.2/../../../../nios2-elf/lib\libc.a(lib_a-memchr.o)
 .debug_aranges
                0x00000108       0x20 c:/altera/13.0/nios2eds/bin/gnu/h-i686-mingw32/bin/../lib/gcc/nios2-elf/4.1.2/../../../../nios2-elf/lib\libc.a(lib_a-memcpy.o)
 .debug_aranges
                0x00000128       0x20 c:/altera/13.0/nios2eds/bin/gnu/h-i686-mingw32/bin/../lib/gcc/nios2-elf/4.1.2/../../../../nios2-elf/lib\libc.a(lib_a-memmove.o)
 .debug_aranges
                0x00000148       0x20 c:/altera/13.0/nios2eds/bin/gnu/h-i686-mingw32/bin/../lib/gcc/nios2-elf/4.1.2/../../../../nios2-elf/lib\libc.a(lib_a-reallocr.o)
 .debug_aranges
                0x00000168       0x20 c:/altera/13.0/nios2eds/bin/gnu/h-i686-mingw32/bin/../lib/gcc/nios2-elf/4.1.2/../../../../nios2-elf/lib\libc.a(lib_a-sbrkr.o)
 .debug_aranges
                0x00000188       0x20 c:/altera/13.0/nios2eds/bin/gnu/h-i686-mingw32/bin/../lib/gcc/nios2-elf/4.1.2/../../../../nios2-elf/lib\libc.a(lib_a-wsetup.o)
 .debug_aranges
                0x000001a8       0x20 c:/altera/13.0/nios2eds/bin/gnu/h-i686-mingw32/bin/../lib/gcc/nios2-elf/4.1.2/../../../../nios2-elf/lib\libc.a(lib_a-fflush.o)
 .debug_aranges
                0x000001c8       0x20 c:/altera/13.0/nios2eds/bin/gnu/h-i686-mingw32/bin/../lib/gcc/nios2-elf/4.1.2/../../../../nios2-elf/lib\libc.a(lib_a-findfp.o)
 .debug_aranges
                0x000001e8       0x20 c:/altera/13.0/nios2eds/bin/gnu/h-i686-mingw32/bin/../lib/gcc/nios2-elf/4.1.2/../../../../nios2-elf/lib\libc.a(lib_a-freer.o)
 .debug_aranges
                0x00000208       0x20 c:/altera/13.0/nios2eds/bin/gnu/h-i686-mingw32/bin/../lib/gcc/nios2-elf/4.1.2/../../../../nios2-elf/lib\libc.a(lib_a-fwalk.o)
 .debug_aranges
                0x00000228       0x20 c:/altera/13.0/nios2eds/bin/gnu/h-i686-mingw32/bin/../lib/gcc/nios2-elf/4.1.2/../../../../nios2-elf/lib\libc.a(lib_a-makebuf.o)
 .debug_aranges
                0x00000248       0x20 c:/altera/13.0/nios2eds/bin/gnu/h-i686-mingw32/bin/../lib/gcc/nios2-elf/4.1.2/../../../../nios2-elf/lib\libc.a(lib_a-memset.o)
 .debug_aranges
                0x00000268       0x20 c:/altera/13.0/nios2eds/bin/gnu/h-i686-mingw32/bin/../lib/gcc/nios2-elf/4.1.2/../../../../nios2-elf/lib\libc.a(lib_a-stdio.o)
 .debug_aranges
                0x00000288       0x20 c:/altera/13.0/nios2eds/bin/gnu/h-i686-mingw32/bin/../lib/gcc/nios2-elf/4.1.2/../../../../nios2-elf/lib\libc.a(lib_a-writer.o)
 .debug_aranges
                0x000002a8       0x20 c:/altera/13.0/nios2eds/bin/gnu/h-i686-mingw32/bin/../lib/gcc/nios2-elf/4.1.2/../../../../nios2-elf/lib\libc.a(lib_a-closer.o)
 .debug_aranges
                0x000002c8       0x20 c:/altera/13.0/nios2eds/bin/gnu/h-i686-mingw32/bin/../lib/gcc/nios2-elf/4.1.2/../../../../nios2-elf/lib\libc.a(lib_a-fclose.o)
 .debug_aranges
                0x000002e8       0x20 c:/altera/13.0/nios2eds/bin/gnu/h-i686-mingw32/bin/../lib/gcc/nios2-elf/4.1.2/../../../../nios2-elf/lib\libc.a(lib_a-fstatr.o)
 .debug_aranges
                0x00000308       0x20 c:/altera/13.0/nios2eds/bin/gnu/h-i686-mingw32/bin/../lib/gcc/nios2-elf/4.1.2/../../../../nios2-elf/lib\libc.a(lib_a-isattyr.o)
 .debug_aranges
                0x00000328       0x20 c:/altera/13.0/nios2eds/bin/gnu/h-i686-mingw32/bin/../lib/gcc/nios2-elf/4.1.2/../../../../nios2-elf/lib\libc.a(lib_a-lseekr.o)
 .debug_aranges
                0x00000348       0x20 c:/altera/13.0/nios2eds/bin/gnu/h-i686-mingw32/bin/../lib/gcc/nios2-elf/4.1.2/../../../../nios2-elf/lib\libc.a(lib_a-readr.o)
 .debug_aranges
                0x00000368       0x20 ../assignment2_bsp/\libhal_bsp.a(alt_alarm_start.o)
 .debug_aranges
                0x00000388       0x20 ../assignment2_bsp/\libhal_bsp.a(alt_close.o)
 .debug_aranges
                0x000003a8       0x20 ../assignment2_bsp/\libhal_bsp.a(alt_dev.o)
 .debug_aranges
                0x000003c8       0x20 ../assignment2_bsp/\libhal_bsp.a(alt_fstat.o)
 .debug_aranges
                0x000003e8       0x20 ../assignment2_bsp/\libhal_bsp.a(alt_irq_register.o)
 .debug_aranges
                0x00000408       0x20 ../assignment2_bsp/\libhal_bsp.a(alt_isatty.o)
 .debug_aranges
                0x00000428       0x20 ../assignment2_bsp/\libhal_bsp.a(alt_load.o)
 .debug_aranges
                0x00000448       0x20 ../assignment2_bsp/\libhal_bsp.a(alt_lseek.o)
 .debug_aranges
                0x00000468       0x20 ../assignment2_bsp/\libhal_bsp.a(alt_main.o)
 .debug_aranges
                0x00000488       0x20 ../assignment2_bsp/\libhal_bsp.a(alt_malloc_lock.o)
 .debug_aranges
                0x000004a8       0x20 ../assignment2_bsp/\libhal_bsp.a(alt_open.o)
 .debug_aranges
                0x000004c8       0x20 ../assignment2_bsp/\libhal_bsp.a(alt_read.o)
 .debug_aranges
                0x000004e8       0x20 ../assignment2_bsp/\libhal_bsp.a(alt_release_fd.o)
 .debug_aranges
                0x00000508       0x20 ../assignment2_bsp/\libhal_bsp.a(alt_sbrk.o)
 .debug_aranges
                0x00000528       0x20 ../assignment2_bsp/\libhal_bsp.a(alt_tick.o)
 .debug_aranges
                0x00000548       0x20 ../assignment2_bsp/\libhal_bsp.a(alt_write.o)
 .debug_aranges
                0x00000568       0x20 ../assignment2_bsp/\libhal_bsp.a(alt_sys_init.o)
 .debug_aranges
                0x00000588       0x20 ../assignment2_bsp/\libhal_bsp.a(altera_avalon_jtag_uart_fd.o)
 .debug_aranges
                0x000005a8       0x20 ../assignment2_bsp/\libhal_bsp.a(altera_avalon_jtag_uart_init.o)
 .debug_aranges
                0x000005c8       0x20 ../assignment2_bsp/\libhal_bsp.a(altera_avalon_jtag_uart_ioctl.o)
 .debug_aranges
                0x000005e8       0x20 ../assignment2_bsp/\libhal_bsp.a(altera_avalon_jtag_uart_read.o)
 .debug_aranges
                0x00000608       0x20 ../assignment2_bsp/\libhal_bsp.a(altera_avalon_jtag_uart_write.o)
 .debug_aranges
                0x00000628       0x20 ../assignment2_bsp/\libhal_bsp.a(altera_avalon_lcd_16207.o)
 .debug_aranges
                0x00000648       0x20 ../assignment2_bsp/\libhal_bsp.a(altera_avalon_lcd_16207_fd.o)
 .debug_aranges
                0x00000668       0x20 ../assignment2_bsp/\libhal_bsp.a(altera_avalon_timer_sc.o)
 .debug_aranges
                0x00000688       0x20 ../assignment2_bsp/\libhal_bsp.a(altera_avalon_uart_fd.o)
 .debug_aranges
                0x000006a8       0x20 ../assignment2_bsp/\libhal_bsp.a(altera_avalon_uart_init.o)
 .debug_aranges
                0x000006c8       0x20 ../assignment2_bsp/\libhal_bsp.a(altera_avalon_uart_read.o)
 .debug_aranges
                0x000006e8       0x20 ../assignment2_bsp/\libhal_bsp.a(altera_avalon_uart_write.o)
 .debug_aranges
                0x00000708       0x20 ../assignment2_bsp/\libhal_bsp.a(alt_dcache_flush_all.o)
 .debug_aranges
                0x00000728       0x20 ../assignment2_bsp/\libhal_bsp.a(alt_dev_llist_insert.o)
 .debug_aranges
                0x00000748       0x20 ../assignment2_bsp/\libhal_bsp.a(alt_do_ctors.o)
 .debug_aranges
                0x00000768       0x20 ../assignment2_bsp/\libhal_bsp.a(alt_do_dtors.o)
 .debug_aranges
                0x00000788       0x20 ../assignment2_bsp/\libhal_bsp.a(alt_find_dev.o)
 .debug_aranges
                0x000007a8       0x20 ../assignment2_bsp/\libhal_bsp.a(alt_find_file.o)
 .debug_aranges
                0x000007c8       0x20 ../assignment2_bsp/\libhal_bsp.a(alt_get_fd.o)
 .debug_aranges
                0x000007e8       0x20 ../assignment2_bsp/\libhal_bsp.a(alt_icache_flush_all.o)
 .debug_aranges
                0x00000808       0x20 ../assignment2_bsp/\libhal_bsp.a(alt_iic.o)
 .debug_aranges
                0x00000828       0x20 ../assignment2_bsp/\libhal_bsp.a(alt_iic_isr_register.o)
 .debug_aranges
                0x00000848       0x20 ../assignment2_bsp/\libhal_bsp.a(alt_io_redirect.o)
 .debug_aranges
                0x00000868       0x30 ../assignment2_bsp/\libhal_bsp.a(alt_irq_entry.o)
 .debug_aranges
                0x00000898       0x28 ../assignment2_bsp/\libhal_bsp.a(alt_irq_handler.o)
 .debug_aranges
                0x000008c0       0x20 ../assignment2_bsp/\libhal_bsp.a(alt_usleep.o)
 .debug_aranges
                0x000008e0       0x20 ../assignment2_bsp/\libhal_bsp.a(altera_nios2_qsys_irq.o)
 .debug_aranges
                0x00000900       0x20 ../assignment2_bsp/\libhal_bsp.a(alt_busy_sleep.o)
 .debug_aranges
                0x00000920       0x38 ../assignment2_bsp/\libhal_bsp.a(alt_exception_entry.o)
 .debug_aranges
                0x00000958       0x20 ../assignment2_bsp/\libhal_bsp.a(alt_icache_flush.o)
 .debug_aranges
                0x00000978       0x20 c:/altera/13.0/nios2eds/bin/gnu/h-i686-mingw32/bin/../lib/gcc/nios2-elf/4.1.2/../../../../nios2-elf/lib\libc.a(lib_a-atexit.o)
 .debug_aranges
                0x00000998       0x20 c:/altera/13.0/nios2eds/bin/gnu/h-i686-mingw32/bin/../lib/gcc/nios2-elf/4.1.2/../../../../nios2-elf/lib\libc.a(lib_a-exit.o)
 .debug_aranges
                0x000009b8       0x20 c:/altera/13.0/nios2eds/bin/gnu/h-i686-mingw32/bin/../lib/gcc/nios2-elf/4.1.2/../../../../nios2-elf/lib\libc.a(lib_a-memcmp.o)
 .debug_aranges
                0x000009d8       0x20 c:/altera/13.0/nios2eds/bin/gnu/h-i686-mingw32/bin/../lib/gcc/nios2-elf/4.1.2/../../../../nios2-elf/lib\libc.a(lib_a-__atexit.o)
 .debug_aranges
                0x000009f8       0x20 c:/altera/13.0/nios2eds/bin/gnu/h-i686-mingw32/bin/../lib/gcc/nios2-elf/4.1.2/../../../../nios2-elf/lib\libc.a(lib_a-__call_atexit.o)
 .debug_aranges
                0x00000a18       0x20 c:/altera/13.0/nios2eds/bin/gnu/h-i686-mingw32/bin/../lib/gcc/nios2-elf/4.1.2\libgcc.a(lib2-divmod.o)
 .debug_aranges
                0x00000a38       0x20 ../assignment2_bsp/\libhal_bsp.a(alt_exit.o)

.debug_pubnames
                0x00000000     0x1ee6
 *(.debug_pubnames)
 .debug_pubnames
                0x00000000      0x1fb obj/default/hello_world.o
 .debug_pubnames
                0x000001fb      0xd31 obj/default/sccharts.o
 .debug_pubnames
                0x00000f2c       0x27 c:/altera/13.0/nios2eds/bin/gnu/h-i686-mingw32/bin/../lib/gcc/nios2-elf/4.1.2/../../../../nios2-elf/lib\libc.a(lib_a-puts.o)
 .debug_pubnames
                0x00000f53       0x1d c:/altera/13.0/nios2eds/bin/gnu/h-i686-mingw32/bin/../lib/gcc/nios2-elf/4.1.2/../../../../nios2-elf/lib\libc.a(lib_a-strlen.o)
 .debug_pubnames
                0x00000f70       0x23 c:/altera/13.0/nios2eds/bin/gnu/h-i686-mingw32/bin/../lib/gcc/nios2-elf/4.1.2/../../../../nios2-elf/lib\libc.a(lib_a-fvwrite.o)
 .debug_pubnames
                0x00000f93       0x39 c:/altera/13.0/nios2eds/bin/gnu/h-i686-mingw32/bin/../lib/gcc/nios2-elf/4.1.2/../../../../nios2-elf/lib\libc.a(lib_a-impure.o)
 .debug_pubnames
                0x00000fcc       0xce c:/altera/13.0/nios2eds/bin/gnu/h-i686-mingw32/bin/../lib/gcc/nios2-elf/4.1.2/../../../../nios2-elf/lib\libc.a(lib_a-mallocr.o)
 .debug_pubnames
                0x0000109a       0x1d c:/altera/13.0/nios2eds/bin/gnu/h-i686-mingw32/bin/../lib/gcc/nios2-elf/4.1.2/../../../../nios2-elf/lib\libc.a(lib_a-memchr.o)
 .debug_pubnames
                0x000010b7       0x1d c:/altera/13.0/nios2eds/bin/gnu/h-i686-mingw32/bin/../lib/gcc/nios2-elf/4.1.2/../../../../nios2-elf/lib\libc.a(lib_a-memcpy.o)
 .debug_pubnames
                0x000010d4       0x1e c:/altera/13.0/nios2eds/bin/gnu/h-i686-mingw32/bin/../lib/gcc/nios2-elf/4.1.2/../../../../nios2-elf/lib\libc.a(lib_a-memmove.o)
 .debug_pubnames
                0x000010f2       0x21 c:/altera/13.0/nios2eds/bin/gnu/h-i686-mingw32/bin/../lib/gcc/nios2-elf/4.1.2/../../../../nios2-elf/lib\libc.a(lib_a-reallocr.o)
 .debug_pubnames
                0x00001113       0x1e c:/altera/13.0/nios2eds/bin/gnu/h-i686-mingw32/bin/../lib/gcc/nios2-elf/4.1.2/../../../../nios2-elf/lib\libc.a(lib_a-sbrkr.o)
 .debug_pubnames
                0x00001131       0x22 c:/altera/13.0/nios2eds/bin/gnu/h-i686-mingw32/bin/../lib/gcc/nios2-elf/4.1.2/../../../../nios2-elf/lib\libc.a(lib_a-wsetup.o)
 .debug_pubnames
                0x00001153       0x2b c:/altera/13.0/nios2eds/bin/gnu/h-i686-mingw32/bin/../lib/gcc/nios2-elf/4.1.2/../../../../nios2-elf/lib\libc.a(lib_a-fflush.o)
 .debug_pubnames
                0x0000117e       0xdb c:/altera/13.0/nios2eds/bin/gnu/h-i686-mingw32/bin/../lib/gcc/nios2-elf/4.1.2/../../../../nios2-elf/lib\libc.a(lib_a-findfp.o)
 .debug_pubnames
                0x00001259       0x31 c:/altera/13.0/nios2eds/bin/gnu/h-i686-mingw32/bin/../lib/gcc/nios2-elf/4.1.2/../../../../nios2-elf/lib\libc.a(lib_a-freer.o)
 .debug_pubnames
                0x0000128a       0x2e c:/altera/13.0/nios2eds/bin/gnu/h-i686-mingw32/bin/../lib/gcc/nios2-elf/4.1.2/../../../../nios2-elf/lib\libc.a(lib_a-fwalk.o)
 .debug_pubnames
                0x000012b8       0x1c c:/altera/13.0/nios2eds/bin/gnu/h-i686-mingw32/bin/../lib/gcc/nios2-elf/4.1.2/../../../../nios2-elf/lib\libc.a(lib_a-int_errno.o)
 .debug_pubnames
                0x000012d4       0x23 c:/altera/13.0/nios2eds/bin/gnu/h-i686-mingw32/bin/../lib/gcc/nios2-elf/4.1.2/../../../../nios2-elf/lib\libc.a(lib_a-makebuf.o)
 .debug_pubnames
                0x000012f7       0x1d c:/altera/13.0/nios2eds/bin/gnu/h-i686-mingw32/bin/../lib/gcc/nios2-elf/4.1.2/../../../../nios2-elf/lib\libc.a(lib_a-memset.o)
 .debug_pubnames
                0x00001314       0x44 c:/altera/13.0/nios2eds/bin/gnu/h-i686-mingw32/bin/../lib/gcc/nios2-elf/4.1.2/../../../../nios2-elf/lib\libc.a(lib_a-stdio.o)
 .debug_pubnames
                0x00001358       0x1f c:/altera/13.0/nios2eds/bin/gnu/h-i686-mingw32/bin/../lib/gcc/nios2-elf/4.1.2/../../../../nios2-elf/lib\libc.a(lib_a-writer.o)
 .debug_pubnames
                0x00001377       0x1f c:/altera/13.0/nios2eds/bin/gnu/h-i686-mingw32/bin/../lib/gcc/nios2-elf/4.1.2/../../../../nios2-elf/lib\libc.a(lib_a-closer.o)
 .debug_pubnames
                0x00001396       0x2b c:/altera/13.0/nios2eds/bin/gnu/h-i686-mingw32/bin/../lib/gcc/nios2-elf/4.1.2/../../../../nios2-elf/lib\libc.a(lib_a-fclose.o)
 .debug_pubnames
                0x000013c1       0x1f c:/altera/13.0/nios2eds/bin/gnu/h-i686-mingw32/bin/../lib/gcc/nios2-elf/4.1.2/../../../../nios2-elf/lib\libc.a(lib_a-fstatr.o)
 .debug_pubnames
                0x000013e0       0x20 c:/altera/13.0/nios2eds/bin/gnu/h-i686-mingw32/bin/../lib/gcc/nios2-elf/4.1.2/../../../../nios2-elf/lib\libc.a(lib_a-isattyr.o)
 .debug_pubnames
                0x00001400       0x1f c:/altera/13.0/nios2eds/bin/gnu/h-i686-mingw32/bin/../lib/gcc/nios2-elf/4.1.2/../../../../nios2-elf/lib\libc.a(lib_a-lseekr.o)
 .debug_pubnames
                0x0000141f       0x1e c:/altera/13.0/nios2eds/bin/gnu/h-i686-mingw32/bin/../lib/gcc/nios2-elf/4.1.2/../../../../nios2-elf/lib\libc.a(lib_a-readr.o)
 .debug_pubnames
                0x0000143d       0x26 ../assignment2_bsp/\libhal_bsp.a(alt_alarm_start.o)
 .debug_pubnames
                0x00001463       0x1c ../assignment2_bsp/\libhal_bsp.a(alt_close.o)
 .debug_pubnames
                0x0000147f       0x63 ../assignment2_bsp/\libhal_bsp.a(alt_dev.o)
 .debug_pubnames
                0x000014e2       0x20 ../assignment2_bsp/\libhal_bsp.a(alt_errno.o)
 .debug_pubnames
                0x00001502       0x1c ../assignment2_bsp/\libhal_bsp.a(alt_fstat.o)
 .debug_pubnames
                0x0000151e       0x27 ../assignment2_bsp/\libhal_bsp.a(alt_irq_register.o)
 .debug_pubnames
                0x00001545       0x3b ../assignment2_bsp/\libhal_bsp.a(alt_irq_vars.o)
 .debug_pubnames
                0x00001580       0x1d ../assignment2_bsp/\libhal_bsp.a(alt_isatty.o)
 .debug_pubnames
                0x0000159d       0x1f ../assignment2_bsp/\libhal_bsp.a(alt_load.o)
 .debug_pubnames