Archive member included because of file (symbol)

c:/altera/13.0/nios2eds/bin/gnu/h-i686-mingw32/bin/../lib/gcc/nios2-elf/4.1.2/../../../../nios2-elf/lib\libc.a(lib_a-puts.o)
                              obj/default/hello_world.o (puts)
c:/altera/13.0/nios2eds/bin/gnu/h-i686-mingw32/bin/../lib/gcc/nios2-elf/4.1.2/../../../../nios2-elf/lib\libc.a(lib_a-strlen.o)
                              c:/altera/13.0/nios2eds/bin/gnu/h-i686-mingw32/bin/../lib/gcc/nios2-elf/4.1.2/../../../../nios2-elf/lib\libc.a(lib_a-puts.o) (strlen)
c:/altera/13.0/nios2eds/bin/gnu/h-i686-mingw32/bin/../lib/gcc/nios2-elf/4.1.2/../../../../nios2-elf/lib\libc.a(lib_a-fvwrite.o)
                              c:/altera/13.0/nios2eds/bin/gnu/h-i686-mingw32/bin/../lib/gcc/nios2-elf/4.1.2/../../../../nios2-elf/lib\libc.a(lib_a-puts.o) (__sfvwrite_r)
c:/altera/13.0/nios2eds/bin/gnu/h-i686-mingw32/bin/../lib/gcc/nios2-elf/4.1.2/../../../../nios2-elf/lib\libc.a(lib_a-impure.o)
                              c:/altera/13.0/nios2eds/bin/gnu/h-i686-mingw32/bin/../lib/gcc/nios2-elf/4.1.2/../../../../nios2-elf/lib\libc.a(lib_a-puts.o) (_impure_ptr)
c:/altera/13.0/nios2eds/bin/gnu/h-i686-mingw32/bin/../lib/gcc/nios2-elf/4.1.2/../../../../nios2-elf/lib\libc.a(lib_a-mallocr.o)
                              c:/altera/13.0/nios2eds/bin/gnu/h-i686-mingw32/bin/../lib/gcc/nios2-elf/4.1.2/../../../../nios2-elf/lib\libc.a(lib_a-fvwrite.o) (_malloc_r)
c:/altera/13.0/nios2eds/bin/gnu/h-i686-mingw32/bin/../lib/gcc/nios2-elf/4.1.2/../../../../nios2-elf/lib\libc.a(lib_a-memchr.o)
                              c:/altera/13.0/nios2eds/bin/gnu/h-i686-mingw32/bin/../lib/gcc/nios2-elf/4.1.2/../../../../nios2-elf/lib\libc.a(lib_a-fvwrite.o) (memchr)
c:/altera/13.0/nios2eds/bin/gnu/h-i686-mingw32/bin/../lib/gcc/nios2-elf/4.1.2/../../../../nios2-elf/lib\libc.a(lib_a-memcpy.o)
                              c:/altera/13.0/nios2eds/bin/gnu/h-i686-mingw32/bin/../lib/gcc/nios2-elf/4.1.2/../../../../nios2-elf/lib\libc.a(lib_a-fvwrite.o) (memcpy)
c:/altera/13.0/nios2eds/bin/gnu/h-i686-mingw32/bin/../lib/gcc/nios2-elf/4.1.2/../../../../nios2-elf/lib\libc.a(lib_a-memmove.o)
                              c:/altera/13.0/nios2eds/bin/gnu/h-i686-mingw32/bin/../lib/gcc/nios2-elf/4.1.2/../../../../nios2-elf/lib\libc.a(lib_a-fvwrite.o) (memmove)
c:/altera/13.0/nios2eds/bin/gnu/h-i686-mingw32/bin/../lib/gcc/nios2-elf/4.1.2/../../../../nios2-elf/lib\libc.a(lib_a-reallocr.o)
                              c:/altera/13.0/nios2eds/bin/gnu/h-i686-mingw32/bin/../lib/gcc/nios2-elf/4.1.2/../../../../nios2-elf/lib\libc.a(lib_a-fvwrite.o) (_realloc_r)
c:/altera/13.0/nios2eds/bin/gnu/h-i686-mingw32/bin/../lib/gcc/nios2-elf/4.1.2/../../../../nios2-elf/lib\libc.a(lib_a-sbrkr.o)
                              c:/altera/13.0/nios2eds/bin/gnu/h-i686-mingw32/bin/../lib/gcc/nios2-elf/4.1.2/../../../../nios2-elf/lib\libc.a(lib_a-mallocr.o) (_sbrk_r)
c:/altera/13.0/nios2eds/bin/gnu/h-i686-mingw32/bin/../lib/gcc/nios2-elf/4.1.2/../../../../nios2-elf/lib\libc.a(lib_a-wsetup.o)
                              c:/altera/13.0/nios2eds/bin/gnu/h-i686-mingw32/bin/../lib/gcc/nios2-elf/4.1.2/../../../../nios2-elf/lib\libc.a(lib_a-fvwrite.o) (__swsetup_r)
c:/altera/13.0/nios2eds/bin/gnu/h-i686-mingw32/bin/../lib/gcc/nios2-elf/4.1.2/../../../../nios2-elf/lib\libc.a(lib_a-fflush.o)
                              c:/altera/13.0/nios2eds/bin/gnu/h-i686-mingw32/bin/../lib/gcc/nios2-elf/4.1.2/../../../../nios2-elf/lib\libc.a(lib_a-fvwrite.o) (_fflush_r)
c:/altera/13.0/nios2eds/bin/gnu/h-i686-mingw32/bin/../lib/gcc/nios2-elf/4.1.2/../../../../nios2-elf/lib\libc.a(lib_a-findfp.o)
                              c:/altera/13.0/nios2eds/bin/gnu/h-i686-mingw32/bin/../lib/gcc/nios2-elf/4.1.2/../../../../nios2-elf/lib\libc.a(lib_a-wsetup.o) (__sinit)
c:/altera/13.0/nios2eds/bin/gnu/h-i686-mingw32/bin/../lib/gcc/nios2-elf/4.1.2/../../../../nios2-elf/lib\libc.a(lib_a-freer.o)
                              c:/altera/13.0/nios2eds/bin/gnu/h-i686-mingw32/bin/../lib/gcc/nios2-elf/4.1.2/../../../../nios2-elf/lib\libc.a(lib_a-fvwrite.o) (_free_r)
c:/altera/13.0/nios2eds/bin/gnu/h-i686-mingw32/bin/../lib/gcc/nios2-elf/4.1.2/../../../../nios2-elf/lib\libc.a(lib_a-fwalk.o)
                              c:/altera/13.0/nios2eds/bin/gnu/h-i686-mingw32/bin/../lib/gcc/nios2-elf/4.1.2/../../../../nios2-elf/lib\libc.a(lib_a-fflush.o) (_fwalk_reent)
c:/altera/13.0/nios2eds/bin/gnu/h-i686-mingw32/bin/../lib/gcc/nios2-elf/4.1.2/../../../../nios2-elf/lib\libc.a(lib_a-int_errno.o)
                              c:/altera/13.0/nios2eds/bin/gnu/h-i686-mingw32/bin/../lib/gcc/nios2-elf/4.1.2/../../../../nios2-elf/lib\libc.a(lib_a-sbrkr.o) (errno)
c:/altera/13.0/nios2eds/bin/gnu/h-i686-mingw32/bin/../lib/gcc/nios2-elf/4.1.2/../../../../nios2-elf/lib\libc.a(lib_a-makebuf.o)
                              c:/altera/13.0/nios2eds/bin/gnu/h-i686-mingw32/bin/../lib/gcc/nios2-elf/4.1.2/../../../../nios2-elf/lib\libc.a(lib_a-wsetup.o) (__smakebuf_r)
[...]
Memory Configuration

Name             Origin             Length             Attributes
reset            0x00800000         0x00000020
sdram_controller 0x00800020         0x007fffe0
onchip_mem       0x01008000         0x00008000
*default*        0x00000000         0xffffffff

Linker script and memory map

LOAD ../assignment2_bsp//obj/HAL/src/crt0.o
LOAD obj/default/hello_world.o
LOAD obj/default/sccharts.o
LOAD c:/altera/13.0/nios2eds/bin/gnu/h-i686-mingw32/bin/../lib/gcc/nios2-elf/4.1.2/../../../../nios2-elf/lib\libstdc++.a
LOAD c:/altera/13.0/nios2eds/bin/gnu/h-i686-mingw32/bin/../lib/gcc/nios2-elf/4.1.2/../../../../nios2-elf/lib\libm.a
LOAD c:/altera/13.0/nios2eds/bin/gnu/h-i686-mingw32/bin/../lib/gcc/nios2-elf/4.1.2\libgcc.a
START GROUP
LOAD c:/altera/13.0/nios2eds/bin/gnu/h-i686-mingw32/bin/../lib/gcc/nios2-elf/4.1.2/../../../../nios2-elf/lib\libc.a
LOAD c:/altera/13.0/nios2eds/bin/gnu/h-i686-mingw32/bin/../lib/gcc/nios2-elf/4.1.2\libgcc.a
LOAD ../assignment2_bsp/\libhal_bsp.a
END GROUP
LOAD c:/altera/13.0/nios2eds/bin/gnu/h-i686-mingw32/bin/../lib/gcc/nios2-elf/4.1.2\libgcc.a
                0x00800000                __alt_mem_sdram_controller = 0x800000
                0x01008000                __alt_mem_onchip_mem = 0x1008000

.entry          0x00800000       0x20
 *(.entry)
 .entry         0x00800000       0x20 ../assignment2_bsp//obj/HAL/src/crt0.o
                0x00800000                __reset

.exceptions     0x00800020      0x194
                0x00800020                PROVIDE (__ram_exceptions_start, ABSOLUTE (.))
                0x00800020                . = ALIGN (0x20)
 *(.irq)
 *(.exceptions.entry.label)
 .exceptions.entry.label
                0x00800020        0x0 ../assignment2_bsp/\libhal_bsp.a(alt_irq_entry.o)
                0x00800020                alt_irq_entry
 .exceptions.entry.label
                0x00800020        0x0 ../assignment2_bsp/\libhal_bsp.a(alt_exception_entry.o)
                0x00800020                alt_exception
 *(.exceptions.entry.user)
 *(.exceptions.entry)
 .exceptions.entry
                0x00800020       0x54 ../assignment2_bsp/\libhal_bsp.a(alt_exception_entry.o)
 *(.exceptions.irqtest.user)
 *(.exceptions.irqtest)
 .exceptions.irqtest
                0x00800074       0x10 ../assignment2_bsp/\libhal_bsp.a(alt_irq_entry.o)
 *(.exceptions.irqhandler.user)
 *(.exceptions.irqhandler)
 .exceptions.irqhandler
                0x00800084        0x4 ../assignment2_bsp/\libhal_bsp.a(alt_irq_entry.o)
 *(.exceptions.irqreturn.user)
 *(.exceptions.irqreturn)
 .exceptions.irqreturn
                0x00800088        0x4 ../assignment2_bsp/\libhal_bsp.a(alt_irq_entry.o)
 *(.exceptions.notirq.label)
 .exceptions.notirq.label
                0x0080008c        0x0 ../assignment2_bsp/\libhal_bsp.a(alt_irq_entry.o)
 *(.exceptions.notirq.user)
 *(.exceptions.notirq)
 .exceptions.notirq
                0x0080008c        0x8 ../assignment2_bsp/\libhal_bsp.a(alt_exception_entry.o)
 *(.exceptions.soft.user)
 *(.exceptions.soft)
 *(.exceptions.unknown.user)
 *(.exceptions.unknown)
 .exceptions.unknown
                0x00800094        0x4 ../assignment2_bsp/\libhal_bsp.a(alt_exception_entry.o)
 *(.exceptions.exit.label)
 .exceptions.exit.label
                0x00800098        0x0 ../assignment2_bsp/\libhal_bsp.a(alt_irq_entry.o)
 .exceptions.exit.label
                0x00800098        0x0 ../assignment2_bsp/\libhal_bsp.a(alt_exception_entry.o)
 *(.exceptions.exit.user)
 *(.exceptions.exit)
 .exceptions.exit
                0x00800098       0x54 ../assignment2_bsp/\libhal_bsp.a(alt_exception_entry.o)
 *(.exceptions)
 .exceptions    0x008000ec       0xc8 ../assignment2_bsp/\libhal_bsp.a(alt_irq_handler.o)
                0x008000ec                alt_irq_handler
                0x008001b4                PROVIDE (__ram_exceptions_end, ABSOLUTE (.))
                0x00800020                PROVIDE (__flash_exceptions_start, LOADADDR (.exceptions))

.text           0x008001b4     0xb0dc
                0x008001b4                PROVIDE (stext, ABSOLUTE (.))
 *(.interp)
 *(.hash)
 *(.dynsym)
 *(.dynstr)
 *(.gnu.version)
 *(.gnu.version_d)
 *(.gnu.version_r)
 *(.rel.init)
 *(.rela.init)
 *(.rel.text .rel.text.* .rel.gnu.linkonce.t.*)
 *(.rela.text .rela.text.* .rela.gnu.linkonce.t.*)
 *(.rel.fini)
 *(.rela.fini)
 *(.rel.rodata .rel.rodata.* .rel.gnu.linkonce.r.*)
 *(.rela.rodata .rela.rodata.* .rela.gnu.linkonce.r.*)
 *(.rel.data .rel.data.* .rel.gnu.linkonce.d.*)
 *(.rela.data .rela.data.* .rela.gnu.linkonce.d.*)
 *(.rel.tdata .rel.tdata.* .rel.gnu.linkonce.td.*)
 *(.rela.tdata .rela.tdata.* .rela.gnu.linkonce.td.*)
 *(.rel.tbss .rel.tbss.* .rel.gnu.linkonce.tb.*)
 *(.rela.tbss .rela.tbss.* .rela.gnu.linkonce.tb.*)
 *(.rel.ctors)
 *(.rela.ctors)
 *(.rel.dtors)
 *(.rela.dtors)
 *(.rel.got)
 *(.rela.got)
 *(.rel.sdata .rel.sdata.* .rel.gnu.linkonce.s.*)
 *(.rela.sdata .rela.sdata.* .rela.gnu.linkonce.s.*)
 *(.rel.sbss .rel.sbss.* .rel.gnu.linkonce.sb.*)
 *(.rela.sbss .rela.sbss.* .rela.gnu.linkonce.sb.*)
 *(.rel.sdata2 .rel.sdata2.* .rel.gnu.linkonce.s2.*)
 *(.rela.sdata2 .rela.sdata2.* .rela.gnu.linkonce.s2.*)
 *(.rel.sbss2 .rel.sbss2.* .rel.gnu.linkonce.sb2.*)
 *(.rela.sbss2 .rela.sbss2.* .rela.gnu.linkonce.sb2.*)
 *(.rel.bss .rel.bss.* .rel.gnu.linkonce.b.*)
 *(.rela.bss .rela.bss.* .rela.gnu.linkonce.b.*)
 *(.rel.plt)
 *(.rela.plt)
 *(.rel.dyn)
 *(.init)
 *(.plt)
 *(.text .stub .text.* .gnu.linkonce.t.*)
 .text          0x008001b4       0x4c ../assignment2_bsp//obj/HAL/src/crt0.o
                0x008001b4                _start
 .text          0x00800200      0xb5c obj/default/hello_world.o
                0x00800200                main
                0x00800264                mode0
                0x00800364                mode1
                0x00800380                init_buttons_pio
                0x008003dc                buttons_isr
                0x00800500                initialise_avi_timer
                0x00800564                initialise_aei_timer
                0x008005c4                initialise_pvarp_timer
                0x00800624                initialise_vrp_timer
                0x00800684                initialise_lri_timer
                0x008006f4                initialise_uri_timer
                0x00800758                initialise_debounce_timer
                0x008007a4                initialise_LED_timer
                0x008007f0                initialise_avi_signal_timer
                0x0080083c                initialise_aei_signal_timer
                0x00800888                initialise_pvarp_signal_timer
                0x008008d4                initialise_vrp_signal_timer
                0x00800920                initialise_lri_signal_timer
                0x0080096c                initialise_uri_signal_timer
                0x008009b8                avi_isr_function
                0x00800a0c                aei_isr_function
                0x00800a64                pvarp_isr_function
                0x00800abc                vrp_isr_function
                0x00800b14                lri_isr_function
                0x00800b68                uri_isr_function
                0x00800bbc                debounce_isr_function
                0x00800bf0                LED_isr_function
                0x00800c24                signal_avi_isr_function
                0x00800c58                signal_aei_isr_function
                0x00800c8c                signal_pvarp_isr_function
                0x00800cc0                signal_vrp_isr_function
                0x00800cf4                signal_lri_isr_function
                0x00800d28                signal_uri_isr_function
 .text          0x00800d5c     0x33e4 obj/default/sccharts.o
                0x00800d5c                reset
                0x00800e10                tick
 .text          0x00804140       0xb4 c:/altera/13.0/nios2eds/bin/gnu/h-i686-mingw32/bin/../lib/gcc/nios2-elf/4.1.2/../../../../nios2-elf/lib\libc.a(lib_a-puts.o)
                0x00804140                _puts_r
                0x008041e0                puts
 .text          0x008041f4       0x74 c:/altera/13.0/nios2eds/bin/gnu/h-i686-mingw32/bin/../lib/gcc/nios2-elf/4.1.2/../../../../nios2-elf/lib\libc.a(lib_a-strlen.o)
                0x008041f4                strlen
 .text          0x00804268      0x49c c:/altera/13.0/nios2eds/bin/gnu/h-i686-mingw32/bin/../lib/gcc/nios2-elf/4.1.2/../../../../nios2-elf/lib\libc.a(lib_a-fvwrite.o)
                0x00804268                __sfvwrite_r
 .text          0x00804704        0x0 c:/altera/13.0/nios2eds/bin/gnu/h-i686-mingw32/bin/../lib/gcc/nios2-elf/4.1.2/../../../../nios2-elf/lib\libc.a(lib_a-impure.o)
 .text          0x00804704      0x740 c:/altera/13.0/nios2eds/bin/gnu/h-i686-mingw32/bin/../lib/gcc/nios2-elf/4.1.2/../../../../nios2-elf/lib\libc.a(lib_a-mallocr.o)
                0x00804704                _malloc_r
 .text          0x00804e44       0xe4 c:/altera/13.0/nios2eds/bin/gnu/h-i686-mingw32/bin/../lib/gcc/nios2-elf/4.1.2/../../../../nios2-elf/lib\libc.a(lib_a-memchr.o)
                0x00804e44                memchr
 .text          0x00804f28       0xa0 c:/altera/13.0/nios2eds/bin/gnu/h-i686-mingw32/bin/../lib/gcc/nios2-elf/4.1.2/../../../../nios2-elf/lib\libc.a(lib_a-memcpy.o)
                0x00804f28                memcpy
 .text          0x00804fc8       0xe0 c:/altera/13.0/nios2eds/bin/gnu/h-i686-mingw32/bin/../lib/gcc/nios2-elf/4.1.2/../../../../nios2-elf/lib\libc.a(lib_a-memmove.o)
                0x00804fc8                memmove
 .text          0x008050a8      0x5f4 c:/altera/13.0/nios2eds/bin/gnu/h-i686-mingw32/bin/../lib/gcc/nios2-elf/4.1.2/../../../../nios2-elf/lib\libc.a(lib_a-reallocr.o)
                0x008050a8                _realloc_r
 .text          0x0080569c       0x70 c:/altera/13.0/nios2eds/bin/gnu/h-i686-mingw32/bin/../lib/gcc/nios2-elf/4.1.2/../../../../nios2-elf/lib\libc.a(lib_a-sbrkr.o)
                0x0080569c                _sbrk_r
 .text          0x0080570c      0x13c c:/altera/13.0/nios2eds/bin/gnu/h-i686-mingw32/bin/../lib/gcc/nios2-elf/4.1.2/../../../../nios2-elf/lib\libc.a(lib_a-wsetup.o)
                0x0080570c                __swsetup_r
 .text          0x00805848      0x230 c:/altera/13.0/nios2eds/bin/gnu/h-i686-mingw32/bin/../lib/gcc/nios2-elf/4.1.2/../../../../nios2-elf/lib\libc.a(lib_a-fflush.o)
                0x00805848                _fflush_r
                0x00805a44                fflush
 .text          0x00805a78      0x2c0 c:/altera/13.0/nios2eds/bin/gnu/h-i686-mingw32/bin/../lib/gcc/nios2-elf/4.1.2/../../../../nios2-elf/lib\libc.a(lib_a-findfp.o)
                0x00805ad0                __sfp_lock_acquire
                0x00805ad4                __sfp_lock_release
                0x00805ad8                __sinit_lock_acquire
                0x00805adc                __sinit_lock_release
                0x00805ae0                __sinit
                0x00805b94                __fp_unlock_all
                0x00805bac                __fp_lock_all
                0x00805bc4                _cleanup_r
                0x00805bd0                _cleanup
                0x00805be0                __sfmoreglue
                0x00805c48                __sfp
 .text          0x00805d38      0x440 c:/altera/13.0/nios2eds/bin/gnu/h-i686-mingw32/bin/../lib/gcc/nios2-elf/4.1.2/../../../../nios2-elf/lib\libc.a(lib_a-freer.o)
                0x00805d38                _malloc_trim_r
                0x00805e64                _free_r
 .text          0x00806178      0x180 c:/altera/13.0/nios2eds/bin/gnu/h-i686-mingw32/bin/../lib/gcc/nios2-elf/4.1.2/../../../../nios2-elf/lib\libc.a(lib_a-fwalk.o)
                0x00806178                _fwalk_reent
                0x00806240                _fwalk
 .text          0x008062f8        0x0 c:/altera/13.0/nios2eds/bin/gnu/h-i686-mingw32/bin/../lib/gcc/nios2-elf/4.1.2/../../../../nios2-elf/lib\libc.a(lib_a-int_errno.o)
 .text          0x008062f8      0x194 c:/altera/13.0/nios2eds/bin/gnu/h-i686-mingw32/bin/../lib/gcc/nios2-elf/4.1.2/../../../../nios2-elf/lib\libc.a(lib_a-makebuf.o)
                0x008062f8                __smakebuf_r
 .text          0x0080648c       0x98 c:/altera/13.0/nios2eds/bin/gnu/h-i686-mingw32/bin/../lib/gcc/nios2-elf/4.1.2/../../../../nios2-elf/lib\libc.a(lib_a-memset.o)
                0x0080648c                memset
 .text          0x00806524      0x14c c:/altera/13.0/nios2eds/bin/gnu/h-i686-mingw32/bin/../lib/gcc/nios2-elf/4.1.2/../../../../nios2-elf/lib\libc.a(lib_a-stdio.o)
                0x00806524                __sclose
                0x0080652c                __sseek
                0x00806594                __swrite
                0x00806610                __sread
 .text          0x00806670       0x78 c:/altera/13.0/nios2eds/bin/gnu/h-i686-mingw32/bin/../lib/gcc/nios2-elf/4.1.2/../../../../nios2-elf/lib\libc.a(lib_a-writer.o)
                0x00806670                _write_r
 .text          0x008066e8       0x70 c:/altera/13.0/nios2eds/bin/gnu/h-i686-mingw32/bin/../lib/gcc/nios2-elf/4.1.2/../../../../nios2-elf/lib\libc.a(lib_a-closer.o)
                0x008066e8                _close_r
 .text          0x00806758      0x124 c:/altera/13.0/nios2eds/bin/gnu/h-i686-mingw32/bin/../lib/gcc/nios2-elf/4.1.2/../../../../nios2-elf/lib\libc.a(lib_a-fclose.o)
                0x00806758                _fclose_r
                0x00806868                fclose
 .text          0x0080687c       0x74 c:/altera/13.0/nios2eds/bin/gnu/h-i686-mingw32/bin/../lib/gcc/nios2-elf/4.1.2/../../../../nios2-elf/lib\libc.a(lib_a-fstatr.o)
                0x0080687c                _fstat_r
 .text          0x008068f0       0x70 c:/altera/13.0/nios2eds/bin/gnu/h-i686-mingw32/bin/../lib/gcc/nios2-elf/4.1.2/../../../../nios2-elf/lib\libc.a(lib_a-isattyr.o)
                0x008068f0                _isatty_r
 .text          0x00806960       0x78 c:/altera/13.0/nios2eds/bin/gnu/h-i686-mingw32/bin/../lib/gcc/nios2-elf/4.1.2/../../../../nios2-elf/lib\libc.a(lib_a-lseekr.o)
                0x00806960                _lseek_r
 .text          0x008069d8       0x78 c:/altera/13.0/nios2eds/bin/gnu/h-i686-mingw32/bin/../lib/gcc/nios2-elf/4.1.2/../../../../nios2-elf/lib\libc.a(lib_a-readr.o)
                0x008069d8                _read_r
 .text          0x00806a50      0x154 ../assignment2_bsp/\libhal_bsp.a(alt_alarm_start.o)
                0x00806a50                alt_alarm_start
 .text          0x00806ba4      0x15c ../assignment2_bsp/\libhal_bsp.a(alt_close.o)
                0x00806ba4                close
 .text          0x00806d00       0x2c ../assignment2_bsp/\libhal_bsp.a(alt_dev.o)
 .text          0x00806d2c        0x0 ../assignment2_bsp/\libhal_bsp.a(alt_errno.o)
 .text          0x00806d2c      0x134 ../assignment2_bsp/\libhal_bsp.a(alt_fstat.o)
                0x00806d2c                fstat
 .text          0x00806e60      0x1c0 ../assignment2_bsp/\libhal_bsp.a(alt_irq_register.o)
                0x00806e60                alt_irq_register
 .text          0x00807020        0x0 ../assignment2_bsp/\libhal_bsp.a(alt_irq_vars.o)
 .text          0x00807020      0x120 ../assignment2_bsp/\libhal_bsp.a(alt_isatty.o)
                0x00807020                isatty
 .text          0x00807140       0xec ../assignment2_bsp/\libhal_bsp.a(alt_load.o)
                0x00807140                alt_load
 .text          0x0080722c      0x150 ../assignment2_bsp/\libhal_bsp.a(alt_lseek.o)
                0x0080722c                lseek
 .text          0x0080737c       0x6c ../assignment2_bsp/\libhal_bsp.a(alt_main.o)
                0x0080737c                alt_main
 .text          0x008073e8       0x40 ../assignment2_bsp/\libhal_bsp.a(alt_malloc_lock.o)
                0x008073e8                __malloc_lock
                0x00807408                __malloc_unlock
 .text          0x00807428      0x180 ../assignment2_bsp/\libhal_bsp.a(alt_read.o)
                0x00807428                read
 .text          0x008075a8       0x60 ../assignment2_bsp/\libhal_bsp.a(alt_release_fd.o)
                0x008075a8                alt_release_fd
 .text          0x00807608       0xbc ../assignment2_bsp/\libhal_bsp.a(alt_sbrk.o)
                0x00807608                sbrk
 .text          0x008076c4      0x1a4 ../assignment2_bsp/\libhal_bsp.a(alt_tick.o)
                0x008076c4                alt_alarm_stop
                0x0080775c                alt_tick
 .text          0x00807868      0x180 ../assignment2_bsp/\libhal_bsp.a(alt_write.o)
                0x00807868                write
 .text          0x008079e8      0x100 ../assignment2_bsp/\libhal_bsp.a(alt_sys_init.o)
                0x008079e8                alt_irq_init
                0x00807a1c                alt_sys_init
 .text          0x00807ae8      0x148 ../assignment2_bsp/\libhal_bsp.a(altera_avalon_jtag_uart_fd.o)
                0x00807ae8                altera_avalon_jtag_uart_read_fd
                0x00807b40                altera_avalon_jtag_uart_write_fd
                0x00807b98                altera_avalon_jtag_uart_close_fd
                0x00807be0                altera_avalon_jtag_uart_ioctl_fd
 .text          0x00807c30      0x40c ../assignment2_bsp/\libhal_bsp.a(altera_avalon_jtag_uart_init.o)
                0x00807c30                altera_avalon_jtag_uart_init
                0x00807fc8                altera_avalon_jtag_uart_close
 .text          0x0080803c       0xf4 ../assignment2_bsp/\libhal_bsp.a(altera_avalon_jtag_uart_ioctl.o)
                0x0080803c                altera_avalon_jtag_uart_ioctl
 .text          0x00808130      0x224 ../assignment2_bsp/\libhal_bsp.a(altera_avalon_jtag_uart_read.o)
                0x00808130                altera_avalon_jtag_uart_read
 .text          0x00808354      0x240 ../assignment2_bsp/\libhal_bsp.a(altera_avalon_jtag_uart_write.o)
                0x00808354                altera_avalon_jtag_uart_write
 .text          0x00808594      0xee8 ../assignment2_bsp/\libhal_bsp.a(altera_avalon_lcd_16207.o)
                0x00808d68                altera_avalon_lcd_16207_write
                0x00809340                altera_avalon_lcd_16207_init
 .text          0x0080947c       0x58 ../assignment2_bsp/\libhal_bsp.a(altera_avalon_lcd_16207_fd.o)
                0x0080947c                altera_avalon_lcd_16207_write_fd
 .text          0x008094d4      0x100 ../assignment2_bsp/\libhal_bsp.a(altera_avalon_timer_sc.o)
                0x00809544                alt_avalon_timer_sc_init
 .text          0x008095d4       0xf8 ../assignment2_bsp/\libhal_bsp.a(altera_avalon_uart_fd.o)
                0x008095d4                altera_avalon_uart_read_fd
                0x0080962c                altera_avalon_uart_write_fd
                0x00809684                altera_avalon_uart_close_fd
 .text          0x008096cc      0x400 ../assignment2_bsp/\libhal_bsp.a(altera_avalon_uart_init.o)
                0x008096cc                altera_avalon_uart_init
                0x00809a6c                altera_avalon_uart_close
 .text          0x00809acc      0x290 ../assignment2_bsp/\libhal_bsp.a(altera_avalon_uart_read.o)
                0x00809acc                altera_avalon_uart_read
 .text          0x00809d5c      0x228 ../assignment2_bsp/\libhal_bsp.a(altera_avalon_uart_write.o)
                0x00809d5c                altera_avalon_uart_write
 .text          0x00809f84       0x44 ../assignment2_bsp/\libhal_bsp.a(alt_dcache_flush_all.o)
                0x00809f84                alt_dcache_flush_all
 .text          0x00809fc8      0x114 ../assignment2_bsp/\libhal_bsp.a(alt_dev_llist_insert.o)
                0x00809fc8                alt_dev_llist_insert
 .text          0x0080a0dc       0x64 ../assignment2_bsp/\libhal_bsp.a(alt_do_ctors.o)
                0x0080a0dc                _do_ctors
 .text          0x0080a140       0x64 ../assignment2_bsp/\libhal_bsp.a(alt_do_dtors.o)
                0x0080a140                _do_dtors
 .text          0x0080a1a4       0x30 ../assignment2_bsp/\libhal_bsp.a(alt_icache_flush_all.o)
                0x0080a1a4                alt_icache_flush_all
 .text          0x0080a1d4      0x1d4 ../assignment2_bsp/\libhal_bsp.a(alt_iic.o)
                0x0080a1d4                alt_ic_isr_register
                0x0080a224                alt_ic_irq_enable
                0x0080a2c0                alt_ic_irq_disable
                0x0080a360                alt_ic_irq_enabled
 .text          0x0080a3a8       0xf8 ../assignment2_bsp/\libhal_bsp.a(alt_iic_isr_register.o)
                0x0080a3a8                alt_iic_isr_register
 .text          0x0080a4a0      0x13c ../assignment2_bsp/\libhal_bsp.a(alt_io_redirect.o)
                0x0080a564                alt_io_redirect
 .text          0x0080a5dc        0x0 ../assignment2_bsp/\libhal_bsp.a(alt_irq_entry.o)
 .text          0x0080a5dc        0x0 ../assignment2_bsp/\libhal_bsp.a(alt_irq_handler.o)
 .text          0x0080a5dc      0x2c4 ../assignment2_bsp/\libhal_bsp.a(alt_open.o)
                0x0080a6b8                open
 .text          0x0080a8a0       0x30 ../assignment2_bsp/\libhal_bsp.a(alt_usleep.o)
                0x0080a8a0                usleep
 .text          0x0080a8d0       0x20 ../assignment2_bsp/\libhal_bsp.a(altera_nios2_qsys_irq.o)
                0x0080a8d0                altera_nios2_qsys_irq_init
 .text          0x0080a8f0      0x14c ../assignment2_bsp/\libhal_bsp.a(alt_busy_sleep.o)
                0x0080a8f0                alt_busy_sleep
 .text          0x0080aa3c        0x0 ../assignment2_bsp/\libhal_bsp.a(alt_exception_entry.o)
 .text          0x0080aa3c       0x94 ../assignment2_bsp/\libhal_bsp.a(alt_find_dev.o)
                0x0080aa3c                alt_find_dev
 .text          0x0080aad0      0x120 ../assignment2_bsp/\libhal_bsp.a(alt_find_file.o)
                0x0080aad0                alt_find_file
 .text          0x0080abf0       0xb8 ../assignment2_bsp/\libhal_bsp.a(alt_get_fd.o)
                0x0080abf0                alt_get_fd
 .text          0x0080aca8       0x90 ../assignment2_bsp/\libhal_bsp.a(alt_icache_flush.o)
                0x0080aca8                alt_icache_flush
 .text          0x0080ad38       0x14 c:/altera/13.0/nios2eds/bin/gnu/h-i686-mingw32/bin/../lib/gcc/nios2-elf/4.1.2/../../../../nios2-elf/lib\libc.a(lib_a-atexit.o)
                0x0080ad38                atexit
 .text          0x0080ad4c        0x0 c:/altera/13.0/nios2eds/bin/gnu/h-i686-mingw32/bin/../lib/gcc/nios2-elf/4.1.2/../../../../nios2-elf/lib\libc.a(lib_a-ctype_.o)
 .text          0x0080ad4c       0x38 c:/altera/13.0/nios2eds/bin/gnu/h-i686-mingw32/bin/../lib/gcc/nios2-elf/4.1.2/../../../../nios2-elf/lib\libc.a(lib_a-exit.o)
                0x0080ad4c                exit
 .text          0x0080ad84       0x74 c:/altera/13.0/nios2eds/bin/gnu/h-i686-mingw32/bin/../lib/gcc/nios2-elf/4.1.2/../../../../nios2-elf/lib\libc.a(lib_a-memcmp.o)
                0x0080ad84                memcmp
 .text          0x0080adf8      0x134 c:/altera/13.0/nios2eds/bin/gnu/h-i686-mingw32/bin/../lib/gcc/nios2-elf/4.1.2/../../../../nios2-elf/lib\libc.a(lib_a-__atexit.o)
                0x0080adf8                __register_exitproc
 .text          0x0080af2c      0x1b4 c:/altera/13.0/nios2eds/bin/gnu/h-i686-mingw32/bin/../lib/gcc/nios2-elf/4.1.2/../../../../nios2-elf/lib\libc.a(lib_a-__call_atexit.o)
                0x0080af30                __call_exitprocs
 .text          0x0080b0e0      0x14c c:/altera/13.0/nios2eds/bin/gnu/h-i686-mingw32/bin/../lib/gcc/nios2-elf/4.1.2\libgcc.a(lib2-divmod.o)
                0x0080b15c                __divsi3
                0x0080b1bc                __modsi3
                0x0080b21c                __udivsi3
                0x0080b224                __umodsi3
 .text          0x0080b22c       0x60 ../assignment2_bsp/\libhal_bsp.a(alt_exit.o)
                0x0080b26c                _exit
 *(.gnu.warning.*)
 *(.fini)
                0x0080b28c                PROVIDE (__etext, ABSOLUTE (.))
                0x0080b28c                PROVIDE (_etext, ABSOLUTE (.))
                0x0080b28c                PROVIDE (etext, ABSOLUTE (.))
 *(.eh_frame_hdr)
                0x0080b28c                . = ALIGN (0x4)
                0x0080b28c                PROVIDE (__preinit_array_start, ABSOLUTE (.))
 *(.preinit_array)
                0x0080b28c                PROVIDE (__preinit_array_end, ABSOLUTE (.))
                0x0080b28c                PROVIDE (__init_array_start, ABSOLUTE (.))
 *(.init_array)
                0x0080b28c                PROVIDE (__init_array_end, ABSOLUTE (.))
                0x0080b28c                PROVIDE (__fini_array_start, ABSOLUTE (.))
 *(.fini_array)
                0x0080b28c                PROVIDE (__fini_array_end, ABSOLUTE (.))
 *(.eh_frame)
 *(.gcc_except_table)
 *(.dynamic)
                0x0080b28c                PROVIDE (__CTOR_LIST__, ABSOLUTE (.))
 *(.ctors)
 *(SORT(.ctors.*))
 .ctors.65535   0x0080b28c        0x4 c:/altera/13.0/nios2eds/bin/gnu/h-i686-mingw32/bin/../lib/gcc/nios2-elf/4.1.2/../../../../nios2-elf/lib\libc.a(lib_a-__call_atexit.o)
                0x0080b290                PROVIDE (__CTOR_END__, ABSOLUTE (.))
                0x0080b290                PROVIDE (__DTOR_LIST__, ABSOLUTE (.))
 *(.dtors)
 *(SORT(.dtors.*))
                0x0080b290                PROVIDE (__DTOR_END__, ABSOLUTE (.))
 *(.jcr)
                0x0080b290                . = ALIGN (0x4)

.rodata         0x0080b290      0x408
                0x0080b290                PROVIDE (__ram_rodata_start, ABSOLUTE (.))
                0x0080b290                . = ALIGN (0x4)
 *(.rodata .rodata.* .gnu.linkonce.r.*)
 .rodata        0x0080b290      0x138 obj/default/hello_world.o
 .rodata.str1.4
                0x0080b3c8        0x2 c:/altera/13.0/nios2eds/bin/gnu/h-i686-mingw32/bin/../lib/gcc/nios2-elf/4.1.2/../../../../nios2-elf/lib\libc.a(lib_a-puts.o)
                                  0x4 (size before relaxing)
 *fill*         0x0080b3ca        0x2 00
 .rodata.str1.4
                0x0080b3cc        0x4 c:/altera/13.0/nios2eds/bin/gnu/h-i686-mingw32/bin/../lib/gcc/nios2-elf/4.1.2/../../../../nios2-elf/lib\libc.a(lib_a-impure.o)
 .rodata        0x0080b3d0        0xc ../assignment2_bsp/\libhal_bsp.a(alt_dev.o)
 .rodata        0x0080b3dc       0x10 ../assignment2_bsp/\libhal_bsp.a(alt_main.o)
 .rodata        0x0080b3ec       0x28 ../assignment2_bsp/\libhal_bsp.a(alt_sys_init.o)
 .rodata        0x0080b414      0x284 c:/altera/13.0/nios2eds/bin/gnu/h-i686-mingw32/bin/../lib/gcc/nios2-elf/4.1.2/../../../../nios2-elf/lib\libc.a(lib_a-ctype_.o)
                0x0080b414                _ctype_
 *(.rodata1)
                0x0080b698                . = ALIGN (0x4)
                0x0080b698                PROVIDE (__ram_rodata_end, ABSOLUTE (.))
                0x0080b290                PROVIDE (__flash_rodata_start, LOADADDR (.rodata))

.rwdata         0x0080b698     0x1c38 load address 0x0080d2d0
                0x0080b698                PROVIDE (__ram_rwdata_start, ABSOLUTE (.))
                0x0080b698                . = ALIGN (0x4)
 *(.got.plt)
 *(.got)
 *(.data1)
 *(.data .data.* .gnu.linkonce.d.*)
 .data          0x0080b698        0x0 ../assignment2_bsp//obj/HAL/src/crt0.o
 .data          0x0080b698        0x0 obj/default/hello_world.o
 .data          0x0080b698        0x0 obj/default/sccharts.o
 .data          0x0080b698        0x0 c:/altera/13.0/nios2eds/bin/gnu/h-i686-mingw32/bin/../lib/gcc/nios2-elf/4.1.2/../../../../nios2-elf/lib\libc.a(lib_a-puts.o)
 .data          0x0080b698        0x0 c:/altera/13.0/nios2eds/bin/gnu/h-i686-mingw32/bin/../lib/gcc/nios2-elf/4.1.2/../../../../nios2-elf/lib\libc.a(lib_a-strlen.o)
 .data          0x0080b698        0x0 c:/altera/13.0/nios2eds/bin/gnu/h-i686-mingw32/bin/../lib/gcc/nios2-elf/4.1.2/../../../../nios2-elf/lib\libc.a(lib_a-fvwrite.o)
 .data          0x0080b698      0x400 c:/altera/13.0/nios2eds/bin/gnu/h-i686-mingw32/bin/../lib/gcc/nios2-elf/4.1.2/../../../../nios2-elf/lib\libc.a(lib_a-impure.o)
 .data          0x0080ba98      0x408 c:/altera/13.0/nios2eds/bin/gnu/h-i686-mingw32/bin/../lib/gcc/nios2-elf/4.1.2/../../../../nios2-elf/lib\libc.a(lib_a-mallocr.o)
                0x0080ba98                __malloc_av_
 .data          0x0080bea0        0x0 c:/altera/13.0/nios2eds/bin/gnu/h-i686-mingw32/bin/../lib/gcc/nios2-elf/4.1.2/../../../../nios2-elf/lib\libc.a(lib_a-memchr.o)
 .data          0x0080bea0        0x0 c:/altera/13.0/nios2eds/bin/gnu/h-i686-mingw32/bin/../lib/gcc/nios2-elf/4.1.2/../../../../nios2-elf/lib\libc.a(lib_a-memcpy.o)
 .data          0x0080bea0        0x0 c:/altera/13.0/nios2eds/bin/gnu/h-i686-mingw32/bin/../lib/gcc/nios2-elf/4.1.2/../../../../nios2-elf/lib\libc.a(lib_a-memmove.o)
 .data          0x0080bea0        0x0 c:/altera/13.0/nios2eds/bin/gnu/h-i686-mingw32/bin/../lib/gcc/nios2-elf/4.1.2/../../../../nios2-elf/lib\libc.a(lib_a-reallocr.o)
 .data          0x0080bea0        0x0 c:/altera/13.0/nios2eds/bin/gnu/h-i686-mingw32/bin/../lib/gcc/nios2-elf/4.1.2/../../../../nios2-elf/lib\libc.a(lib_a-sbrkr.o)
 .data          0x0080bea0        0x0 c:/altera/13.0/nios2eds/bin/gnu/h-i686-mingw32/bin/../lib/gcc/nios2-elf/4.1.2/../../../../nios2-elf/lib\libc.a(lib_a-wsetup.o)
 .data          0x0080bea0        0x0 c:/altera/13.0/nios2eds/bin/gnu/h-i686-mingw32/bin/../lib/gcc/nios2-elf/4.1.2/../../../../nios2-elf/lib\libc.a(lib_a-fflush.o)
 .data          0x0080bea0        0x0 c:/altera/13.0/nios2eds/bin/gnu/h-i686-mingw32/bin/../lib/gcc/nios2-elf/4.1.2/../../../../nios2-elf/lib\libc.a(lib_a-findfp.o)
 .data          0x0080bea0        0x0 c:/altera/13.0/nios2eds/bin/gnu/h-i686-mingw32/bin/../lib/gcc/nios2-elf/4.1.2/../../../../nios2-elf/lib\libc.a(lib_a-freer.o)
 .data          0x0080bea0        0x0 c:/altera/13.0/nios2eds/bin/gnu/h-i686-mingw32/bin/../lib/gcc/nios2-elf/4.1.2/../../../../nios2-elf/lib\libc.a(lib_a-fwalk.o)
 .data          0x0080bea0        0x0 c:/altera/13.0/nios2eds/bin/gnu/h-i686-mingw32/bin/../lib/gcc/nios2-elf/4.1.2/../../../../nios2-elf/lib\libc.a(lib_a-int_errno.o)
 .data          0x0080bea0        0x0 c:/altera/13.0/nios2eds/bin/gnu/h-i686-mingw32/bin/../lib/gcc/nios2-elf/4.1.2/../../../../nios2-elf/lib\libc.a(lib_a-makebuf.o)
 .data          0x0080bea0        0x0 c:/altera/13.0/nios2eds/bin/gnu/h-i686-mingw32/bin/../lib/gcc/nios2-elf/4.1.2/../../../../nios2-elf/lib\libc.a(lib_a-memset.o)
 .data          0x0080bea0        0x0 c:/altera/13.0/nios2eds/bin/gnu/h-i686-mingw32/bin/../lib/gcc/nios2-elf/4.1.2/../../../../nios2-elf/lib\libc.a(lib_a-stdio.o)
 .data          0x0080bea0        0x0 c:/altera/13.0/nios2eds/bin/gnu/h-i686-mingw32/bin/../lib/gcc/nios2-elf/4.1.2/../../../../nios2-elf/lib\libc.a(lib_a-writer.o)
 .data          0x0080bea0        0x0 c:/altera/13.0/nios2eds/bin/gnu/h-i686-mingw32/bin/../lib/gcc/nios2-elf/4.1.2/../../../../nios2-elf/lib\libc.a(lib_a-closer.o)
 .data          0x0080bea0        0x0 c:/altera/13.0/nios2eds/bin/gnu/h-i686-mingw32/bin/../lib/gcc/nios2-elf/4.1.2/../../../../nios2-elf/lib\libc.a(lib_a-fclose.o)
 .data          0x0080bea0        0x0 c:/altera/13.0/nios2eds/bin/gnu/h-i686-mingw32/bin/../lib/gcc/nios2-elf/4.1.2/../../../../nios2-elf/lib\libc.a(lib_a-fstatr.o)
 .data          0x0080bea0        0x0 c:/altera/13.0/nios2eds/bin/gnu/h-i686-mingw32/bin/../lib/gcc/nios2-elf/4.1.2/../../../../nios2-elf/lib\libc.a(lib_a-isattyr.o)
 .data          0x0080bea0        0x0 c:/altera/13.0/nios2eds/bin/gnu/h-i686-mingw32/bin/../lib/gcc/nios2-elf/4.1.2/../../../../nios2-elf/lib\libc.a(lib_a-lseekr.o)
 .data          0x0080bea0        0x0 c:/altera/13.0/nios2eds/bin/gnu/h-i686-mingw32/bin/../lib/gcc/nios2-elf/4.1.2/../../../../nios2-elf/lib\libc.a(lib_a-readr.o)
 .data          0x0080bea0        0x0 ../assignment2_bsp/\libhal_bsp.a(alt_alarm_start.o)
 .data          0x0080bea0        0x0 ../assignment2_bsp/\libhal_bsp.a(alt_close.o)
 .data          0x0080bea0      0x1a8 ../assignment2_bsp/\libhal_bsp.a(alt_dev.o)
                0x0080bea0                alt_dev_null
                0x0080bec8                alt_fd_list
 .data          0x0080c048        0x0 ../assignment2_bsp/\libhal_bsp.a(alt_errno.o)
 .data          0x0080c048        0x0 ../assignment2_bsp/\libhal_bsp.a(alt_fstat.o)
 .data          0x0080c048        0x0 ../assignment2_bsp/\libhal_bsp.a(alt_irq_register.o)
 .data          0x0080c048        0x0 ../assignment2_bsp/\libhal_bsp.a(alt_irq_vars.o)
 .data          0x0080c048        0x0 ../assignment2_bsp/\libhal_bsp.a(alt_isatty.o)
 .data          0x0080c048        0x0 ../assignment2_bsp/\libhal_bsp.a(alt_load.o)
 .data          0x0080c048        0x0 ../assignment2_bsp/\libhal_bsp.a(alt_lseek.o)
 .data          0x0080c048        0x0 ../assignment2_bsp/\libhal_bsp.a(alt_main.o)
 .data          0x0080c048        0x0 ../assignment2_bsp/\libhal_bsp.a(alt_malloc_lock.o)
 .data          0x0080c048        0x0 ../assignment2_bsp/\libhal_bsp.a(alt_read.o)
 .data          0x0080c048        0x0 ../assignment2_bsp/\libhal_bsp.a(alt_release_fd.o)
 .data          0x0080c048        0x0 ../assignment2_bsp/\libhal_bsp.a(alt_sbrk.o)
 .data          0x0080c048        0x0 ../assignment2_bsp/\libhal_bsp.a(alt_tick.o)
 .data          0x0080c048        0x0 ../assignment2_bsp/\libhal_bsp.a(alt_write.o)
 .data          0x0080c048     0x1244 ../assignment2_bsp/\libhal_bsp.a(alt_sys_init.o)
 .data          0x0080d28c        0x0 ../assignment2_bsp/\libhal_bsp.a(altera_avalon_jtag_uart_fd.o)
 .data          0x0080d28c        0x0 ../assignment2_bsp/\libhal_bsp.a(altera_avalon_jtag_uart_init.o)
 .data          0x0080d28c        0x0 ../assignment2_bsp/\libhal_bsp.a(altera_avalon_jtag_uart_ioctl.o)
 .data          0x0080d28c        0x0 ../assignment2_bsp/\libhal_bsp.a(altera_avalon_jtag_uart_read.o)
 .data          0x0080d28c        0x0 ../assignment2_bsp/\libhal_bsp.a(altera_avalon_jtag_uart_write.o)
 .data          0x0080d28c        0x0 ../assignment2_bsp/\libhal_bsp.a(altera_avalon_lcd_16207.o)
 .data          0x0080d28c        0x0 ../assignment2_bsp/\libhal_bsp.a(altera_avalon_lcd_16207_fd.o)
 .data          0x0080d28c        0x0 ../assignment2_bsp/\libhal_bsp.a(altera_avalon_timer_sc.o)
 .data          0x0080d28c        0x0 ../assignment2_bsp/\libhal_bsp.a(altera_avalon_uart_fd.o)
 .data          0x0080d28c        0x0 ../assignment2_bsp/\libhal_bsp.a(altera_avalon_uart_init.o)
 .data          0x0080d28c        0x0 ../assignment2_bsp/\libhal_bsp.a(altera_avalon_uart_read.o)
 .data          0x0080d28c        0x0 ../assignment2_bsp/\libhal_bsp.a(altera_avalon_uart_write.o)
 .data          0x0080d28c        0x0 ../assignment2_bsp/\libhal_bsp.a(alt_dcache_flush_all.o)
 .data          0x0080d28c        0x0 ../assignment2_bsp/\libhal_bsp.a(alt_dev_llist_insert.o)
 .data          0x0080d28c        0x0 ../assignment2_bsp/\libhal_bsp.a(alt_do_ctors.o)
 .data          0x0080d28c        0x0 ../assignment2_bsp/\libhal_bsp.a(alt_do_dtors.o)
 .data          0x0080d28c        0x0 ../assignment2_bsp/\libhal_bsp.a(alt_icache_flush_all.o)
 .data          0x0080d28c        0x0 ../assignment2_bsp/\libhal_bsp.a(alt_iic.o)
 .data          0x0080d28c        0x0 ../assignment2_bsp/\libhal_bsp.a(alt_iic_isr_register.o)
 .data          0x0080d28c        0x0 ../assignment2_bsp/\libhal_bsp.a(alt_io_redirect.o)
 .data          0x0080d28c        0x0 ../assignment2_bsp/\libhal_bsp.a(alt_irq_entry.o)
 .data          0x0080d28c        0x0 ../assignment2_bsp/\libhal_bsp.a(alt_irq_handler.o)
 .data          0x0080d28c        0x0 ../assignment2_bsp/\libhal_bsp.a(alt_open.o)
 .data          0x0080d28c        0x0 ../assignment2_bsp/\libhal_bsp.a(alt_usleep.o)
 .data          0x0080d28c        0x0 ../assignment2_bsp/\libhal_bsp.a(altera_nios2_qsys_irq.o)
 .data          0x0080d28c        0x0 ../assignment2_bsp/\libhal_bsp.a(alt_busy_sleep.o)
 .data          0x0080d28c        0x0 ../assignment2_bsp/\libhal_bsp.a(alt_exception_entry.o)
 .data          0x0080d28c        0x0 ../assignment2_bsp/\libhal_bsp.a(alt_find_dev.o)
 .data          0x0080d28c        0x0 ../assignment2_bsp/\libhal_bsp.a(alt_find_file.o)
 .data          0x0080d28c        0x0 ../assignment2_bsp/\libhal_bsp.a(alt_get_fd.o)
 .data          0x0080d28c        0x0 ../assignment2_bsp/\libhal_bsp.a(alt_icache_flush.o)
 .data          0x0080d28c        0x0 c:/altera/13.0/nios2eds/bin/gnu/h-i686-mingw32/bin/../lib/gcc/nios2-elf/4.1.2/../../../../nios2-elf/lib\libc.a(lib_a-atexit.o)
 .data          0x0080d28c        0x0 c:/altera/13.0/nios2eds/bin/gnu/h-i686-mingw32/bin/../lib/gcc/nios2-elf/4.1.2/../../../../nios2-elf/lib\libc.a(lib_a-ctype_.o)
 .data          0x0080d28c        0x0 c:/altera/13.0/nios2eds/bin/gnu/h-i686-mingw32/bin/../lib/gcc/nios2-elf/4.1.2/../../../../nios2-elf/lib\libc.a(lib_a-exit.o)
 .data          0x0080d28c        0x0 c:/altera/13.0/nios2eds/bin/gnu/h-i686-mingw32/bin/../lib/gcc/nios2-elf/4.1.2/../../../../nios2-elf/lib\libc.a(lib_a-memcmp.o)
 .data          0x0080d28c        0x0 c:/altera/13.0/nios2eds/bin/gnu/h-i686-mingw32/bin/../lib/gcc/nios2-elf/4.1.2/../../../../nios2-elf/lib\libc.a(lib_a-__atexit.o)
 .data          0x0080d28c        0x0 c:/altera/13.0/nios2eds/bin/gnu/h-i686-mingw32/bin/../lib/gcc/nios2-elf/4.1.2/../../../../nios2-elf/lib\libc.a(lib_a-__call_atexit.o)
 .data          0x0080d28c        0x0 c:/altera/13.0/nios2eds/bin/gnu/h-i686-mingw32/bin/../lib/gcc/nios2-elf/4.1.2\libgcc.a(lib2-divmod.o)
 .data          0x0080d28c        0x0 ../assignment2_bsp/\libhal_bsp.a(alt_exit.o)
                0x0081528c                _gp = ABSOLUTE ((. + 0x8000))
                0x0081528c                PROVIDE (gp, _gp)
 *(.rwdata .rwdata.*)
 *(.sdata .sdata.* .gnu.linkonce.s.*)
 .sdata         0x0080d28c        0x4 obj/default/hello_world.o
 .sdata         0x0080d290        0x8 c:/altera/13.0/nios2eds/bin/gnu/h-i686-mingw32/bin/../lib/gcc/nios2-elf/4.1.2/../../../../nios2-elf/lib\libc.a(lib_a-impure.o)
                0x0080d290                _impure_ptr
                0x0080d294                _global_impure_ptr
 .sdata         0x0080d298        0x8 c:/altera/13.0/nios2eds/bin/gnu/h-i686-mingw32/bin/../lib/gcc/nios2-elf/4.1.2/../../../../nios2-elf/lib\libc.a(lib_a-mallocr.o)
                0x0080d298                __malloc_trim_threshold
                0x0080d29c                __malloc_sbrk_base
 .sdata         0x0080d2a0       0x14 ../assignment2_bsp/\libhal_bsp.a(alt_dev.o)
                0x0080d2a0                alt_fs_list
                0x0080d2a8                alt_dev_list
                0x0080d2b0                alt_max_fd
 .sdata         0x0080d2b4        0x4 ../assignment2_bsp/\libhal_bsp.a(alt_errno.o)
                0x0080d2b4                alt_errno
 .sdata         0x0080d2b8        0x4 ../assignment2_bsp/\libhal_bsp.a(alt_irq_vars.o)
                0x0080d2b8                alt_priority_mask
 .sdata         0x0080d2bc        0x4 ../assignment2_bsp/\libhal_bsp.a(alt_sbrk.o)
 .sdata         0x0080d2c0        0x8 ../assignment2_bsp/\libhal_bsp.a(alt_tick.o)
                0x0080d2c0                alt_alarm_list
 .sdata         0x0080d2c8        0x4 ../assignment2_bsp/\libhal_bsp.a(altera_avalon_lcd_16207.o)
 .sdata         0x0080d2cc        0x4 c:/altera/13.0/nios2eds/bin/gnu/h-i686-mingw32/bin/../lib/gcc/nios2-elf/4.1.2/../../../../nios2-elf/lib\libc.a(lib_a-ctype_.o)
                0x0080d2cc                __ctype_ptr
 *(.sdata2 .sdata2.* .gnu.linkonce.s2.*)
                0x0080d2d0                . = ALIGN (0x4)
                0x0080d2d0                _edata = ABSOLUTE (.)
                0x0080d2d0                PROVIDE (edata, ABSOLUTE (.))
                0x0080d2d0                PROVIDE (__ram_rwdata_end, ABSOLUTE (.))
                0x0080d2d0                PROVIDE (__flash_rwdata_start, LOADADDR (.rwdata))

.bss            0x0080ef08      0x578
                0x0080ef08                __bss_start = ABSOLUTE (.)
                0x0080ef08                PROVIDE (__sbss_start, ABSOLUTE (.))
                0x0080ef08                PROVIDE (___sbss_start, ABSOLUTE (.))
 *(.dynsbss)
 *(.sbss .sbss.* .gnu.linkonce.sb.*)
 .sbss          0x0080ef08       0x14 obj/default/hello_world.o
 .sbss          0x0080ef1c      0x132 obj/default/sccharts.o
                0x0080ef1c                g40
                0x0080ef1d                g83
                0x0080ef1e                g143_e2
                0x0080ef1f                g91
                0x0080ef20                PRE_g112
                0x0080ef21                _compsys303_a2_local_URI_stop
                0x0080ef22                APace
                0x0080ef23                g139
                0x0080ef24                g4
                0x0080ef25                g108
                0x0080ef26                g19
                0x0080ef27                g111
                0x0080ef28                PRE_g102
                0x0080ef29                g139_fix1
                0x0080ef2a                g55
                0x0080ef2b                _cg59
                0x0080ef2c                g27
                0x0080ef2d                _cg116
                0x0080ef2e                g113b
                0x0080ef2f                _compsys303_a2_local_AEI_start
                0x0080ef30                g112
                0x0080ef31                g87b
                0x0080ef32                g139_e1_fix_fix
                0x0080ef33                g3
                0x0080ef34                g31b
                0x0080ef35                PRE_g63
                0x0080ef36                g103
                0x0080ef37                PRE_g27
                0x0080ef38                g47
                0x0080ef39                g85
                0x0080ef3a                g42
                0x0080ef3b                PRE_g114
                0x0080ef3c                g9
                0x0080ef3d                g127
                0x0080ef3e                LRITO
                0x0080ef3f                _cg7
                0x0080ef40                _PRE_GO
                0x0080ef44                _compsys303_a2_local_AEI_ex
                0x0080ef45                PRE_g3
                0x0080ef46                g102
                0x0080ef47                g140
                0x0080ef48                g115
                0x0080ef49                PRE_g56
                0x0080ef4a                _compsys303_a2_local_LRI_ex
                0x0080ef4b                g87
                0x0080ef4c                g44
                0x0080ef4d                _cg79
                0x0080ef4e                g123
                0x0080ef4f                PRE_g65
                0x0080ef50                g92
                0x0080ef51                g1
                0x0080ef52                g61
                0x0080ef53                g135
                0x0080ef54                g71
                0x0080ef55                PRE_g141
                0x0080ef56                g131b
                0x0080ef57                g7b
                0x0080ef58                g130_e12
                0x0080ef59                g126
                0x0080ef5a                g82
                0x0080ef5b                _cg98
                0x0080ef5c                g12
                0x0080ef5d                g97
                0x0080ef5e                g52
                0x0080ef5f                _cg46
                0x0080ef60                _cg74
                0x0080ef61                _compsys303_a2_local_AVI_stop
                0x0080ef62                g17
                0x0080ef63                g76
                0x0080ef64                g31
                0x0080ef65                g139_fix0
                0x0080ef66                g37
                0x0080ef67                g133b
                0x0080ef68                _compsys303_a2_local_first_asense
                0x0080ef69                g62
                0x0080ef6a                g84
                0x0080ef6b                g41
                0x0080ef6c                g118
                0x0080ef6d                PRE_g8
                0x0080ef6e                _cg126
                0x0080ef6f                PRE_g94
                0x0080ef70                PRE_g136
                0x0080ef71                _compsys303_a2_local_AVI_ex
                0x0080ef72                g18
                0x0080ef73                PRE_g81
                0x0080ef74                ASense
                0x0080ef75                PRE_g50
                0x0080ef76                g132
                0x0080ef77                g48
                0x0080ef78                PRE_g78
                0x0080ef79                PRE_g35
                0x0080ef7a                _cg95
                0x0080ef7b                g38
                0x0080ef7c                g105
                0x0080ef7d                PRE_g42
                0x0080ef7e                g124b
                0x0080ef7f                g117
                0x0080ef80                _cg20
                0x0080ef81                PRE_g123
                0x0080ef82                _cg82
                0x0080ef83                _cg43
                0x0080ef84                _compsys303_a2_local_PVARP_stop
                0x0080ef85                g22b
                0x0080ef86                _cg28
                0x0080ef87                g64
                0x0080ef88                g21
                0x0080ef89                _cg51
                0x0080ef8a                _cg107
                0x0080ef8b                _cg14
                0x0080ef8c                g79
                0x0080ef8d                g34
                0x0080ef8e                g5
                0x0080ef8f                g94
                0x0080ef90                g110
                0x0080ef91                g49
                0x0080ef92                g2
                0x0080ef93                g7
                0x0080ef94                _cg53
                0x0080ef95                _cg90
                0x0080ef96                _cg16
                0x0080ef97                _compsys303_a2_local_AEI_stop
                0x0080ef98                g80
                0x0080ef99                g139_fix4
                0x0080ef9a                g139_fix3
                0x0080ef9b                g128
                0x0080ef9c                _cg124
                0x0080ef9d                g136
                0x0080ef9e                g143
                0x0080ef9f                g100
                0x0080efa0                g59
                0x0080efa1                g99
                0x0080efa2                g54
                0x0080efa3                g66
                0x0080efa4                g23
                0x0080efa5                _cg83
                0x0080efa6                _cg87
                0x0080efa7                PRE_g71
                0x0080efa8                g14
                0x0080efa9                _compsys303_a2_local_URI_start
                0x0080efaa                _compsys303_a2_local_VRP_stop
                0x0080efab                g144
                0x0080efac                g101
                0x0080efad                g25_e2
                0x0080efae                _cg100
                0x0080efaf                g114
                0x0080efb0                g56
                0x0080efb1                g129
                0x0080efb2                g131
                0x0080efb3                VSense
                0x0080efb4                PRE_g6
                0x0080efb5                g33
                0x0080efb6                g78
                0x0080efb7                g122
                0x0080efb8                _cg64
                0x0080efb9                g134
                0x0080efba                g35
                0x0080efbb                _cg38
                0x0080efbc                g15
                0x0080efbd                g90
                0x0080efbe                g84_e8
                0x0080efbf                _GO
                0x0080efc0                g89b
                0x0080efc1                URITO
                0x0080efc2                VRPTO
                0x0080efc3                PRE_g11
                0x0080efc4                g92_e9
                0x0080efc5                g63
                0x0080efc6                g20
                0x0080efc7                AVITO
                0x0080efc8                g60
                0x0080efc9                _cg121
                0x0080efca                PRE_g19
                0x0080efcb                g66b
                0x0080efcc                g93
                0x0080efcd                _cg22
                0x0080efce                g119
                0x0080efcf                g69_e6
                0x0080efd0                g64b
                0x0080efd1                PRE_g97
                0x0080efd2                g138_e14
                0x0080efd3                g86
                0x0080efd4                g43
                0x0080efd5                PRE_g125
                0x0080efd6                PRE_g88
                0x0080efd7                g98b
                0x0080efd8                PVARPTO
                0x0080efd9                g36
                0x0080efda                g46
                0x0080efdb                g89
                0x0080efdc                _cg106
                0x0080efdd                g57b
                0x0080efde                g95
                0x0080efdf                g50
                0x0080efe0                g96
                0x0080efe1                g51
                0x0080efe2                g138
                0x0080efe3                _cg115
                0x0080efe4                g107
                0x0080efe5                g113
                0x0080efe6                PRE_g48
                0x0080efe7                g104
                0x0080efe8                g139_e1_fix
                0x0080efe9                g13
                0x0080efea                PRE_g86
                0x0080efeb                g98
                0x0080efec                g53
                0x0080efed                g8
                0x0080efee                g57
                0x0080efef                _compsys303_a2_local_AVI_start
                0x0080eff0                g70
                0x0080eff1                _cg66
                0x0080eff2                g139_e1
                0x0080eff3                g110_e10
                0x0080eff4                g141
                0x0080eff5                g36b
                0x0080eff6                g116
                0x0080eff7                g6
                0x0080eff8                g82b
                0x0080eff9                g72
                0x0080effa                g81
                0x0080effb                _compsys303_a2_local_PVARP_start
                0x0080effc                g124
                0x0080effd                _cg13
                0x0080effe                _cg9
                0x0080efff                PRE_g99
                0x0080f000                g137
                0x0080f001                g17_e1
                0x0080f002                _cg129
                0x0080f003                _compsys303_a2_local_URI_ex
                0x0080f004                g0
                0x0080f005                _cg89
                0x0080f006                PRE_g120
                0x0080f007                g139_fix2
                0x0080f008                _cg54
                0x0080f009                g75
                0x0080f00a                g30
                0x0080f00b                g72b
                0x0080f00c                PRE_g21
                0x0080f00d                g16
                0x0080f00e                g58
                0x0080f00f                _compsys303_a2_local_LRI_stop
                0x0080f010                _cg57
                0x0080f011                g25
                0x0080f012                g68
                0x0080f013                g142
                0x0080f014                _compsys303_a2_local_LRI_start
                0x0080f015                g11
                0x0080f016                g65
                0x0080f017                g22
                0x0080f018                g28
                0x0080f019                g73
                0x0080f01a                _cg113
                0x0080f01b                g118_e11
                0x0080f01c                g115b
                0x0080f01d                g40_e4
                0x0080f01e                g125
                0x0080f01f                g77
                0x0080f020                g32
                0x0080f021                _compsys303_a2_local_PVARP_ex
                0x0080f022                g20b
                0x0080f023                g88
                0x0080f024                g45
                0x0080f025                g76_e7
                0x0080f026                _cg23
                0x0080f027                _compsys303_a2_local_VRP_ex
                0x0080f028                _compsys303_a2_local_VRP_start
                0x0080f029                _cg103
                0x0080f02a                _cg55
                0x0080f02b                PRE_g45
                0x0080f02c                g130
                0x0080f02d                g49b
                0x0080f02e                PRE_g73
                0x0080f02f                PRE_g30
                0x0080f030                g121
                0x0080f031                _cg109
                0x0080f032                VPace
                0x0080f033                g12b
                0x0080f034                g39
                0x0080f035                _cg49
                0x0080f036                g120
                0x0080f037                g29
                0x0080f038                g67
                0x0080f039                g24
                0x0080f03a                _cg4
                0x0080f03b                g133
                0x0080f03c                g61_e5
                0x0080f03d                g109
                0x0080f03e                _cg32
                0x0080f03f                g134_e13
                0x0080f040                _cg67
                0x0080f041                g106
                0x0080f042                _cg36
                0x0080f043                _cg31
                0x0080f044                PRE_g132
                0x0080f045                g10
                0x0080f046                AEITO
                0x0080f047                g69
                0x0080f048                g26
                0x0080f049                _cg72
                0x0080f04a                PRE_g37
                0x0080f04b                _cg105
                0x0080f04c                g74
                0x0080f04d                g33_e3
 *fill*         0x0080f04e        0x2 00
 .sbss          0x0080f050        0xc c:/altera/13.0/nios2eds/bin/gnu/h-i686-mingw32/bin/../lib/gcc/nios2-elf/4.1.2/../../../../nios2-elf/lib\libc.a(lib_a-mallocr.o)
                0x0080f050                __malloc_top_pad
                0x0080f054                __malloc_max_sbrked_mem
                0x0080f058                __malloc_max_total_mem
 .sbss          0x0080f05c        0x4 c:/altera/13.0/nios2eds/bin/gnu/h-i686-mingw32/bin/../lib/gcc/nios2-elf/4.1.2/../../../../nios2-elf/lib\libc.a(lib_a-int_errno.o)
                0x0080f05c                errno
 .sbss          0x0080f060        0x4 ../assignment2_bsp/\libhal_bsp.a(alt_irq_vars.o)
                0x0080f060                alt_irq_active
 .sbss          0x0080f064        0xc ../assignment2_bsp/\libhal_bsp.a(alt_main.o)
                0x0080f064                alt_argc
                0x0080f068                alt_argv
                0x0080f06c                alt_envp
 .sbss          0x0080f070        0x8 ../assignment2_bsp/\libhal_bsp.a(alt_tick.o)
                0x0080f070                _alt_tick_rate
                0x0080f074                _alt_nticks
 *(.sbss2 .sbss2.* .gnu.linkonce.sb2.*)
 *(.scommon)
                0x0080f078                PROVIDE (__sbss_end, ABSOLUTE (.))
                0x0080f078                PROVIDE (___sbss_end, ABSOLUTE (.))
 *(.dynbss)
 *(.bss .bss.* .gnu.linkonce.b.*)
 .bss           0x0080f078        0x0 ../assignment2_bsp//obj/HAL/src/crt0.o
 .bss           0x0080f078      0x150 obj/default/hello_world.o
 .bss           0x0080f1c8        0x0 obj/default/sccharts.o
 .bss           0x0080f1c8        0x0 c:/altera/13.0/nios2eds/bin/gnu/h-i686-mingw32/bin/../lib/gcc/nios2-elf/4.1.2/../../../../nios2-elf/lib\libc.a(lib_a-puts.o)
 .bss           0x0080f1c8        0x0 c:/altera/13.0/nios2eds/bin/gnu/h-i686-mingw32/bin/../lib/gcc/nios2-elf/4.1.2/../../../../nios2-elf/lib\libc.a(lib_a-strlen.o)
 .bss           0x0080f1c8        0x0 c:/altera/13.0/nios2eds/bin/gnu/h-i686-mingw32/bin/../lib/gcc/nios2-elf/4.1.2/../../../../nios2-elf/lib\libc.a(lib_a-fvwrite.o)
 .bss           0x0080f1c8        0x0 c:/altera/13.0/nios2eds/bin/gnu/h-i686-mingw32/bin/../lib/gcc/nios2-elf/4.1.2/../../../../nios2-elf/lib\libc.a(lib_a-impure.o)
 .bss           0x0080f1c8       0x28 c:/altera/13.0/nios2eds/bin/gnu/h-i686-mingw32/bin/../lib/gcc/nios2-elf/4.1.2/../../../../nios2-elf/lib\libc.a(lib_a-mallocr.o)
                0x0080f1c8                __malloc_current_mallinfo
 .bss           0x0080f1f0        0x0 c:/altera/13.0/nios2eds/bin/gnu/h-i686-mingw32/bin/../lib/gcc/nios2-elf/4.1.2/../../../../nios2-elf/lib\libc.a(lib_a-memchr.o)
 .bss           0x0080f1f0        0x0 c:/altera/13.0/nios2eds/bin/gnu/h-i686-mingw32/bin/../lib/gcc/nios2-elf/4.1.2/../../../../nios2-elf/lib\libc.a(lib_a-memcpy.o)
 .bss           0x0080f1f0        0x0 c:/altera/13.0/nios2eds/bin/gnu/h-i686-mingw32/bin/../lib/gcc/nios2-elf/4.1.2/../../../../nios2-elf/lib\libc.a(lib_a-memmove.o)
 .bss           0x0080f1f0        0x0 c:/altera/13.0/nios2eds/bin/gnu/h-i686-mingw32/bin/../lib/gcc/nios2-elf/4.1.2/../../../../nios2-elf/lib\libc.a(lib_a-reallocr.o)
 .bss           0x0080f1f0        0x0 c:/altera/13.0/nios2eds/bin/gnu/h-i686-mingw32/bin/../lib/gcc/nios2-elf/4.1.2/../../../../nios2-elf/lib\libc.a(lib_a-sbrkr.o)
 .bss           0x0080f1f0        0x0 c:/altera/13.0/nios2eds/bin/gnu/h-i686-mingw32/bin/../lib/gcc/nios2-elf/4.1.2/../../../../nios2-elf/lib\libc.a(lib_a-wsetup.o)
 .bss           0x0080f1f0        0x0 c:/altera/13.0/nios2eds/bin/gnu/h-i686-mingw32/bin/../lib/gcc/nios2-elf/4.1.2/../../../../nios2-elf/lib\libc.a(lib_a-fflush.o)
 .bss           0x0080f1f0        0x0 c:/altera/13.0/nios2eds/bin/gnu/h-i686-mingw32/bin/../lib/gcc/nios2-elf/4.1.2/../../../../nios2-elf/lib\libc.a(lib_a-findfp.o)
 .bss           0x0080f1f0        0x0 c:/altera/13.0/nios2eds/bin/gnu/h-i686-mingw32/bin/../lib/gcc/nios2-elf/4.1.2/../../../../nios2-elf/lib\libc.a(lib_a-freer.o)
 .bss           0x0080f1f0        0x0 c:/altera/13.0/nios2eds/bin/gnu/h-i686-mingw32/bin/../lib/gcc/nios2-elf/4.1.2/../../../../nios2-elf/lib\libc.a(lib_a-fwalk.o)
 .bss           0x0080f1f0        0x0 c:/altera/13.0/nios2eds/bin/gnu/h-i686-mingw32/bin/../lib/gcc/nios2-elf/4.1.2/../../../../nios2-elf/lib\libc.a(lib_a-int_errno.o)
 .bss           0x0080f1f0        0x0 c:/altera/13.0/nios2eds/bin/gnu/h-i686-mingw32/bin/../lib/gcc/nios2-elf/4.1.2/../../../../nios2-elf/lib\libc.a(lib_a-makebuf.o)
 .bss           0x0080f1f0        0x0 c:/altera/13.0/nios2eds/bin/gnu/h-i686-mingw32/bin/../lib/gcc/nios2-elf/4.1.2/../../../../nios2-elf/lib\libc.a(lib_a-memset.o)
 .bss           0x0080f1f0        0x0 c:/altera/13.0/nios2eds/bin/gnu/h-i686-mingw32/bin/../lib/gcc/nios2-elf/4.1.2/../../../../nios2-elf/lib\libc.a(lib_a-stdio.o)
 .bss           0x0080f1f0        0x0 c:/altera/13.0/nios2eds/bin/gnu/h-i686-mingw32/bin/../lib/gcc/nios2-elf/4.1.2/../../../../nios2-elf/lib\libc.a(lib_a-writer.o)
 .bss           0x0080f1f0        0x0 c:/altera/13.0/nios2eds/bin/gnu/h-i686-mingw32/bin/../lib/gcc/nios2-elf/4.1.2/../../../../nios2-elf/lib\libc.a(lib_a-closer.o)
 .bss           0x0080f1f0        0x0 c:/altera/13.0/nios2eds/bin/gnu/h-i686-mingw32/bin/../lib/gcc/nios2-elf/4.1.2/../../../../nios2-elf/lib\libc.a(lib_a-fclose.o)
 .bss           0x0080f1f0        0x0 c:/altera/13.0/nios2eds/bin/gnu/h-i686-mingw32/bin/../lib/gcc/nios2-elf/4.1.2/../../../../nios2-elf/lib\libc.a(lib_a-fstatr.o)
 .bss           0x0080f1f0        0x0 c:/altera/13.0/nios2eds/bin/gnu/h-i686-mingw32/bin/../lib/gcc/nios2-elf/4.1.2/../../../../nios2-elf/lib\libc.a(lib_a-isattyr.o)
 .bss           0x0080f1f0        0x0 c:/altera/13.0/nios2eds/bin/gnu/h-i686-mingw32/bin/../lib/gcc/nios2-elf/4.1.2/../../../../nios2-elf/lib\libc.a(lib_a-lseekr.o)
 .bss           0x0080f1f0        0x0 c:/altera/13.0/nios2eds/bin/gnu/h-i686-mingw32/bin/../lib/gcc/nios2-elf/4.1.2/../../../../nios2-elf/lib\libc.a(lib_a-readr.o)
 .bss           0x0080f1f0        0x0 ../assignment2_bsp/\libhal_bsp.a(alt_alarm_start.o)
 .bss           0x0080f1f0        0x0 ../assignment2_bsp/\libhal_bsp.a(alt_close.o)
 .bss           0x0080f1f0        0x0 ../assignment2_bsp/\libhal_bsp.a(alt_dev.o)
 .bss           0x0080f1f0        0x0 ../assignment2_bsp/\libhal_bsp.a(alt_errno.o)
 .bss           0x0080f1f0        0x0 ../assignment2_bsp/\libhal_bsp.a(alt_fstat.o)
 .bss           0x0080f1f0        0x0 ../assignment2_bsp/\libhal_bsp.a(alt_irq_register.o)
 .bss           0x0080f1f0        0x0 ../assignment2_bsp/\libhal_bsp.a(alt_irq_vars.o)
 .bss           0x0080f1f0        0x0 ../assignment2_bsp/\libhal_bsp.a(alt_isatty.o)
 .bss           0x0080f1f0        0x0 ../assignment2_bsp/\libhal_bsp.a(alt_load.o)
 .bss           0x0080f1f0        0x0 ../assignment2_bsp/\libhal_bsp.a(alt_lseek.o)
 .bss           0x0080f1f0        0x0 ../assignment2_bsp/\libhal_bsp.a(alt_main.o)
 .bss           0x0080f1f0        0x0 ../assignment2_bsp/\libhal_bsp.a(alt_malloc_lock.o)
 .bss           0x0080f1f0        0x0 ../assignment2_bsp/\libhal_bsp.a(alt_read.o)
 .bss           0x0080f1f0        0x0 ../assignment2_bsp/\libhal_bsp.a(alt_release_fd.o)
 .bss           0x0080f1f0        0x0 ../assignment2_bsp/\libhal_bsp.a(alt_sbrk.o)
 .bss           0x0080f1f0        0x0 ../assignment2_bsp/\libhal_bsp.a(alt_tick.o)
 .bss           0x0080f1f0        0x0 ../assignment2_bsp/\libhal_bsp.a(alt_write.o)
 .bss           0x0080f1f0        0x0 ../assignment2_bsp/\libhal_bsp.a(alt_sys_init.o)
 .bss           0x0080f1f0        0x0 ../assignment2_bsp/\libhal_bsp.a(altera_avalon_jtag_uart_fd.o)
 .bss           0x0080f1f0        0x0 ../assignment2_bsp/\libhal_bsp.a(altera_avalon_jtag_uart_init.o)
 .bss           0x0080f1f0        0x0 ../assignment2_bsp/\libhal_bsp.a(altera_avalon_jtag_uart_ioctl.o)
 .bss           0x0080f1f0        0x0 ../assignment2_bsp/\libhal_bsp.a(altera_avalon_jtag_uart_read.o)
 .bss           0x0080f1f0        0x0 ../assignment2_bsp/\libhal_bsp.a(altera_avalon_jtag_uart_write.o)
 .bss           0x0080f1f0        0x0 ../assignment2_bsp/\libhal_bsp.a(altera_avalon_lcd_16207.o)
 .bss           0x0080f1f0        0x0 ../assignment2_bsp/\libhal_bsp.a(altera_avalon_lcd_16207_fd.o)
 .bss           0x0080f1f0        0x0 ../assignment2_bsp/\libhal_bsp.a(altera_avalon_timer_sc.o)
 .bss           0x0080f1f0        0x0 ../assignment2_bsp/\libhal_bsp.a(altera_avalon_uart_fd.o)
 .bss           0x0080f1f0        0x0 ../assignment2_bsp/\libhal_bsp.a(altera_avalon_uart_init.o)
 .bss           0x0080f1f0        0x0 ../assignment2_bsp/\libhal_bsp.a(altera_avalon_uart_read.o)
 .bss           0x0080f1f0        0x0 ../assignment2_bsp/\libhal_bsp.a(altera_avalon_uart_write.o)
 .bss           0x0080f1f0        0x0 ../assignment2_bsp/\libhal_bsp.a(alt_dcache_flush_all.o)
 .bss           0x0080f1f0        0x0 ../assignment2_bsp/\libhal_bsp.a(alt_dev_llist_insert.o)
 .bss           0x0080f1f0        0x0 ../assignment2_bsp/\libhal_bsp.a(alt_do_ctors.o)
 .bss           0x0080f1f0        0x0 ../assignment2_bsp/\libhal_bsp.a(alt_do_dtors.o)
 .bss           0x0080f1f0        0x0 ../assignment2_bsp/\libhal_bsp.a(alt_icache_flush_all.o)
 .bss           0x0080f1f0        0x0 ../assignment2_bsp/\libhal_bsp.a(alt_iic.o)
 .bss           0x0080f1f0        0x0 ../assignment2_bsp/\libhal_bsp.a(alt_iic_isr_register.o)
 .bss           0x0080f1f0        0x0 ../assignment2_bsp/\libhal_bsp.a(alt_io_redirect.o)
 .bss           0x0080f1f0        0x0 ../assignment2_bsp/\libhal_bsp.a(alt_irq_entry.o)
 .bss           0x0080f1f0        0x0 ../assignment2_bsp/\libhal_bsp.a(alt_irq_handler.o)
 .bss           0x0080f1f0        0x0 ../assignment2_bsp/\libhal_bsp.a(alt_open.o)
 .bss           0x0080f1f0        0x0 ../assignment2_bsp/\libhal_bsp.a(alt_usleep.o)
 .bss           0x0080f1f0        0x0 ../assignment2_bsp/\libhal_bsp.a(altera_nios2_qsys_irq.o)
 .bss           0x0080f1f0        0x0 ../assignment2_bsp/\libhal_bsp.a(alt_busy_sleep.o)
 .bss           0x0080f1f0        0x0 ../assignment2_bsp/\libhal_bsp.a(alt_exception_entry.o)
 .bss           0x0080f1f0        0x0 ../assignment2_bsp/\libhal_bsp.a(alt_find_dev.o)
 .bss           0x0080f1f0        0x0 ../assignment2_bsp/\libhal_bsp.a(alt_find_file.o)
 .bss           0x0080f1f0        0x0 ../assignment2_bsp/\libhal_bsp.a(alt_get_fd.o)
 .bss           0x0080f1f0        0x0 ../assignment2_bsp/\libhal_bsp.a(alt_icache_flush.o)
 .bss           0x0080f1f0        0x0 c:/altera/13.0/nios2eds/bin/gnu/h-i686-mingw32/bin/../lib/gcc/nios2-elf/4.1.2/../../../../nios2-elf/lib\libc.a(lib_a-atexit.o)
 .bss           0x0080f1f0        0x0 c:/altera/13.0/nios2eds/bin/gnu/h-i686-mingw32/bin/../lib/gcc/nios2-elf/4.1.2/../../../../nios2-elf/lib\libc.a(lib_a-ctype_.o)
 .bss           0x0080f1f0        0x0 c:/altera/13.0/nios2eds/bin/gnu/h-i686-mingw32/bin/../lib/gcc/nios2-elf/4.1.2/../../../../nios2-elf/lib\libc.a(lib_a-exit.o)
 .bss           0x0080f1f0        0x0 c:/altera/13.0/nios2eds/bin/gnu/h-i686-mingw32/bin/../lib/gcc/nios2-elf/4.1.2/../../../../nios2-elf/lib\libc.a(lib_a-memcmp.o)
 .bss           0x0080f1f0        0x0 c:/altera/13.0/nios2eds/bin/gnu/h-i686-mingw32/bin/../lib/gcc/nios2-elf/4.1.2/../../../../nios2-elf/lib\libc.a(lib_a-__atexit.o)
 .bss           0x0080f1f0        0x0 c:/altera/13.0/nios2eds/bin/gnu/h-i686-mingw32/bin/../lib/gcc/nios2-elf/4.1.2/../../../../nios2-elf/lib\libc.a(lib_a-__call_atexit.o)
 .bss           0x0080f1f0        0x0 c:/altera/13.0/nios2eds/bin/gnu/h-i686-mingw32/bin/../lib/gcc/nios2-elf/4.1.2\libgcc.a(lib2-divmod.o)
 .bss           0x0080f1f0        0x0 ../assignment2_bsp/\libhal_bsp.a(alt_exit.o)
 *(COMMON)
 COMMON         0x0080f1f0      0x100 ../assignment2_bsp/\libhal_bsp.a(alt_irq_handler.o)
                0x0080f1f0                alt_irq
 COMMON         0x0080f2f0      0x190 c:/altera/13.0/nios2eds/bin/gnu/h-i686-mingw32/bin/../lib/gcc/nios2-elf/4.1.2/../../../../nios2-elf/lib\libc.a(lib_a-atexit.o)
                0x0080f2f0                _atexit0
                0x0080f480                . = ALIGN (0x4)
                0x0080f480                __bss_end = ABSOLUTE (.)

.sdram_controller
                0x0080f480        0x0
                0x0080f480                PROVIDE (_alt_partition_sdram_controller_start, ABSOLUTE (.))
 *(.sdram_controller. sdram_controller.*)
                0x0080f480                . = ALIGN (0x4)
                0x0080f480                PROVIDE (_alt_partition_sdram_controller_end, ABSOLUTE (.))
                0x0080f480                _end = ABSOLUTE (.)
                0x0080f480                end = ABSOLUTE (.)
                0x0080f480                __alt_stack_base = ABSOLUTE (.)
                0x0080f480                PROVIDE (_alt_partition_sdram_controller_load_addr, LOADADDR (.sdram_controller))

.onchip_mem     0x01008000        0x0 load address 0x0080f480
                0x01008000                PROVIDE (_alt_partition_onchip_mem_start, ABSOLUTE (.))
 *(.onchip_mem. onchip_mem.*)
                0x01008000                . = ALIGN (0x4)
                0x01008000                PROVIDE (_alt_partition_onchip_mem_end, ABSOLUTE (.))
                0x0080f480                PROVIDE (_alt_partition_onchip_mem_load_addr, LOADADDR (.onchip_mem))

.stab
 *(.stab)

.stabstr
 *(.stabstr)

.stab.excl
 *(.stab.excl)

.stab.exclstr
 *(.stab.exclstr)

.stab.index
 *(.stab.index)

.stab.indexstr
 *(.stab.indexstr)

.comment        0x00000000       0x23
 *(.comment)
 .comment       0x00000000       0x23 obj/default/hello_world.o
                                 0x24 (size before relaxing)
 .comment       0x00000000       0x24 obj/default/sccharts.o
 .comment       0x00000000       0x24 c:/altera/13.0/nios2eds/bin/gnu/h-i686-mingw32/bin/../lib/gcc/nios2-elf/4.1.2/../../../../nios2-elf/lib\libc.a(lib_a-puts.o)
 .comment       0x00000000       0x24 c:/altera/13.0/nios2eds/bin/gnu/h-i686-mingw32/bin/../lib/gcc/nios2-elf/4.1.2/../../../../nios2-elf/lib\libc.a(lib_a-strlen.o)
 .comment       0x00000000       0x24 c:/altera/13.0/nios2eds/bin/gnu/h-i686-mingw32/bin/../lib/gcc/nios2-elf/4.1.2/../../../../nios2-elf/lib\libc.a(lib_a-fvwrite.o)
 .comment       0x00000000       0x24 c:/altera/13.0/nios2eds/bin/gnu/h-i686-mingw32/bin/../lib/gcc/nios2-elf/4.1.2/../../../../nios2-elf/lib\libc.a(lib_a-impure.o)
 .comment       0x00000000       0x24 c:/altera/13.0/nios2eds/bin/gnu/h-i686-mingw32/bin/../lib/gcc/nios2-elf/4.1.2/../../../../nios2-elf/lib\libc.a(lib_a-mallocr.o)
 .comment       0x00000000       0x24 c:/altera/13.0/nios2eds/bin/gnu/h-i686-mingw32/bin/../lib/gcc/nios2-elf/4.1.2/../../../../nios2-elf/lib\libc.a(lib_a-memchr.o)
 .comment       0x00000000       0x24 c:/altera/13.0/nios2eds/bin/gnu/h-i686-mingw32/bin/../lib/gcc/nios2-elf/4.1.2/../../../../nios2-elf/lib\libc.a(lib_a-memcpy.o)
 .comment       0x00000000       0x24 c:/altera/13.0/nios2eds/bin/gnu/h-i686-mingw32/bin/../lib/gcc/nios2-elf/4.1.2/../../../../nios2-elf/lib\libc.a(lib_a-memmove.o)
 .comment       0x00000000       0x24 c:/altera/13.0/nios2eds/bin/gnu/h-i686-mingw32/bin/../lib/gcc/nios2-elf/4.1.2/../../../../nios2-elf/lib\libc.a(lib_a-reallocr.o)
 .comment       0x00000000       0x24 c:/altera/13.0/nios2eds/bin/gnu/h-i686-mingw32/bin/../lib/gcc/nios2-elf/4.1.2/../../../../nios2-elf/lib\libc.a(lib_a-sbrkr.o)
 .comment       0x00000000       0x24 c:/altera/13.0/nios2eds/bin/gnu/h-i686-mingw32/bin/../lib/gcc/nios2-elf/4.1.2/../../../../nios2-elf/lib\libc.a(lib_a-wsetup.o)
 .comment       0x00000000       0x24 c:/altera/13.0/nios2eds/bin/gnu/h-i686-mingw32/bin/../lib/gcc/nios2-elf/4.1.2/../../../../nios2-elf/lib\libc.a(lib_a-fflush.o)
 .comment       0x00000000       0x24 c:/altera/13.0/nios2eds/bin/gnu/h-i686-mingw32/bin/../lib/gcc/nios2-elf/4.1.2/../../../../nios2-elf/lib\libc.a(lib_a-findfp.o)
 .comment       0x00000000       0x24 c:/altera/13.0/nios2eds/bin/gnu/h-i686-mingw32/bin/../lib/gcc/nios2-elf/4.1.2/../../../../nios2-elf/lib\libc.a(lib_a-freer.o)
 .comment       0x00000000       0x24 c:/altera/13.0/nios2eds/bin/gnu/h-i686-mingw32/bin/../lib/gcc/nios2-elf/4.1.2/../../../../nios2-elf/lib\libc.a(lib_a-fwalk.o)
 .comment       0x00000000       0x24 c:/altera/13.0/nios2eds/bin/gnu/h-i686-mingw32/bin/../lib/gcc/nios2-elf/4.1.2/../../../../nios2-elf/lib\libc.a(lib_a-int_errno.o)
 .comment       0x00000000       0x24 c:/altera/13.0/nios2eds/bin/gnu/h-i686-mingw32/bin/../lib/gcc/nios2-elf/4.1.2/../../../../nios2-elf/lib\libc.a(lib_a-makebuf.o)
 .comment       0x00000000       0x24 c:/altera/13.0/nios2eds/bin/gnu/h-i686-mingw32/bin/../lib/gcc/nios2-elf/4.1.2/../../../../nios2-elf/lib\libc.a(lib_a-memset.o)
 .comment       0x00000000       0x24 c:/altera/13.0/nios2eds/bin/gnu/h-i686-mingw32/bin/../lib/gcc/nios2-elf/4.1.2/../../../../nios2-elf/lib\libc.a(lib_a-stdio.o)
 .comment       0x00000000       0x24 c:/altera/13.0/nios2eds/bin/gnu/h-i686-mingw32/bin/../lib/gcc/nios2-elf/4.1.2/../../../../nios2-elf/lib\libc.a(lib_a-writer.o)
 .comment       0x00000000       0x24 c:/altera/13.0/nios2eds/bin/gnu/h-i686-mingw32/bin/../lib/gcc/nios2-elf/4.1.2/../../../../nios2-elf/lib\libc.a(lib_a-closer.o)
 .comment       0x00000000       0x24 c:/altera/13.0/nios2eds/bin/gnu/h-i686-mingw32/bin/../lib/gcc/nios2-elf/4.1.2/../../../../nios2-elf/lib\libc.a(lib_a-fclose.o)
 .comment       0x00000000       0x24 c:/altera/13.0/nios2eds/bin/gnu/h-i686-mingw32/bin/../lib/gcc/nios2-elf/4.1.2/../../../../nios2-elf/lib\libc.a(lib_a-fstatr.o)
 .comment       0x00000000       0x24 c:/altera/13.0/nios2eds/bin/gnu/h-i686-mingw32/bin/../lib/gcc/nios2-elf/4.1.2/../../../../nios2-elf/lib\libc.a(lib_a-isattyr.o)
 .comment       0x00000000       0x24 c:/altera/13.0/nios2eds/bin/gnu/h-i686-mingw32/bin/../lib/gcc/nios2-elf/4.1.2/../../../../nios2-elf/lib\libc.a(lib_a-lseekr.o)
 .comment       0x00000000       0x24 c:/altera/13.0/nios2eds/bin/gnu/h-i686-mingw32/bin/../lib/gcc/nios2-elf/4.1.2/../../../../nios2-elf/lib\libc.a(lib_a-readr.o)
 .comment       0x00000000       0x24 ../assignment2_bsp/\libhal_bsp.a(alt_alarm_start.o)
 .comment       0x00000000       0x24 ../assignment2_bsp/\libhal_bsp.a(alt_close.o)
 .comment       0x00000000       0x24 ../assignment2_bsp/\libhal_bsp.a(alt_dev.o)
 .comment       0x00000000       0x24 ../assignment2_bsp/\libhal_bsp.a(alt_errno.o)
 .comment       0x00000000       0x24 ../assignment2_bsp/\libhal_bsp.a(alt_fstat.o)
 .comment       0x00000000       0x24 ../assignment2_bsp/\libhal_bsp.a(alt_irq_register.o)
 .comment       0x00000000       0x24 ../assignment2_bsp/\libhal_bsp.a(alt_irq_vars.o)
 .comment       0x00000000       0x24 ../assignment2_bsp/\libhal_bsp.a(alt_isatty.o)
 .comment       0x00000000       0x24 ../assignment2_bsp/\libhal_bsp.a(alt_load.o)
 .comment       0x00000000       0x24 ../assignment2_bsp/\libhal_bsp.a(alt_lseek.o)
 .comment       0x00000000       0x24 ../assignment2_bsp/\libhal_bsp.a(alt_main.o)
 .comment       0x00000000       0x24 ../assignment2_bsp/\libhal_bsp.a(alt_malloc_lock.o)
 .comment       0x00000000       0x24 ../assignment2_bsp/\libhal_bsp.a(alt_read.o)
 .comment       0x00000000       0x24 ../assignment2_bsp/\libhal_bsp.a(alt_release_fd.o)
 .comment       0x00000000       0x24 ../assignment2_bsp/\libhal_bsp.a(alt_sbrk.o)
 .comment       0x00000000       0x24 ../assignment2_bsp/\libhal_bsp.a(alt_tick.o)
 .comment       0x00000000       0x24 ../assignment2_bsp/\libhal_bsp.a(alt_write.o)
 .comment       0x00000000       0x24 ../assignment2_bsp/\libhal_bsp.a(alt_sys_init.o)
 .comment       0x00000000       0x24 ../assignment2_bsp/\libhal_bsp.a(altera_avalon_jtag_uart_fd.o)
 .comment       0x00000000       0x24 ../assignment2_bsp/\libhal_bsp.a(altera_avalon_jtag_uart_init.o)
 .comment       0x00000000       0x24 ../assignment2_bsp/\libhal_bsp.a(altera_avalon_jtag_uart_ioctl.o)
 .comment       0x00000000       0x24 ../assignment2_bsp/\libhal_bsp.a(altera_avalon_jtag_uart_read.o)
 .comment       0x00000000       0x24 ../assignment2_bsp/\libhal_bsp.a(altera_avalon_jtag_uart_write.o)
 .comment       0x00000000       0x24 ../assignment2_bsp/\libhal_bsp.a(altera_avalon_lcd_16207.o)
 .comment       0x00000000       0x24 ../assignment2_bsp/\libhal_bsp.a(altera_avalon_lcd_16207_fd.o)
 .comment       0x00000000       0x24 ../assignment2_bsp/\libhal_bsp.a(altera_avalon_timer_sc.o)
 .comment       0x00000000       0x24 ../assignment2_bsp/\libhal_bsp.a(altera_avalon_uart_fd.o)
 .comment       0x00000000       0x24 ../assignment2_bsp/\libhal_bsp.a(altera_avalon_uart_init.o)
 .comment       0x00000000       0x24 ../assignment2_bsp/\libhal_bsp.a(altera_avalon_uart_read.o)
 .comment       0x00000000       0x24 ../assignment2_bsp/\libhal_bsp.a(altera_avalon_uart_write.o)
 .comment       0x00000000       0x24 ../assignment2_bsp/\libhal_bsp.a(alt_dcache_flush_all.o)
 .comment       0x00000000       0x24 ../assignment2_bsp/\libhal_bsp.a(alt_dev_llist_insert.o)
 .comment       0x00000000       0x24 ../assignment2_bsp/\libhal_bsp.a(alt_do_ctors.o)
 .comment       0x00000000       0x24 ../assignment2_bsp/\libhal_bsp.a(alt_do_dtors.o)
 .comment       0x00000000       0x24 ../assignment2_bsp/\libhal_bsp.a(alt_icache_flush_all.o)
 .comment       0x00000000       0x24 ../assignment2_bsp/\libhal_bsp.a(alt_iic.o)
 .comment       0x00000000       0x24 ../assignment2_bsp/\libhal_bsp.a(alt_iic_isr_register.o)
 .comment       0x00000000       0x24 ../assignment2_bsp/\libhal_bsp.a(alt_io_redirect.o)
 .comment       0x00000000       0x24 ../assignment2_bsp/\libhal_bsp.a(alt_irq_handler.o)
 .comment       0x00000000       0x24 ../assignment2_bsp/\libhal_bsp.a(alt_open.o)
 .comment       0x00000000       0x24 ../assignment2_bsp/\libhal_bsp.a(alt_usleep.o)
 .comment       0x00000000       0x24 ../assignment2_bsp/\libhal_bsp.a(altera_nios2_qsys_irq.o)
 .comment       0x00000000       0x24 ../assignment2_bsp/\libhal_bsp.a(alt_busy_sleep.o)
 .comment       0x00000000       0x24 ../assignment2_bsp/\libhal_bsp.a(alt_find_dev.o)
 .comment       0x00000000       0x24 ../assignment2_bsp/\libhal_bsp.a(alt_find_file.o)
 .comment       0x00000000       0x24 ../assignment2_bsp/\libhal_bsp.a(alt_get_fd.o)
 .comment       0x00000000       0x24 ../assignment2_bsp/\libhal_bsp.a(alt_icache_flush.o)
 .comment       0x00000000       0x24 c:/altera/13.0/nios2eds/bin/gnu/h-i686-mingw32/bin/../lib/gcc/nios2-elf/4.1.2/../../../../nios2-elf/lib\libc.a(lib_a-atexit.o)
 .comment       0x00000000       0x24 c:/altera/13.0/nios2eds/bin/gnu/h-i686-mingw32/bin/../lib/gcc/nios2-elf/4.1.2/../../../../nios2-elf/lib\libc.a(lib_a-ctype_.o)
 .comment       0x00000000       0x24 c:/altera/13.0/nios2eds/bin/gnu/h-i686-mingw32/bin/../lib/gcc/nios2-elf/4.1.2/../../../../nios2-elf/lib\libc.a(lib_a-exit.o)
 .comment       0x00000000       0x24 c:/altera/13.0/nios2eds/bin/gnu/h-i686-mingw32/bin/../lib/gcc/nios2-elf/4.1.2/../../../../nios2-elf/lib\libc.a(lib_a-memcmp.o)
 .comment       0x00000000       0x24 c:/altera/13.0/nios2eds/bin/gnu/h-i686-mingw32/bin/../lib/gcc/nios2-elf/4.1.2/../../../../nios2-elf/lib\libc.a(lib_a-__atexit.o)
 .comment       0x00000000       0x24 c:/altera/13.0/nios2eds/bin/gnu/h-i686-mingw32/bin/../lib/gcc/nios2-elf/4.1.2/../../../../nios2-elf/lib\libc.a(lib_a-__call_atexit.o)
 .comment       0x00000000       0x24 c:/altera/13.0/nios2eds/bin/gnu/h-i686-mingw32/bin/../lib/gcc/nios2-elf/4.1.2\libgcc.a(lib2-divmod.o)
 .comment       0x00000000       0x24 ../assignment2_bsp/\libhal_bsp.a(alt_exit.o)

.debug
 *(.debug)

.line
 *(.line)

.debug_srcinfo
 *(.debug_srcinfo)

.debug_sfnames
 *(.debug_sfnames)

.debug_aranges  0x00000000      0xa58
 *(.debug_aranges)
 .debug_aranges
                0x00000000       0x28 ../assignment2_bsp//obj/HAL/src/crt0.o
 .debug_aranges
                0x00000028       0x20 obj/default/hello_world.o
 .debug_aranges
                0x00000048       0x20 obj/default/sccharts.o
 .debug_aranges
                0x00000068       0x20 c:/altera/13.0/nios2eds/bin/gnu/h-i686-mingw32/bin/../lib/gcc/nios2-elf/4.1.2/../../../../nios2-elf/lib\libc.a(lib_a-puts.o)
 .debug_aranges
                0x00000088       0x20 c:/altera/13.0/nios2eds/bin/gnu/h-i686-mingw32/bin/../lib/gcc/nios2-elf/4.1.2/../../../../nios2-elf/lib\libc.a(lib_a-strlen.o)
 .debug_aranges
                0x000000a8       0x20 c:/altera/13.0/nios2eds/bin/gnu/h-i686-mingw32/bin/../lib/gcc/nios2-elf/4.1.2/../../../../nios2-elf/lib\libc.a(lib_a-fvwrite.o)
 .debug_aranges
                0x000000c8       0x20 c:/altera/13.0/nios2eds/bin/gnu/h-i686-mingw32/bin/../lib/gcc/nios2-elf/4.1.2/../../../../nios2-elf/lib\libc.a(lib_a-mallocr.o)
 .debug_aranges
                0x000000e8       0x20 c:/altera/13.0/nios2eds/bin/gnu/h-i686-mingw32/bin/../lib/gcc/nios2-elf/4.1.2/../../../../nios2-elf/lib\libc.a(lib_a-memchr.o)
 .debug_aranges
                0x00000108       0x20 c:/altera/13.0/nios2eds/bin/gnu/h-i686-mingw32/bin/../lib/gcc/nios2-elf/4.1.2/../../../../nios2-elf/lib\libc.a(lib_a-memcpy.o)
 .debug_aranges
                0x00000128       0x20 c:/altera/13.0/nios2eds/bin/gnu/h-i686-mingw32/bin/../lib/gcc/nios2-elf/4.1.2/../../../../nios2-elf/lib\libc.a(lib_a-memmove.o)
 .debug_aranges
                0x00000148       0x20 c:/altera/13.0/nios2eds/bin/gnu/h-i686-mingw32/bin/../lib/gcc/nios2-elf/4.1.2/../../../../nios2-elf/lib\libc.a(lib_a-reallocr.o)
 .debug_aranges
                0x00000168       0x20 c:/altera/13.0/nios2eds/bin/gnu/h-i686-mingw32/bin/../lib/gcc/nios2-elf/4.1.2/../../../../nios2-elf/lib\libc.a(lib_a-sbrkr.o)
 .debug_aranges
                0x00000188       0x20 c:/altera/13.0/nios2eds/bin/gnu/h-i686-mingw32/bin/../lib/gcc/nios2-elf/4.1.2/../../../../nios2-elf/lib\libc.a(lib_a-wsetup.o)
 .debug_aranges
                0x000001a8       0x20 c:/altera/13.0/nios2eds/bin/gnu/h-i686-mingw32/bin/../lib/gcc/nios2-elf/4.1.2/../../../../nios2-elf/lib\libc.a(lib_a-fflush.o)
 .debug_aranges
                0x000001c8       0x20 c:/altera/13.0/nios2eds/bin/gnu/h-i686-mingw32/bin/../lib/gcc/nios2-elf/4.1.2/../../../../nios2-elf/lib\libc.a(lib_a-findfp.o)
 .debug_aranges
                0x000001e8       0x20 c:/altera/13.0/nios2eds/bin/gnu/h-i686-mingw32/bin/../lib/gcc/nios2-elf/4.1.2/../../../../nios2-elf/lib\libc.a(lib_a-freer.o)
 .debug_aranges
                0x00000208       0x20 c:/altera/13.0/nios2eds/bin/gnu/h-i686-mingw32/bin/../lib/gcc/nios2-elf/4.1.2/../../../../nios2-elf/lib\libc.a(lib_a-fwalk.o)
 .debug_aranges
                0x00000228       0x20 c:/altera/13.0/nios2eds/bin/gnu/h-i686-mingw32/bin/../lib/gcc/nios2-elf/4.1.2/../../../../nios2-elf/lib\libc.a(lib_a-makebuf.o)
 .debug_aranges
                0x00000248       0x20 c:/altera/13.0/nios2eds/bin/gnu/h-i686-mingw32/bin/../lib/gcc/nios2-elf/4.1.2/../../../../nios2-elf/lib\libc.a(lib_a-memset.o)
 .debug_aranges
                0x00000268       0x20 c:/altera/13.0/nios2eds/bin/gnu/h-i686-mingw32/bin/../lib/gcc/nios2-elf/4.1.2/../../../../nios2-elf/lib\libc.a(lib_a-stdio.o)
 .debug_aranges
                0x00000288       0x20 c:/altera/13.0/nios2eds/bin/gnu/h-i686-mingw32/bin/../lib/gcc/nios2-elf/4.1.2/../../../../nios2-elf/lib\libc.a(lib_a-writer.o)
 .debug_aranges
                0x000002a8       0x20 c:/altera/13.0/nios2eds/bin/gnu/h-i686-mingw32/bin/../lib/gcc/nios2-elf/4.1.2/../../../../nios2-elf/lib\libc.a(lib_a-closer.o)
 .debug_aranges
                0x000002c8       0x20 c:/altera/13.0/nios2eds/bin/gnu/h-i686-mingw32/bin/../lib/gcc/nios2-elf/4.1.2/../../../../nios2-elf/lib\libc.a(lib_a-fclose.o)
 .debug_aranges
                0x000002e8       0x20 c:/altera/13.0/nios2eds/bin/gnu/h-i686-mingw32/bin/../lib/gcc/nios2-elf/4.1.2/../../../../nios2-elf/lib\libc.a(lib_a-fstatr.o)
 .debug_aranges
                0x00000308       0x20 c:/altera/13.0/nios2eds/bin/gnu/h-i686-mingw32/bin/../lib/gcc/nios2-elf/4.1.2/../../../../nios2-elf/lib\libc.a(lib_a-isattyr.o)
 .debug_aranges
                0x00000328       0x20 c:/altera/13.0/nios2eds/bin/gnu/h-i686-mingw32/bin/../lib/gcc/nios2-elf/4.1.2/../../../../nios2-elf/lib\libc.a(lib_a-lseekr.o)
 .debug_aranges
                0x00000348       0x20 c:/altera/13.0/nios2eds/bin/gnu/h-i686-mingw32/bin/../lib/gcc/nios2-elf/4.1.2/../../../../nios2-elf/lib\libc.a(lib_a-readr.o)
 .debug_aranges
                0x00000368       0x20 ../assignment2_bsp/\libhal_bsp.a(alt_alarm_start.o)
 .debug_aranges
                0x00000388       0x20 ../assignment2_bsp/\libhal_bsp.a(alt_close.o)
 .debug_aranges
                0x000003a8       0x20 ../assignment2_bsp/\libhal_bsp.a(alt_dev.o)
 .debug_aranges
                0x000003c8       0x20 ../assignment2_bsp/\libhal_bsp.a(alt_fstat.o)
 .debug_aranges
                0x000003e8       0x20 ../assignment2_bsp/\libhal_bsp.a(alt_irq_register.o)
 .debug_aranges
                0x00000408       0x20 ../assignment2_bsp/\libhal_bsp.a(alt_isatty.o)
 .debug_aranges
                0x00000428       0x20 ../assignment2_bsp/\libhal_bsp.a(alt_load.o)
 .debug_aranges
                0x00000448       0x20 ../assignment2_bsp/\libhal_bsp.a(alt_lseek.o)
 .debug_aranges
                0x00000468       0x20 ../assignment2_bsp/\libhal_bsp.a(alt_main.o)
 .debug_aranges
                0x00000488       0x20 ../assignment2_bsp/\libhal_bsp.a(alt_malloc_lock.o)
 .debug_aranges
                0x000004a8       0x20 ../assignment2_bsp/\libhal_bsp.a(alt_read.o)
 .debug_aranges
                0x000004c8       0x20 ../assignment2_bsp/\libhal_bsp.a(alt_release_fd.o)
 .debug_aranges
                0x000004e8       0x20 ../assignment2_bsp/\libhal_bsp.a(alt_sbrk.o)
 .debug_aranges
                0x00000508       0x20 ../assignment2_bsp/\libhal_bsp.a(alt_tick.o)
 .debug_aranges
                0x00000528       0x20 ../assignment2_bsp/\libhal_bsp.a(alt_write.o)
 .debug_aranges
                0x00000548       0x20 ../assignment2_bsp/\libhal_bsp.a(alt_sys_init.o)
 .debug_aranges
                0x00000568       0x20 ../assignment2_bsp/\libhal_bsp.a(altera_avalon_jtag_uart_fd.o)
 .debug_aranges
                0x00000588       0x20 ../assignment2_bsp/\libhal_bsp.a(altera_avalon_jtag_uart_init.o)
 .debug_aranges
                0x000005a8       0x20 ../assignment2_bsp/\libhal_bsp.a(altera_avalon_jtag_uart_ioctl.o)
 .debug_aranges
                0x000005c8       0x20 ../assignment2_bsp/\libhal_bsp.a(altera_avalon_jtag_uart_read.o)
 .debug_aranges
                0x000005e8       0x20 ../assignment2_bsp/\libhal_bsp.a(altera_avalon_jtag_uart_write.o)
 .debug_aranges
                0x00000608       0x20 ../assignment2_bsp/\libhal_bsp.a(altera_avalon_lcd_16207.o)
 .debug_aranges
                0x00000628       0x20 ../assignment2_bsp/\libhal_bsp.a(altera_avalon_lcd_16207_fd.o)
 .debug_aranges
                0x00000648       0x20 ../assignment2_bsp/\libhal_bsp.a(altera_avalon_timer_sc.o)
 .debug_aranges
                0x00000668       0x20 ../assignment2_bsp/\libhal_bsp.a(altera_avalon_uart_fd.o)
 .debug_aranges
                0x00000688       0x20 ../assignment2_bsp/\libhal_bsp.a(altera_avalon_uart_init.o)
 .debug_aranges
                0x000006a8       0x20 ../assignment2_bsp/\libhal_bsp.a(altera_avalon_uart_read.o)
 .debug_aranges
                0x000006c8       0x20 ../assignment2_bsp/\libhal_bsp.a(altera_avalon_uart_write.o)
 .debug_aranges
                0x000006e8       0x20 ../assignment2_bsp/\libhal_bsp.a(alt_dcache_flush_all.o)
 .debug_aranges
                0x00000708       0x20 ../assignment2_bsp/\libhal_bsp.a(alt_dev_llist_insert.o)
 .debug_aranges
                0x00000728       0x20 ../assignment2_bsp/\libhal_bsp.a(alt_do_ctors.o)
 .debug_aranges
                0x00000748       0x20 ../assignment2_bsp/\libhal_bsp.a(alt_do_dtors.o)
 .debug_aranges
                0x00000768       0x20 ../assignment2_bsp/\libhal_bsp.a(alt_icache_flush_all.o)
 .debug_aranges
                0x00000788       0x20 ../assignment2_bsp/\libhal_bsp.a(alt_iic.o)
 .debug_aranges
                0x000007a8       0x20 ../assignment2_bsp/\libhal_bsp.a(alt_iic_isr_register.o)
 .debug_aranges
                0x000007c8       0x20 ../assignment2_bsp/\libhal_bsp.a(alt_io_redirect.o)
 .debug_aranges
                0x000007e8       0x30 ../assignment2_bsp/\libhal_bsp.a(alt_irq_entry.o)
 .debug_aranges
                0x00000818       0x28 ../assignment2_bsp/\libhal_bsp.a(alt_irq_handler.o)
 .debug_aranges
                0x00000840       0x20 ../assignment2_bsp/\libhal_bsp.a(alt_open.o)
 .debug_aranges
                0x00000860       0x20 ../assignment2_bsp/\libhal_bsp.a(alt_usleep.o)
 .debug_aranges
                0x00000880       0x20 ../assignment2_bsp/\libhal_bsp.a(altera_nios2_qsys_irq.o)
 .debug_aranges
                0x000008a0       0x20 ../assignment2_bsp/\libhal_bsp.a(alt_busy_sleep.o)
 .debug_aranges
                0x000008c0       0x38 ../assignment2_bsp/\libhal_bsp.a(alt_exception_entry.o)
 .debug_aranges
                0x000008f8       0x20 ../assignment2_bsp/\libhal_bsp.a(alt_find_dev.o)
 .debug_aranges
                0x00000918       0x20 ../assignment2_bsp/\libhal_bsp.a(alt_find_file.o)
 .debug_aranges
                0x00000938       0x20 ../assignment2_bsp/\libhal_bsp.a(alt_get_fd.o)
 .debug_aranges
                0x00000958       0x20 ../assignment2_bsp/\libhal_bsp.a(alt_icache_flush.o)
 .debug_aranges
                0x00000978       0x20 c:/altera/13.0/nios2eds/bin/gnu/h-i686-mingw32/bin/../lib/gcc/nios2-elf/4.1.2/../../../../nios2-elf/lib\libc.a(lib_a-atexit.o)
 .debug_aranges
                0x00000998       0x20 c:/altera/13.0/nios2eds/bin/gnu/h-i686-mingw32/bin/../lib/gcc/nios2-elf/4.1.2/../../../../nios2-elf/lib\libc.a(lib_a-exit.o)
 .debug_aranges
                0x000009b8       0x20 c:/altera/13.0/nios2eds/bin/gnu/h-i686-mingw32/bin/../lib/gcc/nios2-elf/4.1.2/../../../../nios2-elf/lib\libc.a(lib_a-memcmp.o)
 .debug_aranges
                0x000009d8       0x20 c:/altera/13.0/nios2eds/bin/gnu/h-i686-mingw32/bin/../lib/gcc/nios2-elf/4.1.2/../../../../nios2-elf/lib\libc.a(lib_a-__atexit.o)
 .debug_aranges
                0x000009f8       0x20 c:/altera/13.0/nios2eds/bin/gnu/h-i686-mingw32/bin/../lib/gcc/nios2-elf/4.1.2/../../../../nios2-elf/lib\libc.a(lib_a-__call_atexit.o)
 .debug_aranges
                0x00000a18       0x20 c:/altera/13.0/nios2eds/bin/gnu/h-i686-mingw32/bin/../lib/gcc/nios2-elf/4.1.2\libgcc.a(lib2-divmod.o)
 .debug_aranges
                0x00000a38       0x20 ../assignment2_bsp/\libhal_bsp.a(alt_exit.o)

.debug_pubnames
                0x00000000     0x204a
 *(.debug_pubnames)
 .debug_pubnames
                0x00000000      0x33e obj/default/hello_world.o
 .debug_pubnames
                0x0000033e      0xd52 obj/default/sccharts.o
 .debug_pubnames
                0x00001090       0x27 c:/altera/13.0/nios2eds/bin/gnu/h-i686-mingw32/bin/../lib/gcc/nios2-elf/4.1.2/../../../../nios2-elf/lib\libc.a(lib_a-puts.o)
 .debug_pubnames
                0x000010b7       0x1d c:/altera/13.0/nios2eds/bin/gnu/h-i686-mingw32/bin/../lib/gcc/nios2-elf/4.1.2/../../../../nios2-elf/lib\libc.a(lib_a-strlen.o)
 .debug_pubnames
                0x000010d4       0x23 c:/altera/13.0/nios2eds/bin/gnu/h-i686-mingw32/bin/../lib/gcc/nios2-elf/4.1.2/../../../../nios2-elf/lib\libc.a(lib_a-fvwrite.o)
 .debug_pubnames
                0x000010f7       0x39 c:/altera/13.0/nios2eds/bin/gnu/h-i686-mingw32/bin/../lib/gcc/nios2-elf/4.1.2/../../../../nios2-elf/lib\libc.a(lib_a-impure.o)
 .debug_pubnames
                0x00001130       0xce c:/altera/13.0/nios2eds/bin/gnu/h-i686-mingw32/bin/../lib/gcc/nios2-elf/4.1.2/../../../../nios2-elf/lib\libc.a(lib_a-mallocr.o)
 .debug_pubnames
                0x000011fe       0x1d c:/altera/13.0/nios2eds/bin/gnu/h-i686-mingw32/bin/../lib/gcc/nios2-elf/4.1.2/../../../../nios2-elf/lib\libc.a(lib_a-memchr.o)
 .debug_pubnames
                0x0000121b       0x1d c:/altera/13.0/nios2eds/bin/gnu/h-i686-mingw32/bin/../lib/gcc/nios2-elf/4.1.2/../../../../nios2-elf/lib\libc.a(lib_a-memcpy.o)
 .debug_pubnames
                0x00001238       0x1e c:/altera/13.0/nios2eds/bin/gnu/h-i686-mingw32/bin/../lib/gcc/nios2-elf/4.1.2/../../../../nios2-elf/lib\libc.a(lib_a-memmove.o)
 .debug_pubnames
                0x00001256       0x21 c:/altera/13.0/nios2eds/bin/gnu/h-i686-mingw32/bin/../lib/gcc/nios2-elf/4.1.2/../../../../nios2-elf/lib\libc.a(lib_a-reallocr.o)
 .debug_pubnames
                0x00001277       0x1e c:/altera/13.0/nios2eds/bin/gnu/h-i686-mingw32/bin/../lib/gcc/nios2-elf/4.1.2/../../../../nios2-elf/lib\libc.a(lib_a-sbrkr.o)
 .debug_pubnames
                0x00001295       0x22 c:/altera/13.0/nios2eds/bin/gnu/h-i686-mingw32/bin/../lib/gcc/nios2-elf/4.1.2/../../../../nios2-elf/lib\libc.a(lib_a-wsetup.o)
 .debug_pubnames
                0x000012b7       0x2b c:/altera/13.0/nios2eds/bin/gnu/h-i686-mingw32/bin/../lib/gcc/nios2-elf/4.1.2/../../../../nios2-elf/lib\libc.a(lib_a-fflush.o)
 .debug_pubnames
                0x000012e2       0xdb c:/altera/13.0/nios2eds/bin/gnu/h-i686-mingw32/bin/../lib/gcc/nios2-elf/4.1.2/../../../../nios2-elf/lib\libc.a(lib_a-findfp.o)
 .debug_pubnames
                0x000013bd       0x31 c:/altera/13.0/nios2eds/bin/gnu/h-i686-mingw32/bin/../lib/gcc/nios2-elf/4.1.2/../../../../nios2-elf/lib\libc.a(lib_a-freer.o)
 .debug_pubnames
                0x000013ee       0x2e c:/altera/13.0/nios2eds/bin/gnu/h-i686-mingw32/bin/../lib/gcc/nios2-elf/4.1.2/../../../../nios2-elf/lib\libc.a(lib_a-fwalk.o)
 .debug_pubnames
                0x0000141c       0x1c c:/altera/13.0/nios2eds/bin/gnu/h-i686-mingw32/bin/../lib/gcc/nios2-elf/4.1.2/../../../../nios2-elf/lib\libc.a(lib_a-int_errno.o)
 .debug_pubnames
                0x00001438       0x23 c:/altera/13.0/nios2eds/bin/gnu/h-i686-mingw32/bin/../lib/gcc/nios2-elf/4.1.2/../../../../nios2-elf/lib\libc.a(lib_a-makebuf.o)
 .debug_pubnames
                0x0000145b       0x1d c:/altera/13.0/nios2eds/bin/gnu/h-i686-mingw32/bin/../lib/gcc/nios2-elf/4.1.2/../../../../nios2-elf/lib\libc.a(lib_a-memset.o)
 .debug_pubnames
                0x00001478       0x44 c:/altera/13.0/nios2eds/bin/gnu/h-i686-mingw32/bin/../lib/gcc/nios2-elf/4.1.2/../../../../nios2-elf/lib\libc.a(lib_a-stdio.o)
 .debug_pubnames
                0x000014bc       0x1f c:/altera/13.0/nios2eds/bin/gnu/h-i686-mingw32/bin/../lib/gcc/nios2-elf/4.1.2/../../../../nios2-elf/lib\libc.a(lib_a-writer.o)
 .debug_pubnames
                0x000014db       0x1f c:/altera/13.0/nios2eds/bin/gnu/h-i686-mingw32/bin/../lib/gcc/nios2-elf/4.1.2/../../../../nios2-elf/lib\libc.a(lib_a-closer.o)
 .debug_pubnames
                0x000014fa       0x2b c:/altera/13.0/nios2eds/bin/gnu/h-i686-mingw32/bin/../lib/gcc/nios2-elf/4.1.2/../../../../nios2-elf/lib\libc.a(lib_a-fclose.o)
 .debug_pubnames
                0x00001525       0x1f c:/altera/13.0/nios2eds/bin/gnu/h-i686-mingw32/bin/../lib/gcc/nios2-elf/4.1.2/../../../../nios2-elf/lib\libc.a(lib_a-fstatr.o)
 .debug_pubnames
                0x00001544       0x20 c:/altera/13.0/nios2eds/bin/gnu/h-i686-mingw32/bin/../lib/gcc/nios2-elf/4.1.2/../../../../nios2-elf/lib\libc.a(lib_a-isattyr.o)
 .debug_pubnames
                0x00001564       0x1f c:/altera/13.0/nios2eds/bin/gnu/h-i686-mingw32/bin/../lib/gcc/nios2-elf/4.1.2/../../../../nios2-elf/lib\libc.a(lib_a-lseekr.o)
 .debug_pubnames
                0x00001583       0x1e c:/altera/13.0/nios2eds/bin/gnu/h-i686-mingw32/bin/../lib/gcc/nios2-elf/4.1.2/../../../../nios2-elf/lib\libc.a(lib_a-readr.o)
 .debug_pubnames
                0x000015a1       0x26 ../assignment2_bsp/\libhal_bsp.a(alt_alarm_start.o)
 .debug_pubnames
                0x000015c7       0x1c ../assignment2_bsp/\libhal_bsp.a(alt_close.o)
 .debug_pubnames
                0x000015e3       0x63 ../assignment2_bsp/\libhal_bsp.a(alt_dev.o)
 .debug_pubnames