Archive member included because of file (symbol)

c:/altera/13.0/nios2eds/bin/gnu/h-i686-mingw32/bin/../lib/gcc/nios2-elf/4.1.2/../../../../nios2-elf/lib\libc.a(lib_a-fclose.o)
                              obj/default/hello_world.o (fclose)
c:/altera/13.0/nios2eds/bin/gnu/h-i686-mingw32/bin/../lib/gcc/nios2-elf/4.1.2/../../../../nios2-elf/lib\libc.a(lib_a-fflush.o)
                              c:/altera/13.0/nios2eds/bin/gnu/h-i686-mingw32/bin/../lib/gcc/nios2-elf/4.1.2/../../../../nios2-elf/lib\libc.a(lib_a-fclose.o) (_fflush_r)
c:/altera/13.0/nios2eds/bin/gnu/h-i686-mingw32/bin/../lib/gcc/nios2-elf/4.1.2/../../../../nios2-elf/lib\libc.a(lib_a-fgetc.o)
                              obj/default/hello_world.o (fgetc)
c:/altera/13.0/nios2eds/bin/gnu/h-i686-mingw32/bin/../lib/gcc/nios2-elf/4.1.2/../../../../nios2-elf/lib\libc.a(lib_a-findfp.o)
                              c:/altera/13.0/nios2eds/bin/gnu/h-i686-mingw32/bin/../lib/gcc/nios2-elf/4.1.2/../../../../nios2-elf/lib\libc.a(lib_a-fclose.o) (__sfp_lock_acquire)
c:/altera/13.0/nios2eds/bin/gnu/h-i686-mingw32/bin/../lib/gcc/nios2-elf/4.1.2/../../../../nios2-elf/lib\libc.a(lib_a-fopen.o)
                              obj/default/hello_world.o (fopen)
c:/altera/13.0/nios2eds/bin/gnu/h-i686-mingw32/bin/../lib/gcc/nios2-elf/4.1.2/../../../../nios2-elf/lib\libc.a(lib_a-fprintf.o)
                              obj/default/hello_world.o (fprintf)
c:/altera/13.0/nios2eds/bin/gnu/h-i686-mingw32/bin/../lib/gcc/nios2-elf/4.1.2/../../../../nios2-elf/lib\libc.a(lib_a-fputs.o)
                              obj/default/hello_world.o (fputs)
c:/altera/13.0/nios2eds/bin/gnu/h-i686-mingw32/bin/../lib/gcc/nios2-elf/4.1.2/../../../../nios2-elf/lib\libc.a(lib_a-freer.o)
                              c:/altera/13.0/nios2eds/bin/gnu/h-i686-mingw32/bin/../lib/gcc/nios2-elf/4.1.2/../../../../nios2-elf/lib\libc.a(lib_a-fclose.o) (_free_r)
c:/altera/13.0/nios2eds/bin/gnu/h-i686-mingw32/bin/../lib/gcc/nios2-elf/4.1.2/../../../../nios2-elf/lib\libc.a(lib_a-fseek.o)
                              c:/altera/13.0/nios2eds/bin/gnu/h-i686-mingw32/bin/../lib/gcc/nios2-elf/4.1.2/../../../../nios2-elf/lib\libc.a(lib_a-fopen.o) (_fseek_r)
c:/altera/13.0/nios2eds/bin/gnu/h-i686-mingw32/bin/../lib/gcc/nios2-elf/4.1.2/../../../../nios2-elf/lib\libc.a(lib_a-fstatr.o)
                              c:/altera/13.0/nios2eds/bin/gnu/h-i686-mingw32/bin/../lib/gcc/nios2-elf/4.1.2/../../../../nios2-elf/lib\libc.a(lib_a-fseek.o) (_fstat_r)
c:/altera/13.0/nios2eds/bin/gnu/h-i686-mingw32/bin/../lib/gcc/nios2-elf/4.1.2/../../../../nios2-elf/lib\libc.a(lib_a-fvwrite.o)
                              c:/altera/13.0/nios2eds/bin/gnu/h-i686-mingw32/bin/../lib/gcc/nios2-elf/4.1.2/../../../../nios2-elf/lib\libc.a(lib_a-fputs.o) (__sfvwrite_r)
c:/altera/13.0/nios2eds/bin/gnu/h-i686-mingw32/bin/../lib/gcc/nios2-elf/4.1.2/../../../../nios2-elf/lib\libc.a(lib_a-fwalk.o)
                              c:/altera/13.0/nios2eds/bin/gnu/h-i686-mingw32/bin/../lib/gcc/nios2-elf/4.1.2/../../../../nios2-elf/lib\libc.a(lib_a-fflush.o) (_fwalk_reent)
c:/altera/13.0/nios2eds/bin/gnu/h-i686-mingw32/bin/../lib/gcc/nios2-elf/4.1.2/../../../../nios2-elf/lib\libc.a(lib_a-impure.o)
                              c:/altera/13.0/nios2eds/bin/gnu/h-i686-mingw32/bin/../lib/gcc/nios2-elf/4.1.2/../../../../nios2-elf/lib\libc.a(lib_a-fclose.o) (_impure_ptr)
c:/altera/13.0/nios2eds/bin/gnu/h-i686-mingw32/bin/../lib/gcc/nios2-elf/4.1.2/../../../../nios2-elf/lib\libc.a(lib_a-int_errno.o)
                              c:/altera/13.0/nios2eds/bin/gnu/h-i686-mingw32/bin/../lib/gcc/nios2-elf/4.1.2/../../../../nios2-elf/lib\libc.a(lib_a-fstatr.o) (errno)
c:/altera/13.0/nios2eds/bin/gnu/h-i686-mingw32/bin/../lib/gcc/nios2-elf/4.1.2/../../../../nios2-elf/lib\libc.a(lib_a-makebuf.o)
                              c:/altera/13.0/nios2eds/bin/gnu/h-i686-mingw32/bin/../lib/gcc/nios2-elf/4.1.2/../../../../nios2-elf/lib\libc.a(lib_a-fseek.o) (__smakebuf_r)
c:/altera/13.0/nios2eds/bin/gnu/h-i686-mingw32/bin/../lib/gcc/nios2-elf/4.1.2/../../../../nios2-elf/lib\libc.a(lib_a-mallocr.o)
                              c:/altera/13.0/nios2eds/bin/gnu/h-i686-mingw32/bin/../lib/gcc/nios2-elf/4.1.2/../../../../nios2-elf/lib\libc.a(lib_a-findfp.o) (_malloc_r)
c:/altera/13.0/nios2eds/bin/gnu/h-i686-mingw32/bin/../lib/gcc/nios2-elf/4.1.2/../../../../nios2-elf/lib\libc.a(lib_a-memchr.o)
                              c:/altera/13.0/nios2eds/bin/gnu/h-i686-mingw32/bin/../lib/gcc/nios2-elf/4.1.2/../../../../nios2-elf/lib\libc.a(lib_a-fvwrite.o) (memchr)
c:/altera/13.0/nios2eds/bin/gnu/h-i686-mingw32/bin/../lib/gcc/nios2-elf/4.1.2/../../../../nios2-elf/lib\libc.a(lib_a-memcpy.o)
                              c:/altera/13.0/nios2eds/bin/gnu/h-i686-mingw32/bin/../lib/gcc/nios2-elf/4.1.2/../../../../nios2-elf/lib\libc.a(lib_a-fvwrite.o) (memcpy)
c:/altera/13.0/nios2eds/bin/gnu/h-i686-mingw32/bin/../lib/gcc/nios2-elf/4.1.2/../../../../nios2-elf/lib\libc.a(lib_a-memmove.o)
[...]
Memory Configuration

Name             Origin             Length             Attributes
reset            0x00800000         0x00000020
sdram_controller 0x00800020         0x007fffe0
onchip_mem       0x01008000         0x00008000
*default*        0x00000000         0xffffffff

Linker script and memory map

LOAD ../alproject_final_bsp//obj/HAL/src/crt0.o
LOAD obj/default/hello_world.o
LOAD c:/altera/13.0/nios2eds/bin/gnu/h-i686-mingw32/bin/../lib/gcc/nios2-elf/4.1.2/../../../../nios2-elf/lib\libstdc++.a
LOAD c:/altera/13.0/nios2eds/bin/gnu/h-i686-mingw32/bin/../lib/gcc/nios2-elf/4.1.2/../../../../nios2-elf/lib\libm.a
LOAD c:/altera/13.0/nios2eds/bin/gnu/h-i686-mingw32/bin/../lib/gcc/nios2-elf/4.1.2\libgcc.a
START GROUP
LOAD c:/altera/13.0/nios2eds/bin/gnu/h-i686-mingw32/bin/../lib/gcc/nios2-elf/4.1.2/../../../../nios2-elf/lib\libc.a
LOAD c:/altera/13.0/nios2eds/bin/gnu/h-i686-mingw32/bin/../lib/gcc/nios2-elf/4.1.2\libgcc.a
LOAD ../alproject_final_bsp/\libhal_bsp.a
END GROUP
LOAD c:/altera/13.0/nios2eds/bin/gnu/h-i686-mingw32/bin/../lib/gcc/nios2-elf/4.1.2\libgcc.a
                0x00800000                __alt_mem_sdram_controller = 0x800000
                0x01008000                __alt_mem_onchip_mem = 0x1008000

.entry          0x00800000       0x20
 *(.entry)
 .entry         0x00800000       0x20 ../alproject_final_bsp//obj/HAL/src/crt0.o
                0x00800000                __reset

.exceptions     0x00800020      0x194
                0x00800020                PROVIDE (__ram_exceptions_start, ABSOLUTE (.))
                0x00800020                . = ALIGN (0x20)
 *(.irq)
 *(.exceptions.entry.label)
 .exceptions.entry.label
                0x00800020        0x0 ../alproject_final_bsp/\libhal_bsp.a(alt_irq_entry.o)
                0x00800020                alt_irq_entry
 .exceptions.entry.label
                0x00800020        0x0 ../alproject_final_bsp/\libhal_bsp.a(alt_exception_entry.o)
                0x00800020                alt_exception
 *(.exceptions.entry.user)
 *(.exceptions.entry)
 .exceptions.entry
                0x00800020       0x54 ../alproject_final_bsp/\libhal_bsp.a(alt_exception_entry.o)
 *(.exceptions.irqtest.user)
 *(.exceptions.irqtest)
 .exceptions.irqtest
                0x00800074       0x10 ../alproject_final_bsp/\libhal_bsp.a(alt_irq_entry.o)
 *(.exceptions.irqhandler.user)
 *(.exceptions.irqhandler)
 .exceptions.irqhandler
                0x00800084        0x4 ../alproject_final_bsp/\libhal_bsp.a(alt_irq_entry.o)
 *(.exceptions.irqreturn.user)
 *(.exceptions.irqreturn)
 .exceptions.irqreturn
                0x00800088        0x4 ../alproject_final_bsp/\libhal_bsp.a(alt_irq_entry.o)
 *(.exceptions.notirq.label)
 .exceptions.notirq.label
                0x0080008c        0x0 ../alproject_final_bsp/\libhal_bsp.a(alt_irq_entry.o)
 *(.exceptions.notirq.user)
 *(.exceptions.notirq)
 .exceptions.notirq
                0x0080008c        0x8 ../alproject_final_bsp/\libhal_bsp.a(alt_exception_entry.o)
 *(.exceptions.soft.user)
 *(.exceptions.soft)
 *(.exceptions.unknown.user)
 *(.exceptions.unknown)
 .exceptions.unknown
                0x00800094        0x4 ../alproject_final_bsp/\libhal_bsp.a(alt_exception_entry.o)
 *(.exceptions.exit.label)
 .exceptions.exit.label
                0x00800098        0x0 ../alproject_final_bsp/\libhal_bsp.a(alt_irq_entry.o)
 .exceptions.exit.label
                0x00800098        0x0 ../alproject_final_bsp/\libhal_bsp.a(alt_exception_entry.o)
 *(.exceptions.exit.user)
 *(.exceptions.exit)
 .exceptions.exit
                0x00800098       0x54 ../alproject_final_bsp/\libhal_bsp.a(alt_exception_entry.o)
 *(.exceptions)
 .exceptions    0x008000ec       0xc8 ../alproject_final_bsp/\libhal_bsp.a(alt_irq_handler.o)
                0x008000ec                alt_irq_handler
                0x008001b4                PROVIDE (__ram_exceptions_end, ABSOLUTE (.))
                0x00800020                PROVIDE (__flash_exceptions_start, LOADADDR (.exceptions))

.text           0x008001b4    0x14b94
                0x008001b4                PROVIDE (stext, ABSOLUTE (.))
 *(.interp)
 *(.hash)
 *(.dynsym)
 *(.dynstr)
 *(.gnu.version)
 *(.gnu.version_d)
 *(.gnu.version_r)
 *(.rel.init)
 *(.rela.init)
 *(.rel.text .rel.text.* .rel.gnu.linkonce.t.*)
 *(.rela.text .rela.text.* .rela.gnu.linkonce.t.*)
 *(.rel.fini)
 *(.rela.fini)
 *(.rel.rodata .rel.rodata.* .rel.gnu.linkonce.r.*)
 *(.rela.rodata .rela.rodata.* .rela.gnu.linkonce.r.*)
 *(.rel.data .rel.data.* .rel.gnu.linkonce.d.*)
 *(.rela.data .rela.data.* .rela.gnu.linkonce.d.*)
 *(.rel.tdata .rel.tdata.* .rel.gnu.linkonce.td.*)
 *(.rela.tdata .rela.tdata.* .rela.gnu.linkonce.td.*)
 *(.rel.tbss .rel.tbss.* .rel.gnu.linkonce.tb.*)
 *(.rela.tbss .rela.tbss.* .rela.gnu.linkonce.tb.*)
 *(.rel.ctors)
 *(.rela.ctors)
 *(.rel.dtors)
 *(.rela.dtors)
 *(.rel.got)
 *(.rela.got)
 *(.rel.sdata .rel.sdata.* .rel.gnu.linkonce.s.*)
 *(.rela.sdata .rela.sdata.* .rela.gnu.linkonce.s.*)
 *(.rel.sbss .rel.sbss.* .rel.gnu.linkonce.sb.*)
 *(.rela.sbss .rela.sbss.* .rela.gnu.linkonce.sb.*)
 *(.rel.sdata2 .rel.sdata2.* .rel.gnu.linkonce.s2.*)
 *(.rela.sdata2 .rela.sdata2.* .rela.gnu.linkonce.s2.*)
 *(.rel.sbss2 .rel.sbss2.* .rel.gnu.linkonce.sb2.*)
 *(.rela.sbss2 .rela.sbss2.* .rela.gnu.linkonce.sb2.*)
 *(.rel.bss .rel.bss.* .rel.gnu.linkonce.b.*)
 *(.rela.bss .rela.bss.* .rela.gnu.linkonce.b.*)
 *(.rel.plt)
 *(.rela.plt)
 *(.rel.dyn)
 *(.init)
 *(.plt)
 *(.text .stub .text.* .gnu.linkonce.t.*)
 .text          0x008001b4       0x4c ../alproject_final_bsp//obj/HAL/src/crt0.o
                0x008001b4                _start
 .text          0x00800200      0xf48 obj/default/hello_world.o
                0x00800200                init_tlc
                0x00800250                simple_tlc
                0x008003cc                tlc_timer_isr
                0x00800488                NSEW_ped_isr
                0x00800570                init_buttons_pio
                0x008005cc                pedestrian_tlc
                0x008007a8                configurable_tlc
                0x0080087c                config_tlc
                0x008008c4                timeout_data_handler
                0x00800b60                buffer_timeout
                0x00800b80                update_timeout
                0x00800ba0                camera_timer_isr
                0x00800c68                camera_tlc
                0x00800e00                printToUART
                0x00800e60                main
 .text          0x00801148      0x124 c:/altera/13.0/nios2eds/bin/gnu/h-i686-mingw32/bin/../lib/gcc/nios2-elf/4.1.2/../../../../nios2-elf/lib\libc.a(lib_a-fclose.o)
                0x00801148                _fclose_r
                0x00801258                fclose
 .text          0x0080126c      0x230 c:/altera/13.0/nios2eds/bin/gnu/h-i686-mingw32/bin/../lib/gcc/nios2-elf/4.1.2/../../../../nios2-elf/lib\libc.a(lib_a-fflush.o)
                0x0080126c                _fflush_r
                0x00801468                fflush
 .text          0x0080149c      0x128 c:/altera/13.0/nios2eds/bin/gnu/h-i686-mingw32/bin/../lib/gcc/nios2-elf/4.1.2/../../../../nios2-elf/lib\libc.a(lib_a-fgetc.o)
                0x0080149c                fgetc
                0x00801534                _fgetc_r
 .text          0x008015c4      0x2c0 c:/altera/13.0/nios2eds/bin/gnu/h-i686-mingw32/bin/../lib/gcc/nios2-elf/4.1.2/../../../../nios2-elf/lib\libc.a(lib_a-findfp.o)
                0x0080161c                __sfp_lock_acquire
                0x00801620                __sfp_lock_release
                0x00801624                __sinit_lock_acquire
                0x00801628                __sinit_lock_release
                0x0080162c                __sinit
                0x008016e0                __fp_unlock_all
                0x008016f8                __fp_lock_all
                0x00801710                _cleanup_r
                0x0080171c                _cleanup
                0x0080172c                __sfmoreglue
                0x00801794                __sfp
 .text          0x00801884      0x110 c:/altera/13.0/nios2eds/bin/gnu/h-i686-mingw32/bin/../lib/gcc/nios2-elf/4.1.2/../../../../nios2-elf/lib\libc.a(lib_a-fopen.o)
                0x00801884                _fopen_r
                0x00801978                fopen
 .text          0x00801994       0x60 c:/altera/13.0/nios2eds/bin/gnu/h-i686-mingw32/bin/../lib/gcc/nios2-elf/4.1.2/../../../../nios2-elf/lib\libc.a(lib_a-fprintf.o)
                0x00801994                fprintf
                0x008019c0                _fprintf_r
 .text          0x008019f4       0x90 c:/altera/13.0/nios2eds/bin/gnu/h-i686-mingw32/bin/../lib/gcc/nios2-elf/4.1.2/../../../../nios2-elf/lib\libc.a(lib_a-fputs.o)
                0x008019f4                _fputs_r
                0x00801a68                fputs
 .text          0x00801a84      0x440 c:/altera/13.0/nios2eds/bin/gnu/h-i686-mingw32/bin/../lib/gcc/nios2-elf/4.1.2/../../../../nios2-elf/lib\libc.a(lib_a-freer.o)
                0x00801a84                _malloc_trim_r
                0x00801bb0                _free_r
 .text          0x00801ec4      0x460 c:/altera/13.0/nios2eds/bin/gnu/h-i686-mingw32/bin/../lib/gcc/nios2-elf/4.1.2/../../../../nios2-elf/lib\libc.a(lib_a-fseek.o)
                0x00801ec4                _fseek_r
                0x00802300                fseek
 .text          0x00802324       0x74 c:/altera/13.0/nios2eds/bin/gnu/h-i686-mingw32/bin/../lib/gcc/nios2-elf/4.1.2/../../../../nios2-elf/lib\libc.a(lib_a-fstatr.o)
                0x00802324                _fstat_r
 .text          0x00802398      0x49c c:/altera/13.0/nios2eds/bin/gnu/h-i686-mingw32/bin/../lib/gcc/nios2-elf/4.1.2/../../../../nios2-elf/lib\libc.a(lib_a-fvwrite.o)
                0x00802398                __sfvwrite_r
 .text          0x00802834      0x180 c:/altera/13.0/nios2eds/bin/gnu/h-i686-mingw32/bin/../lib/gcc/nios2-elf/4.1.2/../../../../nios2-elf/lib\libc.a(lib_a-fwalk.o)
                0x00802834                _fwalk_reent
                0x008028fc                _fwalk
 .text          0x008029b4        0x0 c:/altera/13.0/nios2eds/bin/gnu/h-i686-mingw32/bin/../lib/gcc/nios2-elf/4.1.2/../../../../nios2-elf/lib\libc.a(lib_a-impure.o)
 .text          0x008029b4        0x0 c:/altera/13.0/nios2eds/bin/gnu/h-i686-mingw32/bin/../lib/gcc/nios2-elf/4.1.2/../../../../nios2-elf/lib\libc.a(lib_a-int_errno.o)
 .text          0x008029b4      0x194 c:/altera/13.0/nios2eds/bin/gnu/h-i686-mingw32/bin/../lib/gcc/nios2-elf/4.1.2/../../../../nios2-elf/lib\libc.a(lib_a-makebuf.o)
                0x008029b4                __smakebuf_r
 .text          0x00802b48      0x740 c:/altera/13.0/nios2eds/bin/gnu/h-i686-mingw32/bin/../lib/gcc/nios2-elf/4.1.2/../../../../nios2-elf/lib\libc.a(lib_a-mallocr.o)
                0x00802b48                _malloc_r
 .text          0x00803288       0xe4 c:/altera/13.0/nios2eds/bin/gnu/h-i686-mingw32/bin/../lib/gcc/nios2-elf/4.1.2/../../../../nios2-elf/lib\libc.a(lib_a-memchr.o)
                0x00803288                memchr
 .text          0x0080336c       0xa0 c:/altera/13.0/nios2eds/bin/gnu/h-i686-mingw32/bin/../lib/gcc/nios2-elf/4.1.2/../../../../nios2-elf/lib\libc.a(lib_a-memcpy.o)
                0x0080336c                memcpy
 .text          0x0080340c       0xe0 c:/altera/13.0/nios2eds/bin/gnu/h-i686-mingw32/bin/../lib/gcc/nios2-elf/4.1.2/../../../../nios2-elf/lib\libc.a(lib_a-memmove.o)
                0x0080340c                memmove
 .text          0x008034ec       0x98 c:/altera/13.0/nios2eds/bin/gnu/h-i686-mingw32/bin/../lib/gcc/nios2-elf/4.1.2/../../../../nios2-elf/lib\libc.a(lib_a-memset.o)
                0x008034ec                memset
 .text          0x00803584       0x78 c:/altera/13.0/nios2eds/bin/gnu/h-i686-mingw32/bin/../lib/gcc/nios2-elf/4.1.2/../../../../nios2-elf/lib\libc.a(lib_a-openr.o)
                0x00803584                _open_r
 .text          0x008035fc       0x78 c:/altera/13.0/nios2eds/bin/gnu/h-i686-mingw32/bin/../lib/gcc/nios2-elf/4.1.2/../../../../nios2-elf/lib\libc.a(lib_a-printf.o)
                0x008035fc                printf
                0x00803640                _printf_r
 .text          0x00803674       0xb4 c:/altera/13.0/nios2eds/bin/gnu/h-i686-mingw32/bin/../lib/gcc/nios2-elf/4.1.2/../../../../nios2-elf/lib\libc.a(lib_a-puts.o)
                0x00803674                _puts_r
                0x00803714                puts
 .text          0x00803728      0x5f4 c:/altera/13.0/nios2eds/bin/gnu/h-i686-mingw32/bin/../lib/gcc/nios2-elf/4.1.2/../../../../nios2-elf/lib\libc.a(lib_a-reallocr.o)
                0x00803728                _realloc_r
 .text          0x00803d1c      0x1e0 c:/altera/13.0/nios2eds/bin/gnu/h-i686-mingw32/bin/../lib/gcc/nios2-elf/4.1.2/../../../../nios2-elf/lib\libc.a(lib_a-refill.o)
                0x00803d1c                __srefill_r
 .text          0x00803efc       0x60 c:/altera/13.0/nios2eds/bin/gnu/h-i686-mingw32/bin/../lib/gcc/nios2-elf/4.1.2/../../../../nios2-elf/lib\libc.a(lib_a-rget.o)
                0x00803efc                __srget_r
                0x00803f48                __srget
 .text          0x00803f5c       0x70 c:/altera/13.0/nios2eds/bin/gnu/h-i686-mingw32/bin/../lib/gcc/nios2-elf/4.1.2/../../../../nios2-elf/lib\libc.a(lib_a-sbrkr.o)
                0x00803f5c                _sbrk_r
 .text          0x00803fcc       0xd4 c:/altera/13.0/nios2eds/bin/gnu/h-i686-mingw32/bin/../lib/gcc/nios2-elf/4.1.2/../../../../nios2-elf/lib\libc.a(lib_a-sprintf.o)
                0x00803fcc                sprintf
                0x00804040                _sprintf_r
 .text          0x008040a0      0x114 c:/altera/13.0/nios2eds/bin/gnu/h-i686-mingw32/bin/../lib/gcc/nios2-elf/4.1.2/../../../../nios2-elf/lib\libc.a(lib_a-sscanf.o)
                0x008040a8                _sscanf_r
                0x00804130                sscanf
 .text          0x008041b4      0x14c c:/altera/13.0/nios2eds/bin/gnu/h-i686-mingw32/bin/../lib/gcc/nios2-elf/4.1.2/../../../../nios2-elf/lib\libc.a(lib_a-stdio.o)
                0x008041b4                __sclose
                0x008041bc                __sseek
                0x00804224                __swrite
                0x008042a0                __sread
 .text          0x00804300       0x74 c:/altera/13.0/nios2eds/bin/gnu/h-i686-mingw32/bin/../lib/gcc/nios2-elf/4.1.2/../../../../nios2-elf/lib\libc.a(lib_a-strlen.o)
                0x00804300                strlen
 .text          0x00804374     0x1f28 c:/altera/13.0/nios2eds/bin/gnu/h-i686-mingw32/bin/../lib/gcc/nios2-elf/4.1.2/../../../../nios2-elf/lib\libc.a(lib_a-vfprintf.o)
                0x008043cc                ___vfprintf_internal_r
                0x00806278                __vfprintf_internal
 .text          0x0080629c     0x1780 c:/altera/13.0/nios2eds/bin/gnu/h-i686-mingw32/bin/../lib/gcc/nios2-elf/4.1.2/../../../../nios2-elf/lib\libc.a(lib_a-vfscanf.o)
                0x0080629c                __svfscanf_r
                0x0080791c                __svfscanf
                0x00807940                _vfscanf_r
                0x008079a8                vfscanf
 .text          0x00807a1c       0x78 c:/altera/13.0/nios2eds/bin/gnu/h-i686-mingw32/bin/../lib/gcc/nios2-elf/4.1.2/../../../../nios2-elf/lib\libc.a(lib_a-writer.o)
                0x00807a1c                _write_r
 .text          0x00807a94      0x13c c:/altera/13.0/nios2eds/bin/gnu/h-i686-mingw32/bin/../lib/gcc/nios2-elf/4.1.2/../../../../nios2-elf/lib\libc.a(lib_a-wsetup.o)
                0x00807a94                __swsetup_r
 .text          0x00807bd0       0x70 c:/altera/13.0/nios2eds/bin/gnu/h-i686-mingw32/bin/../lib/gcc/nios2-elf/4.1.2/../../../../nios2-elf/lib\libc.a(lib_a-closer.o)
                0x00807bd0                _close_r
 .text          0x00807c40        0x0 c:/altera/13.0/nios2eds/bin/gnu/h-i686-mingw32/bin/../lib/gcc/nios2-elf/4.1.2/../../../../nios2-elf/lib\libc.a(lib_a-ctype_.o)
 .text          0x00807c40     0x17cc c:/altera/13.0/nios2eds/bin/gnu/h-i686-mingw32/bin/../lib/gcc/nios2-elf/4.1.2/../../../../nios2-elf/lib\libc.a(lib_a-dtoa.o)
                0x00807e58                _dtoa_r
 .text          0x0080940c       0xa0 c:/altera/13.0/nios2eds/bin/gnu/h-i686-mingw32/bin/../lib/gcc/nios2-elf/4.1.2/../../../../nios2-elf/lib\libc.a(lib_a-flags.o)
                0x0080940c                __sflags
 .text          0x008094ac      0x23c c:/altera/13.0/nios2eds/bin/gnu/h-i686-mingw32/bin/../lib/gcc/nios2-elf/4.1.2/../../../../nios2-elf/lib\libc.a(lib_a-fread.o)
                0x008094ac                _fread_r
                0x008096a8                fread
 .text          0x008096e8       0x70 c:/altera/13.0/nios2eds/bin/gnu/h-i686-mingw32/bin/../lib/gcc/nios2-elf/4.1.2/../../../../nios2-elf/lib\libc.a(lib_a-isattyr.o)
                0x008096e8                _isatty_r
 .text          0x00809758       0x2c c:/altera/13.0/nios2eds/bin/gnu/h-i686-mingw32/bin/../lib/gcc/nios2-elf/4.1.2/../../../../nios2-elf/lib\libc.a(lib_a-iswspace.o)
                0x00809758                iswspace
 .text          0x00809784       0xc4 c:/altera/13.0/nios2eds/bin/gnu/h-i686-mingw32/bin/../lib/gcc/nios2-elf/4.1.2/../../../../nios2-elf/lib\libc.a(lib_a-locale.o)
                0x00809784                __locale_charset
                0x0080978c                _localeconv_r
                0x00809798                localeconv
                0x008097a8                _setlocale_r
                0x0080982c                setlocale
 .text          0x00809848       0x78 c:/altera/13.0/nios2eds/bin/gnu/h-i686-mingw32/bin/../lib/gcc/nios2-elf/4.1.2/../../../../nios2-elf/lib\libc.a(lib_a-lseekr.o)
                0x00809848                _lseek_r
 .text          0x008098c0       0xc0 c:/altera/13.0/nios2eds/bin/gnu/h-i686-mingw32/bin/../lib/gcc/nios2-elf/4.1.2/../../../../nios2-elf/lib\libc.a(lib_a-mbrtowc.o)
                0x008098c0                _mbrtowc_r
                0x00809940                mbrtowc
 .text          0x00809980       0x40 c:/altera/13.0/nios2eds/bin/gnu/h-i686-mingw32/bin/../lib/gcc/nios2-elf/4.1.2/../../../../nios2-elf/lib\libc.a(lib_a-mbtowc_r.o)
                0x00809980                _mbtowc_r
 .text          0x008099c0      0xff4 c:/altera/13.0/nios2eds/bin/gnu/h-i686-mingw32/bin/../lib/gcc/nios2-elf/4.1.2/../../../../nios2-elf/lib\libc.a(lib_a-mprec.o)
                0x008099c0                _Bfree
                0x008099e8                __hi0bits
                0x00809a58                __lo0bits
                0x00809b1c                __mcmp
                0x00809b7c                __ulp
                0x00809bfc                __b2d
                0x00809d1c                __ratio
                0x00809dcc                _mprec_log10
                0x00809e60                __copybits
                0x00809eb8                __any_on
                0x00809f40                _Balloc
                0x00809ffc                __d2b
                0x0080a178                __mdiff
                0x0080a304                __lshift
                0x0080a450                __multiply
                0x0080a638                __i2b
                0x0080a674                __multadd
                0x0080a774                __pow5mult
                0x0080a894                __s2b
 .text          0x0080a9b4       0x78 c:/altera/13.0/nios2eds/bin/gnu/h-i686-mingw32/bin/../lib/gcc/nios2-elf/4.1.2/../../../../nios2-elf/lib\libc.a(lib_a-readr.o)
                0x0080a9b4                _read_r
 .text          0x0080aa2c       0x40 c:/altera/13.0/nios2eds/bin/gnu/h-i686-mingw32/bin/../lib/gcc/nios2-elf/4.1.2/../../../../nios2-elf/lib\libc.a(lib_a-s_isinfd.o)
                0x0080aa2c                __isinfd
 .text          0x0080aa6c       0x30 c:/altera/13.0/nios2eds/bin/gnu/h-i686-mingw32/bin/../lib/gcc/nios2-elf/4.1.2/../../../../nios2-elf/lib\libc.a(lib_a-s_isnand.o)
                0x0080aa6c                __isnand
 .text          0x0080aa9c       0xc0 c:/altera/13.0/nios2eds/bin/gnu/h-i686-mingw32/bin/../lib/gcc/nios2-elf/4.1.2/../../../../nios2-elf/lib\libc.a(lib_a-sccl.o)
                0x0080aa9c                __sccl
 .text          0x0080ab5c        0x8 c:/altera/13.0/nios2eds/bin/gnu/h-i686-mingw32/bin/../lib/gcc/nios2-elf/4.1.2/../../../../nios2-elf/lib\libc.a(lib_a-sf_nan.o)
                0x0080ab5c                nanf
 .text          0x0080ab64       0xbc c:/altera/13.0/nios2eds/bin/gnu/h-i686-mingw32/bin/../lib/gcc/nios2-elf/4.1.2/../../../../nios2-elf/lib\libc.a(lib_a-strcmp.o)
                0x0080ab64                strcmp
 .text          0x0080ac20     0x166c c:/altera/13.0/nios2eds/bin/gnu/h-i686-mingw32/bin/../lib/gcc/nios2-elf/4.1.2/../../../../nios2-elf/lib\libc.a(lib_a-strtod.o)
                0x0080ac68                _strtod_r
                0x0080c14c                strtof
                0x0080c270                strtod
 .text          0x0080c28c      0x268 c:/altera/13.0/nios2eds/bin/gnu/h-i686-mingw32/bin/../lib/gcc/nios2-elf/4.1.2/../../../../nios2-elf/lib\libc.a(lib_a-strtol.o)
                0x0080c28c                _strtol_r
                0x0080c4d0                strtol
 .text          0x0080c4f4      0x318 c:/altera/13.0/nios2eds/bin/gnu/h-i686-mingw32/bin/../lib/gcc/nios2-elf/4.1.2/../../../../nios2-elf/lib\libc.a(lib_a-strtoll_r.o)
                0x0080c4f4                _strtoll_r
 .text          0x0080c80c      0x254 c:/altera/13.0/nios2eds/bin/gnu/h-i686-mingw32/bin/../lib/gcc/nios2-elf/4.1.2/../../../../nios2-elf/lib\libc.a(lib_a-strtoul.o)
                0x0080c80c                _strtoul_r
                0x0080ca3c                strtoul
 .text          0x0080ca60      0x2f0 c:/altera/13.0/nios2eds/bin/gnu/h-i686-mingw32/bin/../lib/gcc/nios2-elf/4.1.2/../../../../nios2-elf/lib\libc.a(lib_a-strtoull_r.o)
                0x0080ca60                _strtoull_r
 .text          0x0080cd50      0x294 c:/altera/13.0/nios2eds/bin/gnu/h-i686-mingw32/bin/../lib/gcc/nios2-elf/4.1.2/../../../../nios2-elf/lib\libc.a(lib_a-ungetc.o)
                0x0080cd50                __submore
                0x0080ce2c                _ungetc_r
                0x0080cfc8                ungetc
 .text          0x0080cfe4       0xb4 c:/altera/13.0/nios2eds/bin/gnu/h-i686-mingw32/bin/../lib/gcc/nios2-elf/4.1.2/../../../../nios2-elf/lib\libc.a(lib_a-callocr.o)
                0x0080cfe4                _calloc_r
 .text          0x0080d098      0x8f4 c:/altera/13.0/nios2eds/bin/gnu/h-i686-mingw32/bin/../lib/gcc/nios2-elf/4.1.2/../../../../nios2-elf/lib\libc.a(lib_a-gdtoa-gethex.o)
                0x0080d0bc                __hexdig_init
                0x0080d1d4                __gethex
 .text          0x0080d98c      0x294 c:/altera/13.0/nios2eds/bin/gnu/h-i686-mingw32/bin/../lib/gcc/nios2-elf/4.1.2/../../../../nios2-elf/lib\libc.a(lib_a-gdtoa-hexnan.o)
                0x0080d9d8                __hexnan
 .text          0x0080dc20       0x98 c:/altera/13.0/nios2eds/bin/gnu/h-i686-mingw32/bin/../lib/gcc/nios2-elf/4.1.2\libgcc.a(_muldi3.o)
                0x0080dc20                __muldi3
 .text          0x0080dcb8       0xa4 c:/altera/13.0/nios2eds/bin/gnu/h-i686-mingw32/bin/../lib/gcc/nios2-elf/4.1.2\libgcc.a(_fixunsdfsi.o)
                0x0080dcb8                __fixunsdfsi
 .text          0x0080dd5c      0x5dc c:/altera/13.0/nios2eds/bin/gnu/h-i686-mingw32/bin/../lib/gcc/nios2-elf/4.1.2\libgcc.a(_udivdi3.o)
                0x0080dd5c                __udivdi3
 .text          0x0080e338      0x5b0 c:/altera/13.0/nios2eds/bin/gnu/h-i686-mingw32/bin/../lib/gcc/nios2-elf/4.1.2\libgcc.a(_umoddi3.o)
                0x0080e338                __umoddi3
 .text          0x0080e8e8       0x78 c:/altera/13.0/nios2eds/bin/gnu/h-i686-mingw32/bin/../lib/gcc/nios2-elf/4.1.2\libgcc.a(_ne_sf.o)
                0x0080e8e8                __nesf2
 .text          0x0080e960       0x78 c:/altera/13.0/nios2eds/bin/gnu/h-i686-mingw32/bin/../lib/gcc/nios2-elf/4.1.2\libgcc.a(_gt_sf.o)
                0x0080e960                __gtsf2
 .text          0x0080e9d8       0x78 c:/altera/13.0/nios2eds/bin/gnu/h-i686-mingw32/bin/../lib/gcc/nios2-elf/4.1.2\libgcc.a(_lt_sf.o)
                0x0080e9d8                __ltsf2
 .text          0x0080ea50      0x504 c:/altera/13.0/nios2eds/bin/gnu/h-i686-mingw32/bin/../lib/gcc/nios2-elf/4.1.2\libgcc.a(_addsub_df.o)
                0x0080ee60                __subdf3
                0x0080eee0                __adddf3
 .text          0x0080ef54      0x3c4 c:/altera/13.0/nios2eds/bin/gnu/h-i686-mingw32/bin/../lib/gcc/nios2-elf/4.1.2\libgcc.a(_mul_df.o)
                0x0080ef54                __muldf3
 .text          0x0080f318      0x258 c:/altera/13.0/nios2eds/bin/gnu/h-i686-mingw32/bin/../lib/gcc/nios2-elf/4.1.2\libgcc.a(_div_df.o)
                0x0080f318                __divdf3
 .text          0x0080f570       0x88 c:/altera/13.0/nios2eds/bin/gnu/h-i686-mingw32/bin/../lib/gcc/nios2-elf/4.1.2\libgcc.a(_eq_df.o)
                0x0080f570                __eqdf2
 .text          0x0080f5f8       0x88 c:/altera/13.0/nios2eds/bin/gnu/h-i686-mingw32/bin/../lib/gcc/nios2-elf/4.1.2\libgcc.a(_ne_df.o)
                0x0080f5f8                __nedf2
 .text          0x0080f680       0x88 c:/altera/13.0/nios2eds/bin/gnu/h-i686-mingw32/bin/../lib/gcc/nios2-elf/4.1.2\libgcc.a(_gt_df.o)
                0x0080f680                __gtdf2
 .text          0x0080f708       0x88 c:/altera/13.0/nios2eds/bin/gnu/h-i686-mingw32/bin/../lib/gcc/nios2-elf/4.1.2\libgcc.a(_ge_df.o)
                0x0080f708                __gedf2
 .text          0x0080f790       0x88 c:/altera/13.0/nios2eds/bin/gnu/h-i686-mingw32/bin/../lib/gcc/nios2-elf/4.1.2\libgcc.a(_lt_df.o)
                0x0080f790                __ltdf2
 .text          0x0080f818       0x88 c:/altera/13.0/nios2eds/bin/gnu/h-i686-mingw32/bin/../lib/gcc/nios2-elf/4.1.2\libgcc.a(_le_df.o)
                0x0080f818                __ledf2
 .text          0x0080f8a0       0xf8 c:/altera/13.0/nios2eds/bin/gnu/h-i686-mingw32/bin/../lib/gcc/nios2-elf/4.1.2\libgcc.a(_si_to_df.o)
                0x0080f8a0                __floatsidf
 .text          0x0080f998       0xd8 c:/altera/13.0/nios2eds/bin/gnu/h-i686-mingw32/bin/../lib/gcc/nios2-elf/4.1.2\libgcc.a(_df_to_si.o)
                0x0080f998                __fixdfsi
 .text          0x0080fa70       0x74 c:/altera/13.0/nios2eds/bin/gnu/h-i686-mingw32/bin/../lib/gcc/nios2-elf/4.1.2\libgcc.a(_df_to_sf.o)
                0x0080fa70                __truncdfsf2
 .text          0x0080fae4        0x0 c:/altera/13.0/nios2eds/bin/gnu/h-i686-mingw32/bin/../lib/gcc/nios2-elf/4.1.2\libgcc.a(_thenan_df.o)
 .text          0x0080fae4      0x194 c:/altera/13.0/nios2eds/bin/gnu/h-i686-mingw32/bin/../lib/gcc/nios2-elf/4.1.2\libgcc.a(_usi_to_df.o)
                0x0080fae4                __floatunsidf
 .text          0x0080fc78      0x14c c:/altera/13.0/nios2eds/bin/gnu/h-i686-mingw32/bin/../lib/gcc/nios2-elf/4.1.2\libgcc.a(lib2-divmod.o)
                0x0080fcf4                __divsi3
                0x0080fd54                __modsi3
                0x0080fdb4                __udivsi3
                0x0080fdbc                __umodsi3
 .text          0x0080fdc4        0x0 c:/altera/13.0/nios2eds/bin/gnu/h-i686-mingw32/bin/../lib/gcc/nios2-elf/4.1.2\libgcc.a(_clz.o)
 .text          0x0080fdc4       0x80 c:/altera/13.0/nios2eds/bin/gnu/h-i686-mingw32/bin/../lib/gcc/nios2-elf/4.1.2\libgcc.a(_clzsi2.o)
                0x0080fdc4                __clzsi2
 .text          0x0080fe44       0xc8 c:/altera/13.0/nios2eds/bin/gnu/h-i686-mingw32/bin/../lib/gcc/nios2-elf/4.1.2\libgcc.a(_unpack_sf.o)
                0x0080fe44                __unpack_f
 .text          0x0080ff0c       0xa8 c:/altera/13.0/nios2eds/bin/gnu/h-i686-mingw32/bin/../lib/gcc/nios2-elf/4.1.2\libgcc.a(_fpcmp_parts_sf.o)
                0x0080ff0c                __fpcmp_parts_f
 .text          0x0080ffb4       0x2c c:/altera/13.0/nios2eds/bin/gnu/h-i686-mingw32/bin/../lib/gcc/nios2-elf/4.1.2\libgcc.a(_make_sf.o)
                0x0080ffb4                __make_fp
 .text          0x0080ffe0      0x314 c:/altera/13.0/nios2eds/bin/gnu/h-i686-mingw32/bin/../lib/gcc/nios2-elf/4.1.2\libgcc.a(_pack_df.o)
                0x0080ffe0                __pack_d
 .text          0x008102f4      0x138 c:/altera/13.0/nios2eds/bin/gnu/h-i686-mingw32/bin/../lib/gcc/nios2-elf/4.1.2\libgcc.a(_unpack_df.o)
                0x008102f4                __unpack_d
 .text          0x0081042c       0xc8 c:/altera/13.0/nios2eds/bin/gnu/h-i686-mingw32/bin/../lib/gcc/nios2-elf/4.1.2\libgcc.a(_fpcmp_parts_df.o)
                0x0081042c                __fpcmp_parts_d
 .text          0x008104f4      0x160 c:/altera/13.0/nios2eds/bin/gnu/h-i686-mingw32/bin/../lib/gcc/nios2-elf/4.1.2\libgcc.a(_pack_sf.o)
                0x008104f4                __pack_f
 .text          0x00810654      0x154 ../alproject_final_bsp/\libhal_bsp.a(alt_alarm_start.o)
                0x00810654                alt_alarm_start
 .text          0x008107a8      0x15c ../alproject_final_bsp/\libhal_bsp.a(alt_close.o)
                0x008107a8                close
 .text          0x00810904       0x2c ../alproject_final_bsp/\libhal_bsp.a(alt_dev.o)
 .text          0x00810930        0x0 ../alproject_final_bsp/\libhal_bsp.a(alt_errno.o)
 .text          0x00810930      0x134 ../alproject_final_bsp/\libhal_bsp.a(alt_fstat.o)
                0x00810930                fstat
 .text          0x00810a64      0x1c0 ../alproject_final_bsp/\libhal_bsp.a(alt_irq_register.o)
                0x00810a64                alt_irq_register
 .text          0x00810c24        0x0 ../alproject_final_bsp/\libhal_bsp.a(alt_irq_vars.o)
 .text          0x00810c24      0x120 ../alproject_final_bsp/\libhal_bsp.a(alt_isatty.o)
                0x00810c24                isatty
 .text          0x00810d44       0xec ../alproject_final_bsp/\libhal_bsp.a(alt_load.o)
                0x00810d44                alt_load
 .text          0x00810e30      0x150 ../alproject_final_bsp/\libhal_bsp.a(alt_lseek.o)
                0x00810e30                lseek
 .text          0x00810f80       0x6c ../alproject_final_bsp/\libhal_bsp.a(alt_main.o)
                0x00810f80                alt_main
 .text          0x00810fec       0x40 ../alproject_final_bsp/\libhal_bsp.a(alt_malloc_lock.o)
                0x00810fec                __malloc_lock
                0x0081100c                __malloc_unlock
 .text          0x0081102c      0x2c4 ../alproject_final_bsp/\libhal_bsp.a(alt_open.o)
                0x00811108                open
 .text          0x008112f0      0x180 ../alproject_final_bsp/\libhal_bsp.a(alt_read.o)
                0x008112f0                read
 .text          0x00811470       0x60 ../alproject_final_bsp/\libhal_bsp.a(alt_release_fd.o)
                0x00811470                alt_release_fd
 .text          0x008114d0       0xbc ../alproject_final_bsp/\libhal_bsp.a(alt_sbrk.o)
                0x008114d0                sbrk
 .text          0x0081158c      0x1a4 ../alproject_final_bsp/\libhal_bsp.a(alt_tick.o)
                0x0081158c                alt_alarm_stop
                0x00811624                alt_tick
 .text          0x00811730      0x180 ../alproject_final_bsp/\libhal_bsp.a(alt_write.o)
                0x00811730                write
 .text          0x008118b0      0x100 ../alproject_final_bsp/\libhal_bsp.a(alt_sys_init.o)
                0x008118b0                alt_irq_init
                0x008118e4                alt_sys_init
 .text          0x008119b0      0x148 ../alproject_final_bsp/\libhal_bsp.a(altera_avalon_jtag_uart_fd.o)
                0x008119b0                altera_avalon_jtag_uart_read_fd
                0x00811a08                altera_avalon_jtag_uart_write_fd
                0x00811a60                altera_avalon_jtag_uart_close_fd
                0x00811aa8                altera_avalon_jtag_uart_ioctl_fd
 .text          0x00811af8      0x40c ../alproject_final_bsp/\libhal_bsp.a(altera_avalon_jtag_uart_init.o)
                0x00811af8                altera_avalon_jtag_uart_init
                0x00811e90                altera_avalon_jtag_uart_close
 .text          0x00811f04       0xf4 ../alproject_final_bsp/\libhal_bsp.a(altera_avalon_jtag_uart_ioctl.o)
                0x00811f04                altera_avalon_jtag_uart_ioctl
 .text          0x00811ff8      0x224 ../alproject_final_bsp/\libhal_bsp.a(altera_avalon_jtag_uart_read.o)
                0x00811ff8                altera_avalon_jtag_uart_read
 .text          0x0081221c      0x240 ../alproject_final_bsp/\libhal_bsp.a(altera_avalon_jtag_uart_write.o)
                0x0081221c                altera_avalon_jtag_uart_write
 .text          0x0081245c      0xee8 ../alproject_final_bsp/\libhal_bsp.a(altera_avalon_lcd_16207.o)
                0x00812c30                altera_avalon_lcd_16207_write
                0x00813208                altera_avalon_lcd_16207_init
 .text          0x00813344       0x58 ../alproject_final_bsp/\libhal_bsp.a(altera_avalon_lcd_16207_fd.o)
                0x00813344                altera_avalon_lcd_16207_write_fd
 .text          0x0081339c      0x100 ../alproject_final_bsp/\libhal_bsp.a(altera_avalon_timer_sc.o)
                0x0081340c                alt_avalon_timer_sc_init
 .text          0x0081349c       0xf8 ../alproject_final_bsp/\libhal_bsp.a(altera_avalon_uart_fd.o)
                0x0081349c                altera_avalon_uart_read_fd
                0x008134f4                altera_avalon_uart_write_fd
                0x0081354c                altera_avalon_uart_close_fd
 .text          0x00813594      0x400 ../alproject_final_bsp/\libhal_bsp.a(altera_avalon_uart_init.o)
                0x00813594                altera_avalon_uart_init
                0x00813934                altera_avalon_uart_close
 .text          0x00813994      0x290 ../alproject_final_bsp/\libhal_bsp.a(altera_avalon_uart_read.o)
                0x00813994                altera_avalon_uart_read
 .text          0x00813c24      0x228 ../alproject_final_bsp/\libhal_bsp.a(altera_avalon_uart_write.o)
                0x00813c24                altera_avalon_uart_write
 .text          0x00813e4c       0x44 ../alproject_final_bsp/\libhal_bsp.a(alt_dcache_flush_all.o)
                0x00813e4c                alt_dcache_flush_all
 .text          0x00813e90      0x114 ../alproject_final_bsp/\libhal_bsp.a(alt_dev_llist_insert.o)
                0x00813e90                alt_dev_llist_insert
 .text          0x00813fa4       0x64 ../alproject_final_bsp/\libhal_bsp.a(alt_do_ctors.o)
                0x00813fa4                _do_ctors
 .text          0x00814008       0x64 ../alproject_final_bsp/\libhal_bsp.a(alt_do_dtors.o)
                0x00814008                _do_dtors
 .text          0x0081406c       0x94 ../alproject_final_bsp/\libhal_bsp.a(alt_find_dev.o)
                0x0081406c                alt_find_dev
 .text          0x00814100      0x120 ../alproject_final_bsp/\libhal_bsp.a(alt_find_file.o)
                0x00814100                alt_find_file
 .text          0x00814220       0xb8 ../alproject_final_bsp/\libhal_bsp.a(alt_get_fd.o)
                0x00814220                alt_get_fd
 .text          0x008142d8       0x30 ../alproject_final_bsp/\libhal_bsp.a(alt_icache_flush_all.o)
                0x008142d8                alt_icache_flush_all
 .text          0x00814308      0x1d4 ../alproject_final_bsp/\libhal_bsp.a(alt_iic.o)
                0x00814308                alt_ic_isr_register
                0x00814358                alt_ic_irq_enable
                0x008143f4                alt_ic_irq_disable
                0x00814494                alt_ic_irq_enabled
 .text          0x008144dc       0xf8 ../alproject_final_bsp/\libhal_bsp.a(alt_iic_isr_register.o)
                0x008144dc                alt_iic_isr_register
 .text          0x008145d4      0x13c ../alproject_final_bsp/\libhal_bsp.a(alt_io_redirect.o)
                0x00814698                alt_io_redirect
 .text          0x00814710        0x0 ../alproject_final_bsp/\libhal_bsp.a(alt_irq_entry.o)
 .text          0x00814710        0x0 ../alproject_final_bsp/\libhal_bsp.a(alt_irq_handler.o)
 .text          0x00814710       0x30 ../alproject_final_bsp/\libhal_bsp.a(alt_usleep.o)
                0x00814710                usleep
 .text          0x00814740       0x20 ../alproject_final_bsp/\libhal_bsp.a(altera_nios2_qsys_irq.o)
                0x00814740                altera_nios2_qsys_irq_init
 .text          0x00814760      0x14c ../alproject_final_bsp/\libhal_bsp.a(alt_busy_sleep.o)
                0x00814760                alt_busy_sleep
 .text          0x008148ac        0x0 ../alproject_final_bsp/\libhal_bsp.a(alt_exception_entry.o)
 .text          0x008148ac       0x90 ../alproject_final_bsp/\libhal_bsp.a(alt_icache_flush.o)
                0x008148ac                alt_icache_flush
 .text          0x0081493c       0x14 c:/altera/13.0/nios2eds/bin/gnu/h-i686-mingw32/bin/../lib/gcc/nios2-elf/4.1.2/../../../../nios2-elf/lib\libc.a(lib_a-atexit.o)
                0x0081493c                atexit
 .text          0x00814950       0x38 c:/altera/13.0/nios2eds/bin/gnu/h-i686-mingw32/bin/../lib/gcc/nios2-elf/4.1.2/../../../../nios2-elf/lib\libc.a(lib_a-exit.o)
                0x00814950                exit
 .text          0x00814988       0x74 c:/altera/13.0/nios2eds/bin/gnu/h-i686-mingw32/bin/../lib/gcc/nios2-elf/4.1.2/../../../../nios2-elf/lib\libc.a(lib_a-memcmp.o)
                0x00814988                memcmp
 .text          0x008149fc      0x134 c:/altera/13.0/nios2eds/bin/gnu/h-i686-mingw32/bin/../lib/gcc/nios2-elf/4.1.2/../../../../nios2-elf/lib\libc.a(lib_a-__atexit.o)
                0x008149fc                __register_exitproc
 .text          0x00814b30      0x1b4 c:/altera/13.0/nios2eds/bin/gnu/h-i686-mingw32/bin/../lib/gcc/nios2-elf/4.1.2/../../../../nios2-elf/lib\libc.a(lib_a-__call_atexit.o)
                0x00814b34                __call_exitprocs
 .text          0x00814ce4       0x60 ../alproject_final_bsp/\libhal_bsp.a(alt_exit.o)
                0x00814d24                _exit
 *(.gnu.warning.*)
 *(.fini)
                0x00814d44                PROVIDE (__etext, ABSOLUTE (.))
                0x00814d44                PROVIDE (_etext, ABSOLUTE (.))
                0x00814d44                PROVIDE (etext, ABSOLUTE (.))
 *(.eh_frame_hdr)
                0x00814d44                . = ALIGN (0x4)
                0x00814d44                PROVIDE (__preinit_array_start, ABSOLUTE (.))
 *(.preinit_array)
                0x00814d44                PROVIDE (__preinit_array_end, ABSOLUTE (.))
                0x00814d44                PROVIDE (__init_array_start, ABSOLUTE (.))
 *(.init_array)
                0x00814d44                PROVIDE (__init_array_end, ABSOLUTE (.))
                0x00814d44                PROVIDE (__fini_array_start, ABSOLUTE (.))
 *(.fini_array)
                0x00814d44                PROVIDE (__fini_array_end, ABSOLUTE (.))
 *(.eh_frame)
 *(.gcc_except_table)
 *(.dynamic)
                0x00814d44                PROVIDE (__CTOR_LIST__, ABSOLUTE (.))
 *(.ctors)
 *(SORT(.ctors.*))
 .ctors.65535   0x00814d44        0x4 c:/altera/13.0/nios2eds/bin/gnu/h-i686-mingw32/bin/../lib/gcc/nios2-elf/4.1.2/../../../../nios2-elf/lib\libc.a(lib_a-__call_atexit.o)
                0x00814d48                PROVIDE (__CTOR_END__, ABSOLUTE (.))
                0x00814d48                PROVIDE (__DTOR_LIST__, ABSOLUTE (.))
 *(.dtors)
 *(SORT(.dtors.*))
                0x00814d48                PROVIDE (__DTOR_END__, ABSOLUTE (.))
 *(.jcr)
                0x00814d48                . = ALIGN (0x4)

.rodata         0x00814d48      0x77c
                0x00814d48                PROVIDE (__ram_rodata_start, ABSOLUTE (.))
                0x00814d48                . = ALIGN (0x4)
 *(.rodata .rodata.* .gnu.linkonce.r.*)
 .rodata        0x00814d48      0x124 obj/default/hello_world.o
 .rodata.str1.4
                0x00814e6c        0x2 c:/altera/13.0/nios2eds/bin/gnu/h-i686-mingw32/bin/../lib/gcc/nios2-elf/4.1.2/../../../../nios2-elf/lib\libc.a(lib_a-impure.o)
                                  0x4 (size before relaxing)
 *fill*         0x00814e6e        0x2 00
 .rodata.str1.4
                0x00814e70        0x2 c:/altera/13.0/nios2eds/bin/gnu/h-i686-mingw32/bin/../lib/gcc/nios2-elf/4.1.2/../../../../nios2-elf/lib\libc.a(lib_a-puts.o)
                                  0x4 (size before relaxing)
 *fill*         0x00814e72        0x2 00
 .rodata.str1.4
                0x00814e74       0x5e c:/altera/13.0/nios2eds/bin/gnu/h-i686-mingw32/bin/../lib/gcc/nios2-elf/4.1.2/../../../../nios2-elf/lib\libc.a(lib_a-vfprintf.o)
                                 0x60 (size before relaxing)
 *fill*         0x00814ed2        0x2 00
 .rodata        0x00814ed4       0x20 c:/altera/13.0/nios2eds/bin/gnu/h-i686-mingw32/bin/../lib/gcc/nios2-elf/4.1.2/../../../../nios2-elf/lib\libc.a(lib_a-vfprintf.o)
 .rodata.str1.4
                0x00814ef4        0x5 c:/altera/13.0/nios2eds/bin/gnu/h-i686-mingw32/bin/../lib/gcc/nios2-elf/4.1.2/../../../../nios2-elf/lib\libc.a(lib_a-vfscanf.o)
                                  0x8 (size before relaxing)
 *fill*         0x00814ef9        0x3 00
 .rodata        0x00814efc       0x24 c:/altera/13.0/nios2eds/bin/gnu/h-i686-mingw32/bin/../lib/gcc/nios2-elf/4.1.2/../../../../nios2-elf/lib\libc.a(lib_a-vfscanf.o)
 .rodata        0x00814f20      0x284 c:/altera/13.0/nios2eds/bin/gnu/h-i686-mingw32/bin/../lib/gcc/nios2-elf/4.1.2/../../../../nios2-elf/lib\libc.a(lib_a-ctype_.o)
                0x00814f20                _ctype_
 .rodata.str1.4
                0x008151a4       0x10 c:/altera/13.0/nios2eds/bin/gnu/h-i686-mingw32/bin/../lib/gcc/nios2-elf/4.1.2/../../../../nios2-elf/lib\libc.a(lib_a-dtoa.o)
                                 0x14 (size before relaxing)
 .rodata.str1.4
                0x008151b4        0xf c:/altera/13.0/nios2eds/bin/gnu/h-i686-mingw32/bin/../lib/gcc/nios2-elf/4.1.2/../../../../nios2-elf/lib\libc.a(lib_a-locale.o)
                                 0x18 (size before relaxing)
 *fill*         0x008151c3        0x1 00
 .rodata        0x008151c4       0x30 c:/altera/13.0/nios2eds/bin/gnu/h-i686-mingw32/bin/../lib/gcc/nios2-elf/4.1.2/../../../../nios2-elf/lib\libc.a(lib_a-locale.o)
 .rodata.str1.4
                0x00000000        0x4 c:/altera/13.0/nios2eds/bin/gnu/h-i686-mingw32/bin/../lib/gcc/nios2-elf/4.1.2/../../../../nios2-elf/lib\libc.a(lib_a-mbrtowc.o)
 .rodata        0x008151f4      0x124 c:/altera/13.0/nios2eds/bin/gnu/h-i686-mingw32/bin/../lib/gcc/nios2-elf/4.1.2/../../../../nios2-elf/lib\libc.a(lib_a-mprec.o)
                0x008151f4                __mprec_tens
                0x008152bc                __mprec_bigtens
                0x008152e4                __mprec_tinytens
 .rodata.str1.4
                0x00815318        0xf c:/altera/13.0/nios2eds/bin/gnu/h-i686-mingw32/bin/../lib/gcc/nios2-elf/4.1.2/../../../../nios2-elf/lib\libc.a(lib_a-strtod.o)
                                 0x10 (size before relaxing)
 *fill*         0x00815327        0x1 00
 .rodata        0x00815328       0x28 c:/altera/13.0/nios2eds/bin/gnu/h-i686-mingw32/bin/../lib/gcc/nios2-elf/4.1.2/../../../../nios2-elf/lib\libc.a(lib_a-strtod.o)
 .rodata.str1.4
                0x00815350       0x1c c:/altera/13.0/nios2eds/bin/gnu/h-i686-mingw32/bin/../lib/gcc/nios2-elf/4.1.2/../../../../nios2-elf/lib\libc.a(lib_a-gdtoa-gethex.o)
 .rodata        0x0081536c       0x14 c:/altera/13.0/nios2eds/bin/gnu/h-i686-mingw32/bin/../lib/gcc/nios2-elf/4.1.2\libgcc.a(_thenan_df.o)
                0x0081536c                __thenan_df
 .rodata        0x00815380      0x100 c:/altera/13.0/nios2eds/bin/gnu/h-i686-mingw32/bin/../lib/gcc/nios2-elf/4.1.2\libgcc.a(_clz.o)
                0x00815380                __clz_tab
 .rodata        0x00815480        0xc ../alproject_final_bsp/\libhal_bsp.a(alt_dev.o)
 .rodata        0x0081548c       0x10 ../alproject_final_bsp/\libhal_bsp.a(alt_main.o)
 .rodata        0x0081549c       0x28 ../alproject_final_bsp/\libhal_bsp.a(alt_sys_init.o)
 *(.rodata1)
                0x008154c4                . = ALIGN (0x4)
                0x008154c4                PROVIDE (__ram_rodata_end, ABSOLUTE (.))
                0x00814d48                PROVIDE (__flash_rodata_start, LOADADDR (.rodata))

.rwdata         0x008154c4     0x1cc0 load address 0x00817184
                0x008154c4                PROVIDE (__ram_rwdata_start, ABSOLUTE (.))
                0x008154c4                . = ALIGN (0x4)
 *(.got.plt)
 *(.got)
 *(.data1)
 *(.data .data.* .gnu.linkonce.d.*)
 .data          0x008154c4        0x0 ../alproject_final_bsp//obj/HAL/src/crt0.o
 .data          0x008154c4       0x40 obj/default/hello_world.o
 .data          0x00815504        0x0 c:/altera/13.0/nios2eds/bin/gnu/h-i686-mingw32/bin/../lib/gcc/nios2-elf/4.1.2/../../../../nios2-elf/lib\libc.a(lib_a-fclose.o)
 .data          0x00815504        0x0 c:/altera/13.0/nios2eds/bin/gnu/h-i686-mingw32/bin/../lib/gcc/nios2-elf/4.1.2/../../../../nios2-elf/lib\libc.a(lib_a-fflush.o)
 .data          0x00815504        0x0 c:/altera/13.0/nios2eds/bin/gnu/h-i686-mingw32/bin/../lib/gcc/nios2-elf/4.1.2/../../../../nios2-elf/lib\libc.a(lib_a-fgetc.o)
 .data          0x00815504        0x0 c:/altera/13.0/nios2eds/bin/gnu/h-i686-mingw32/bin/../lib/gcc/nios2-elf/4.1.2/../../../../nios2-elf/lib\libc.a(lib_a-findfp.o)
 .data          0x00815504        0x0 c:/altera/13.0/nios2eds/bin/gnu/h-i686-mingw32/bin/../lib/gcc/nios2-elf/4.1.2/../../../../nios2-elf/lib\libc.a(lib_a-fopen.o)
 .data          0x00815504        0x0 c:/altera/13.0/nios2eds/bin/gnu/h-i686-mingw32/bin/../lib/gcc/nios2-elf/4.1.2/../../../../nios2-elf/lib\libc.a(lib_a-fprintf.o)
 .data          0x00815504        0x0 c:/altera/13.0/nios2eds/bin/gnu/h-i686-mingw32/bin/../lib/gcc/nios2-elf/4.1.2/../../../../nios2-elf/lib\libc.a(lib_a-fputs.o)
 .data          0x00815504        0x0 c:/altera/13.0/nios2eds/bin/gnu/h-i686-mingw32/bin/../lib/gcc/nios2-elf/4.1.2/../../../../nios2-elf/lib\libc.a(lib_a-freer.o)
 .data          0x00815504        0x0 c:/altera/13.0/nios2eds/bin/gnu/h-i686-mingw32/bin/../lib/gcc/nios2-elf/4.1.2/../../../../nios2-elf/lib\libc.a(lib_a-fseek.o)
 .data          0x00815504        0x0 c:/altera/13.0/nios2eds/bin/gnu/h-i686-mingw32/bin/../lib/gcc/nios2-elf/4.1.2/../../../../nios2-elf/lib\libc.a(lib_a-fstatr.o)
 .data          0x00815504        0x0 c:/altera/13.0/nios2eds/bin/gnu/h-i686-mingw32/bin/../lib/gcc/nios2-elf/4.1.2/../../../../nios2-elf/lib\libc.a(lib_a-fvwrite.o)
 .data          0x00815504        0x0 c:/altera/13.0/nios2eds/bin/gnu/h-i686-mingw32/bin/../lib/gcc/nios2-elf/4.1.2/../../../../nios2-elf/lib\libc.a(lib_a-fwalk.o)
 .data          0x00815504      0x400 c:/altera/13.0/nios2eds/bin/gnu/h-i686-mingw32/bin/../lib/gcc/nios2-elf/4.1.2/../../../../nios2-elf/lib\libc.a(lib_a-impure.o)
 .data          0x00815904        0x0 c:/altera/13.0/nios2eds/bin/gnu/h-i686-mingw32/bin/../lib/gcc/nios2-elf/4.1.2/../../../../nios2-elf/lib\libc.a(lib_a-int_errno.o)
 .data          0x00815904        0x0 c:/altera/13.0/nios2eds/bin/gnu/h-i686-mingw32/bin/../lib/gcc/nios2-elf/4.1.2/../../../../nios2-elf/lib\libc.a(lib_a-makebuf.o)
 .data          0x00815904      0x408 c:/altera/13.0/nios2eds/bin/gnu/h-i686-mingw32/bin/../lib/gcc/nios2-elf/4.1.2/../../../../nios2-elf/lib\libc.a(lib_a-mallocr.o)
                0x00815904                __malloc_av_
 .data          0x00815d0c        0x0 c:/altera/13.0/nios2eds/bin/gnu/h-i686-mingw32/bin/../lib/gcc/nios2-elf/4.1.2/../../../../nios2-elf/lib\libc.a(lib_a-memchr.o)
 .data          0x00815d0c        0x0 c:/altera/13.0/nios2eds/bin/gnu/h-i686-mingw32/bin/../lib/gcc/nios2-elf/4.1.2/../../../../nios2-elf/lib\libc.a(lib_a-memcpy.o)
 .data          0x00815d0c        0x0 c:/altera/13.0/nios2eds/bin/gnu/h-i686-mingw32/bin/../lib/gcc/nios2-elf/4.1.2/../../../../nios2-elf/lib\libc.a(lib_a-memmove.o)
 .data          0x00815d0c        0x0 c:/altera/13.0/nios2eds/bin/gnu/h-i686-mingw32/bin/../lib/gcc/nios2-elf/4.1.2/../../../../nios2-elf/lib\libc.a(lib_a-memset.o)
 .data          0x00815d0c        0x0 c:/altera/13.0/nios2eds/bin/gnu/h-i686-mingw32/bin/../lib/gcc/nios2-elf/4.1.2/../../../../nios2-elf/lib\libc.a(lib_a-openr.o)
 .data          0x00815d0c        0x0 c:/altera/13.0/nios2eds/bin/gnu/h-i686-mingw32/bin/../lib/gcc/nios2-elf/4.1.2/../../../../nios2-elf/lib\libc.a(lib_a-printf.o)
 .data          0x00815d0c        0x0 c:/altera/13.0/nios2eds/bin/gnu/h-i686-mingw32/bin/../lib/gcc/nios2-elf/4.1.2/../../../../nios2-elf/lib\libc.a(lib_a-puts.o)
 .data          0x00815d0c        0x0 c:/altera/13.0/nios2eds/bin/gnu/h-i686-mingw32/bin/../lib/gcc/nios2-elf/4.1.2/../../../../nios2-elf/lib\libc.a(lib_a-reallocr.o)
 .data          0x00815d0c        0x0 c:/altera/13.0/nios2eds/bin/gnu/h-i686-mingw32/bin/../lib/gcc/nios2-elf/4.1.2/../../../../nios2-elf/lib\libc.a(lib_a-refill.o)
 .data          0x00815d0c        0x0 c:/altera/13.0/nios2eds/bin/gnu/h-i686-mingw32/bin/../lib/gcc/nios2-elf/4.1.2/../../../../nios2-elf/lib\libc.a(lib_a-rget.o)
 .data          0x00815d0c        0x0 c:/altera/13.0/nios2eds/bin/gnu/h-i686-mingw32/bin/../lib/gcc/nios2-elf/4.1.2/../../../../nios2-elf/lib\libc.a(lib_a-sbrkr.o)
 .data          0x00815d0c        0x0 c:/altera/13.0/nios2eds/bin/gnu/h-i686-mingw32/bin/../lib/gcc/nios2-elf/4.1.2/../../../../nios2-elf/lib\libc.a(lib_a-sprintf.o)
 .data          0x00815d0c        0x0 c:/altera/13.0/nios2eds/bin/gnu/h-i686-mingw32/bin/../lib/gcc/nios2-elf/4.1.2/../../../../nios2-elf/lib\libc.a(lib_a-sscanf.o)
 .data          0x00815d0c        0x0 c:/altera/13.0/nios2eds/bin/gnu/h-i686-mingw32/bin/../lib/gcc/nios2-elf/4.1.2/../../../../nios2-elf/lib\libc.a(lib_a-stdio.o)
 .data          0x00815d0c        0x0 c:/altera/13.0/nios2eds/bin/gnu/h-i686-mingw32/bin/../lib/gcc/nios2-elf/4.1.2/../../../../nios2-elf/lib\libc.a(lib_a-strlen.o)
 .data          0x00815d0c        0x0 c:/altera/13.0/nios2eds/bin/gnu/h-i686-mingw32/bin/../lib/gcc/nios2-elf/4.1.2/../../../../nios2-elf/lib\libc.a(lib_a-vfprintf.o)
 .data          0x00815d0c        0x0 c:/altera/13.0/nios2eds/bin/gnu/h-i686-mingw32/bin/../lib/gcc/nios2-elf/4.1.2/../../../../nios2-elf/lib\libc.a(lib_a-vfscanf.o)
 .data          0x00815d0c        0x0 c:/altera/13.0/nios2eds/bin/gnu/h-i686-mingw32/bin/../lib/gcc/nios2-elf/4.1.2/../../../../nios2-elf/lib\libc.a(lib_a-writer.o)
 .data          0x00815d0c        0x0 c:/altera/13.0/nios2eds/bin/gnu/h-i686-mingw32/bin/../lib/gcc/nios2-elf/4.1.2/../../../../nios2-elf/lib\libc.a(lib_a-wsetup.o)
 .data          0x00815d0c        0x0 c:/altera/13.0/nios2eds/bin/gnu/h-i686-mingw32/bin/../lib/gcc/nios2-elf/4.1.2/../../../../nios2-elf/lib\libc.a(lib_a-closer.o)
 .data          0x00815d0c        0x0 c:/altera/13.0/nios2eds/bin/gnu/h-i686-mingw32/bin/../lib/gcc/nios2-elf/4.1.2/../../../../nios2-elf/lib\libc.a(lib_a-ctype_.o)
 .data          0x00815d0c        0x0 c:/altera/13.0/nios2eds/bin/gnu/h-i686-mingw32/bin/../lib/gcc/nios2-elf/4.1.2/../../../../nios2-elf/lib\libc.a(lib_a-dtoa.o)
 .data          0x00815d0c        0x0 c:/altera/13.0/nios2eds/bin/gnu/h-i686-mingw32/bin/../lib/gcc/nios2-elf/4.1.2/../../../../nios2-elf/lib\libc.a(lib_a-flags.o)
 .data          0x00815d0c        0x0 c:/altera/13.0/nios2eds/bin/gnu/h-i686-mingw32/bin/../lib/gcc/nios2-elf/4.1.2/../../../../nios2-elf/lib\libc.a(lib_a-fread.o)
 .data          0x00815d0c        0x0 c:/altera/13.0/nios2eds/bin/gnu/h-i686-mingw32/bin/../lib/gcc/nios2-elf/4.1.2/../../../../nios2-elf/lib\libc.a(lib_a-isattyr.o)
 .data          0x00815d0c        0x0 c:/altera/13.0/nios2eds/bin/gnu/h-i686-mingw32/bin/../lib/gcc/nios2-elf/4.1.2/../../../../nios2-elf/lib\libc.a(lib_a-iswspace.o)
 .data          0x00815d0c        0xc c:/altera/13.0/nios2eds/bin/gnu/h-i686-mingw32/bin/../lib/gcc/nios2-elf/4.1.2/../../../../nios2-elf/lib\libc.a(lib_a-locale.o)
                0x00815d0c                __lc_ctype
 .data          0x00815d18        0x0 c:/altera/13.0/nios2eds/bin/gnu/h-i686-mingw32/bin/../lib/gcc/nios2-elf/4.1.2/../../../../nios2-elf/lib\libc.a(lib_a-lseekr.o)
 .data          0x00815d18        0x0 c:/altera/13.0/nios2eds/bin/gnu/h-i686-mingw32/bin/../lib/gcc/nios2-elf/4.1.2/../../../../nios2-elf/lib\libc.a(lib_a-mbrtowc.o)
 .data          0x00815d18        0x0 c:/altera/13.0/nios2eds/bin/gnu/h-i686-mingw32/bin/../lib/gcc/nios2-elf/4.1.2/../../../../nios2-elf/lib\libc.a(lib_a-mbtowc_r.o)
 .data          0x00815d18        0x0 c:/altera/13.0/nios2eds/bin/gnu/h-i686-mingw32/bin/../lib/gcc/nios2-elf/4.1.2/../../../../nios2-elf/lib\libc.a(lib_a-mprec.o)
 .data          0x00815d18        0x0 c:/altera/13.0/nios2eds/bin/gnu/h-i686-mingw32/bin/../lib/gcc/nios2-elf/4.1.2/../../../../nios2-elf/lib\libc.a(lib_a-readr.o)
 .data          0x00815d18        0x0 c:/altera/13.0/nios2eds/bin/gnu/h-i686-mingw32/bin/../lib/gcc/nios2-elf/4.1.2/../../../../nios2-elf/lib\libc.a(lib_a-s_isinfd.o)
 .data          0x00815d18        0x0 c:/altera/13.0/nios2eds/bin/gnu/h-i686-mingw32/bin/../lib/gcc/nios2-elf/4.1.2/../../../../nios2-elf/lib\libc.a(lib_a-s_isnand.o)
 .data          0x00815d18        0x0 c:/altera/13.0/nios2eds/bin/gnu/h-i686-mingw32/bin/../lib/gcc/nios2-elf/4.1.2/../../../../nios2-elf/lib\libc.a(lib_a-sccl.o)
 .data          0x00815d18        0x0 c:/altera/13.0/nios2eds/bin/gnu/h-i686-mingw32/bin/../lib/gcc/nios2-elf/4.1.2/../../../../nios2-elf/lib\libc.a(lib_a-sf_nan.o)
 .data          0x00815d18        0x0 c:/altera/13.0/nios2eds/bin/gnu/h-i686-mingw32/bin/../lib/gcc/nios2-elf/4.1.2/../../../../nios2-elf/lib\libc.a(lib_a-strcmp.o)
 .data          0x00815d18       0x28 c:/altera/13.0/nios2eds/bin/gnu/h-i686-mingw32/bin/../lib/gcc/nios2-elf/4.1.2/../../../../nios2-elf/lib\libc.a(lib_a-strtod.o)
 .data          0x00815d40        0x0 c:/altera/13.0/nios2eds/bin/gnu/h-i686-mingw32/bin/../lib/gcc/nios2-elf/4.1.2/../../../../nios2-elf/lib\libc.a(lib_a-strtol.o)
 .data          0x00815d40        0x0 c:/altera/13.0/nios2eds/bin/gnu/h-i686-mingw32/bin/../lib/gcc/nios2-elf/4.1.2/../../../../nios2-elf/lib\libc.a(lib_a-strtoll_r.o)
 .data          0x00815d40        0x0 c:/altera/13.0/nios2eds/bin/gnu/h-i686-mingw32/bin/../lib/gcc/nios2-elf/4.1.2/../../../../nios2-elf/lib\libc.a(lib_a-strtoul.o)
 .data          0x00815d40        0x0 c:/altera/13.0/nios2eds/bin/gnu/h-i686-mingw32/bin/../lib/gcc/nios2-elf/4.1.2/../../../../nios2-elf/lib\libc.a(lib_a-strtoull_r.o)
 .data          0x00815d40        0x0 c:/altera/13.0/nios2eds/bin/gnu/h-i686-mingw32/bin/../lib/gcc/nios2-elf/4.1.2/../../../../nios2-elf/lib\libc.a(lib_a-ungetc.o)
 .data          0x00815d40        0x0 c:/altera/13.0/nios2eds/bin/gnu/h-i686-mingw32/bin/../lib/gcc/nios2-elf/4.1.2/../../../../nios2-elf/lib\libc.a(lib_a-callocr.o)
 .data          0x00815d40        0x0 c:/altera/13.0/nios2eds/bin/gnu/h-i686-mingw32/bin/../lib/gcc/nios2-elf/4.1.2/../../../../nios2-elf/lib\libc.a(lib_a-gdtoa-gethex.o)
 .data          0x00815d40        0x0 c:/altera/13.0/nios2eds/bin/gnu/h-i686-mingw32/bin/../lib/gcc/nios2-elf/4.1.2/../../../../nios2-elf/lib\libc.a(lib_a-gdtoa-hexnan.o)
 .data          0x00815d40        0x0 c:/altera/13.0/nios2eds/bin/gnu/h-i686-mingw32/bin/../lib/gcc/nios2-elf/4.1.2\libgcc.a(_muldi3.o)
 .data          0x00815d40        0x0 c:/altera/13.0/nios2eds/bin/gnu/h-i686-mingw32/bin/../lib/gcc/nios2-elf/4.1.2\libgcc.a(_fixunsdfsi.o)
 .data          0x00815d40        0x0 c:/altera/13.0/nios2eds/bin/gnu/h-i686-mingw32/bin/../lib/gcc/nios2-elf/4.1.2\libgcc.a(_udivdi3.o)
 .data          0x00815d40        0x0 c:/altera/13.0/nios2eds/bin/gnu/h-i686-mingw32/bin/../lib/gcc/nios2-elf/4.1.2\libgcc.a(_umoddi3.o)
 .data          0x00815d40        0x0 c:/altera/13.0/nios2eds/bin/gnu/h-i686-mingw32/bin/../lib/gcc/nios2-elf/4.1.2\libgcc.a(_ne_sf.o)
 .data          0x00815d40        0x0 c:/altera/13.0/nios2eds/bin/gnu/h-i686-mingw32/bin/../lib/gcc/nios2-elf/4.1.2\libgcc.a(_gt_sf.o)
 .data          0x00815d40        0x0 c:/altera/13.0/nios2eds/bin/gnu/h-i686-mingw32/bin/../lib/gcc/nios2-elf/4.1.2\libgcc.a(_lt_sf.o)
 .data          0x00815d40        0x0 c:/altera/13.0/nios2eds/bin/gnu/h-i686-mingw32/bin/../lib/gcc/nios2-elf/4.1.2\libgcc.a(_addsub_df.o)
 .data          0x00815d40        0x0 c:/altera/13.0/nios2eds/bin/gnu/h-i686-mingw32/bin/../lib/gcc/nios2-elf/4.1.2\libgcc.a(_mul_df.o)
 .data          0x00815d40        0x0 c:/altera/13.0/nios2eds/bin/gnu/h-i686-mingw32/bin/../lib/gcc/nios2-elf/4.1.2\libgcc.a(_div_df.o)
 .data          0x00815d40        0x0 c:/altera/13.0/nios2eds/bin/gnu/h-i686-mingw32/bin/../lib/gcc/nios2-elf/4.1.2\libgcc.a(_eq_df.o)
 .data          0x00815d40        0x0 c:/altera/13.0/nios2eds/bin/gnu/h-i686-mingw32/bin/../lib/gcc/nios2-elf/4.1.2\libgcc.a(_ne_df.o)
 .data          0x00815d40        0x0 c:/altera/13.0/nios2eds/bin/gnu/h-i686-mingw32/bin/../lib/gcc/nios2-elf/4.1.2\libgcc.a(_gt_df.o)
 .data          0x00815d40        0x0 c:/altera/13.0/nios2eds/bin/gnu/h-i686-mingw32/bin/../lib/gcc/nios2-elf/4.1.2\libgcc.a(_ge_df.o)
 .data          0x00815d40        0x0 c:/altera/13.0/nios2eds/bin/gnu/h-i686-mingw32/bin/../lib/gcc/nios2-elf/4.1.2\libgcc.a(_lt_df.o)
 .data          0x00815d40        0x0 c:/altera/13.0/nios2eds/bin/gnu/h-i686-mingw32/bin/../lib/gcc/nios2-elf/4.1.2\libgcc.a(_le_df.o)
 .data          0x00815d40        0x0 c:/altera/13.0/nios2eds/bin/gnu/h-i686-mingw32/bin/../lib/gcc/nios2-elf/4.1.2\libgcc.a(_si_to_df.o)
 .data          0x00815d40        0x0 c:/altera/13.0/nios2eds/bin/gnu/h-i686-mingw32/bin/../lib/gcc/nios2-elf/4.1.2\libgcc.a(_df_to_si.o)
 .data          0x00815d40        0x0 c:/altera/13.0/nios2eds/bin/gnu/h-i686-mingw32/bin/../lib/gcc/nios2-elf/4.1.2\libgcc.a(_df_to_sf.o)
 .data          0x00815d40        0x0 c:/altera/13.0/nios2eds/bin/gnu/h-i686-mingw32/bin/../lib/gcc/nios2-elf/4.1.2\libgcc.a(_thenan_df.o)
 .data          0x00815d40        0x0 c:/altera/13.0/nios2eds/bin/gnu/h-i686-mingw32/bin/../lib/gcc/nios2-elf/4.1.2\libgcc.a(_usi_to_df.o)
 .data          0x00815d40        0x0 c:/altera/13.0/nios2eds/bin/gnu/h-i686-mingw32/bin/../lib/gcc/nios2-elf/4.1.2\libgcc.a(lib2-divmod.o)
 .data          0x00815d40        0x0 c:/altera/13.0/nios2eds/bin/gnu/h-i686-mingw32/bin/../lib/gcc/nios2-elf/4.1.2\libgcc.a(_clz.o)
 .data          0x00815d40        0x0 c:/altera/13.0/nios2eds/bin/gnu/h-i686-mingw32/bin/../lib/gcc/nios2-elf/4.1.2\libgcc.a(_clzsi2.o)
 .data          0x00815d40        0x0 c:/altera/13.0/nios2eds/bin/gnu/h-i686-mingw32/bin/../lib/gcc/nios2-elf/4.1.2\libgcc.a(_unpack_sf.o)
 .data          0x00815d40        0x0 c:/altera/13.0/nios2eds/bin/gnu/h-i686-mingw32/bin/../lib/gcc/nios2-elf/4.1.2\libgcc.a(_fpcmp_parts_sf.o)
 .data          0x00815d40        0x0 c:/altera/13.0/nios2eds/bin/gnu/h-i686-mingw32/bin/../lib/gcc/nios2-elf/4.1.2\libgcc.a(_make_sf.o)
 .data          0x00815d40        0x0 c:/altera/13.0/nios2eds/bin/gnu/h-i686-mingw32/bin/../lib/gcc/nios2-elf/4.1.2\libgcc.a(_pack_df.o)
 .data          0x00815d40        0x0 c:/altera/13.0/nios2eds/bin/gnu/h-i686-mingw32/bin/../lib/gcc/nios2-elf/4.1.2\libgcc.a(_unpack_df.o)
 .data          0x00815d40        0x0 c:/altera/13.0/nios2eds/bin/gnu/h-i686-mingw32/bin/../lib/gcc/nios2-elf/4.1.2\libgcc.a(_fpcmp_parts_df.o)
 .data          0x00815d40        0x0 c:/altera/13.0/nios2eds/bin/gnu/h-i686-mingw32/bin/../lib/gcc/nios2-elf/4.1.2\libgcc.a(_pack_sf.o)
 .data          0x00815d40        0x0 ../alproject_final_bsp/\libhal_bsp.a(alt_alarm_start.o)
 .data          0x00815d40        0x0 ../alproject_final_bsp/\libhal_bsp.a(alt_close.o)
 .data          0x00815d40      0x1a8 ../alproject_final_bsp/\libhal_bsp.a(alt_dev.o)
                0x00815d40                alt_dev_null
                0x00815d68                alt_fd_list
 .data          0x00815ee8        0x0 ../alproject_final_bsp/\libhal_bsp.a(alt_errno.o)
 .data          0x00815ee8        0x0 ../alproject_final_bsp/\libhal_bsp.a(alt_fstat.o)
 .data          0x00815ee8        0x0 ../alproject_final_bsp/\libhal_bsp.a(alt_irq_register.o)
 .data          0x00815ee8        0x0 ../alproject_final_bsp/\libhal_bsp.a(alt_irq_vars.o)
 .data          0x00815ee8        0x0 ../alproject_final_bsp/\libhal_bsp.a(alt_isatty.o)
 .data          0x00815ee8        0x0 ../alproject_final_bsp/\libhal_bsp.a(alt_load.o)
 .data          0x00815ee8        0x0 ../alproject_final_bsp/\libhal_bsp.a(alt_lseek.o)
 .data          0x00815ee8        0x0 ../alproject_final_bsp/\libhal_bsp.a(alt_main.o)
 .data          0x00815ee8        0x0 ../alproject_final_bsp/\libhal_bsp.a(alt_malloc_lock.o)
 .data          0x00815ee8        0x0 ../alproject_final_bsp/\libhal_bsp.a(alt_open.o)
 .data          0x00815ee8        0x0 ../alproject_final_bsp/\libhal_bsp.a(alt_read.o)
 .data          0x00815ee8        0x0 ../alproject_final_bsp/\libhal_bsp.a(alt_release_fd.o)
 .data          0x00815ee8        0x0 ../alproject_final_bsp/\libhal_bsp.a(alt_sbrk.o)
 .data          0x00815ee8        0x0 ../alproject_final_bsp/\libhal_bsp.a(alt_tick.o)
 .data          0x00815ee8        0x0 ../alproject_final_bsp/\libhal_bsp.a(alt_write.o)
 .data          0x00815ee8     0x1244 ../alproject_final_bsp/\libhal_bsp.a(alt_sys_init.o)
 .data          0x0081712c        0x0 ../alproject_final_bsp/\libhal_bsp.a(altera_avalon_jtag_uart_fd.o)
 .data          0x0081712c        0x0 ../alproject_final_bsp/\libhal_bsp.a(altera_avalon_jtag_uart_init.o)
 .data          0x0081712c        0x0 ../alproject_final_bsp/\libhal_bsp.a(altera_avalon_jtag_uart_ioctl.o)
 .data          0x0081712c        0x0 ../alproject_final_bsp/\libhal_bsp.a(altera_avalon_jtag_uart_read.o)
 .data          0x0081712c        0x0 ../alproject_final_bsp/\libhal_bsp.a(altera_avalon_jtag_uart_write.o)
 .data          0x0081712c        0x0 ../alproject_final_bsp/\libhal_bsp.a(altera_avalon_lcd_16207.o)
 .data          0x0081712c        0x0 ../alproject_final_bsp/\libhal_bsp.a(altera_avalon_lcd_16207_fd.o)
 .data          0x0081712c        0x0 ../alproject_final_bsp/\libhal_bsp.a(altera_avalon_timer_sc.o)
 .data          0x0081712c        0x0 ../alproject_final_bsp/\libhal_bsp.a(altera_avalon_uart_fd.o)
 .data          0x0081712c        0x0 ../alproject_final_bsp/\libhal_bsp.a(altera_avalon_uart_init.o)
 .data          0x0081712c        0x0 ../alproject_final_bsp/\libhal_bsp.a(altera_avalon_uart_read.o)
 .data          0x0081712c        0x0 ../alproject_final_bsp/\libhal_bsp.a(altera_avalon_uart_write.o)
 .data          0x0081712c        0x0 ../alproject_final_bsp/\libhal_bsp.a(alt_dcache_flush_all.o)
 .data          0x0081712c        0x0 ../alproject_final_bsp/\libhal_bsp.a(alt_dev_llist_insert.o)
 .data          0x0081712c        0x0 ../alproject_final_bsp/\libhal_bsp.a(alt_do_ctors.o)
 .data          0x0081712c        0x0 ../alproject_final_bsp/\libhal_bsp.a(alt_do_dtors.o)
 .data          0x0081712c        0x0 ../alproject_final_bsp/\libhal_bsp.a(alt_find_dev.o)
 .data          0x0081712c        0x0 ../alproject_final_bsp/\libhal_bsp.a(alt_find_file.o)
 .data          0x0081712c        0x0 ../alproject_final_bsp/\libhal_bsp.a(alt_get_fd.o)
 .data          0x0081712c        0x0 ../alproject_final_bsp/\libhal_bsp.a(alt_icache_flush_all.o)
 .data          0x0081712c        0x0 ../alproject_final_bsp/\libhal_bsp.a(alt_iic.o)
 .data          0x0081712c        0x0 ../alproject_final_bsp/\libhal_bsp.a(alt_iic_isr_register.o)
 .data          0x0081712c        0x0 ../alproject_final_bsp/\libhal_bsp.a(alt_io_redirect.o)
 .data          0x0081712c        0x0 ../alproject_final_bsp/\libhal_bsp.a(alt_irq_entry.o)
 .data          0x0081712c        0x0 ../alproject_final_bsp/\libhal_bsp.a(alt_irq_handler.o)
 .data          0x0081712c        0x0 ../alproject_final_bsp/\libhal_bsp.a(alt_usleep.o)
 .data          0x0081712c        0x0 ../alproject_final_bsp/\libhal_bsp.a(altera_nios2_qsys_irq.o)
 .data          0x0081712c        0x0 ../alproject_final_bsp/\libhal_bsp.a(alt_busy_sleep.o)
 .data          0x0081712c        0x0 ../alproject_final_bsp/\libhal_bsp.a(alt_exception_entry.o)
 .data          0x0081712c        0x0 ../alproject_final_bsp/\libhal_bsp.a(alt_icache_flush.o)
 .data          0x0081712c        0x0 c:/altera/13.0/nios2eds/bin/gnu/h-i686-mingw32/bin/../lib/gcc/nios2-elf/4.1.2/../../../../nios2-elf/lib\libc.a(lib_a-atexit.o)
 .data          0x0081712c        0x0 c:/altera/13.0/nios2eds/bin/gnu/h-i686-mingw32/bin/../lib/gcc/nios2-elf/4.1.2/../../../../nios2-elf/lib\libc.a(lib_a-exit.o)
 .data          0x0081712c        0x0 c:/altera/13.0/nios2eds/bin/gnu/h-i686-mingw32/bin/../lib/gcc/nios2-elf/4.1.2/../../../../nios2-elf/lib\libc.a(lib_a-memcmp.o)
 .data          0x0081712c        0x0 c:/altera/13.0/nios2eds/bin/gnu/h-i686-mingw32/bin/../lib/gcc/nios2-elf/4.1.2/../../../../nios2-elf/lib\libc.a(lib_a-__atexit.o)
 .data          0x0081712c        0x0 c:/altera/13.0/nios2eds/bin/gnu/h-i686-mingw32/bin/../lib/gcc/nios2-elf/4.1.2/../../../../nios2-elf/lib\libc.a(lib_a-__call_atexit.o)
 .data          0x0081712c        0x0 ../alproject_final_bsp/\libhal_bsp.a(alt_exit.o)
                0x0081f12c                _gp = ABSOLUTE ((. + 0x8000))
                0x0081f12c                PROVIDE (gp, _gp)
 *(.rwdata .rwdata.*)
 *(.sdata .sdata.* .gnu.linkonce.s.*)
 .sdata         0x0081712c       0x10 obj/default/hello_world.o
                0x0081712c                chararray
 .sdata         0x0081713c        0x8 c:/altera/13.0/nios2eds/bin/gnu/h-i686-mingw32/bin/../lib/gcc/nios2-elf/4.1.2/../../../../nios2-elf/lib\libc.a(lib_a-impure.o)
                0x0081713c                _impure_ptr
                0x00817140                _global_impure_ptr
 .sdata         0x00817144        0x8 c:/altera/13.0/nios2eds/bin/gnu/h-i686-mingw32/bin/../lib/gcc/nios2-elf/4.1.2/../../../../nios2-elf/lib\libc.a(lib_a-mallocr.o)
                0x00817144                __malloc_trim_threshold
                0x00817148                __malloc_sbrk_base
 .sdata         0x0081714c        0x4 c:/altera/13.0/nios2eds/bin/gnu/h-i686-mingw32/bin/../lib/gcc/nios2-elf/4.1.2/../../../../nios2-elf/lib\libc.a(lib_a-ctype_.o)
                0x0081714c                __ctype_ptr
 .sdata         0x00817150        0x8 c:/altera/13.0/nios2eds/bin/gnu/h-i686-mingw32/bin/../lib/gcc/nios2-elf/4.1.2/../../../../nios2-elf/lib\libc.a(lib_a-locale.o)
                0x00817150                __mb_cur_max
 .sdata         0x00817158       0x14 ../alproject_final_bsp/\libhal_bsp.a(alt_dev.o)
                0x00817158                alt_fs_list
                0x00817160                alt_dev_list
                0x00817168                alt_max_fd
 .sdata         0x0081716c        0x4 ../alproject_final_bsp/\libhal_bsp.a(alt_errno.o)
                0x0081716c                alt_errno
 .sdata         0x00817170        0x4 ../alproject_final_bsp/\libhal_bsp.a(alt_irq_vars.o)
                0x00817170                alt_priority_mask
 .sdata         0x00817174        0x4 ../alproject_final_bsp/\libhal_bsp.a(alt_sbrk.o)
 .sdata         0x00817178        0x8 ../alproject_final_bsp/\libhal_bsp.a(alt_tick.o)
                0x00817178                alt_alarm_list
 .sdata         0x00817180        0x4 ../alproject_final_bsp/\libhal_bsp.a(altera_avalon_lcd_16207.o)
 *(.sdata2 .sdata2.* .gnu.linkonce.s2.*)
                0x00817184                . = ALIGN (0x4)
                0x00817184                _edata = ABSOLUTE (.)
                0x00817184                PROVIDE (edata, ABSOLUTE (.))
                0x00817184                PROVIDE (__ram_rwdata_end, ABSOLUTE (.))
                0x00817184                PROVIDE (__flash_rwdata_start, LOADADDR (.rwdata))

.bss            0x00818e44      0x464
                0x00818e44                __bss_start = ABSOLUTE (.)
                0x00818e44                PROVIDE (__sbss_start, ABSOLUTE (.))
                0x00818e44                PROVIDE (___sbss_start, ABSOLUTE (.))
 *(.dynsbss)
 *(.sbss .sbss.* .gnu.linkonce.sb.*)
 .sbss          0x00818e44       0x38 obj/default/hello_world.o
 .sbss          0x00818e7c        0x4 obj/default/hello_world.o
                0x00818e7c                fp
 .sbss          0x00818e80        0x4 c:/altera/13.0/nios2eds/bin/gnu/h-i686-mingw32/bin/../lib/gcc/nios2-elf/4.1.2/../../../../nios2-elf/lib\libc.a(lib_a-int_errno.o)
                0x00818e80                errno
 .sbss          0x00818e84        0xc c:/altera/13.0/nios2eds/bin/gnu/h-i686-mingw32/bin/../lib/gcc/nios2-elf/4.1.2/../../../../nios2-elf/lib\libc.a(lib_a-mallocr.o)
                0x00818e84                __malloc_top_pad
                0x00818e88                __malloc_max_sbrked_mem
                0x00818e8c                __malloc_max_total_mem
 .sbss          0x00818e90        0xc c:/altera/13.0/nios2eds/bin/gnu/h-i686-mingw32/bin/../lib/gcc/nios2-elf/4.1.2/../../../../nios2-elf/lib\libc.a(lib_a-locale.o)
                0x00818e90                __nlocale_changed
                0x00818e94                __mlocale_changed
                0x00818e98                _PathLocale
 .sbss          0x00818e9c        0x4 ../alproject_final_bsp/\libhal_bsp.a(alt_irq_vars.o)
                0x00818e9c                alt_irq_active
 .sbss          0x00818ea0        0xc ../alproject_final_bsp/\libhal_bsp.a(alt_main.o)
                0x00818ea0                alt_argc
                0x00818ea4                alt_argv
                0x00818ea8                alt_envp
 .sbss          0x00818eac        0x8 ../alproject_final_bsp/\libhal_bsp.a(alt_tick.o)
                0x00818eac                _alt_tick_rate
                0x00818eb0                _alt_nticks
 *(.sbss2 .sbss2.* .gnu.linkonce.sb2.*)
 *(.scommon)
                0x00818eb4                PROVIDE (__sbss_end, ABSOLUTE (.))
                0x00818eb4                PROVIDE (___sbss_end, ABSOLUTE (.))
 *(.dynbss)
 *(.bss .bss.* .gnu.linkonce.b.*)
 .bss           0x00818eb4        0x0 ../alproject_final_bsp//obj/HAL/src/crt0.o
 .bss           0x00818eb4       0x3c obj/default/hello_world.o
 .bss           0x00818ef0        0x0 c:/altera/13.0/nios2eds/bin/gnu/h-i686-mingw32/bin/../lib/gcc/nios2-elf/4.1.2/../../../../nios2-elf/lib\libc.a(lib_a-fclose.o)
 .bss           0x00818ef0        0x0 c:/altera/13.0/nios2eds/bin/gnu/h-i686-mingw32/bin/../lib/gcc/nios2-elf/4.1.2/../../../../nios2-elf/lib\libc.a(lib_a-fflush.o)
 .bss           0x00818ef0        0x0 c:/altera/13.0/nios2eds/bin/gnu/h-i686-mingw32/bin/../lib/gcc/nios2-elf/4.1.2/../../../../nios2-elf/lib\libc.a(lib_a-fgetc.o)
 .bss           0x00818ef0        0x0 c:/altera/13.0/nios2eds/bin/gnu/h-i686-mingw32/bin/../lib/gcc/nios2-elf/4.1.2/../../../../nios2-elf/lib\libc.a(lib_a-findfp.o)
 .bss           0x00818ef0        0x0 c:/altera/13.0/nios2eds/bin/gnu/h-i686-mingw32/bin/../lib/gcc/nios2-elf/4.1.2/../../../../nios2-elf/lib\libc.a(lib_a-fopen.o)
 .bss           0x00818ef0        0x0 c:/altera/13.0/nios2eds/bin/gnu/h-i686-mingw32/bin/../lib/gcc/nios2-elf/4.1.2/../../../../nios2-elf/lib\libc.a(lib_a-fprintf.o)
 .bss           0x00818ef0        0x0 c:/altera/13.0/nios2eds/bin/gnu/h-i686-mingw32/bin/../lib/gcc/nios2-elf/4.1.2/../../../../nios2-elf/lib\libc.a(lib_a-fputs.o)
 .bss           0x00818ef0        0x0 c:/altera/13.0/nios2eds/bin/gnu/h-i686-mingw32/bin/../lib/gcc/nios2-elf/4.1.2/../../../../nios2-elf/lib\libc.a(lib_a-freer.o)
 .bss           0x00818ef0        0x0 c:/altera/13.0/nios2eds/bin/gnu/h-i686-mingw32/bin/../lib/gcc/nios2-elf/4.1.2/../../../../nios2-elf/lib\libc.a(lib_a-fseek.o)
 .bss           0x00818ef0        0x0 c:/altera/13.0/nios2eds/bin/gnu/h-i686-mingw32/bin/../lib/gcc/nios2-elf/4.1.2/../../../../nios2-elf/lib\libc.a(lib_a-fstatr.o)
 .bss           0x00818ef0        0x0 c:/altera/13.0/nios2eds/bin/gnu/h-i686-mingw32/bin/../lib/gcc/nios2-elf/4.1.2/../../../../nios2-elf/lib\libc.a(lib_a-fvwrite.o)
 .bss           0x00818ef0        0x0 c:/altera/13.0/nios2eds/bin/gnu/h-i686-mingw32/bin/../lib/gcc/nios2-elf/4.1.2/../../../../nios2-elf/lib\libc.a(lib_a-fwalk.o)
 .bss           0x00818ef0        0x0 c:/altera/13.0/nios2eds/bin/gnu/h-i686-mingw32/bin/../lib/gcc/nios2-elf/4.1.2/../../../../nios2-elf/lib\libc.a(lib_a-impure.o)
 .bss           0x00818ef0        0x0 c:/altera/13.0/nios2eds/bin/gnu/h-i686-mingw32/bin/../lib/gcc/nios2-elf/4.1.2/../../../../nios2-elf/lib\libc.a(lib_a-int_errno.o)
 .bss           0x00818ef0        0x0 c:/altera/13.0/nios2eds/bin/gnu/h-i686-mingw32/bin/../lib/gcc/nios2-elf/4.1.2/../../../../nios2-elf/lib\libc.a(lib_a-makebuf.o)
 .bss           0x00818ef0       0x28 c:/altera/13.0/nios2eds/bin/gnu/h-i686-mingw32/bin/../lib/gcc/nios2-elf/4.1.2/../../../../nios2-elf/lib\libc.a(lib_a-mallocr.o)
                0x00818ef0                __malloc_current_mallinfo
 .bss           0x00818f18        0x0 c:/altera/13.0/nios2eds/bin/gnu/h-i686-mingw32/bin/../lib/gcc/nios2-elf/4.1.2/../../../../nios2-elf/lib\libc.a(lib_a-memchr.o)
 .bss           0x00818f18        0x0 c:/altera/13.0/nios2eds/bin/gnu/h-i686-mingw32/bin/../lib/gcc/nios2-elf/4.1.2/../../../../nios2-elf/lib\libc.a(lib_a-memcpy.o)
 .bss           0x00818f18        0x0 c:/altera/13.0/nios2eds/bin/gnu/h-i686-mingw32/bin/../lib/gcc/nios2-elf/4.1.2/../../../../nios2-elf/lib\libc.a(lib_a-memmove.o)
 .bss           0x00818f18        0x0 c:/altera/13.0/nios2eds/bin/gnu/h-i686-mingw32/bin/../lib/gcc/nios2-elf/4.1.2/../../../../nios2-elf/lib\libc.a(lib_a-memset.o)
 .bss           0x00818f18        0x0 c:/altera/13.0/nios2eds/bin/gnu/h-i686-mingw32/bin/../lib/gcc/nios2-elf/4.1.2/../../../../nios2-elf/lib\libc.a(lib_a-openr.o)
 .bss           0x00818f18        0x0 c:/altera/13.0/nios2eds/bin/gnu/h-i686-mingw32/bin/../lib/gcc/nios2-elf/4.1.2/../../../../nios2-elf/lib\libc.a(lib_a-printf.o)
 .bss           0x00818f18        0x0 c:/altera/13.0/nios2eds/bin/gnu/h-i686-mingw32/bin/../lib/gcc/nios2-elf/4.1.2/../../../../nios2-elf/lib\libc.a(lib_a-puts.o)
 .bss           0x00818f18        0x0 c:/altera/13.0/nios2eds/bin/gnu/h-i686-mingw32/bin/../lib/gcc/nios2-elf/4.1.2/../../../../nios2-elf/lib\libc.a(lib_a-reallocr.o)
 .bss           0x00818f18        0x0 c:/altera/13.0/nios2eds/bin/gnu/h-i686-mingw32/bin/../lib/gcc/nios2-elf/4.1.2/../../../../nios2-elf/lib\libc.a(lib_a-refill.o)
 .bss           0x00818f18        0x0 c:/altera/13.0/nios2eds/bin/gnu/h-i686-mingw32/bin/../lib/gcc/nios2-elf/4.1.2/../../../../nios2-elf/lib\libc.a(lib_a-rget.o)
 .bss           0x00818f18        0x0 c:/altera/13.0/nios2eds/bin/gnu/h-i686-mingw32/bin/../lib/gcc/nios2-elf/4.1.2/../../../../nios2-elf/lib\libc.a(lib_a-sbrkr.o)
 .bss           0x00818f18        0x0 c:/altera/13.0/nios2eds/bin/gnu/h-i686-mingw32/bin/../lib/gcc/nios2-elf/4.1.2/../../../../nios2-elf/lib\libc.a(lib_a-sprintf.o)
 .bss           0x00818f18        0x0 c:/altera/13.0/nios2eds/bin/gnu/h-i686-mingw32/bin/../lib/gcc/nios2-elf/4.1.2/../../../../nios2-elf/lib\libc.a(lib_a-sscanf.o)
 .bss           0x00818f18        0x0 c:/altera/13.0/nios2eds/bin/gnu/h-i686-mingw32/bin/../lib/gcc/nios2-elf/4.1.2/../../../../nios2-elf/lib\libc.a(lib_a-stdio.o)
 .bss           0x00818f18        0x0 c:/altera/13.0/nios2eds/bin/gnu/h-i686-mingw32/bin/../lib/gcc/nios2-elf/4.1.2/../../../../nios2-elf/lib\libc.a(lib_a-strlen.o)
 .bss           0x00818f18        0x0 c:/altera/13.0/nios2eds/bin/gnu/h-i686-mingw32/bin/../lib/gcc/nios2-elf/4.1.2/../../../../nios2-elf/lib\libc.a(lib_a-vfprintf.o)
 .bss           0x00818f18        0x0 c:/altera/13.0/nios2eds/bin/gnu/h-i686-mingw32/bin/../lib/gcc/nios2-elf/4.1.2/../../../../nios2-elf/lib\libc.a(lib_a-vfscanf.o)
 .bss           0x00818f18        0x0 c:/altera/13.0/nios2eds/bin/gnu/h-i686-mingw32/bin/../lib/gcc/nios2-elf/4.1.2/../../../../nios2-elf/lib\libc.a(lib_a-writer.o)
 .bss           0x00818f18        0x0 c:/altera/13.0/nios2eds/bin/gnu/h-i686-mingw32/bin/../lib/gcc/nios2-elf/4.1.2/../../../../nios2-elf/lib\libc.a(lib_a-wsetup.o)
 .bss           0x00818f18        0x0 c:/altera/13.0/nios2eds/bin/gnu/h-i686-mingw32/bin/../lib/gcc/nios2-elf/4.1.2/../../../../nios2-elf/lib\libc.a(lib_a-closer.o)
 .bss           0x00818f18        0x0 c:/altera/13.0/nios2eds/bin/gnu/h-i686-mingw32/bin/../lib/gcc/nios2-elf/4.1.2/../../../../nios2-elf/lib\libc.a(lib_a-ctype_.o)
 .bss           0x00818f18        0x0 c:/altera/13.0/nios2eds/bin/gnu/h-i686-mingw32/bin/../lib/gcc/nios2-elf/4.1.2/../../../../nios2-elf/lib\libc.a(lib_a-dtoa.o)
 .bss           0x00818f18        0x0 c:/altera/13.0/nios2eds/bin/gnu/h-i686-mingw32/bin/../lib/gcc/nios2-elf/4.1.2/../../../../nios2-elf/lib\libc.a(lib_a-flags.o)
 .bss           0x00818f18        0x0 c:/altera/13.0/nios2eds/bin/gnu/h-i686-mingw32/bin/../lib/gcc/nios2-elf/4.1.2/../../../../nios2-elf/lib\libc.a(lib_a-fread.o)
 .bss           0x00818f18        0x0 c:/altera/13.0/nios2eds/bin/gnu/h-i686-mingw32/bin/../lib/gcc/nios2-elf/4.1.2/../../../../nios2-elf/lib\libc.a(lib_a-isattyr.o)
 .bss           0x00818f18        0x0 c:/altera/13.0/nios2eds/bin/gnu/h-i686-mingw32/bin/../lib/gcc/nios2-elf/4.1.2/../../../../nios2-elf/lib\libc.a(lib_a-iswspace.o)
 .bss           0x00818f18        0x0 c:/altera/13.0/nios2eds/bin/gnu/h-i686-mingw32/bin/../lib/gcc/nios2-elf/4.1.2/../../../../nios2-elf/lib\libc.a(lib_a-locale.o)
 .bss           0x00818f18        0x0 c:/altera/13.0/nios2eds/bin/gnu/h-i686-mingw32/bin/../lib/gcc/nios2-elf/4.1.2/../../../../nios2-elf/lib\libc.a(lib_a-lseekr.o)
 .bss           0x00818f18        0x0 c:/altera/13.0/nios2eds/bin/gnu/h-i686-mingw32/bin/../lib/gcc/nios2-elf/4.1.2/../../../../nios2-elf/lib\libc.a(lib_a-mbrtowc.o)
 .bss           0x00818f18        0x0 c:/altera/13.0/nios2eds/bin/gnu/h-i686-mingw32/bin/../lib/gcc/nios2-elf/4.1.2/../../../../nios2-elf/lib\libc.a(lib_a-mbtowc_r.o)
 .bss           0x00818f18        0x0 c:/altera/13.0/nios2eds/bin/gnu/h-i686-mingw32/bin/../lib/gcc/nios2-elf/4.1.2/../../../../nios2-elf/lib\libc.a(lib_a-mprec.o)
 .bss           0x00818f18        0x0 c:/altera/13.0/nios2eds/bin/gnu/h-i686-mingw32/bin/../lib/gcc/nios2-elf/4.1.2/../../../../nios2-elf/lib\libc.a(lib_a-readr.o)
 .bss           0x00818f18        0x0 c:/altera/13.0/nios2eds/bin/gnu/h-i686-mingw32/bin/../lib/gcc/nios2-elf/4.1.2/../../../../nios2-elf/lib\libc.a(lib_a-s_isinfd.o)
 .bss           0x00818f18        0x0 c:/altera/13.0/nios2eds/bin/gnu/h-i686-mingw32/bin/../lib/gcc/nios2-elf/4.1.2/../../../../nios2-elf/lib\libc.a(lib_a-s_isnand.o)
 .bss           0x00818f18        0x0 c:/altera/13.0/nios2eds/bin/gnu/h-i686-mingw32/bin/../lib/gcc/nios2-elf/4.1.2/../../../../nios2-elf/lib\libc.a(lib_a-sccl.o)
 .bss           0x00818f18        0x0 c:/altera/13.0/nios2eds/bin/gnu/h-i686-mingw32/bin/../lib/gcc/nios2-elf/4.1.2/../../../../nios2-elf/lib\libc.a(lib_a-sf_nan.o)
 .bss           0x00818f18        0x0 c:/altera/13.0/nios2eds/bin/gnu/h-i686-mingw32/bin/../lib/gcc/nios2-elf/4.1.2/../../../../nios2-elf/lib\libc.a(lib_a-strcmp.o)
 .bss           0x00818f18        0x0 c:/altera/13.0/nios2eds/bin/gnu/h-i686-mingw32/bin/../lib/gcc/nios2-elf/4.1.2/../../../../nios2-elf/lib\libc.a(lib_a-strtod.o)
 .bss           0x00818f18        0x0 c:/altera/13.0/nios2eds/bin/gnu/h-i686-mingw32/bin/../lib/gcc/nios2-elf/4.1.2/../../../../nios2-elf/lib\libc.a(lib_a-strtol.o)
 .bss           0x00818f18        0x0 c:/altera/13.0/nios2eds/bin/gnu/h-i686-mingw32/bin/../lib/gcc/nios2-elf/4.1.2/../../../../nios2-elf/lib\libc.a(lib_a-strtoll_r.o)
 .bss           0x00818f18        0x0 c:/altera/13.0/nios2eds/bin/gnu/h-i686-mingw32/bin/../lib/gcc/nios2-elf/4.1.2/../../../../nios2-elf/lib\libc.a(lib_a-strtoul.o)
 .bss           0x00818f18        0x0 c:/altera/13.0/nios2eds/bin/gnu/h-i686-mingw32/bin/../lib/gcc/nios2-elf/4.1.2/../../../../nios2-elf/lib\libc.a(lib_a-strtoull_r.o)
 .bss           0x00818f18        0x0 c:/altera/13.0/nios2eds/bin/gnu/h-i686-mingw32/bin/../lib/gcc/nios2-elf/4.1.2/../../../../nios2-elf/lib\libc.a(lib_a-ungetc.o)
 .bss           0x00818f18        0x0 c:/altera/13.0/nios2eds/bin/gnu/h-i686-mingw32/bin/../lib/gcc/nios2-elf/4.1.2/../../../../nios2-elf/lib\libc.a(lib_a-callocr.o)
 .bss           0x00818f18        0x0 c:/altera/13.0/nios2eds/bin/gnu/h-i686-mingw32/bin/../lib/gcc/nios2-elf/4.1.2/../../../../nios2-elf/lib\libc.a(lib_a-gdtoa-gethex.o)
 .bss           0x00818f18        0x0 c:/altera/13.0/nios2eds/bin/gnu/h-i686-mingw32/bin/../lib/gcc/nios2-elf/4.1.2/../../../../nios2-elf/lib\libc.a(lib_a-gdtoa-hexnan.o)
 .bss           0x00818f18        0x0 c:/altera/13.0/nios2eds/bin/gnu/h-i686-mingw32/bin/../lib/gcc/nios2-elf/4.1.2\libgcc.a(_muldi3.o)
 .bss           0x00818f18        0x0 c:/altera/13.0/nios2eds/bin/gnu/h-i686-mingw32/bin/../lib/gcc/nios2-elf/4.1.2\libgcc.a(_fixunsdfsi.o)
 .bss           0x00818f18        0x0 c:/altera/13.0/nios2eds/bin/gnu/h-i686-mingw32/bin/../lib/gcc/nios2-elf/4.1.2\libgcc.a(_udivdi3.o)
 .bss           0x00818f18        0x0 c:/altera/13.0/nios2eds/bin/gnu/h-i686-mingw32/bin/../lib/gcc/nios2-elf/4.1.2\libgcc.a(_umoddi3.o)
 .bss           0x00818f18        0x0 c:/altera/13.0/nios2eds/bin/gnu/h-i686-mingw32/bin/../lib/gcc/nios2-elf/4.1.2\libgcc.a(_ne_sf.o)
 .bss           0x00818f18        0x0 c:/altera/13.0/nios2eds/bin/gnu/h-i686-mingw32/bin/../lib/gcc/nios2-elf/4.1.2\libgcc.a(_gt_sf.o)
 .bss           0x00818f18        0x0 c:/altera/13.0/nios2eds/bin/gnu/h-i686-mingw32/bin/../lib/gcc/nios2-elf/4.1.2\libgcc.a(_lt_sf.o)
 .bss           0x00818f18        0x0 c:/altera/13.0/nios2eds/bin/gnu/h-i686-mingw32/bin/../lib/gcc/nios2-elf/4.1.2\libgcc.a(_addsub_df.o)
 .bss           0x00818f18        0x0 c:/altera/13.0/nios2eds/bin/gnu/h-i686-mingw32/bin/../lib/gcc/nios2-elf/4.1.2\libgcc.a(_mul_df.o)
 .bss           0x00818f18        0x0 c:/altera/13.0/nios2eds/bin/gnu/h-i686-mingw32/bin/../lib/gcc/nios2-elf/4.1.2\libgcc.a(_div_df.o)
 .bss           0x00818f18        0x0 c:/altera/13.0/nios2eds/bin/gnu/h-i686-mingw32/bin/../lib/gcc/nios2-elf/4.1.2\libgcc.a(_eq_df.o)
 .bss           0x00818f18        0x0 c:/altera/13.0/nios2eds/bin/gnu/h-i686-mingw32/bin/../lib/gcc/nios2-elf/4.1.2\libgcc.a(_ne_df.o)
 .bss           0x00818f18        0x0 c:/altera/13.0/nios2eds/bin/gnu/h-i686-mingw32/bin/../lib/gcc/nios2-elf/4.1.2\libgcc.a(_gt_df.o)
 .bss           0x00818f18        0x0 c:/altera/13.0/nios2eds/bin/gnu/h-i686-mingw32/bin/../lib/gcc/nios2-elf/4.1.2\libgcc.a(_ge_df.o)
 .bss           0x00818f18        0x0 c:/altera/13.0/nios2eds/bin/gnu/h-i686-mingw32/bin/../lib/gcc/nios2-elf/4.1.2\libgcc.a(_lt_df.o)
 .bss           0x00818f18        0x0 c:/altera/13.0/nios2eds/bin/gnu/h-i686-mingw32/bin/../lib/gcc/nios2-elf/4.1.2\libgcc.a(_le_df.o)
 .bss           0x00818f18        0x0 c:/altera/13.0/nios2eds/bin/gnu/h-i686-mingw32/bin/../lib/gcc/nios2-elf/4.1.2\libgcc.a(_si_to_df.o)
 .bss           0x00818f18        0x0 c:/altera/13.0/nios2eds/bin/gnu/h-i686-mingw32/bin/../lib/gcc/nios2-elf/4.1.2\libgcc.a(_df_to_si.o)
 .bss           0x00818f18        0x0 c:/altera/13.0/nios2eds/bin/gnu/h-i686-mingw32/bin/../lib/gcc/nios2-elf/4.1.2\libgcc.a(_df_to_sf.o)
 .bss           0x00818f18        0x0 c:/altera/13.0/nios2eds/bin/gnu/h-i686-mingw32/bin/../lib/gcc/nios2-elf/4.1.2\libgcc.a(_thenan_df.o)
 .bss           0x00818f18        0x0 c:/altera/13.0/nios2eds/bin/gnu/h-i686-mingw32/bin/../lib/gcc/nios2-elf/4.1.2\libgcc.a(_usi_to_df.o)
 .bss           0x00818f18        0x0 c:/altera/13.0/nios2eds/bin/gnu/h-i686-mingw32/bin/../lib/gcc/nios2-elf/4.1.2\libgcc.a(lib2-divmod.o)
 .bss           0x00818f18        0x0 c:/altera/13.0/nios2eds/bin/gnu/h-i686-mingw32/bin/../lib/gcc/nios2-elf/4.1.2\libgcc.a(_clz.o)
 .bss           0x00818f18        0x0 c:/altera/13.0/nios2eds/bin/gnu/h-i686-mingw32/bin/../lib/gcc/nios2-elf/4.1.2\libgcc.a(_clzsi2.o)
 .bss           0x00818f18        0x0 c:/altera/13.0/nios2eds/bin/gnu/h-i686-mingw32/bin/../lib/gcc/nios2-elf/4.1.2\libgcc.a(_unpack_sf.o)
 .bss           0x00818f18        0x0 c:/altera/13.0/nios2eds/bin/gnu/h-i686-mingw32/bin/../lib/gcc/nios2-elf/4.1.2\libgcc.a(_fpcmp_parts_sf.o)
 .bss           0x00818f18        0x0 c:/altera/13.0/nios2eds/bin/gnu/h-i686-mingw32/bin/../lib/gcc/nios2-elf/4.1.2\libgcc.a(_make_sf.o)
 .bss           0x00818f18        0x0 c:/altera/13.0/nios2eds/bin/gnu/h-i686-mingw32/bin/../lib/gcc/nios2-elf/4.1.2\libgcc.a(_pack_df.o)
 .bss           0x00818f18        0x0 c:/altera/13.0/nios2eds/bin/gnu/h-i686-mingw32/bin/../lib/gcc/nios2-elf/4.1.2\libgcc.a(_unpack_df.o)
 .bss           0x00818f18        0x0 c:/altera/13.0/nios2eds/bin/gnu/h-i686-mingw32/bin/../lib/gcc/nios2-elf/4.1.2\libgcc.a(_fpcmp_parts_df.o)
 .bss           0x00818f18        0x0 c:/altera/13.0/nios2eds/bin/gnu/h-i686-mingw32/bin/../lib/gcc/nios2-elf/4.1.2\libgcc.a(_pack_sf.o)
 .bss           0x00818f18        0x0 ../alproject_final_bsp/\libhal_bsp.a(alt_alarm_start.o)
 .bss           0x00818f18        0x0 ../alproject_final_bsp/\libhal_bsp.a(alt_close.o)
 .bss           0x00818f18        0x0 ../alproject_final_bsp/\libhal_bsp.a(alt_dev.o)
 .bss           0x00818f18        0x0 ../alproject_final_bsp/\libhal_bsp.a(alt_errno.o)
 .bss           0x00818f18        0x0 ../alproject_final_bsp/\libhal_bsp.a(alt_fstat.o)
 .bss           0x00818f18        0x0 ../alproject_final_bsp/\libhal_bsp.a(alt_irq_register.o)
 .bss           0x00818f18        0x0 ../alproject_final_bsp/\libhal_bsp.a(alt_irq_vars.o)
 .bss           0x00818f18        0x0 ../alproject_final_bsp/\libhal_bsp.a(alt_isatty.o)
 .bss           0x00818f18        0x0 ../alproject_final_bsp/\libhal_bsp.a(alt_load.o)
 .bss           0x00818f18        0x0 ../alproject_final_bsp/\libhal_bsp.a(alt_lseek.o)
 .bss           0x00818f18        0x0 ../alproject_final_bsp/\libhal_bsp.a(alt_main.o)
 .bss           0x00818f18        0x0 ../alproject_final_bsp/\libhal_bsp.a(alt_malloc_lock.o)
 .bss           0x00818f18        0x0 ../alproject_final_bsp/\libhal_bsp.a(alt_open.o)
 .bss           0x00818f18        0x0 ../alproject_final_bsp/\libhal_bsp.a(alt_read.o)
 .bss           0x00818f18        0x0 ../alproject_final_bsp/\libhal_bsp.a(alt_release_fd.o)
 .bss           0x00818f18        0x0 ../alproject_final_bsp/\libhal_bsp.a(alt_sbrk.o)
 .bss           0x00818f18        0x0 ../alproject_final_bsp/\libhal_bsp.a(alt_tick.o)
 .bss           0x00818f18        0x0 ../alproject_final_bsp/\libhal_bsp.a(alt_write.o)
 .bss           0x00818f18        0x0 ../alproject_final_bsp/\libhal_bsp.a(alt_sys_init.o)
 .bss           0x00818f18        0x0 ../alproject_final_bsp/\libhal_bsp.a(altera_avalon_jtag_uart_fd.o)
 .bss           0x00818f18        0x0 ../alproject_final_bsp/\libhal_bsp.a(altera_avalon_jtag_uart_init.o)
 .bss           0x00818f18        0x0 ../alproject_final_bsp/\libhal_bsp.a(altera_avalon_jtag_uart_ioctl.o)
 .bss           0x00818f18        0x0 ../alproject_final_bsp/\libhal_bsp.a(altera_avalon_jtag_uart_read.o)
 .bss           0x00818f18        0x0 ../alproject_final_bsp/\libhal_bsp.a(altera_avalon_jtag_uart_write.o)
 .bss           0x00818f18        0x0 ../alproject_final_bsp/\libhal_bsp.a(altera_avalon_lcd_16207.o)
 .bss           0x00818f18        0x0 ../alproject_final_bsp/\libhal_bsp.a(altera_avalon_lcd_16207_fd.o)
 .bss           0x00818f18        0x0 ../alproject_final_bsp/\libhal_bsp.a(altera_avalon_timer_sc.o)
 .bss           0x00818f18        0x0 ../alproject_final_bsp/\libhal_bsp.a(altera_avalon_uart_fd.o)
 .bss           0x00818f18        0x0 ../alproject_final_bsp/\libhal_bsp.a(altera_avalon_uart_init.o)
 .bss           0x00818f18        0x0 ../alproject_final_bsp/\libhal_bsp.a(altera_avalon_uart_read.o)
 .bss           0x00818f18        0x0 ../alproject_final_bsp/\libhal_bsp.a(altera_avalon_uart_write.o)
 .bss           0x00818f18        0x0 ../alproject_final_bsp/\libhal_bsp.a(alt_dcache_flush_all.o)
 .bss           0x00818f18        0x0 ../alproject_final_bsp/\libhal_bsp.a(alt_dev_llist_insert.o)
 .bss           0x00818f18        0x0 ../alproject_final_bsp/\libhal_bsp.a(alt_do_ctors.o)
 .bss           0x00818f18        0x0 ../alproject_final_bsp/\libhal_bsp.a(alt_do_dtors.o)
 .bss           0x00818f18        0x0 ../alproject_final_bsp/\libhal_bsp.a(alt_find_dev.o)
 .bss           0x00818f18        0x0 ../alproject_final_bsp/\libhal_bsp.a(alt_find_file.o)
 .bss           0x00818f18        0x0 ../alproject_final_bsp/\libhal_bsp.a(alt_get_fd.o)
 .bss           0x00818f18        0x0 ../alproject_final_bsp/\libhal_bsp.a(alt_icache_flush_all.o)
 .bss           0x00818f18        0x0 ../alproject_final_bsp/\libhal_bsp.a(alt_iic.o)
 .bss           0x00818f18        0x0 ../alproject_final_bsp/\libhal_bsp.a(alt_iic_isr_register.o)
 .bss           0x00818f18        0x0 ../alproject_final_bsp/\libhal_bsp.a(alt_io_redirect.o)
 .bss           0x00818f18        0x0 ../alproject_final_bsp/\libhal_bsp.a(alt_irq_entry.o)
 .bss           0x00818f18        0x0 ../alproject_final_bsp/\libhal_bsp.a(alt_irq_handler.o)
 .bss           0x00818f18        0x0 ../alproject_final_bsp/\libhal_bsp.a(alt_usleep.o)
 .bss           0x00818f18        0x0 ../alproject_final_bsp/\libhal_bsp.a(altera_nios2_qsys_irq.o)
 .bss           0x00818f18        0x0 ../alproject_final_bsp/\libhal_bsp.a(alt_busy_sleep.o)
 .bss           0x00818f18        0x0 ../alproject_final_bsp/\libhal_bsp.a(alt_exception_entry.o)
 .bss           0x00818f18        0x0 ../alproject_final_bsp/\libhal_bsp.a(alt_icache_flush.o)
 .bss           0x00818f18        0x0 c:/altera/13.0/nios2eds/bin/gnu/h-i686-mingw32/bin/../lib/gcc/nios2-elf/4.1.2/../../../../nios2-elf/lib\libc.a(lib_a-atexit.o)
 .bss           0x00818f18        0x0 c:/altera/13.0/nios2eds/bin/gnu/h-i686-mingw32/bin/../lib/gcc/nios2-elf/4.1.2/../../../../nios2-elf/lib\libc.a(lib_a-exit.o)
 .bss           0x00818f18        0x0 c:/altera/13.0/nios2eds/bin/gnu/h-i686-mingw32/bin/../lib/gcc/nios2-elf/4.1.2/../../../../nios2-elf/lib\libc.a(lib_a-memcmp.o)
 .bss           0x00818f18        0x0 c:/altera/13.0/nios2eds/bin/gnu/h-i686-mingw32/bin/../lib/gcc/nios2-elf/4.1.2/../../../../nios2-elf/lib\libc.a(lib_a-__atexit.o)
 .bss           0x00818f18        0x0 c:/altera/13.0/nios2eds/bin/gnu/h-i686-mingw32/bin/../lib/gcc/nios2-elf/4.1.2/../../../../nios2-elf/lib\libc.a(lib_a-__call_atexit.o)
 .bss           0x00818f18        0x0 ../alproject_final_bsp/\libhal_bsp.a(alt_exit.o)
 *(COMMON)
 COMMON         0x00818f18      0x100 c:/altera/13.0/nios2eds/bin/gnu/h-i686-mingw32/bin/../lib/gcc/nios2-elf/4.1.2/../../../../nios2-elf/lib\libc.a(lib_a-gdtoa-gethex.o)
                0x00818f18                __hexdig
 COMMON         0x00819018      0x100 ../alproject_final_bsp/\libhal_bsp.a(alt_irq_handler.o)
                0x00819018                alt_irq
 COMMON         0x00819118      0x190 c:/altera/13.0/nios2eds/bin/gnu/h-i686-mingw32/bin/../lib/gcc/nios2-elf/4.1.2/../../../../nios2-elf/lib\libc.a(lib_a-atexit.o)
                0x00819118                _atexit0
                0x008192a8                . = ALIGN (0x4)
                0x008192a8                __bss_end = ABSOLUTE (.)

.sdram_controller
                0x008192a8        0x0
                0x008192a8                PROVIDE (_alt_partition_sdram_controller_start, ABSOLUTE (.))
 *(.sdram_controller. sdram_controller.*)
                0x008192a8                . = ALIGN (0x4)
                0x008192a8                PROVIDE (_alt_partition_sdram_controller_end, ABSOLUTE (.))
                0x008192a8                _end = ABSOLUTE (.)
                0x008192a8                end = ABSOLUTE (.)
                0x008192a8                __alt_stack_base = ABSOLUTE (.)
                0x008192a8                PROVIDE (_alt_partition_sdram_controller_load_addr, LOADADDR (.sdram_controller))

.onchip_mem     0x01008000        0x0 load address 0x008192a8
                0x01008000                PROVIDE (_alt_partition_onchip_mem_start, ABSOLUTE (.))
 *(.onchip_mem. onchip_mem.*)
                0x01008000                . = ALIGN (0x4)
                0x01008000                PROVIDE (_alt_partition_onchip_mem_end, ABSOLUTE (.))
                0x008192a8                PROVIDE (_alt_partition_onchip_mem_load_addr, LOADADDR (.onchip_mem))

.stab
 *(.stab)

.stabstr
 *(.stabstr)

.stab.excl
 *(.stab.excl)

.stab.exclstr
 *(.stab.exclstr)

.stab.index
 *(.stab.index)

.stab.indexstr
 *(.stab.indexstr)

.comment        0x00000000       0x23
 *(.comment)
 .comment       0x00000000       0x23 obj/default/hello_world.o
                                 0x24 (size before relaxing)
 .comment       0x00000000       0x24 c:/altera/13.0/nios2eds/bin/gnu/h-i686-mingw32/bin/../lib/gcc/nios2-elf/4.1.2/../../../../nios2-elf/lib\libc.a(lib_a-fclose.o)
 .comment       0x00000000       0x24 c:/altera/13.0/nios2eds/bin/gnu/h-i686-mingw32/bin/../lib/gcc/nios2-elf/4.1.2/../../../../nios2-elf/lib\libc.a(lib_a-fflush.o)
 .comment       0x00000000       0x24 c:/altera/13.0/nios2eds/bin/gnu/h-i686-mingw32/bin/../lib/gcc/nios2-elf/4.1.2/../../../../nios2-elf/lib\libc.a(lib_a-fgetc.o)
 .comment       0x00000000       0x24 c:/altera/13.0/nios2eds/bin/gnu/h-i686-mingw32/bin/../lib/gcc/nios2-elf/4.1.2/../../../../nios2-elf/lib\libc.a(lib_a-findfp.o)
 .comment       0x00000000       0x24 c:/altera/13.0/nios2eds/bin/gnu/h-i686-mingw32/bin/../lib/gcc/nios2-elf/4.1.2/../../../../nios2-elf/lib\libc.a(lib_a-fopen.o)
 .comment       0x00000000       0x24 c:/altera/13.0/nios2eds/bin/gnu/h-i686-mingw32/bin/../lib/gcc/nios2-elf/4.1.2/../../../../nios2-elf/lib\libc.a(lib_a-fprintf.o)
 .comment       0x00000000       0x24 c:/altera/13.0/nios2eds/bin/gnu/h-i686-mingw32/bin/../lib/gcc/nios2-elf/4.1.2/../../../../nios2-elf/lib\libc.a(lib_a-fputs.o)
 .comment       0x00000000       0x24 c:/altera/13.0/nios2eds/bin/gnu/h-i686-mingw32/bin/../lib/gcc/nios2-elf/4.1.2/../../../../nios2-elf/lib\libc.a(lib_a-freer.o)
 .comment       0x00000000       0x24 c:/altera/13.0/nios2eds/bin/gnu/h-i686-mingw32/bin/../lib/gcc/nios2-elf/4.1.2/../../../../nios2-elf/lib\libc.a(lib_a-fseek.o)
 .comment       0x00000000       0x24 c:/altera/13.0/nios2eds/bin/gnu/h-i686-mingw32/bin/../lib/gcc/nios2-elf/4.1.2/../../../../nios2-elf/lib\libc.a(lib_a-fstatr.o)
 .comment       0x00000000       0x24 c:/altera/13.0/nios2eds/bin/gnu/h-i686-mingw32/bin/../lib/gcc/nios2-elf/4.1.2/../../../../nios2-elf/lib\libc.a(lib_a-fvwrite.o)
 .comment       0x00000000       0x24 c:/altera/13.0/nios2eds/bin/gnu/h-i686-mingw32/bin/../lib/gcc/nios2-elf/4.1.2/../../../../nios2-elf/lib\libc.a(lib_a-fwalk.o)
 .comment       0x00000000       0x24 c:/altera/13.0/nios2eds/bin/gnu/h-i686-mingw32/bin/../lib/gcc/nios2-elf/4.1.2/../../../../nios2-elf/lib\libc.a(lib_a-impure.o)
 .comment       0x00000000       0x24 c:/altera/13.0/nios2eds/bin/gnu/h-i686-mingw32/bin/../lib/gcc/nios2-elf/4.1.2/../../../../nios2-elf/lib\libc.a(lib_a-int_errno.o)