Archive member included because of file (symbol)

c:/altera/13.0/nios2eds/bin/gnu/h-i686-mingw32/bin/../lib/gcc/nios2-elf/4.1.2/../../../../nios2-elf/lib\libc.a(lib_a-fclose.o)
                              obj/default/trafficController.o (fclose)
c:/altera/13.0/nios2eds/bin/gnu/h-i686-mingw32/bin/../lib/gcc/nios2-elf/4.1.2/../../../../nios2-elf/lib\libc.a(lib_a-fflush.o)
                              c:/altera/13.0/nios2eds/bin/gnu/h-i686-mingw32/bin/../lib/gcc/nios2-elf/4.1.2/../../../../nios2-elf/lib\libc.a(lib_a-fclose.o) (_fflush_r)
c:/altera/13.0/nios2eds/bin/gnu/h-i686-mingw32/bin/../lib/gcc/nios2-elf/4.1.2/../../../../nios2-elf/lib\libc.a(lib_a-fgetc.o)
                              obj/default/trafficController.o (fgetc)
c:/altera/13.0/nios2eds/bin/gnu/h-i686-mingw32/bin/../lib/gcc/nios2-elf/4.1.2/../../../../nios2-elf/lib\libc.a(lib_a-findfp.o)
                              c:/altera/13.0/nios2eds/bin/gnu/h-i686-mingw32/bin/../lib/gcc/nios2-elf/4.1.2/../../../../nios2-elf/lib\libc.a(lib_a-fclose.o) (__sfp_lock_acquire)
c:/altera/13.0/nios2eds/bin/gnu/h-i686-mingw32/bin/../lib/gcc/nios2-elf/4.1.2/../../../../nios2-elf/lib\libc.a(lib_a-fopen.o)
                              obj/default/trafficController.o (fopen)
c:/altera/13.0/nios2eds/bin/gnu/h-i686-mingw32/bin/../lib/gcc/nios2-elf/4.1.2/../../../../nios2-elf/lib\libc.a(lib_a-fprintf.o)
                              obj/default/trafficController.o (fprintf)
c:/altera/13.0/nios2eds/bin/gnu/h-i686-mingw32/bin/../lib/gcc/nios2-elf/4.1.2/../../../../nios2-elf/lib\libc.a(lib_a-fputs.o)
                              obj/default/trafficController.o (fputs)
c:/altera/13.0/nios2eds/bin/gnu/h-i686-mingw32/bin/../lib/gcc/nios2-elf/4.1.2/../../../../nios2-elf/lib\libc.a(lib_a-freer.o)
                              c:/altera/13.0/nios2eds/bin/gnu/h-i686-mingw32/bin/../lib/gcc/nios2-elf/4.1.2/../../../../nios2-elf/lib\libc.a(lib_a-fclose.o) (_free_r)
c:/altera/13.0/nios2eds/bin/gnu/h-i686-mingw32/bin/../lib/gcc/nios2-elf/4.1.2/../../../../nios2-elf/lib\libc.a(lib_a-fseek.o)
                              c:/altera/13.0/nios2eds/bin/gnu/h-i686-mingw32/bin/../lib/gcc/nios2-elf/4.1.2/../../../../nios2-elf/lib\libc.a(lib_a-fopen.o) (_fseek_r)
c:/altera/13.0/nios2eds/bin/gnu/h-i686-mingw32/bin/../lib/gcc/nios2-elf/4.1.2/../../../../nios2-elf/lib\libc.a(lib_a-fstatr.o)
                              c:/altera/13.0/nios2eds/bin/gnu/h-i686-mingw32/bin/../lib/gcc/nios2-elf/4.1.2/../../../../nios2-elf/lib\libc.a(lib_a-fseek.o) (_fstat_r)
c:/altera/13.0/nios2eds/bin/gnu/h-i686-mingw32/bin/../lib/gcc/nios2-elf/4.1.2/../../../../nios2-elf/lib\libc.a(lib_a-fvwrite.o)
                              c:/altera/13.0/nios2eds/bin/gnu/h-i686-mingw32/bin/../lib/gcc/nios2-elf/4.1.2/../../../../nios2-elf/lib\libc.a(lib_a-fputs.o) (__sfvwrite_r)
c:/altera/13.0/nios2eds/bin/gnu/h-i686-mingw32/bin/../lib/gcc/nios2-elf/4.1.2/../../../../nios2-elf/lib\libc.a(lib_a-fwalk.o)
                              c:/altera/13.0/nios2eds/bin/gnu/h-i686-mingw32/bin/../lib/gcc/nios2-elf/4.1.2/../../../../nios2-elf/lib\libc.a(lib_a-fflush.o) (_fwalk_reent)
c:/altera/13.0/nios2eds/bin/gnu/h-i686-mingw32/bin/../lib/gcc/nios2-elf/4.1.2/../../../../nios2-elf/lib\libc.a(lib_a-impure.o)
                              c:/altera/13.0/nios2eds/bin/gnu/h-i686-mingw32/bin/../lib/gcc/nios2-elf/4.1.2/../../../../nios2-elf/lib\libc.a(lib_a-fclose.o) (_impure_ptr)
c:/altera/13.0/nios2eds/bin/gnu/h-i686-mingw32/bin/../lib/gcc/nios2-elf/4.1.2/../../../../nios2-elf/lib\libc.a(lib_a-int_errno.o)
                              c:/altera/13.0/nios2eds/bin/gnu/h-i686-mingw32/bin/../lib/gcc/nios2-elf/4.1.2/../../../../nios2-elf/lib\libc.a(lib_a-fstatr.o) (errno)
c:/altera/13.0/nios2eds/bin/gnu/h-i686-mingw32/bin/../lib/gcc/nios2-elf/4.1.2/../../../../nios2-elf/lib\libc.a(lib_a-makebuf.o)
                              c:/altera/13.0/nios2eds/bin/gnu/h-i686-mingw32/bin/../lib/gcc/nios2-elf/4.1.2/../../../../nios2-elf/lib\libc.a(lib_a-fseek.o) (__smakebuf_r)
c:/altera/13.0/nios2eds/bin/gnu/h-i686-mingw32/bin/../lib/gcc/nios2-elf/4.1.2/../../../../nios2-elf/lib\libc.a(lib_a-mallocr.o)
                              c:/altera/13.0/nios2eds/bin/gnu/h-i686-mingw32/bin/../lib/gcc/nios2-elf/4.1.2/../../../../nios2-elf/lib\libc.a(lib_a-findfp.o) (_malloc_r)
c:/altera/13.0/nios2eds/bin/gnu/h-i686-mingw32/bin/../lib/gcc/nios2-elf/4.1.2/../../../../nios2-elf/lib\libc.a(lib_a-memchr.o)
                              c:/altera/13.0/nios2eds/bin/gnu/h-i686-mingw32/bin/../lib/gcc/nios2-elf/4.1.2/../../../../nios2-elf/lib\libc.a(lib_a-fvwrite.o) (memchr)
c:/altera/13.0/nios2eds/bin/gnu/h-i686-mingw32/bin/../lib/gcc/nios2-elf/4.1.2/../../../../nios2-elf/lib\libc.a(lib_a-memcpy.o)
                              c:/altera/13.0/nios2eds/bin/gnu/h-i686-mingw32/bin/../lib/gcc/nios2-elf/4.1.2/../../../../nios2-elf/lib\libc.a(lib_a-fvwrite.o) (memcpy)
[...]
Memory Configuration

Name             Origin             Length             Attributes
reset            0x00800000         0x00000020
sdram_controller 0x00800020         0x007fffe0
onchip_mem       0x01008000         0x00008000
*default*        0x00000000         0xffffffff

Linker script and memory map

LOAD ../assignment1_bsp//obj/HAL/src/crt0.o
LOAD obj/default/trafficController.o
LOAD c:/altera/13.0/nios2eds/bin/gnu/h-i686-mingw32/bin/../lib/gcc/nios2-elf/4.1.2/../../../../nios2-elf/lib\libstdc++.a
LOAD c:/altera/13.0/nios2eds/bin/gnu/h-i686-mingw32/bin/../lib/gcc/nios2-elf/4.1.2/../../../../nios2-elf/lib\libm.a
LOAD c:/altera/13.0/nios2eds/bin/gnu/h-i686-mingw32/bin/../lib/gcc/nios2-elf/4.1.2\libgcc.a
START GROUP
LOAD c:/altera/13.0/nios2eds/bin/gnu/h-i686-mingw32/bin/../lib/gcc/nios2-elf/4.1.2/../../../../nios2-elf/lib\libc.a
LOAD c:/altera/13.0/nios2eds/bin/gnu/h-i686-mingw32/bin/../lib/gcc/nios2-elf/4.1.2\libgcc.a
LOAD ../assignment1_bsp/\libhal_bsp.a
END GROUP
LOAD c:/altera/13.0/nios2eds/bin/gnu/h-i686-mingw32/bin/../lib/gcc/nios2-elf/4.1.2\libgcc.a
                0x00800000                __alt_mem_sdram_controller = 0x800000
                0x01008000                __alt_mem_onchip_mem = 0x1008000

.entry          0x00800000       0x20
 *(.entry)
 .entry         0x00800000       0x20 ../assignment1_bsp//obj/HAL/src/crt0.o
                0x00800000                __reset

.exceptions     0x00800020      0x194
                0x00800020                PROVIDE (__ram_exceptions_start, ABSOLUTE (.))
                0x00800020                . = ALIGN (0x20)
 *(.irq)
 *(.exceptions.entry.label)
 .exceptions.entry.label
                0x00800020        0x0 ../assignment1_bsp/\libhal_bsp.a(alt_irq_entry.o)
                0x00800020                alt_irq_entry
 .exceptions.entry.label
                0x00800020        0x0 ../assignment1_bsp/\libhal_bsp.a(alt_exception_entry.o)
                0x00800020                alt_exception
 *(.exceptions.entry.user)
 *(.exceptions.entry)
 .exceptions.entry
                0x00800020       0x54 ../assignment1_bsp/\libhal_bsp.a(alt_exception_entry.o)
 *(.exceptions.irqtest.user)
 *(.exceptions.irqtest)
 .exceptions.irqtest
                0x00800074       0x10 ../assignment1_bsp/\libhal_bsp.a(alt_irq_entry.o)
 *(.exceptions.irqhandler.user)
 *(.exceptions.irqhandler)
 .exceptions.irqhandler
                0x00800084        0x4 ../assignment1_bsp/\libhal_bsp.a(alt_irq_entry.o)
 *(.exceptions.irqreturn.user)
 *(.exceptions.irqreturn)
 .exceptions.irqreturn
                0x00800088        0x4 ../assignment1_bsp/\libhal_bsp.a(alt_irq_entry.o)
 *(.exceptions.notirq.label)
 .exceptions.notirq.label
                0x0080008c        0x0 ../assignment1_bsp/\libhal_bsp.a(alt_irq_entry.o)
 *(.exceptions.notirq.user)
 *(.exceptions.notirq)
 .exceptions.notirq
                0x0080008c        0x8 ../assignment1_bsp/\libhal_bsp.a(alt_exception_entry.o)
 *(.exceptions.soft.user)
 *(.exceptions.soft)
 *(.exceptions.unknown.user)
 *(.exceptions.unknown)
 .exceptions.unknown
                0x00800094        0x4 ../assignment1_bsp/\libhal_bsp.a(alt_exception_entry.o)
 *(.exceptions.exit.label)
 .exceptions.exit.label
                0x00800098        0x0 ../assignment1_bsp/\libhal_bsp.a(alt_irq_entry.o)
 .exceptions.exit.label
                0x00800098        0x0 ../assignment1_bsp/\libhal_bsp.a(alt_exception_entry.o)
 *(.exceptions.exit.user)
 *(.exceptions.exit)
 .exceptions.exit
                0x00800098       0x54 ../assignment1_bsp/\libhal_bsp.a(alt_exception_entry.o)
 *(.exceptions)
 .exceptions    0x008000ec       0xc8 ../assignment1_bsp/\libhal_bsp.a(alt_irq_handler.o)
                0x008000ec                alt_irq_handler
                0x008001b4                PROVIDE (__ram_exceptions_end, ABSOLUTE (.))
                0x00800020                PROVIDE (__flash_exceptions_start, LOADADDR (.exceptions))

.text           0x008001b4    0x14920
                0x008001b4                PROVIDE (stext, ABSOLUTE (.))
 *(.interp)
 *(.hash)
 *(.dynsym)
 *(.dynstr)
 *(.gnu.version)
 *(.gnu.version_d)
 *(.gnu.version_r)
 *(.rel.init)
 *(.rela.init)
 *(.rel.text .rel.text.* .rel.gnu.linkonce.t.*)
 *(.rela.text .rela.text.* .rela.gnu.linkonce.t.*)
 *(.rel.fini)
 *(.rela.fini)
 *(.rel.rodata .rel.rodata.* .rel.gnu.linkonce.r.*)
 *(.rela.rodata .rela.rodata.* .rela.gnu.linkonce.r.*)
 *(.rel.data .rel.data.* .rel.gnu.linkonce.d.*)
 *(.rela.data .rela.data.* .rela.gnu.linkonce.d.*)
 *(.rel.tdata .rel.tdata.* .rel.gnu.linkonce.td.*)
 *(.rela.tdata .rela.tdata.* .rela.gnu.linkonce.td.*)
 *(.rel.tbss .rel.tbss.* .rel.gnu.linkonce.tb.*)
 *(.rela.tbss .rela.tbss.* .rela.gnu.linkonce.tb.*)
 *(.rel.ctors)
 *(.rela.ctors)
 *(.rel.dtors)
 *(.rela.dtors)
 *(.rel.got)
 *(.rela.got)
 *(.rel.sdata .rel.sdata.* .rel.gnu.linkonce.s.*)
 *(.rela.sdata .rela.sdata.* .rela.gnu.linkonce.s.*)
 *(.rel.sbss .rel.sbss.* .rel.gnu.linkonce.sb.*)
 *(.rela.sbss .rela.sbss.* .rela.gnu.linkonce.sb.*)
 *(.rel.sdata2 .rel.sdata2.* .rel.gnu.linkonce.s2.*)
 *(.rela.sdata2 .rela.sdata2.* .rela.gnu.linkonce.s2.*)
 *(.rel.sbss2 .rel.sbss2.* .rel.gnu.linkonce.sb2.*)
 *(.rela.sbss2 .rela.sbss2.* .rela.gnu.linkonce.sb2.*)
 *(.rel.bss .rel.bss.* .rel.gnu.linkonce.b.*)
 *(.rela.bss .rela.bss.* .rela.gnu.linkonce.b.*)
 *(.rel.plt)
 *(.rela.plt)
 *(.rel.dyn)
 *(.init)
 *(.plt)
 *(.text .stub .text.* .gnu.linkonce.t.*)
 .text          0x008001b4       0x4c ../assignment1_bsp//obj/HAL/src/crt0.o
                0x008001b4                _start
 .text          0x00800200      0xd88 obj/default/trafficController.o
                0x00800200                init_tlc
                0x00800248                lcd_set_mode
                0x008002b0                buttons_driver
                0x008003b8                handle_mode_button
                0x008003e4                simple_tlc
                0x00800560                tlc_timer_isr
                0x008005e8                NSEW_ped_isr
                0x008006cc                init_buttons_pio
                0x00800730                pedestrian_tlc
                0x0080090c                configurable_tlc
                0x008009c0                config_tlc
                0x00800a08                timeout_data_handler
                0x00800bb0                buffer_timeout
                0x00800bd0                update_timeout
                0x00800bf0                camera_timer_isr
                0x00800ca8                camera_tlc
                0x00800dc0                printToUART
                0x00800e20                handle_vehicle_button
                0x00800e5c                main
 .text          0x00800f88      0x124 c:/altera/13.0/nios2eds/bin/gnu/h-i686-mingw32/bin/../lib/gcc/nios2-elf/4.1.2/../../../../nios2-elf/lib\libc.a(lib_a-fclose.o)
                0x00800f88                _fclose_r
                0x00801098                fclose
 .text          0x008010ac      0x230 c:/altera/13.0/nios2eds/bin/gnu/h-i686-mingw32/bin/../lib/gcc/nios2-elf/4.1.2/../../../../nios2-elf/lib\libc.a(lib_a-fflush.o)
                0x008010ac                _fflush_r
                0x008012a8                fflush
 .text          0x008012dc      0x128 c:/altera/13.0/nios2eds/bin/gnu/h-i686-mingw32/bin/../lib/gcc/nios2-elf/4.1.2/../../../../nios2-elf/lib\libc.a(lib_a-fgetc.o)
                0x008012dc                fgetc
                0x00801374                _fgetc_r
 .text          0x00801404      0x2c0 c:/altera/13.0/nios2eds/bin/gnu/h-i686-mingw32/bin/../lib/gcc/nios2-elf/4.1.2/../../../../nios2-elf/lib\libc.a(lib_a-findfp.o)
                0x0080145c                __sfp_lock_acquire
                0x00801460                __sfp_lock_release
                0x00801464                __sinit_lock_acquire
                0x00801468                __sinit_lock_release
                0x0080146c                __sinit
                0x00801520                __fp_unlock_all
                0x00801538                __fp_lock_all
                0x00801550                _cleanup_r
                0x0080155c                _cleanup
                0x0080156c                __sfmoreglue
                0x008015d4                __sfp
 .text          0x008016c4      0x110 c:/altera/13.0/nios2eds/bin/gnu/h-i686-mingw32/bin/../lib/gcc/nios2-elf/4.1.2/../../../../nios2-elf/lib\libc.a(lib_a-fopen.o)
                0x008016c4                _fopen_r
                0x008017b8                fopen
 .text          0x008017d4       0x60 c:/altera/13.0/nios2eds/bin/gnu/h-i686-mingw32/bin/../lib/gcc/nios2-elf/4.1.2/../../../../nios2-elf/lib\libc.a(lib_a-fprintf.o)
                0x008017d4                fprintf
                0x00801800                _fprintf_r
 .text          0x00801834       0x90 c:/altera/13.0/nios2eds/bin/gnu/h-i686-mingw32/bin/../lib/gcc/nios2-elf/4.1.2/../../../../nios2-elf/lib\libc.a(lib_a-fputs.o)
                0x00801834                _fputs_r
                0x008018a8                fputs
 .text          0x008018c4      0x440 c:/altera/13.0/nios2eds/bin/gnu/h-i686-mingw32/bin/../lib/gcc/nios2-elf/4.1.2/../../../../nios2-elf/lib\libc.a(lib_a-freer.o)
                0x008018c4                _malloc_trim_r
                0x008019f0                _free_r
 .text          0x00801d04      0x460 c:/altera/13.0/nios2eds/bin/gnu/h-i686-mingw32/bin/../lib/gcc/nios2-elf/4.1.2/../../../../nios2-elf/lib\libc.a(lib_a-fseek.o)
                0x00801d04                _fseek_r
                0x00802140                fseek
 .text          0x00802164       0x74 c:/altera/13.0/nios2eds/bin/gnu/h-i686-mingw32/bin/../lib/gcc/nios2-elf/4.1.2/../../../../nios2-elf/lib\libc.a(lib_a-fstatr.o)
                0x00802164                _fstat_r
 .text          0x008021d8      0x49c c:/altera/13.0/nios2eds/bin/gnu/h-i686-mingw32/bin/../lib/gcc/nios2-elf/4.1.2/../../../../nios2-elf/lib\libc.a(lib_a-fvwrite.o)
                0x008021d8                __sfvwrite_r
 .text          0x00802674      0x180 c:/altera/13.0/nios2eds/bin/gnu/h-i686-mingw32/bin/../lib/gcc/nios2-elf/4.1.2/../../../../nios2-elf/lib\libc.a(lib_a-fwalk.o)
                0x00802674                _fwalk_reent
                0x0080273c                _fwalk
 .text          0x008027f4        0x0 c:/altera/13.0/nios2eds/bin/gnu/h-i686-mingw32/bin/../lib/gcc/nios2-elf/4.1.2/../../../../nios2-elf/lib\libc.a(lib_a-impure.o)
 .text          0x008027f4        0x0 c:/altera/13.0/nios2eds/bin/gnu/h-i686-mingw32/bin/../lib/gcc/nios2-elf/4.1.2/../../../../nios2-elf/lib\libc.a(lib_a-int_errno.o)
 .text          0x008027f4      0x194 c:/altera/13.0/nios2eds/bin/gnu/h-i686-mingw32/bin/../lib/gcc/nios2-elf/4.1.2/../../../../nios2-elf/lib\libc.a(lib_a-makebuf.o)
                0x008027f4                __smakebuf_r
 .text          0x00802988      0x740 c:/altera/13.0/nios2eds/bin/gnu/h-i686-mingw32/bin/../lib/gcc/nios2-elf/4.1.2/../../../../nios2-elf/lib\libc.a(lib_a-mallocr.o)
                0x00802988                _malloc_r
 .text          0x008030c8       0xe4 c:/altera/13.0/nios2eds/bin/gnu/h-i686-mingw32/bin/../lib/gcc/nios2-elf/4.1.2/../../../../nios2-elf/lib\libc.a(lib_a-memchr.o)
                0x008030c8                memchr
 .text          0x008031ac       0xa0 c:/altera/13.0/nios2eds/bin/gnu/h-i686-mingw32/bin/../lib/gcc/nios2-elf/4.1.2/../../../../nios2-elf/lib\libc.a(lib_a-memcpy.o)
                0x008031ac                memcpy
 .text          0x0080324c       0xe0 c:/altera/13.0/nios2eds/bin/gnu/h-i686-mingw32/bin/../lib/gcc/nios2-elf/4.1.2/../../../../nios2-elf/lib\libc.a(lib_a-memmove.o)
                0x0080324c                memmove
 .text          0x0080332c       0x98 c:/altera/13.0/nios2eds/bin/gnu/h-i686-mingw32/bin/../lib/gcc/nios2-elf/4.1.2/../../../../nios2-elf/lib\libc.a(lib_a-memset.o)
                0x0080332c                memset
 .text          0x008033c4       0x78 c:/altera/13.0/nios2eds/bin/gnu/h-i686-mingw32/bin/../lib/gcc/nios2-elf/4.1.2/../../../../nios2-elf/lib\libc.a(lib_a-openr.o)
                0x008033c4                _open_r
 .text          0x0080343c       0x78 c:/altera/13.0/nios2eds/bin/gnu/h-i686-mingw32/bin/../lib/gcc/nios2-elf/4.1.2/../../../../nios2-elf/lib\libc.a(lib_a-printf.o)
                0x0080343c                printf
                0x00803480                _printf_r
 .text          0x008034b4      0x5f4 c:/altera/13.0/nios2eds/bin/gnu/h-i686-mingw32/bin/../lib/gcc/nios2-elf/4.1.2/../../../../nios2-elf/lib\libc.a(lib_a-reallocr.o)
                0x008034b4                _realloc_r
 .text          0x00803aa8      0x1e0 c:/altera/13.0/nios2eds/bin/gnu/h-i686-mingw32/bin/../lib/gcc/nios2-elf/4.1.2/../../../../nios2-elf/lib\libc.a(lib_a-refill.o)
                0x00803aa8                __srefill_r
 .text          0x00803c88       0x60 c:/altera/13.0/nios2eds/bin/gnu/h-i686-mingw32/bin/../lib/gcc/nios2-elf/4.1.2/../../../../nios2-elf/lib\libc.a(lib_a-rget.o)
                0x00803c88                __srget_r
                0x00803cd4                __srget
 .text          0x00803ce8       0x70 c:/altera/13.0/nios2eds/bin/gnu/h-i686-mingw32/bin/../lib/gcc/nios2-elf/4.1.2/../../../../nios2-elf/lib\libc.a(lib_a-sbrkr.o)
                0x00803ce8                _sbrk_r
 .text          0x00803d58       0xd4 c:/altera/13.0/nios2eds/bin/gnu/h-i686-mingw32/bin/../lib/gcc/nios2-elf/4.1.2/../../../../nios2-elf/lib\libc.a(lib_a-sprintf.o)
                0x00803d58                sprintf
                0x00803dcc                _sprintf_r
 .text          0x00803e2c      0x114 c:/altera/13.0/nios2eds/bin/gnu/h-i686-mingw32/bin/../lib/gcc/nios2-elf/4.1.2/../../../../nios2-elf/lib\libc.a(lib_a-sscanf.o)
                0x00803e34                _sscanf_r
                0x00803ebc                sscanf
 .text          0x00803f40      0x14c c:/altera/13.0/nios2eds/bin/gnu/h-i686-mingw32/bin/../lib/gcc/nios2-elf/4.1.2/../../../../nios2-elf/lib\libc.a(lib_a-stdio.o)
                0x00803f40                __sclose
                0x00803f48                __sseek
                0x00803fb0                __swrite
                0x0080402c                __sread
 .text          0x0080408c       0x74 c:/altera/13.0/nios2eds/bin/gnu/h-i686-mingw32/bin/../lib/gcc/nios2-elf/4.1.2/../../../../nios2-elf/lib\libc.a(lib_a-strlen.o)
                0x0080408c                strlen
 .text          0x00804100     0x1f28 c:/altera/13.0/nios2eds/bin/gnu/h-i686-mingw32/bin/../lib/gcc/nios2-elf/4.1.2/../../../../nios2-elf/lib\libc.a(lib_a-vfprintf.o)
                0x00804158                ___vfprintf_internal_r
                0x00806004                __vfprintf_internal
 .text          0x00806028     0x1780 c:/altera/13.0/nios2eds/bin/gnu/h-i686-mingw32/bin/../lib/gcc/nios2-elf/4.1.2/../../../../nios2-elf/lib\libc.a(lib_a-vfscanf.o)
                0x00806028                __svfscanf_r
                0x008076a8                __svfscanf
                0x008076cc                _vfscanf_r
                0x00807734                vfscanf
 .text          0x008077a8       0x78 c:/altera/13.0/nios2eds/bin/gnu/h-i686-mingw32/bin/../lib/gcc/nios2-elf/4.1.2/../../../../nios2-elf/lib\libc.a(lib_a-writer.o)
                0x008077a8                _write_r
 .text          0x00807820      0x13c c:/altera/13.0/nios2eds/bin/gnu/h-i686-mingw32/bin/../lib/gcc/nios2-elf/4.1.2/../../../../nios2-elf/lib\libc.a(lib_a-wsetup.o)
                0x00807820                __swsetup_r
 .text          0x0080795c       0x70 c:/altera/13.0/nios2eds/bin/gnu/h-i686-mingw32/bin/../lib/gcc/nios2-elf/4.1.2/../../../../nios2-elf/lib\libc.a(lib_a-closer.o)
                0x0080795c                _close_r
 .text          0x008079cc        0x0 c:/altera/13.0/nios2eds/bin/gnu/h-i686-mingw32/bin/../lib/gcc/nios2-elf/4.1.2/../../../../nios2-elf/lib\libc.a(lib_a-ctype_.o)
 .text          0x008079cc     0x17cc c:/altera/13.0/nios2eds/bin/gnu/h-i686-mingw32/bin/../lib/gcc/nios2-elf/4.1.2/../../../../nios2-elf/lib\libc.a(lib_a-dtoa.o)
                0x00807be4                _dtoa_r
 .text          0x00809198       0xa0 c:/altera/13.0/nios2eds/bin/gnu/h-i686-mingw32/bin/../lib/gcc/nios2-elf/4.1.2/../../../../nios2-elf/lib\libc.a(lib_a-flags.o)
                0x00809198                __sflags
 .text          0x00809238      0x23c c:/altera/13.0/nios2eds/bin/gnu/h-i686-mingw32/bin/../lib/gcc/nios2-elf/4.1.2/../../../../nios2-elf/lib\libc.a(lib_a-fread.o)
                0x00809238                _fread_r
                0x00809434                fread
 .text          0x00809474       0x70 c:/altera/13.0/nios2eds/bin/gnu/h-i686-mingw32/bin/../lib/gcc/nios2-elf/4.1.2/../../../../nios2-elf/lib\libc.a(lib_a-isattyr.o)
                0x00809474                _isatty_r
 .text          0x008094e4       0x2c c:/altera/13.0/nios2eds/bin/gnu/h-i686-mingw32/bin/../lib/gcc/nios2-elf/4.1.2/../../../../nios2-elf/lib\libc.a(lib_a-iswspace.o)
                0x008094e4                iswspace
 .text          0x00809510       0xc4 c:/altera/13.0/nios2eds/bin/gnu/h-i686-mingw32/bin/../lib/gcc/nios2-elf/4.1.2/../../../../nios2-elf/lib\libc.a(lib_a-locale.o)
                0x00809510                __locale_charset
                0x00809518                _localeconv_r
                0x00809524                localeconv
                0x00809534                _setlocale_r
                0x008095b8                setlocale
 .text          0x008095d4       0x78 c:/altera/13.0/nios2eds/bin/gnu/h-i686-mingw32/bin/../lib/gcc/nios2-elf/4.1.2/../../../../nios2-elf/lib\libc.a(lib_a-lseekr.o)
                0x008095d4                _lseek_r
 .text          0x0080964c       0xc0 c:/altera/13.0/nios2eds/bin/gnu/h-i686-mingw32/bin/../lib/gcc/nios2-elf/4.1.2/../../../../nios2-elf/lib\libc.a(lib_a-mbrtowc.o)
                0x0080964c                _mbrtowc_r
                0x008096cc                mbrtowc
 .text          0x0080970c       0x40 c:/altera/13.0/nios2eds/bin/gnu/h-i686-mingw32/bin/../lib/gcc/nios2-elf/4.1.2/../../../../nios2-elf/lib\libc.a(lib_a-mbtowc_r.o)
                0x0080970c                _mbtowc_r
 .text          0x0080974c      0xff4 c:/altera/13.0/nios2eds/bin/gnu/h-i686-mingw32/bin/../lib/gcc/nios2-elf/4.1.2/../../../../nios2-elf/lib\libc.a(lib_a-mprec.o)
                0x0080974c                _Bfree
                0x00809774                __hi0bits
                0x008097e4                __lo0bits
                0x008098a8                __mcmp
                0x00809908                __ulp
                0x00809988                __b2d
                0x00809aa8                __ratio
                0x00809b58                _mprec_log10
                0x00809bec                __copybits
                0x00809c44                __any_on
                0x00809ccc                _Balloc
                0x00809d88                __d2b
                0x00809f04                __mdiff
                0x0080a090                __lshift
                0x0080a1dc                __multiply
                0x0080a3c4                __i2b
                0x0080a400                __multadd
                0x0080a500                __pow5mult
                0x0080a620                __s2b
 .text          0x0080a740       0x78 c:/altera/13.0/nios2eds/bin/gnu/h-i686-mingw32/bin/../lib/gcc/nios2-elf/4.1.2/../../../../nios2-elf/lib\libc.a(lib_a-readr.o)
                0x0080a740                _read_r
 .text          0x0080a7b8       0x40 c:/altera/13.0/nios2eds/bin/gnu/h-i686-mingw32/bin/../lib/gcc/nios2-elf/4.1.2/../../../../nios2-elf/lib\libc.a(lib_a-s_isinfd.o)
                0x0080a7b8                __isinfd
 .text          0x0080a7f8       0x30 c:/altera/13.0/nios2eds/bin/gnu/h-i686-mingw32/bin/../lib/gcc/nios2-elf/4.1.2/../../../../nios2-elf/lib\libc.a(lib_a-s_isnand.o)
                0x0080a7f8                __isnand
 .text          0x0080a828       0xc0 c:/altera/13.0/nios2eds/bin/gnu/h-i686-mingw32/bin/../lib/gcc/nios2-elf/4.1.2/../../../../nios2-elf/lib\libc.a(lib_a-sccl.o)
                0x0080a828                __sccl
 .text          0x0080a8e8        0x8 c:/altera/13.0/nios2eds/bin/gnu/h-i686-mingw32/bin/../lib/gcc/nios2-elf/4.1.2/../../../../nios2-elf/lib\libc.a(lib_a-sf_nan.o)
                0x0080a8e8                nanf
 .text          0x0080a8f0       0xbc c:/altera/13.0/nios2eds/bin/gnu/h-i686-mingw32/bin/../lib/gcc/nios2-elf/4.1.2/../../../../nios2-elf/lib\libc.a(lib_a-strcmp.o)
                0x0080a8f0                strcmp
 .text          0x0080a9ac     0x166c c:/altera/13.0/nios2eds/bin/gnu/h-i686-mingw32/bin/../lib/gcc/nios2-elf/4.1.2/../../../../nios2-elf/lib\libc.a(lib_a-strtod.o)
                0x0080a9f4                _strtod_r
                0x0080bed8                strtof
                0x0080bffc                strtod
 .text          0x0080c018      0x268 c:/altera/13.0/nios2eds/bin/gnu/h-i686-mingw32/bin/../lib/gcc/nios2-elf/4.1.2/../../../../nios2-elf/lib\libc.a(lib_a-strtol.o)
                0x0080c018                _strtol_r
                0x0080c25c                strtol
 .text          0x0080c280      0x318 c:/altera/13.0/nios2eds/bin/gnu/h-i686-mingw32/bin/../lib/gcc/nios2-elf/4.1.2/../../../../nios2-elf/lib\libc.a(lib_a-strtoll_r.o)
                0x0080c280                _strtoll_r
 .text          0x0080c598      0x254 c:/altera/13.0/nios2eds/bin/gnu/h-i686-mingw32/bin/../lib/gcc/nios2-elf/4.1.2/../../../../nios2-elf/lib\libc.a(lib_a-strtoul.o)
                0x0080c598                _strtoul_r
                0x0080c7c8                strtoul
 .text          0x0080c7ec      0x2f0 c:/altera/13.0/nios2eds/bin/gnu/h-i686-mingw32/bin/../lib/gcc/nios2-elf/4.1.2/../../../../nios2-elf/lib\libc.a(lib_a-strtoull_r.o)
                0x0080c7ec                _strtoull_r
 .text          0x0080cadc      0x294 c:/altera/13.0/nios2eds/bin/gnu/h-i686-mingw32/bin/../lib/gcc/nios2-elf/4.1.2/../../../../nios2-elf/lib\libc.a(lib_a-ungetc.o)
                0x0080cadc                __submore
                0x0080cbb8                _ungetc_r
                0x0080cd54                ungetc
 .text          0x0080cd70       0xb4 c:/altera/13.0/nios2eds/bin/gnu/h-i686-mingw32/bin/../lib/gcc/nios2-elf/4.1.2/../../../../nios2-elf/lib\libc.a(lib_a-callocr.o)
                0x0080cd70                _calloc_r
 .text          0x0080ce24      0x8f4 c:/altera/13.0/nios2eds/bin/gnu/h-i686-mingw32/bin/../lib/gcc/nios2-elf/4.1.2/../../../../nios2-elf/lib\libc.a(lib_a-gdtoa-gethex.o)
                0x0080ce48                __hexdig_init
                0x0080cf60                __gethex
 .text          0x0080d718      0x294 c:/altera/13.0/nios2eds/bin/gnu/h-i686-mingw32/bin/../lib/gcc/nios2-elf/4.1.2/../../../../nios2-elf/lib\libc.a(lib_a-gdtoa-hexnan.o)
                0x0080d764                __hexnan
 .text          0x0080d9ac       0x98 c:/altera/13.0/nios2eds/bin/gnu/h-i686-mingw32/bin/../lib/gcc/nios2-elf/4.1.2\libgcc.a(_muldi3.o)
                0x0080d9ac                __muldi3
 .text          0x0080da44       0xa4 c:/altera/13.0/nios2eds/bin/gnu/h-i686-mingw32/bin/../lib/gcc/nios2-elf/4.1.2\libgcc.a(_fixunsdfsi.o)
                0x0080da44                __fixunsdfsi
 .text          0x0080dae8      0x5dc c:/altera/13.0/nios2eds/bin/gnu/h-i686-mingw32/bin/../lib/gcc/nios2-elf/4.1.2\libgcc.a(_udivdi3.o)
                0x0080dae8                __udivdi3
 .text          0x0080e0c4      0x5b0 c:/altera/13.0/nios2eds/bin/gnu/h-i686-mingw32/bin/../lib/gcc/nios2-elf/4.1.2\libgcc.a(_umoddi3.o)
                0x0080e0c4                __umoddi3
 .text          0x0080e674       0x78 c:/altera/13.0/nios2eds/bin/gnu/h-i686-mingw32/bin/../lib/gcc/nios2-elf/4.1.2\libgcc.a(_ne_sf.o)
                0x0080e674                __nesf2
 .text          0x0080e6ec       0x78 c:/altera/13.0/nios2eds/bin/gnu/h-i686-mingw32/bin/../lib/gcc/nios2-elf/4.1.2\libgcc.a(_gt_sf.o)
                0x0080e6ec                __gtsf2
 .text          0x0080e764       0x78 c:/altera/13.0/nios2eds/bin/gnu/h-i686-mingw32/bin/../lib/gcc/nios2-elf/4.1.2\libgcc.a(_lt_sf.o)
                0x0080e764                __ltsf2
 .text          0x0080e7dc      0x504 c:/altera/13.0/nios2eds/bin/gnu/h-i686-mingw32/bin/../lib/gcc/nios2-elf/4.1.2\libgcc.a(_addsub_df.o)
                0x0080ebec                __subdf3
                0x0080ec6c                __adddf3
 .text          0x0080ece0      0x3c4 c:/altera/13.0/nios2eds/bin/gnu/h-i686-mingw32/bin/../lib/gcc/nios2-elf/4.1.2\libgcc.a(_mul_df.o)
                0x0080ece0                __muldf3
 .text          0x0080f0a4      0x258 c:/altera/13.0/nios2eds/bin/gnu/h-i686-mingw32/bin/../lib/gcc/nios2-elf/4.1.2\libgcc.a(_div_df.o)
                0x0080f0a4                __divdf3
 .text          0x0080f2fc       0x88 c:/altera/13.0/nios2eds/bin/gnu/h-i686-mingw32/bin/../lib/gcc/nios2-elf/4.1.2\libgcc.a(_eq_df.o)
                0x0080f2fc                __eqdf2
 .text          0x0080f384       0x88 c:/altera/13.0/nios2eds/bin/gnu/h-i686-mingw32/bin/../lib/gcc/nios2-elf/4.1.2\libgcc.a(_ne_df.o)
                0x0080f384                __nedf2
 .text          0x0080f40c       0x88 c:/altera/13.0/nios2eds/bin/gnu/h-i686-mingw32/bin/../lib/gcc/nios2-elf/4.1.2\libgcc.a(_gt_df.o)
                0x0080f40c                __gtdf2
 .text          0x0080f494       0x88 c:/altera/13.0/nios2eds/bin/gnu/h-i686-mingw32/bin/../lib/gcc/nios2-elf/4.1.2\libgcc.a(_ge_df.o)
                0x0080f494                __gedf2
 .text          0x0080f51c       0x88 c:/altera/13.0/nios2eds/bin/gnu/h-i686-mingw32/bin/../lib/gcc/nios2-elf/4.1.2\libgcc.a(_lt_df.o)
                0x0080f51c                __ltdf2
 .text          0x0080f5a4       0x88 c:/altera/13.0/nios2eds/bin/gnu/h-i686-mingw32/bin/../lib/gcc/nios2-elf/4.1.2\libgcc.a(_le_df.o)
                0x0080f5a4                __ledf2
 .text          0x0080f62c       0xf8 c:/altera/13.0/nios2eds/bin/gnu/h-i686-mingw32/bin/../lib/gcc/nios2-elf/4.1.2\libgcc.a(_si_to_df.o)
                0x0080f62c                __floatsidf
 .text          0x0080f724       0xd8 c:/altera/13.0/nios2eds/bin/gnu/h-i686-mingw32/bin/../lib/gcc/nios2-elf/4.1.2\libgcc.a(_df_to_si.o)
                0x0080f724                __fixdfsi
 .text          0x0080f7fc       0x74 c:/altera/13.0/nios2eds/bin/gnu/h-i686-mingw32/bin/../lib/gcc/nios2-elf/4.1.2\libgcc.a(_df_to_sf.o)
                0x0080f7fc                __truncdfsf2
 .text          0x0080f870        0x0 c:/altera/13.0/nios2eds/bin/gnu/h-i686-mingw32/bin/../lib/gcc/nios2-elf/4.1.2\libgcc.a(_thenan_df.o)
 .text          0x0080f870      0x194 c:/altera/13.0/nios2eds/bin/gnu/h-i686-mingw32/bin/../lib/gcc/nios2-elf/4.1.2\libgcc.a(_usi_to_df.o)
                0x0080f870                __floatunsidf
 .text          0x0080fa04      0x14c c:/altera/13.0/nios2eds/bin/gnu/h-i686-mingw32/bin/../lib/gcc/nios2-elf/4.1.2\libgcc.a(lib2-divmod.o)
                0x0080fa80                __divsi3
                0x0080fae0                __modsi3
                0x0080fb40                __udivsi3
                0x0080fb48                __umodsi3
 .text          0x0080fb50        0x0 c:/altera/13.0/nios2eds/bin/gnu/h-i686-mingw32/bin/../lib/gcc/nios2-elf/4.1.2\libgcc.a(_clz.o)
 .text          0x0080fb50       0x80 c:/altera/13.0/nios2eds/bin/gnu/h-i686-mingw32/bin/../lib/gcc/nios2-elf/4.1.2\libgcc.a(_clzsi2.o)
                0x0080fb50                __clzsi2
 .text          0x0080fbd0       0xc8 c:/altera/13.0/nios2eds/bin/gnu/h-i686-mingw32/bin/../lib/gcc/nios2-elf/4.1.2\libgcc.a(_unpack_sf.o)
                0x0080fbd0                __unpack_f
 .text          0x0080fc98       0xa8 c:/altera/13.0/nios2eds/bin/gnu/h-i686-mingw32/bin/../lib/gcc/nios2-elf/4.1.2\libgcc.a(_fpcmp_parts_sf.o)
                0x0080fc98                __fpcmp_parts_f
 .text          0x0080fd40       0x2c c:/altera/13.0/nios2eds/bin/gnu/h-i686-mingw32/bin/../lib/gcc/nios2-elf/4.1.2\libgcc.a(_make_sf.o)
                0x0080fd40                __make_fp
 .text          0x0080fd6c      0x314 c:/altera/13.0/nios2eds/bin/gnu/h-i686-mingw32/bin/../lib/gcc/nios2-elf/4.1.2\libgcc.a(_pack_df.o)
                0x0080fd6c                __pack_d
 .text          0x00810080      0x138 c:/altera/13.0/nios2eds/bin/gnu/h-i686-mingw32/bin/../lib/gcc/nios2-elf/4.1.2\libgcc.a(_unpack_df.o)
                0x00810080                __unpack_d
 .text          0x008101b8       0xc8 c:/altera/13.0/nios2eds/bin/gnu/h-i686-mingw32/bin/../lib/gcc/nios2-elf/4.1.2\libgcc.a(_fpcmp_parts_df.o)
                0x008101b8                __fpcmp_parts_d
 .text          0x00810280      0x160 c:/altera/13.0/nios2eds/bin/gnu/h-i686-mingw32/bin/../lib/gcc/nios2-elf/4.1.2\libgcc.a(_pack_sf.o)
                0x00810280                __pack_f
 .text          0x008103e0      0x154 ../assignment1_bsp/\libhal_bsp.a(alt_alarm_start.o)
                0x008103e0                alt_alarm_start
 .text          0x00810534      0x15c ../assignment1_bsp/\libhal_bsp.a(alt_close.o)
                0x00810534                close
 .text          0x00810690       0x2c ../assignment1_bsp/\libhal_bsp.a(alt_dev.o)
 .text          0x008106bc        0x0 ../assignment1_bsp/\libhal_bsp.a(alt_errno.o)
 .text          0x008106bc      0x134 ../assignment1_bsp/\libhal_bsp.a(alt_fstat.o)
                0x008106bc                fstat
 .text          0x008107f0      0x1c0 ../assignment1_bsp/\libhal_bsp.a(alt_irq_register.o)
                0x008107f0                alt_irq_register
 .text          0x008109b0        0x0 ../assignment1_bsp/\libhal_bsp.a(alt_irq_vars.o)
 .text          0x008109b0      0x120 ../assignment1_bsp/\libhal_bsp.a(alt_isatty.o)
                0x008109b0                isatty
 .text          0x00810ad0       0xec ../assignment1_bsp/\libhal_bsp.a(alt_load.o)
                0x00810ad0                alt_load
 .text          0x00810bbc      0x150 ../assignment1_bsp/\libhal_bsp.a(alt_lseek.o)
                0x00810bbc                lseek
 .text          0x00810d0c       0x6c ../assignment1_bsp/\libhal_bsp.a(alt_main.o)
                0x00810d0c                alt_main
 .text          0x00810d78       0x40 ../assignment1_bsp/\libhal_bsp.a(alt_malloc_lock.o)
                0x00810d78                __malloc_lock
                0x00810d98                __malloc_unlock
 .text          0x00810db8      0x2c4 ../assignment1_bsp/\libhal_bsp.a(alt_open.o)
                0x00810e94                open
 .text          0x0081107c      0x180 ../assignment1_bsp/\libhal_bsp.a(alt_read.o)
                0x0081107c                read
 .text          0x008111fc       0x60 ../assignment1_bsp/\libhal_bsp.a(alt_release_fd.o)
                0x008111fc                alt_release_fd
 .text          0x0081125c       0xbc ../assignment1_bsp/\libhal_bsp.a(alt_sbrk.o)
                0x0081125c                sbrk
 .text          0x00811318      0x1a4 ../assignment1_bsp/\libhal_bsp.a(alt_tick.o)
                0x00811318                alt_alarm_stop
                0x008113b0                alt_tick
 .text          0x008114bc      0x180 ../assignment1_bsp/\libhal_bsp.a(alt_write.o)
                0x008114bc                write
 .text          0x0081163c      0x100 ../assignment1_bsp/\libhal_bsp.a(alt_sys_init.o)
                0x0081163c                alt_irq_init
                0x00811670                alt_sys_init
 .text          0x0081173c      0x148 ../assignment1_bsp/\libhal_bsp.a(altera_avalon_jtag_uart_fd.o)
                0x0081173c                altera_avalon_jtag_uart_read_fd
                0x00811794                altera_avalon_jtag_uart_write_fd
                0x008117ec                altera_avalon_jtag_uart_close_fd
                0x00811834                altera_avalon_jtag_uart_ioctl_fd
 .text          0x00811884      0x40c ../assignment1_bsp/\libhal_bsp.a(altera_avalon_jtag_uart_init.o)
                0x00811884                altera_avalon_jtag_uart_init
                0x00811c1c                altera_avalon_jtag_uart_close
 .text          0x00811c90       0xf4 ../assignment1_bsp/\libhal_bsp.a(altera_avalon_jtag_uart_ioctl.o)
                0x00811c90                altera_avalon_jtag_uart_ioctl
 .text          0x00811d84      0x224 ../assignment1_bsp/\libhal_bsp.a(altera_avalon_jtag_uart_read.o)
                0x00811d84                altera_avalon_jtag_uart_read
 .text          0x00811fa8      0x240 ../assignment1_bsp/\libhal_bsp.a(altera_avalon_jtag_uart_write.o)
                0x00811fa8                altera_avalon_jtag_uart_write
 .text          0x008121e8      0xee8 ../assignment1_bsp/\libhal_bsp.a(altera_avalon_lcd_16207.o)
                0x008129bc                altera_avalon_lcd_16207_write
                0x00812f94                altera_avalon_lcd_16207_init
 .text          0x008130d0       0x58 ../assignment1_bsp/\libhal_bsp.a(altera_avalon_lcd_16207_fd.o)
                0x008130d0                altera_avalon_lcd_16207_write_fd
 .text          0x00813128      0x100 ../assignment1_bsp/\libhal_bsp.a(altera_avalon_timer_sc.o)
                0x00813198                alt_avalon_timer_sc_init
 .text          0x00813228       0xf8 ../assignment1_bsp/\libhal_bsp.a(altera_avalon_uart_fd.o)
                0x00813228                altera_avalon_uart_read_fd
                0x00813280                altera_avalon_uart_write_fd
                0x008132d8                altera_avalon_uart_close_fd
 .text          0x00813320      0x400 ../assignment1_bsp/\libhal_bsp.a(altera_avalon_uart_init.o)
                0x00813320                altera_avalon_uart_init
                0x008136c0                altera_avalon_uart_close
 .text          0x00813720      0x290 ../assignment1_bsp/\libhal_bsp.a(altera_avalon_uart_read.o)
                0x00813720                altera_avalon_uart_read
 .text          0x008139b0      0x228 ../assignment1_bsp/\libhal_bsp.a(altera_avalon_uart_write.o)
                0x008139b0                altera_avalon_uart_write
 .text          0x00813bd8       0x44 ../assignment1_bsp/\libhal_bsp.a(alt_dcache_flush_all.o)
                0x00813bd8                alt_dcache_flush_all
 .text          0x00813c1c      0x114 ../assignment1_bsp/\libhal_bsp.a(alt_dev_llist_insert.o)
                0x00813c1c                alt_dev_llist_insert
 .text          0x00813d30       0x64 ../assignment1_bsp/\libhal_bsp.a(alt_do_ctors.o)
                0x00813d30                _do_ctors
 .text          0x00813d94       0x64 ../assignment1_bsp/\libhal_bsp.a(alt_do_dtors.o)
                0x00813d94                _do_dtors
 .text          0x00813df8       0x94 ../assignment1_bsp/\libhal_bsp.a(alt_find_dev.o)
                0x00813df8                alt_find_dev
 .text          0x00813e8c      0x120 ../assignment1_bsp/\libhal_bsp.a(alt_find_file.o)
                0x00813e8c                alt_find_file
 .text          0x00813fac       0xb8 ../assignment1_bsp/\libhal_bsp.a(alt_get_fd.o)
                0x00813fac                alt_get_fd
 .text          0x00814064       0x30 ../assignment1_bsp/\libhal_bsp.a(alt_icache_flush_all.o)
                0x00814064                alt_icache_flush_all
 .text          0x00814094      0x1d4 ../assignment1_bsp/\libhal_bsp.a(alt_iic.o)
                0x00814094                alt_ic_isr_register
                0x008140e4                alt_ic_irq_enable
                0x00814180                alt_ic_irq_disable
                0x00814220                alt_ic_irq_enabled
 .text          0x00814268       0xf8 ../assignment1_bsp/\libhal_bsp.a(alt_iic_isr_register.o)
                0x00814268                alt_iic_isr_register
 .text          0x00814360      0x13c ../assignment1_bsp/\libhal_bsp.a(alt_io_redirect.o)
                0x00814424                alt_io_redirect
 .text          0x0081449c        0x0 ../assignment1_bsp/\libhal_bsp.a(alt_irq_entry.o)
 .text          0x0081449c        0x0 ../assignment1_bsp/\libhal_bsp.a(alt_irq_handler.o)
 .text          0x0081449c       0x30 ../assignment1_bsp/\libhal_bsp.a(alt_usleep.o)
                0x0081449c                usleep
 .text          0x008144cc       0x20 ../assignment1_bsp/\libhal_bsp.a(altera_nios2_qsys_irq.o)
                0x008144cc                altera_nios2_qsys_irq_init
 .text          0x008144ec      0x14c ../assignment1_bsp/\libhal_bsp.a(alt_busy_sleep.o)
                0x008144ec                alt_busy_sleep
 .text          0x00814638        0x0 ../assignment1_bsp/\libhal_bsp.a(alt_exception_entry.o)
 .text          0x00814638       0x90 ../assignment1_bsp/\libhal_bsp.a(alt_icache_flush.o)
                0x00814638                alt_icache_flush
 .text          0x008146c8       0x14 c:/altera/13.0/nios2eds/bin/gnu/h-i686-mingw32/bin/../lib/gcc/nios2-elf/4.1.2/../../../../nios2-elf/lib\libc.a(lib_a-atexit.o)
                0x008146c8                atexit
 .text          0x008146dc       0x38 c:/altera/13.0/nios2eds/bin/gnu/h-i686-mingw32/bin/../lib/gcc/nios2-elf/4.1.2/../../../../nios2-elf/lib\libc.a(lib_a-exit.o)
                0x008146dc                exit
 .text          0x00814714       0x74 c:/altera/13.0/nios2eds/bin/gnu/h-i686-mingw32/bin/../lib/gcc/nios2-elf/4.1.2/../../../../nios2-elf/lib\libc.a(lib_a-memcmp.o)
                0x00814714                memcmp
 .text          0x00814788      0x134 c:/altera/13.0/nios2eds/bin/gnu/h-i686-mingw32/bin/../lib/gcc/nios2-elf/4.1.2/../../../../nios2-elf/lib\libc.a(lib_a-__atexit.o)
                0x00814788                __register_exitproc
 .text          0x008148bc      0x1b4 c:/altera/13.0/nios2eds/bin/gnu/h-i686-mingw32/bin/../lib/gcc/nios2-elf/4.1.2/../../../../nios2-elf/lib\libc.a(lib_a-__call_atexit.o)
                0x008148c0                __call_exitprocs
 .text          0x00814a70       0x60 ../assignment1_bsp/\libhal_bsp.a(alt_exit.o)
                0x00814ab0                _exit
 *(.gnu.warning.*)
 *(.fini)
                0x00814ad0                PROVIDE (__etext, ABSOLUTE (.))
                0x00814ad0                PROVIDE (_etext, ABSOLUTE (.))
                0x00814ad0                PROVIDE (etext, ABSOLUTE (.))
 *(.eh_frame_hdr)
                0x00814ad0                . = ALIGN (0x4)
                0x00814ad0                PROVIDE (__preinit_array_start, ABSOLUTE (.))
 *(.preinit_array)
                0x00814ad0                PROVIDE (__preinit_array_end, ABSOLUTE (.))
                0x00814ad0                PROVIDE (__init_array_start, ABSOLUTE (.))
 *(.init_array)
                0x00814ad0                PROVIDE (__init_array_end, ABSOLUTE (.))
                0x00814ad0                PROVIDE (__fini_array_start, ABSOLUTE (.))
 *(.fini_array)
                0x00814ad0                PROVIDE (__fini_array_end, ABSOLUTE (.))
 *(.eh_frame)
 *(.gcc_except_table)
 *(.dynamic)
                0x00814ad0                PROVIDE (__CTOR_LIST__, ABSOLUTE (.))
 *(.ctors)
 *(SORT(.ctors.*))
 .ctors.65535   0x00814ad0        0x4 c:/altera/13.0/nios2eds/bin/gnu/h-i686-mingw32/bin/../lib/gcc/nios2-elf/4.1.2/../../../../nios2-elf/lib\libc.a(lib_a-__call_atexit.o)
                0x00814ad4                PROVIDE (__CTOR_END__, ABSOLUTE (.))
                0x00814ad4                PROVIDE (__DTOR_LIST__, ABSOLUTE (.))
 *(.dtors)
 *(SORT(.dtors.*))
                0x00814ad4                PROVIDE (__DTOR_END__, ABSOLUTE (.))
 *(.jcr)
                0x00814ad4                . = ALIGN (0x4)

.rodata         0x00814ad4      0x6f4
                0x00814ad4                PROVIDE (__ram_rodata_start, ABSOLUTE (.))
                0x00814ad4                . = ALIGN (0x4)
 *(.rodata .rodata.* .gnu.linkonce.r.*)
 .rodata        0x00814ad4       0xa0 obj/default/trafficController.o
 .rodata.str1.4
                0x00814b74        0x2 c:/altera/13.0/nios2eds/bin/gnu/h-i686-mingw32/bin/../lib/gcc/nios2-elf/4.1.2/../../../../nios2-elf/lib\libc.a(lib_a-impure.o)
                                  0x4 (size before relaxing)
 *fill*         0x00814b76        0x2 00
 .rodata.str1.4
                0x00814b78       0x5e c:/altera/13.0/nios2eds/bin/gnu/h-i686-mingw32/bin/../lib/gcc/nios2-elf/4.1.2/../../../../nios2-elf/lib\libc.a(lib_a-vfprintf.o)
                                 0x60 (size before relaxing)
 *fill*         0x00814bd6        0x2 00
 .rodata        0x00814bd8       0x20 c:/altera/13.0/nios2eds/bin/gnu/h-i686-mingw32/bin/../lib/gcc/nios2-elf/4.1.2/../../../../nios2-elf/lib\libc.a(lib_a-vfprintf.o)
 .rodata.str1.4
                0x00814bf8        0x5 c:/altera/13.0/nios2eds/bin/gnu/h-i686-mingw32/bin/../lib/gcc/nios2-elf/4.1.2/../../../../nios2-elf/lib\libc.a(lib_a-vfscanf.o)
                                  0x8 (size before relaxing)
 *fill*         0x00814bfd        0x3 00
 .rodata        0x00814c00       0x24 c:/altera/13.0/nios2eds/bin/gnu/h-i686-mingw32/bin/../lib/gcc/nios2-elf/4.1.2/../../../../nios2-elf/lib\libc.a(lib_a-vfscanf.o)
 .rodata        0x00814c24      0x284 c:/altera/13.0/nios2eds/bin/gnu/h-i686-mingw32/bin/../lib/gcc/nios2-elf/4.1.2/../../../../nios2-elf/lib\libc.a(lib_a-ctype_.o)
                0x00814c24                _ctype_
 .rodata.str1.4
                0x00814ea8       0x10 c:/altera/13.0/nios2eds/bin/gnu/h-i686-mingw32/bin/../lib/gcc/nios2-elf/4.1.2/../../../../nios2-elf/lib\libc.a(lib_a-dtoa.o)
                                 0x14 (size before relaxing)
 .rodata.str1.4
                0x00814eb8        0xf c:/altera/13.0/nios2eds/bin/gnu/h-i686-mingw32/bin/../lib/gcc/nios2-elf/4.1.2/../../../../nios2-elf/lib\libc.a(lib_a-locale.o)
                                 0x18 (size before relaxing)
 *fill*         0x00814ec7        0x1 00
 .rodata        0x00814ec8       0x30 c:/altera/13.0/nios2eds/bin/gnu/h-i686-mingw32/bin/../lib/gcc/nios2-elf/4.1.2/../../../../nios2-elf/lib\libc.a(lib_a-locale.o)
 .rodata.str1.4
                0x00000000        0x4 c:/altera/13.0/nios2eds/bin/gnu/h-i686-mingw32/bin/../lib/gcc/nios2-elf/4.1.2/../../../../nios2-elf/lib\libc.a(lib_a-mbrtowc.o)
 .rodata        0x00814ef8      0x124 c:/altera/13.0/nios2eds/bin/gnu/h-i686-mingw32/bin/../lib/gcc/nios2-elf/4.1.2/../../../../nios2-elf/lib\libc.a(lib_a-mprec.o)
                0x00814ef8                __mprec_tens
                0x00814fc0                __mprec_bigtens
                0x00814fe8                __mprec_tinytens
 .rodata.str1.4
                0x0081501c        0xf c:/altera/13.0/nios2eds/bin/gnu/h-i686-mingw32/bin/../lib/gcc/nios2-elf/4.1.2/../../../../nios2-elf/lib\libc.a(lib_a-strtod.o)
                                 0x10 (size before relaxing)
 *fill*         0x0081502b        0x1 00
 .rodata        0x0081502c       0x28 c:/altera/13.0/nios2eds/bin/gnu/h-i686-mingw32/bin/../lib/gcc/nios2-elf/4.1.2/../../../../nios2-elf/lib\libc.a(lib_a-strtod.o)
 .rodata.str1.4
                0x00815054       0x1c c:/altera/13.0/nios2eds/bin/gnu/h-i686-mingw32/bin/../lib/gcc/nios2-elf/4.1.2/../../../../nios2-elf/lib\libc.a(lib_a-gdtoa-gethex.o)
 .rodata        0x00815070       0x14 c:/altera/13.0/nios2eds/bin/gnu/h-i686-mingw32/bin/../lib/gcc/nios2-elf/4.1.2\libgcc.a(_thenan_df.o)
                0x00815070                __thenan_df
 .rodata        0x00815084      0x100 c:/altera/13.0/nios2eds/bin/gnu/h-i686-mingw32/bin/../lib/gcc/nios2-elf/4.1.2\libgcc.a(_clz.o)
                0x00815084                __clz_tab
 .rodata        0x00815184        0xc ../assignment1_bsp/\libhal_bsp.a(alt_dev.o)
 .rodata        0x00815190       0x10 ../assignment1_bsp/\libhal_bsp.a(alt_main.o)
 .rodata        0x008151a0       0x28 ../assignment1_bsp/\libhal_bsp.a(alt_sys_init.o)
 *(.rodata1)
                0x008151c8                . = ALIGN (0x4)
                0x008151c8                PROVIDE (__ram_rodata_end, ABSOLUTE (.))
                0x00814ad4                PROVIDE (__flash_rodata_start, LOADADDR (.rodata))

.rwdata         0x008151c8     0x1cdc load address 0x00816ea4
                0x008151c8                PROVIDE (__ram_rwdata_start, ABSOLUTE (.))
                0x008151c8                . = ALIGN (0x4)
 *(.got.plt)
 *(.got)
 *(.data1)
 *(.data .data.* .gnu.linkonce.d.*)
 .data          0x008151c8        0x0 ../assignment1_bsp//obj/HAL/src/crt0.o
 .data          0x008151c8       0x5c obj/default/trafficController.o
 .data          0x00815224        0x0 c:/altera/13.0/nios2eds/bin/gnu/h-i686-mingw32/bin/../lib/gcc/nios2-elf/4.1.2/../../../../nios2-elf/lib\libc.a(lib_a-fclose.o)
 .data          0x00815224        0x0 c:/altera/13.0/nios2eds/bin/gnu/h-i686-mingw32/bin/../lib/gcc/nios2-elf/4.1.2/../../../../nios2-elf/lib\libc.a(lib_a-fflush.o)
 .data          0x00815224        0x0 c:/altera/13.0/nios2eds/bin/gnu/h-i686-mingw32/bin/../lib/gcc/nios2-elf/4.1.2/../../../../nios2-elf/lib\libc.a(lib_a-fgetc.o)
 .data          0x00815224        0x0 c:/altera/13.0/nios2eds/bin/gnu/h-i686-mingw32/bin/../lib/gcc/nios2-elf/4.1.2/../../../../nios2-elf/lib\libc.a(lib_a-findfp.o)
 .data          0x00815224        0x0 c:/altera/13.0/nios2eds/bin/gnu/h-i686-mingw32/bin/../lib/gcc/nios2-elf/4.1.2/../../../../nios2-elf/lib\libc.a(lib_a-fopen.o)
 .data          0x00815224        0x0 c:/altera/13.0/nios2eds/bin/gnu/h-i686-mingw32/bin/../lib/gcc/nios2-elf/4.1.2/../../../../nios2-elf/lib\libc.a(lib_a-fprintf.o)
 .data          0x00815224        0x0 c:/altera/13.0/nios2eds/bin/gnu/h-i686-mingw32/bin/../lib/gcc/nios2-elf/4.1.2/../../../../nios2-elf/lib\libc.a(lib_a-fputs.o)
 .data          0x00815224        0x0 c:/altera/13.0/nios2eds/bin/gnu/h-i686-mingw32/bin/../lib/gcc/nios2-elf/4.1.2/../../../../nios2-elf/lib\libc.a(lib_a-freer.o)
 .data          0x00815224        0x0 c:/altera/13.0/nios2eds/bin/gnu/h-i686-mingw32/bin/../lib/gcc/nios2-elf/4.1.2/../../../../nios2-elf/lib\libc.a(lib_a-fseek.o)
 .data          0x00815224        0x0 c:/altera/13.0/nios2eds/bin/gnu/h-i686-mingw32/bin/../lib/gcc/nios2-elf/4.1.2/../../../../nios2-elf/lib\libc.a(lib_a-fstatr.o)
 .data          0x00815224        0x0 c:/altera/13.0/nios2eds/bin/gnu/h-i686-mingw32/bin/../lib/gcc/nios2-elf/4.1.2/../../../../nios2-elf/lib\libc.a(lib_a-fvwrite.o)
 .data          0x00815224        0x0 c:/altera/13.0/nios2eds/bin/gnu/h-i686-mingw32/bin/../lib/gcc/nios2-elf/4.1.2/../../../../nios2-elf/lib\libc.a(lib_a-fwalk.o)
 .data          0x00815224      0x400 c:/altera/13.0/nios2eds/bin/gnu/h-i686-mingw32/bin/../lib/gcc/nios2-elf/4.1.2/../../../../nios2-elf/lib\libc.a(lib_a-impure.o)
 .data          0x00815624        0x0 c:/altera/13.0/nios2eds/bin/gnu/h-i686-mingw32/bin/../lib/gcc/nios2-elf/4.1.2/../../../../nios2-elf/lib\libc.a(lib_a-int_errno.o)
 .data          0x00815624        0x0 c:/altera/13.0/nios2eds/bin/gnu/h-i686-mingw32/bin/../lib/gcc/nios2-elf/4.1.2/../../../../nios2-elf/lib\libc.a(lib_a-makebuf.o)
 .data          0x00815624      0x408 c:/altera/13.0/nios2eds/bin/gnu/h-i686-mingw32/bin/../lib/gcc/nios2-elf/4.1.2/../../../../nios2-elf/lib\libc.a(lib_a-mallocr.o)
                0x00815624                __malloc_av_
 .data          0x00815a2c        0x0 c:/altera/13.0/nios2eds/bin/gnu/h-i686-mingw32/bin/../lib/gcc/nios2-elf/4.1.2/../../../../nios2-elf/lib\libc.a(lib_a-memchr.o)
 .data          0x00815a2c        0x0 c:/altera/13.0/nios2eds/bin/gnu/h-i686-mingw32/bin/../lib/gcc/nios2-elf/4.1.2/../../../../nios2-elf/lib\libc.a(lib_a-memcpy.o)
 .data          0x00815a2c        0x0 c:/altera/13.0/nios2eds/bin/gnu/h-i686-mingw32/bin/../lib/gcc/nios2-elf/4.1.2/../../../../nios2-elf/lib\libc.a(lib_a-memmove.o)
 .data          0x00815a2c        0x0 c:/altera/13.0/nios2eds/bin/gnu/h-i686-mingw32/bin/../lib/gcc/nios2-elf/4.1.2/../../../../nios2-elf/lib\libc.a(lib_a-memset.o)
 .data          0x00815a2c        0x0 c:/altera/13.0/nios2eds/bin/gnu/h-i686-mingw32/bin/../lib/gcc/nios2-elf/4.1.2/../../../../nios2-elf/lib\libc.a(lib_a-openr.o)
 .data          0x00815a2c        0x0 c:/altera/13.0/nios2eds/bin/gnu/h-i686-mingw32/bin/../lib/gcc/nios2-elf/4.1.2/../../../../nios2-elf/lib\libc.a(lib_a-printf.o)
 .data          0x00815a2c        0x0 c:/altera/13.0/nios2eds/bin/gnu/h-i686-mingw32/bin/../lib/gcc/nios2-elf/4.1.2/../../../../nios2-elf/lib\libc.a(lib_a-reallocr.o)
 .data          0x00815a2c        0x0 c:/altera/13.0/nios2eds/bin/gnu/h-i686-mingw32/bin/../lib/gcc/nios2-elf/4.1.2/../../../../nios2-elf/lib\libc.a(lib_a-refill.o)
 .data          0x00815a2c        0x0 c:/altera/13.0/nios2eds/bin/gnu/h-i686-mingw32/bin/../lib/gcc/nios2-elf/4.1.2/../../../../nios2-elf/lib\libc.a(lib_a-rget.o)
 .data          0x00815a2c        0x0 c:/altera/13.0/nios2eds/bin/gnu/h-i686-mingw32/bin/../lib/gcc/nios2-elf/4.1.2/../../../../nios2-elf/lib\libc.a(lib_a-sbrkr.o)
 .data          0x00815a2c        0x0 c:/altera/13.0/nios2eds/bin/gnu/h-i686-mingw32/bin/../lib/gcc/nios2-elf/4.1.2/../../../../nios2-elf/lib\libc.a(lib_a-sprintf.o)
 .data          0x00815a2c        0x0 c:/altera/13.0/nios2eds/bin/gnu/h-i686-mingw32/bin/../lib/gcc/nios2-elf/4.1.2/../../../../nios2-elf/lib\libc.a(lib_a-sscanf.o)
 .data          0x00815a2c        0x0 c:/altera/13.0/nios2eds/bin/gnu/h-i686-mingw32/bin/../lib/gcc/nios2-elf/4.1.2/../../../../nios2-elf/lib\libc.a(lib_a-stdio.o)
 .data          0x00815a2c        0x0 c:/altera/13.0/nios2eds/bin/gnu/h-i686-mingw32/bin/../lib/gcc/nios2-elf/4.1.2/../../../../nios2-elf/lib\libc.a(lib_a-strlen.o)
 .data          0x00815a2c        0x0 c:/altera/13.0/nios2eds/bin/gnu/h-i686-mingw32/bin/../lib/gcc/nios2-elf/4.1.2/../../../../nios2-elf/lib\libc.a(lib_a-vfprintf.o)
 .data          0x00815a2c        0x0 c:/altera/13.0/nios2eds/bin/gnu/h-i686-mingw32/bin/../lib/gcc/nios2-elf/4.1.2/../../../../nios2-elf/lib\libc.a(lib_a-vfscanf.o)
 .data          0x00815a2c        0x0 c:/altera/13.0/nios2eds/bin/gnu/h-i686-mingw32/bin/../lib/gcc/nios2-elf/4.1.2/../../../../nios2-elf/lib\libc.a(lib_a-writer.o)
 .data          0x00815a2c        0x0 c:/altera/13.0/nios2eds/bin/gnu/h-i686-mingw32/bin/../lib/gcc/nios2-elf/4.1.2/../../../../nios2-elf/lib\libc.a(lib_a-wsetup.o)
 .data          0x00815a2c        0x0 c:/altera/13.0/nios2eds/bin/gnu/h-i686-mingw32/bin/../lib/gcc/nios2-elf/4.1.2/../../../../nios2-elf/lib\libc.a(lib_a-closer.o)
 .data          0x00815a2c        0x0 c:/altera/13.0/nios2eds/bin/gnu/h-i686-mingw32/bin/../lib/gcc/nios2-elf/4.1.2/../../../../nios2-elf/lib\libc.a(lib_a-ctype_.o)
 .data          0x00815a2c        0x0 c:/altera/13.0/nios2eds/bin/gnu/h-i686-mingw32/bin/../lib/gcc/nios2-elf/4.1.2/../../../../nios2-elf/lib\libc.a(lib_a-dtoa.o)
 .data          0x00815a2c        0x0 c:/altera/13.0/nios2eds/bin/gnu/h-i686-mingw32/bin/../lib/gcc/nios2-elf/4.1.2/../../../../nios2-elf/lib\libc.a(lib_a-flags.o)
 .data          0x00815a2c        0x0 c:/altera/13.0/nios2eds/bin/gnu/h-i686-mingw32/bin/../lib/gcc/nios2-elf/4.1.2/../../../../nios2-elf/lib\libc.a(lib_a-fread.o)
 .data          0x00815a2c        0x0 c:/altera/13.0/nios2eds/bin/gnu/h-i686-mingw32/bin/../lib/gcc/nios2-elf/4.1.2/../../../../nios2-elf/lib\libc.a(lib_a-isattyr.o)
 .data          0x00815a2c        0x0 c:/altera/13.0/nios2eds/bin/gnu/h-i686-mingw32/bin/../lib/gcc/nios2-elf/4.1.2/../../../../nios2-elf/lib\libc.a(lib_a-iswspace.o)
 .data          0x00815a2c        0xc c:/altera/13.0/nios2eds/bin/gnu/h-i686-mingw32/bin/../lib/gcc/nios2-elf/4.1.2/../../../../nios2-elf/lib\libc.a(lib_a-locale.o)
                0x00815a2c                __lc_ctype
 .data          0x00815a38        0x0 c:/altera/13.0/nios2eds/bin/gnu/h-i686-mingw32/bin/../lib/gcc/nios2-elf/4.1.2/../../../../nios2-elf/lib\libc.a(lib_a-lseekr.o)
 .data          0x00815a38        0x0 c:/altera/13.0/nios2eds/bin/gnu/h-i686-mingw32/bin/../lib/gcc/nios2-elf/4.1.2/../../../../nios2-elf/lib\libc.a(lib_a-mbrtowc.o)
 .data          0x00815a38        0x0 c:/altera/13.0/nios2eds/bin/gnu/h-i686-mingw32/bin/../lib/gcc/nios2-elf/4.1.2/../../../../nios2-elf/lib\libc.a(lib_a-mbtowc_r.o)
 .data          0x00815a38        0x0 c:/altera/13.0/nios2eds/bin/gnu/h-i686-mingw32/bin/../lib/gcc/nios2-elf/4.1.2/../../../../nios2-elf/lib\libc.a(lib_a-mprec.o)
 .data          0x00815a38        0x0 c:/altera/13.0/nios2eds/bin/gnu/h-i686-mingw32/bin/../lib/gcc/nios2-elf/4.1.2/../../../../nios2-elf/lib\libc.a(lib_a-readr.o)
 .data          0x00815a38        0x0 c:/altera/13.0/nios2eds/bin/gnu/h-i686-mingw32/bin/../lib/gcc/nios2-elf/4.1.2/../../../../nios2-elf/lib\libc.a(lib_a-s_isinfd.o)
 .data          0x00815a38        0x0 c:/altera/13.0/nios2eds/bin/gnu/h-i686-mingw32/bin/../lib/gcc/nios2-elf/4.1.2/../../../../nios2-elf/lib\libc.a(lib_a-s_isnand.o)
 .data          0x00815a38        0x0 c:/altera/13.0/nios2eds/bin/gnu/h-i686-mingw32/bin/../lib/gcc/nios2-elf/4.1.2/../../../../nios2-elf/lib\libc.a(lib_a-sccl.o)
 .data          0x00815a38        0x0 c:/altera/13.0/nios2eds/bin/gnu/h-i686-mingw32/bin/../lib/gcc/nios2-elf/4.1.2/../../../../nios2-elf/lib\libc.a(lib_a-sf_nan.o)
 .data          0x00815a38        0x0 c:/altera/13.0/nios2eds/bin/gnu/h-i686-mingw32/bin/../lib/gcc/nios2-elf/4.1.2/../../../../nios2-elf/lib\libc.a(lib_a-strcmp.o)
 .data          0x00815a38       0x28 c:/altera/13.0/nios2eds/bin/gnu/h-i686-mingw32/bin/../lib/gcc/nios2-elf/4.1.2/../../../../nios2-elf/lib\libc.a(lib_a-strtod.o)
 .data          0x00815a60        0x0 c:/altera/13.0/nios2eds/bin/gnu/h-i686-mingw32/bin/../lib/gcc/nios2-elf/4.1.2/../../../../nios2-elf/lib\libc.a(lib_a-strtol.o)
 .data          0x00815a60        0x0 c:/altera/13.0/nios2eds/bin/gnu/h-i686-mingw32/bin/../lib/gcc/nios2-elf/4.1.2/../../../../nios2-elf/lib\libc.a(lib_a-strtoll_r.o)
 .data          0x00815a60        0x0 c:/altera/13.0/nios2eds/bin/gnu/h-i686-mingw32/bin/../lib/gcc/nios2-elf/4.1.2/../../../../nios2-elf/lib\libc.a(lib_a-strtoul.o)
 .data          0x00815a60        0x0 c:/altera/13.0/nios2eds/bin/gnu/h-i686-mingw32/bin/../lib/gcc/nios2-elf/4.1.2/../../../../nios2-elf/lib\libc.a(lib_a-strtoull_r.o)
 .data          0x00815a60        0x0 c:/altera/13.0/nios2eds/bin/gnu/h-i686-mingw32/bin/../lib/gcc/nios2-elf/4.1.2/../../../../nios2-elf/lib\libc.a(lib_a-ungetc.o)
 .data          0x00815a60        0x0 c:/altera/13.0/nios2eds/bin/gnu/h-i686-mingw32/bin/../lib/gcc/nios2-elf/4.1.2/../../../../nios2-elf/lib\libc.a(lib_a-callocr.o)
 .data          0x00815a60        0x0 c:/altera/13.0/nios2eds/bin/gnu/h-i686-mingw32/bin/../lib/gcc/nios2-elf/4.1.2/../../../../nios2-elf/lib\libc.a(lib_a-gdtoa-gethex.o)
 .data          0x00815a60        0x0 c:/altera/13.0/nios2eds/bin/gnu/h-i686-mingw32/bin/../lib/gcc/nios2-elf/4.1.2/../../../../nios2-elf/lib\libc.a(lib_a-gdtoa-hexnan.o)
 .data          0x00815a60        0x0 c:/altera/13.0/nios2eds/bin/gnu/h-i686-mingw32/bin/../lib/gcc/nios2-elf/4.1.2\libgcc.a(_muldi3.o)
 .data          0x00815a60        0x0 c:/altera/13.0/nios2eds/bin/gnu/h-i686-mingw32/bin/../lib/gcc/nios2-elf/4.1.2\libgcc.a(_fixunsdfsi.o)
 .data          0x00815a60        0x0 c:/altera/13.0/nios2eds/bin/gnu/h-i686-mingw32/bin/../lib/gcc/nios2-elf/4.1.2\libgcc.a(_udivdi3.o)
 .data          0x00815a60        0x0 c:/altera/13.0/nios2eds/bin/gnu/h-i686-mingw32/bin/../lib/gcc/nios2-elf/4.1.2\libgcc.a(_umoddi3.o)
 .data          0x00815a60        0x0 c:/altera/13.0/nios2eds/bin/gnu/h-i686-mingw32/bin/../lib/gcc/nios2-elf/4.1.2\libgcc.a(_ne_sf.o)
 .data          0x00815a60        0x0 c:/altera/13.0/nios2eds/bin/gnu/h-i686-mingw32/bin/../lib/gcc/nios2-elf/4.1.2\libgcc.a(_gt_sf.o)
 .data          0x00815a60        0x0 c:/altera/13.0/nios2eds/bin/gnu/h-i686-mingw32/bin/../lib/gcc/nios2-elf/4.1.2\libgcc.a(_lt_sf.o)
 .data          0x00815a60        0x0 c:/altera/13.0/nios2eds/bin/gnu/h-i686-mingw32/bin/../lib/gcc/nios2-elf/4.1.2\libgcc.a(_addsub_df.o)
 .data          0x00815a60        0x0 c:/altera/13.0/nios2eds/bin/gnu/h-i686-mingw32/bin/../lib/gcc/nios2-elf/4.1.2\libgcc.a(_mul_df.o)
 .data          0x00815a60        0x0 c:/altera/13.0/nios2eds/bin/gnu/h-i686-mingw32/bin/../lib/gcc/nios2-elf/4.1.2\libgcc.a(_div_df.o)
 .data          0x00815a60        0x0 c:/altera/13.0/nios2eds/bin/gnu/h-i686-mingw32/bin/../lib/gcc/nios2-elf/4.1.2\libgcc.a(_eq_df.o)
 .data          0x00815a60        0x0 c:/altera/13.0/nios2eds/bin/gnu/h-i686-mingw32/bin/../lib/gcc/nios2-elf/4.1.2\libgcc.a(_ne_df.o)
 .data          0x00815a60        0x0 c:/altera/13.0/nios2eds/bin/gnu/h-i686-mingw32/bin/../lib/gcc/nios2-elf/4.1.2\libgcc.a(_gt_df.o)
 .data          0x00815a60        0x0 c:/altera/13.0/nios2eds/bin/gnu/h-i686-mingw32/bin/../lib/gcc/nios2-elf/4.1.2\libgcc.a(_ge_df.o)
 .data          0x00815a60        0x0 c:/altera/13.0/nios2eds/bin/gnu/h-i686-mingw32/bin/../lib/gcc/nios2-elf/4.1.2\libgcc.a(_lt_df.o)
 .data          0x00815a60        0x0 c:/altera/13.0/nios2eds/bin/gnu/h-i686-mingw32/bin/../lib/gcc/nios2-elf/4.1.2\libgcc.a(_le_df.o)
 .data          0x00815a60        0x0 c:/altera/13.0/nios2eds/bin/gnu/h-i686-mingw32/bin/../lib/gcc/nios2-elf/4.1.2\libgcc.a(_si_to_df.o)
 .data          0x00815a60        0x0 c:/altera/13.0/nios2eds/bin/gnu/h-i686-mingw32/bin/../lib/gcc/nios2-elf/4.1.2\libgcc.a(_df_to_si.o)
 .data          0x00815a60        0x0 c:/altera/13.0/nios2eds/bin/gnu/h-i686-mingw32/bin/../lib/gcc/nios2-elf/4.1.2\libgcc.a(_df_to_sf.o)
 .data          0x00815a60        0x0 c:/altera/13.0/nios2eds/bin/gnu/h-i686-mingw32/bin/../lib/gcc/nios2-elf/4.1.2\libgcc.a(_thenan_df.o)
 .data          0x00815a60        0x0 c:/altera/13.0/nios2eds/bin/gnu/h-i686-mingw32/bin/../lib/gcc/nios2-elf/4.1.2\libgcc.a(_usi_to_df.o)
 .data          0x00815a60        0x0 c:/altera/13.0/nios2eds/bin/gnu/h-i686-mingw32/bin/../lib/gcc/nios2-elf/4.1.2\libgcc.a(lib2-divmod.o)
 .data          0x00815a60        0x0 c:/altera/13.0/nios2eds/bin/gnu/h-i686-mingw32/bin/../lib/gcc/nios2-elf/4.1.2\libgcc.a(_clz.o)
 .data          0x00815a60        0x0 c:/altera/13.0/nios2eds/bin/gnu/h-i686-mingw32/bin/../lib/gcc/nios2-elf/4.1.2\libgcc.a(_clzsi2.o)
 .data          0x00815a60        0x0 c:/altera/13.0/nios2eds/bin/gnu/h-i686-mingw32/bin/../lib/gcc/nios2-elf/4.1.2\libgcc.a(_unpack_sf.o)
 .data          0x00815a60        0x0 c:/altera/13.0/nios2eds/bin/gnu/h-i686-mingw32/bin/../lib/gcc/nios2-elf/4.1.2\libgcc.a(_fpcmp_parts_sf.o)
 .data          0x00815a60        0x0 c:/altera/13.0/nios2eds/bin/gnu/h-i686-mingw32/bin/../lib/gcc/nios2-elf/4.1.2\libgcc.a(_make_sf.o)
 .data          0x00815a60        0x0 c:/altera/13.0/nios2eds/bin/gnu/h-i686-mingw32/bin/../lib/gcc/nios2-elf/4.1.2\libgcc.a(_pack_df.o)
 .data          0x00815a60        0x0 c:/altera/13.0/nios2eds/bin/gnu/h-i686-mingw32/bin/../lib/gcc/nios2-elf/4.1.2\libgcc.a(_unpack_df.o)
 .data          0x00815a60        0x0 c:/altera/13.0/nios2eds/bin/gnu/h-i686-mingw32/bin/../lib/gcc/nios2-elf/4.1.2\libgcc.a(_fpcmp_parts_df.o)
 .data          0x00815a60        0x0 c:/altera/13.0/nios2eds/bin/gnu/h-i686-mingw32/bin/../lib/gcc/nios2-elf/4.1.2\libgcc.a(_pack_sf.o)
 .data          0x00815a60        0x0 ../assignment1_bsp/\libhal_bsp.a(alt_alarm_start.o)
 .data          0x00815a60        0x0 ../assignment1_bsp/\libhal_bsp.a(alt_close.o)
 .data          0x00815a60      0x1a8 ../assignment1_bsp/\libhal_bsp.a(alt_dev.o)
                0x00815a60                alt_dev_null
                0x00815a88                alt_fd_list
 .data          0x00815c08        0x0 ../assignment1_bsp/\libhal_bsp.a(alt_errno.o)
 .data          0x00815c08        0x0 ../assignment1_bsp/\libhal_bsp.a(alt_fstat.o)
 .data          0x00815c08        0x0 ../assignment1_bsp/\libhal_bsp.a(alt_irq_register.o)
 .data          0x00815c08        0x0 ../assignment1_bsp/\libhal_bsp.a(alt_irq_vars.o)
 .data          0x00815c08        0x0 ../assignment1_bsp/\libhal_bsp.a(alt_isatty.o)
 .data          0x00815c08        0x0 ../assignment1_bsp/\libhal_bsp.a(alt_load.o)
 .data          0x00815c08        0x0 ../assignment1_bsp/\libhal_bsp.a(alt_lseek.o)
 .data          0x00815c08        0x0 ../assignment1_bsp/\libhal_bsp.a(alt_main.o)
 .data          0x00815c08        0x0 ../assignment1_bsp/\libhal_bsp.a(alt_malloc_lock.o)
 .data          0x00815c08        0x0 ../assignment1_bsp/\libhal_bsp.a(alt_open.o)
 .data          0x00815c08        0x0 ../assignment1_bsp/\libhal_bsp.a(alt_read.o)
 .data          0x00815c08        0x0 ../assignment1_bsp/\libhal_bsp.a(alt_release_fd.o)
 .data          0x00815c08        0x0 ../assignment1_bsp/\libhal_bsp.a(alt_sbrk.o)
 .data          0x00815c08        0x0 ../assignment1_bsp/\libhal_bsp.a(alt_tick.o)
 .data          0x00815c08        0x0 ../assignment1_bsp/\libhal_bsp.a(alt_write.o)
 .data          0x00815c08     0x1244 ../assignment1_bsp/\libhal_bsp.a(alt_sys_init.o)
 .data          0x00816e4c        0x0 ../assignment1_bsp/\libhal_bsp.a(altera_avalon_jtag_uart_fd.o)
 .data          0x00816e4c        0x0 ../assignment1_bsp/\libhal_bsp.a(altera_avalon_jtag_uart_init.o)
 .data          0x00816e4c        0x0 ../assignment1_bsp/\libhal_bsp.a(altera_avalon_jtag_uart_ioctl.o)
 .data          0x00816e4c        0x0 ../assignment1_bsp/\libhal_bsp.a(altera_avalon_jtag_uart_read.o)
 .data          0x00816e4c        0x0 ../assignment1_bsp/\libhal_bsp.a(altera_avalon_jtag_uart_write.o)
 .data          0x00816e4c        0x0 ../assignment1_bsp/\libhal_bsp.a(altera_avalon_lcd_16207.o)
 .data          0x00816e4c        0x0 ../assignment1_bsp/\libhal_bsp.a(altera_avalon_lcd_16207_fd.o)
 .data          0x00816e4c        0x0 ../assignment1_bsp/\libhal_bsp.a(altera_avalon_timer_sc.o)
 .data          0x00816e4c        0x0 ../assignment1_bsp/\libhal_bsp.a(altera_avalon_uart_fd.o)
 .data          0x00816e4c        0x0 ../assignment1_bsp/\libhal_bsp.a(altera_avalon_uart_init.o)
 .data          0x00816e4c        0x0 ../assignment1_bsp/\libhal_bsp.a(altera_avalon_uart_read.o)
 .data          0x00816e4c        0x0 ../assignment1_bsp/\libhal_bsp.a(altera_avalon_uart_write.o)
 .data          0x00816e4c        0x0 ../assignment1_bsp/\libhal_bsp.a(alt_dcache_flush_all.o)
 .data          0x00816e4c        0x0 ../assignment1_bsp/\libhal_bsp.a(alt_dev_llist_insert.o)
 .data          0x00816e4c        0x0 ../assignment1_bsp/\libhal_bsp.a(alt_do_ctors.o)
 .data          0x00816e4c        0x0 ../assignment1_bsp/\libhal_bsp.a(alt_do_dtors.o)
 .data          0x00816e4c        0x0 ../assignment1_bsp/\libhal_bsp.a(alt_find_dev.o)
 .data          0x00816e4c        0x0 ../assignment1_bsp/\libhal_bsp.a(alt_find_file.o)
 .data          0x00816e4c        0x0 ../assignment1_bsp/\libhal_bsp.a(alt_get_fd.o)
 .data          0x00816e4c        0x0 ../assignment1_bsp/\libhal_bsp.a(alt_icache_flush_all.o)
 .data          0x00816e4c        0x0 ../assignment1_bsp/\libhal_bsp.a(alt_iic.o)
 .data          0x00816e4c        0x0 ../assignment1_bsp/\libhal_bsp.a(alt_iic_isr_register.o)
 .data          0x00816e4c        0x0 ../assignment1_bsp/\libhal_bsp.a(alt_io_redirect.o)
 .data          0x00816e4c        0x0 ../assignment1_bsp/\libhal_bsp.a(alt_irq_entry.o)
 .data          0x00816e4c        0x0 ../assignment1_bsp/\libhal_bsp.a(alt_irq_handler.o)
 .data          0x00816e4c        0x0 ../assignment1_bsp/\libhal_bsp.a(alt_usleep.o)
 .data          0x00816e4c        0x0 ../assignment1_bsp/\libhal_bsp.a(altera_nios2_qsys_irq.o)
 .data          0x00816e4c        0x0 ../assignment1_bsp/\libhal_bsp.a(alt_busy_sleep.o)
 .data          0x00816e4c        0x0 ../assignment1_bsp/\libhal_bsp.a(alt_exception_entry.o)
 .data          0x00816e4c        0x0 ../assignment1_bsp/\libhal_bsp.a(alt_icache_flush.o)
 .data          0x00816e4c        0x0 c:/altera/13.0/nios2eds/bin/gnu/h-i686-mingw32/bin/../lib/gcc/nios2-elf/4.1.2/../../../../nios2-elf/lib\libc.a(lib_a-atexit.o)
 .data          0x00816e4c        0x0 c:/altera/13.0/nios2eds/bin/gnu/h-i686-mingw32/bin/../lib/gcc/nios2-elf/4.1.2/../../../../nios2-elf/lib\libc.a(lib_a-exit.o)
 .data          0x00816e4c        0x0 c:/altera/13.0/nios2eds/bin/gnu/h-i686-mingw32/bin/../lib/gcc/nios2-elf/4.1.2/../../../../nios2-elf/lib\libc.a(lib_a-memcmp.o)
 .data          0x00816e4c        0x0 c:/altera/13.0/nios2eds/bin/gnu/h-i686-mingw32/bin/../lib/gcc/nios2-elf/4.1.2/../../../../nios2-elf/lib\libc.a(lib_a-__atexit.o)
 .data          0x00816e4c        0x0 c:/altera/13.0/nios2eds/bin/gnu/h-i686-mingw32/bin/../lib/gcc/nios2-elf/4.1.2/../../../../nios2-elf/lib\libc.a(lib_a-__call_atexit.o)
 .data          0x00816e4c        0x0 ../assignment1_bsp/\libhal_bsp.a(alt_exit.o)
                0x0081ee4c                _gp = ABSOLUTE ((. + 0x8000))
                0x0081ee4c                PROVIDE (gp, _gp)
 *(.rwdata .rwdata.*)
 *(.sdata .sdata.* .gnu.linkonce.s.*)
 .sdata         0x00816e4c       0x10 obj/default/trafficController.o
                0x00816e4c                chararray
 .sdata         0x00816e5c        0x8 c:/altera/13.0/nios2eds/bin/gnu/h-i686-mingw32/bin/../lib/gcc/nios2-elf/4.1.2/../../../../nios2-elf/lib\libc.a(lib_a-impure.o)
                0x00816e5c                _impure_ptr
                0x00816e60                _global_impure_ptr
 .sdata         0x00816e64        0x8 c:/altera/13.0/nios2eds/bin/gnu/h-i686-mingw32/bin/../lib/gcc/nios2-elf/4.1.2/../../../../nios2-elf/lib\libc.a(lib_a-mallocr.o)
                0x00816e64                __malloc_trim_threshold
                0x00816e68                __malloc_sbrk_base
 .sdata         0x00816e6c        0x4 c:/altera/13.0/nios2eds/bin/gnu/h-i686-mingw32/bin/../lib/gcc/nios2-elf/4.1.2/../../../../nios2-elf/lib\libc.a(lib_a-ctype_.o)
                0x00816e6c                __ctype_ptr
 .sdata         0x00816e70        0x8 c:/altera/13.0/nios2eds/bin/gnu/h-i686-mingw32/bin/../lib/gcc/nios2-elf/4.1.2/../../../../nios2-elf/lib\libc.a(lib_a-locale.o)
                0x00816e70                __mb_cur_max
 .sdata         0x00816e78       0x14 ../assignment1_bsp/\libhal_bsp.a(alt_dev.o)
                0x00816e78                alt_fs_list
                0x00816e80                alt_dev_list
                0x00816e88                alt_max_fd
 .sdata         0x00816e8c        0x4 ../assignment1_bsp/\libhal_bsp.a(alt_errno.o)
                0x00816e8c                alt_errno
 .sdata         0x00816e90        0x4 ../assignment1_bsp/\libhal_bsp.a(alt_irq_vars.o)
                0x00816e90                alt_priority_mask
 .sdata         0x00816e94        0x4 ../assignment1_bsp/\libhal_bsp.a(alt_sbrk.o)
 .sdata         0x00816e98        0x8 ../assignment1_bsp/\libhal_bsp.a(alt_tick.o)
                0x00816e98                alt_alarm_list
 .sdata         0x00816ea0        0x4 ../assignment1_bsp/\libhal_bsp.a(altera_avalon_lcd_16207.o)
 *(.sdata2 .sdata2.* .gnu.linkonce.s2.*)
                0x00816ea4                . = ALIGN (0x4)
                0x00816ea4                _edata = ABSOLUTE (.)
                0x00816ea4                PROVIDE (edata, ABSOLUTE (.))
                0x00816ea4                PROVIDE (__ram_rwdata_end, ABSOLUTE (.))
                0x00816ea4                PROVIDE (__flash_rwdata_start, LOADADDR (.rwdata))

.bss            0x00818b80      0x450
                0x00818b80                __bss_start = ABSOLUTE (.)
                0x00818b80                PROVIDE (__sbss_start, ABSOLUTE (.))
                0x00818b80                PROVIDE (___sbss_start, ABSOLUTE (.))
 *(.dynsbss)
 *(.sbss .sbss.* .gnu.linkonce.sb.*)
 .sbss          0x00818b80       0x30 obj/default/trafficController.o
 .sbss          0x00818bb0        0x4 obj/default/trafficController.o
                0x00818bb0                fp
 .sbss          0x00818bb4        0x4 c:/altera/13.0/nios2eds/bin/gnu/h-i686-mingw32/bin/../lib/gcc/nios2-elf/4.1.2/../../../../nios2-elf/lib\libc.a(lib_a-int_errno.o)
                0x00818bb4                errno
 .sbss          0x00818bb8        0xc c:/altera/13.0/nios2eds/bin/gnu/h-i686-mingw32/bin/../lib/gcc/nios2-elf/4.1.2/../../../../nios2-elf/lib\libc.a(lib_a-mallocr.o)
                0x00818bb8                __malloc_top_pad
                0x00818bbc                __malloc_max_sbrked_mem
                0x00818bc0                __malloc_max_total_mem
 .sbss          0x00818bc4        0xc c:/altera/13.0/nios2eds/bin/gnu/h-i686-mingw32/bin/../lib/gcc/nios2-elf/4.1.2/../../../../nios2-elf/lib\libc.a(lib_a-locale.o)
                0x00818bc4                __nlocale_changed
                0x00818bc8                __mlocale_changed
                0x00818bcc                _PathLocale
 .sbss          0x00818bd0        0x4 ../assignment1_bsp/\libhal_bsp.a(alt_irq_vars.o)
                0x00818bd0                alt_irq_active
 .sbss          0x00818bd4        0xc ../assignment1_bsp/\libhal_bsp.a(alt_main.o)
                0x00818bd4                alt_argc
                0x00818bd8                alt_argv
                0x00818bdc                alt_envp
 .sbss          0x00818be0        0x8 ../assignment1_bsp/\libhal_bsp.a(alt_tick.o)
                0x00818be0                _alt_tick_rate
                0x00818be4                _alt_nticks
 *(.sbss2 .sbss2.* .gnu.linkonce.sb2.*)
 *(.scommon)
                0x00818be8                PROVIDE (__sbss_end, ABSOLUTE (.))
                0x00818be8                PROVIDE (___sbss_end, ABSOLUTE (.))
 *(.dynbss)
 *(.bss .bss.* .gnu.linkonce.b.*)
 .bss           0x00818be8        0x0 ../assignment1_bsp//obj/HAL/src/crt0.o
 .bss           0x00818be8       0x30 obj/default/trafficController.o
 .bss           0x00818c18        0x0 c:/altera/13.0/nios2eds/bin/gnu/h-i686-mingw32/bin/../lib/gcc/nios2-elf/4.1.2/../../../../nios2-elf/lib\libc.a(lib_a-fclose.o)
 .bss           0x00818c18        0x0 c:/altera/13.0/nios2eds/bin/gnu/h-i686-mingw32/bin/../lib/gcc/nios2-elf/4.1.2/../../../../nios2-elf/lib\libc.a(lib_a-fflush.o)
 .bss           0x00818c18        0x0 c:/altera/13.0/nios2eds/bin/gnu/h-i686-mingw32/bin/../lib/gcc/nios2-elf/4.1.2/../../../../nios2-elf/lib\libc.a(lib_a-fgetc.o)
 .bss           0x00818c18        0x0 c:/altera/13.0/nios2eds/bin/gnu/h-i686-mingw32/bin/../lib/gcc/nios2-elf/4.1.2/../../../../nios2-elf/lib\libc.a(lib_a-findfp.o)
 .bss           0x00818c18        0x0 c:/altera/13.0/nios2eds/bin/gnu/h-i686-mingw32/bin/../lib/gcc/nios2-elf/4.1.2/../../../../nios2-elf/lib\libc.a(lib_a-fopen.o)
 .bss           0x00818c18        0x0 c:/altera/13.0/nios2eds/bin/gnu/h-i686-mingw32/bin/../lib/gcc/nios2-elf/4.1.2/../../../../nios2-elf/lib\libc.a(lib_a-fprintf.o)
 .bss           0x00818c18        0x0 c:/altera/13.0/nios2eds/bin/gnu/h-i686-mingw32/bin/../lib/gcc/nios2-elf/4.1.2/../../../../nios2-elf/lib\libc.a(lib_a-fputs.o)
 .bss           0x00818c18        0x0 c:/altera/13.0/nios2eds/bin/gnu/h-i686-mingw32/bin/../lib/gcc/nios2-elf/4.1.2/../../../../nios2-elf/lib\libc.a(lib_a-freer.o)
 .bss           0x00818c18        0x0 c:/altera/13.0/nios2eds/bin/gnu/h-i686-mingw32/bin/../lib/gcc/nios2-elf/4.1.2/../../../../nios2-elf/lib\libc.a(lib_a-fseek.o)
 .bss           0x00818c18        0x0 c:/altera/13.0/nios2eds/bin/gnu/h-i686-mingw32/bin/../lib/gcc/nios2-elf/4.1.2/../../../../nios2-elf/lib\libc.a(lib_a-fstatr.o)
 .bss           0x00818c18        0x0 c:/altera/13.0/nios2eds/bin/gnu/h-i686-mingw32/bin/../lib/gcc/nios2-elf/4.1.2/../../../../nios2-elf/lib\libc.a(lib_a-fvwrite.o)
 .bss           0x00818c18        0x0 c:/altera/13.0/nios2eds/bin/gnu/h-i686-mingw32/bin/../lib/gcc/nios2-elf/4.1.2/../../../../nios2-elf/lib\libc.a(lib_a-fwalk.o)
 .bss           0x00818c18        0x0 c:/altera/13.0/nios2eds/bin/gnu/h-i686-mingw32/bin/../lib/gcc/nios2-elf/4.1.2/../../../../nios2-elf/lib\libc.a(lib_a-impure.o)
 .bss           0x00818c18        0x0 c:/altera/13.0/nios2eds/bin/gnu/h-i686-mingw32/bin/../lib/gcc/nios2-elf/4.1.2/../../../../nios2-elf/lib\libc.a(lib_a-int_errno.o)
 .bss           0x00818c18        0x0 c:/altera/13.0/nios2eds/bin/gnu/h-i686-mingw32/bin/../lib/gcc/nios2-elf/4.1.2/../../../../nios2-elf/lib\libc.a(lib_a-makebuf.o)
 .bss           0x00818c18       0x28 c:/altera/13.0/nios2eds/bin/gnu/h-i686-mingw32/bin/../lib/gcc/nios2-elf/4.1.2/../../../../nios2-elf/lib\libc.a(lib_a-mallocr.o)
                0x00818c18                __malloc_current_mallinfo
 .bss           0x00818c40        0x0 c:/altera/13.0/nios2eds/bin/gnu/h-i686-mingw32/bin/../lib/gcc/nios2-elf/4.1.2/../../../../nios2-elf/lib\libc.a(lib_a-memchr.o)
 .bss           0x00818c40        0x0 c:/altera/13.0/nios2eds/bin/gnu/h-i686-mingw32/bin/../lib/gcc/nios2-elf/4.1.2/../../../../nios2-elf/lib\libc.a(lib_a-memcpy.o)
 .bss           0x00818c40        0x0 c:/altera/13.0/nios2eds/bin/gnu/h-i686-mingw32/bin/../lib/gcc/nios2-elf/4.1.2/../../../../nios2-elf/lib\libc.a(lib_a-memmove.o)
 .bss           0x00818c40        0x0 c:/altera/13.0/nios2eds/bin/gnu/h-i686-mingw32/bin/../lib/gcc/nios2-elf/4.1.2/../../../../nios2-elf/lib\libc.a(lib_a-memset.o)
 .bss           0x00818c40        0x0 c:/altera/13.0/nios2eds/bin/gnu/h-i686-mingw32/bin/../lib/gcc/nios2-elf/4.1.2/../../../../nios2-elf/lib\libc.a(lib_a-openr.o)
 .bss           0x00818c40        0x0 c:/altera/13.0/nios2eds/bin/gnu/h-i686-mingw32/bin/../lib/gcc/nios2-elf/4.1.2/../../../../nios2-elf/lib\libc.a(lib_a-printf.o)
 .bss           0x00818c40        0x0 c:/altera/13.0/nios2eds/bin/gnu/h-i686-mingw32/bin/../lib/gcc/nios2-elf/4.1.2/../../../../nios2-elf/lib\libc.a(lib_a-reallocr.o)
 .bss           0x00818c40        0x0 c:/altera/13.0/nios2eds/bin/gnu/h-i686-mingw32/bin/../lib/gcc/nios2-elf/4.1.2/../../../../nios2-elf/lib\libc.a(lib_a-refill.o)
 .bss           0x00818c40        0x0 c:/altera/13.0/nios2eds/bin/gnu/h-i686-mingw32/bin/../lib/gcc/nios2-elf/4.1.2/../../../../nios2-elf/lib\libc.a(lib_a-rget.o)
 .bss           0x00818c40        0x0 c:/altera/13.0/nios2eds/bin/gnu/h-i686-mingw32/bin/../lib/gcc/nios2-elf/4.1.2/../../../../nios2-elf/lib\libc.a(lib_a-sbrkr.o)
 .bss           0x00818c40        0x0 c:/altera/13.0/nios2eds/bin/gnu/h-i686-mingw32/bin/../lib/gcc/nios2-elf/4.1.2/../../../../nios2-elf/lib\libc.a(lib_a-sprintf.o)
 .bss           0x00818c40        0x0 c:/altera/13.0/nios2eds/bin/gnu/h-i686-mingw32/bin/../lib/gcc/nios2-elf/4.1.2/../../../../nios2-elf/lib\libc.a(lib_a-sscanf.o)
 .bss           0x00818c40        0x0 c:/altera/13.0/nios2eds/bin/gnu/h-i686-mingw32/bin/../lib/gcc/nios2-elf/4.1.2/../../../../nios2-elf/lib\libc.a(lib_a-stdio.o)
 .bss           0x00818c40        0x0 c:/altera/13.0/nios2eds/bin/gnu/h-i686-mingw32/bin/../lib/gcc/nios2-elf/4.1.2/../../../../nios2-elf/lib\libc.a(lib_a-strlen.o)
 .bss           0x00818c40        0x0 c:/altera/13.0/nios2eds/bin/gnu/h-i686-mingw32/bin/../lib/gcc/nios2-elf/4.1.2/../../../../nios2-elf/lib\libc.a(lib_a-vfprintf.o)
 .bss           0x00818c40        0x0 c:/altera/13.0/nios2eds/bin/gnu/h-i686-mingw32/bin/../lib/gcc/nios2-elf/4.1.2/../../../../nios2-elf/lib\libc.a(lib_a-vfscanf.o)
 .bss           0x00818c40        0x0 c:/altera/13.0/nios2eds/bin/gnu/h-i686-mingw32/bin/../lib/gcc/nios2-elf/4.1.2/../../../../nios2-elf/lib\libc.a(lib_a-writer.o)
 .bss           0x00818c40        0x0 c:/altera/13.0/nios2eds/bin/gnu/h-i686-mingw32/bin/../lib/gcc/nios2-elf/4.1.2/../../../../nios2-elf/lib\libc.a(lib_a-wsetup.o)
 .bss           0x00818c40        0x0 c:/altera/13.0/nios2eds/bin/gnu/h-i686-mingw32/bin/../lib/gcc/nios2-elf/4.1.2/../../../../nios2-elf/lib\libc.a(lib_a-closer.o)
 .bss           0x00818c40        0x0 c:/altera/13.0/nios2eds/bin/gnu/h-i686-mingw32/bin/../lib/gcc/nios2-elf/4.1.2/../../../../nios2-elf/lib\libc.a(lib_a-ctype_.o)
 .bss           0x00818c40        0x0 c:/altera/13.0/nios2eds/bin/gnu/h-i686-mingw32/bin/../lib/gcc/nios2-elf/4.1.2/../../../../nios2-elf/lib\libc.a(lib_a-dtoa.o)
 .bss           0x00818c40        0x0 c:/altera/13.0/nios2eds/bin/gnu/h-i686-mingw32/bin/../lib/gcc/nios2-elf/4.1.2/../../../../nios2-elf/lib\libc.a(lib_a-flags.o)
 .bss           0x00818c40        0x0 c:/altera/13.0/nios2eds/bin/gnu/h-i686-mingw32/bin/../lib/gcc/nios2-elf/4.1.2/../../../../nios2-elf/lib\libc.a(lib_a-fread.o)
 .bss           0x00818c40        0x0 c:/altera/13.0/nios2eds/bin/gnu/h-i686-mingw32/bin/../lib/gcc/nios2-elf/4.1.2/../../../../nios2-elf/lib\libc.a(lib_a-isattyr.o)
 .bss           0x00818c40        0x0 c:/altera/13.0/nios2eds/bin/gnu/h-i686-mingw32/bin/../lib/gcc/nios2-elf/4.1.2/../../../../nios2-elf/lib\libc.a(lib_a-iswspace.o)
 .bss           0x00818c40        0x0 c:/altera/13.0/nios2eds/bin/gnu/h-i686-mingw32/bin/../lib/gcc/nios2-elf/4.1.2/../../../../nios2-elf/lib\libc.a(lib_a-locale.o)
 .bss           0x00818c40        0x0 c:/altera/13.0/nios2eds/bin/gnu/h-i686-mingw32/bin/../lib/gcc/nios2-elf/4.1.2/../../../../nios2-elf/lib\libc.a(lib_a-lseekr.o)
 .bss           0x00818c40        0x0 c:/altera/13.0/nios2eds/bin/gnu/h-i686-mingw32/bin/../lib/gcc/nios2-elf/4.1.2/../../../../nios2-elf/lib\libc.a(lib_a-mbrtowc.o)
 .bss           0x00818c40        0x0 c:/altera/13.0/nios2eds/bin/gnu/h-i686-mingw32/bin/../lib/gcc/nios2-elf/4.1.2/../../../../nios2-elf/lib\libc.a(lib_a-mbtowc_r.o)
 .bss           0x00818c40        0x0 c:/altera/13.0/nios2eds/bin/gnu/h-i686-mingw32/bin/../lib/gcc/nios2-elf/4.1.2/../../../../nios2-elf/lib\libc.a(lib_a-mprec.o)
 .bss           0x00818c40        0x0 c:/altera/13.0/nios2eds/bin/gnu/h-i686-mingw32/bin/../lib/gcc/nios2-elf/4.1.2/../../../../nios2-elf/lib\libc.a(lib_a-readr.o)
 .bss           0x00818c40        0x0 c:/altera/13.0/nios2eds/bin/gnu/h-i686-mingw32/bin/../lib/gcc/nios2-elf/4.1.2/../../../../nios2-elf/lib\libc.a(lib_a-s_isinfd.o)
 .bss           0x00818c40        0x0 c:/altera/13.0/nios2eds/bin/gnu/h-i686-mingw32/bin/../lib/gcc/nios2-elf/4.1.2/../../../../nios2-elf/lib\libc.a(lib_a-s_isnand.o)
 .bss           0x00818c40        0x0 c:/altera/13.0/nios2eds/bin/gnu/h-i686-mingw32/bin/../lib/gcc/nios2-elf/4.1.2/../../../../nios2-elf/lib\libc.a(lib_a-sccl.o)
 .bss           0x00818c40        0x0 c:/altera/13.0/nios2eds/bin/gnu/h-i686-mingw32/bin/../lib/gcc/nios2-elf/4.1.2/../../../../nios2-elf/lib\libc.a(lib_a-sf_nan.o)
 .bss           0x00818c40        0x0 c:/altera/13.0/nios2eds/bin/gnu/h-i686-mingw32/bin/../lib/gcc/nios2-elf/4.1.2/../../../../nios2-elf/lib\libc.a(lib_a-strcmp.o)
 .bss           0x00818c40        0x0 c:/altera/13.0/nios2eds/bin/gnu/h-i686-mingw32/bin/../lib/gcc/nios2-elf/4.1.2/../../../../nios2-elf/lib\libc.a(lib_a-strtod.o)
 .bss           0x00818c40        0x0 c:/altera/13.0/nios2eds/bin/gnu/h-i686-mingw32/bin/../lib/gcc/nios2-elf/4.1.2/../../../../nios2-elf/lib\libc.a(lib_a-strtol.o)
 .bss           0x00818c40        0x0 c:/altera/13.0/nios2eds/bin/gnu/h-i686-mingw32/bin/../lib/gcc/nios2-elf/4.1.2/../../../../nios2-elf/lib\libc.a(lib_a-strtoll_r.o)
 .bss           0x00818c40        0x0 c:/altera/13.0/nios2eds/bin/gnu/h-i686-mingw32/bin/../lib/gcc/nios2-elf/4.1.2/../../../../nios2-elf/lib\libc.a(lib_a-strtoul.o)
 .bss           0x00818c40        0x0 c:/altera/13.0/nios2eds/bin/gnu/h-i686-mingw32/bin/../lib/gcc/nios2-elf/4.1.2/../../../../nios2-elf/lib\libc.a(lib_a-strtoull_r.o)
 .bss           0x00818c40        0x0 c:/altera/13.0/nios2eds/bin/gnu/h-i686-mingw32/bin/../lib/gcc/nios2-elf/4.1.2/../../../../nios2-elf/lib\libc.a(lib_a-ungetc.o)
 .bss           0x00818c40        0x0 c:/altera/13.0/nios2eds/bin/gnu/h-i686-mingw32/bin/../lib/gcc/nios2-elf/4.1.2/../../../../nios2-elf/lib\libc.a(lib_a-callocr.o)
 .bss           0x00818c40        0x0 c:/altera/13.0/nios2eds/bin/gnu/h-i686-mingw32/bin/../lib/gcc/nios2-elf/4.1.2/../../../../nios2-elf/lib\libc.a(lib_a-gdtoa-gethex.o)
 .bss           0x00818c40        0x0 c:/altera/13.0/nios2eds/bin/gnu/h-i686-mingw32/bin/../lib/gcc/nios2-elf/4.1.2/../../../../nios2-elf/lib\libc.a(lib_a-gdtoa-hexnan.o)
 .bss           0x00818c40        0x0 c:/altera/13.0/nios2eds/bin/gnu/h-i686-mingw32/bin/../lib/gcc/nios2-elf/4.1.2\libgcc.a(_muldi3.o)
 .bss           0x00818c40        0x0 c:/altera/13.0/nios2eds/bin/gnu/h-i686-mingw32/bin/../lib/gcc/nios2-elf/4.1.2\libgcc.a(_fixunsdfsi.o)
 .bss           0x00818c40        0x0 c:/altera/13.0/nios2eds/bin/gnu/h-i686-mingw32/bin/../lib/gcc/nios2-elf/4.1.2\libgcc.a(_udivdi3.o)
 .bss           0x00818c40        0x0 c:/altera/13.0/nios2eds/bin/gnu/h-i686-mingw32/bin/../lib/gcc/nios2-elf/4.1.2\libgcc.a(_umoddi3.o)
 .bss           0x00818c40        0x0 c:/altera/13.0/nios2eds/bin/gnu/h-i686-mingw32/bin/../lib/gcc/nios2-elf/4.1.2\libgcc.a(_ne_sf.o)
 .bss           0x00818c40        0x0 c:/altera/13.0/nios2eds/bin/gnu/h-i686-mingw32/bin/../lib/gcc/nios2-elf/4.1.2\libgcc.a(_gt_sf.o)
 .bss           0x00818c40        0x0 c:/altera/13.0/nios2eds/bin/gnu/h-i686-mingw32/bin/../lib/gcc/nios2-elf/4.1.2\libgcc.a(_lt_sf.o)
 .bss           0x00818c40        0x0 c:/altera/13.0/nios2eds/bin/gnu/h-i686-mingw32/bin/../lib/gcc/nios2-elf/4.1.2\libgcc.a(_addsub_df.o)
 .bss           0x00818c40        0x0 c:/altera/13.0/nios2eds/bin/gnu/h-i686-mingw32/bin/../lib/gcc/nios2-elf/4.1.2\libgcc.a(_mul_df.o)
 .bss           0x00818c40        0x0 c:/altera/13.0/nios2eds/bin/gnu/h-i686-mingw32/bin/../lib/gcc/nios2-elf/4.1.2\libgcc.a(_div_df.o)
 .bss           0x00818c40        0x0 c:/altera/13.0/nios2eds/bin/gnu/h-i686-mingw32/bin/../lib/gcc/nios2-elf/4.1.2\libgcc.a(_eq_df.o)
 .bss           0x00818c40        0x0 c:/altera/13.0/nios2eds/bin/gnu/h-i686-mingw32/bin/../lib/gcc/nios2-elf/4.1.2\libgcc.a(_ne_df.o)
 .bss           0x00818c40        0x0 c:/altera/13.0/nios2eds/bin/gnu/h-i686-mingw32/bin/../lib/gcc/nios2-elf/4.1.2\libgcc.a(_gt_df.o)
 .bss           0x00818c40        0x0 c:/altera/13.0/nios2eds/bin/gnu/h-i686-mingw32/bin/../lib/gcc/nios2-elf/4.1.2\libgcc.a(_ge_df.o)
 .bss           0x00818c40        0x0 c:/altera/13.0/nios2eds/bin/gnu/h-i686-mingw32/bin/../lib/gcc/nios2-elf/4.1.2\libgcc.a(_lt_df.o)
 .bss           0x00818c40        0x0 c:/altera/13.0/nios2eds/bin/gnu/h-i686-mingw32/bin/../lib/gcc/nios2-elf/4.1.2\libgcc.a(_le_df.o)
 .bss           0x00818c40        0x0 c:/altera/13.0/nios2eds/bin/gnu/h-i686-mingw32/bin/../lib/gcc/nios2-elf/4.1.2\libgcc.a(_si_to_df.o)
 .bss           0x00818c40        0x0 c:/altera/13.0/nios2eds/bin/gnu/h-i686-mingw32/bin/../lib/gcc/nios2-elf/4.1.2\libgcc.a(_df_to_si.o)
 .bss           0x00818c40        0x0 c:/altera/13.0/nios2eds/bin/gnu/h-i686-mingw32/bin/../lib/gcc/nios2-elf/4.1.2\libgcc.a(_df_to_sf.o)
 .bss           0x00818c40        0x0 c:/altera/13.0/nios2eds/bin/gnu/h-i686-mingw32/bin/../lib/gcc/nios2-elf/4.1.2\libgcc.a(_thenan_df.o)
 .bss           0x00818c40        0x0 c:/altera/13.0/nios2eds/bin/gnu/h-i686-mingw32/bin/../lib/gcc/nios2-elf/4.1.2\libgcc.a(_usi_to_df.o)
 .bss           0x00818c40        0x0 c:/altera/13.0/nios2eds/bin/gnu/h-i686-mingw32/bin/../lib/gcc/nios2-elf/4.1.2\libgcc.a(lib2-divmod.o)
 .bss           0x00818c40        0x0 c:/altera/13.0/nios2eds/bin/gnu/h-i686-mingw32/bin/../lib/gcc/nios2-elf/4.1.2\libgcc.a(_clz.o)
 .bss           0x00818c40        0x0 c:/altera/13.0/nios2eds/bin/gnu/h-i686-mingw32/bin/../lib/gcc/nios2-elf/4.1.2\libgcc.a(_clzsi2.o)
 .bss           0x00818c40        0x0 c:/altera/13.0/nios2eds/bin/gnu/h-i686-mingw32/bin/../lib/gcc/nios2-elf/4.1.2\libgcc.a(_unpack_sf.o)
 .bss           0x00818c40        0x0 c:/altera/13.0/nios2eds/bin/gnu/h-i686-mingw32/bin/../lib/gcc/nios2-elf/4.1.2\libgcc.a(_fpcmp_parts_sf.o)
 .bss           0x00818c40        0x0 c:/altera/13.0/nios2eds/bin/gnu/h-i686-mingw32/bin/../lib/gcc/nios2-elf/4.1.2\libgcc.a(_make_sf.o)
 .bss           0x00818c40        0x0 c:/altera/13.0/nios2eds/bin/gnu/h-i686-mingw32/bin/../lib/gcc/nios2-elf/4.1.2\libgcc.a(_pack_df.o)
 .bss           0x00818c40        0x0 c:/altera/13.0/nios2eds/bin/gnu/h-i686-mingw32/bin/../lib/gcc/nios2-elf/4.1.2\libgcc.a(_unpack_df.o)
 .bss           0x00818c40        0x0 c:/altera/13.0/nios2eds/bin/gnu/h-i686-mingw32/bin/../lib/gcc/nios2-elf/4.1.2\libgcc.a(_fpcmp_parts_df.o)
 .bss           0x00818c40        0x0 c:/altera/13.0/nios2eds/bin/gnu/h-i686-mingw32/bin/../lib/gcc/nios2-elf/4.1.2\libgcc.a(_pack_sf.o)
 .bss           0x00818c40        0x0 ../assignment1_bsp/\libhal_bsp.a(alt_alarm_start.o)
 .bss           0x00818c40        0x0 ../assignment1_bsp/\libhal_bsp.a(alt_close.o)
 .bss           0x00818c40        0x0 ../assignment1_bsp/\libhal_bsp.a(alt_dev.o)
 .bss           0x00818c40        0x0 ../assignment1_bsp/\libhal_bsp.a(alt_errno.o)
 .bss           0x00818c40        0x0 ../assignment1_bsp/\libhal_bsp.a(alt_fstat.o)
 .bss           0x00818c40        0x0 ../assignment1_bsp/\libhal_bsp.a(alt_irq_register.o)
 .bss           0x00818c40        0x0 ../assignment1_bsp/\libhal_bsp.a(alt_irq_vars.o)
 .bss           0x00818c40        0x0 ../assignment1_bsp/\libhal_bsp.a(alt_isatty.o)
 .bss           0x00818c40        0x0 ../assignment1_bsp/\libhal_bsp.a(alt_load.o)
 .bss           0x00818c40        0x0 ../assignment1_bsp/\libhal_bsp.a(alt_lseek.o)
 .bss           0x00818c40        0x0 ../assignment1_bsp/\libhal_bsp.a(alt_main.o)
 .bss           0x00818c40        0x0 ../assignment1_bsp/\libhal_bsp.a(alt_malloc_lock.o)
 .bss           0x00818c40        0x0 ../assignment1_bsp/\libhal_bsp.a(alt_open.o)
 .bss           0x00818c40        0x0 ../assignment1_bsp/\libhal_bsp.a(alt_read.o)
 .bss           0x00818c40        0x0 ../assignment1_bsp/\libhal_bsp.a(alt_release_fd.o)
 .bss           0x00818c40        0x0 ../assignment1_bsp/\libhal_bsp.a(alt_sbrk.o)
 .bss           0x00818c40        0x0 ../assignment1_bsp/\libhal_bsp.a(alt_tick.o)
 .bss           0x00818c40        0x0 ../assignment1_bsp/\libhal_bsp.a(alt_write.o)
 .bss           0x00818c40        0x0 ../assignment1_bsp/\libhal_bsp.a(alt_sys_init.o)
 .bss           0x00818c40        0x0 ../assignment1_bsp/\libhal_bsp.a(altera_avalon_jtag_uart_fd.o)
 .bss           0x00818c40        0x0 ../assignment1_bsp/\libhal_bsp.a(altera_avalon_jtag_uart_init.o)
 .bss           0x00818c40        0x0 ../assignment1_bsp/\libhal_bsp.a(altera_avalon_jtag_uart_ioctl.o)
 .bss           0x00818c40        0x0 ../assignment1_bsp/\libhal_bsp.a(altera_avalon_jtag_uart_read.o)
 .bss           0x00818c40        0x0 ../assignment1_bsp/\libhal_bsp.a(altera_avalon_jtag_uart_write.o)
 .bss           0x00818c40        0x0 ../assignment1_bsp/\libhal_bsp.a(altera_avalon_lcd_16207.o)
 .bss           0x00818c40        0x0 ../assignment1_bsp/\libhal_bsp.a(altera_avalon_lcd_16207_fd.o)
 .bss           0x00818c40        0x0 ../assignment1_bsp/\libhal_bsp.a(altera_avalon_timer_sc.o)
 .bss           0x00818c40        0x0 ../assignment1_bsp/\libhal_bsp.a(altera_avalon_uart_fd.o)
 .bss           0x00818c40        0x0 ../assignment1_bsp/\libhal_bsp.a(altera_avalon_uart_init.o)
 .bss           0x00818c40        0x0 ../assignment1_bsp/\libhal_bsp.a(altera_avalon_uart_read.o)
 .bss           0x00818c40        0x0 ../assignment1_bsp/\libhal_bsp.a(altera_avalon_uart_write.o)
 .bss           0x00818c40        0x0 ../assignment1_bsp/\libhal_bsp.a(alt_dcache_flush_all.o)
 .bss           0x00818c40        0x0 ../assignment1_bsp/\libhal_bsp.a(alt_dev_llist_insert.o)
 .bss           0x00818c40        0x0 ../assignment1_bsp/\libhal_bsp.a(alt_do_ctors.o)
 .bss           0x00818c40        0x0 ../assignment1_bsp/\libhal_bsp.a(alt_do_dtors.o)
 .bss           0x00818c40        0x0 ../assignment1_bsp/\libhal_bsp.a(alt_find_dev.o)
 .bss           0x00818c40        0x0 ../assignment1_bsp/\libhal_bsp.a(alt_find_file.o)
 .bss           0x00818c40        0x0 ../assignment1_bsp/\libhal_bsp.a(alt_get_fd.o)
 .bss           0x00818c40        0x0 ../assignment1_bsp/\libhal_bsp.a(alt_icache_flush_all.o)
 .bss           0x00818c40        0x0 ../assignment1_bsp/\libhal_bsp.a(alt_iic.o)
 .bss           0x00818c40        0x0 ../assignment1_bsp/\libhal_bsp.a(alt_iic_isr_register.o)
 .bss           0x00818c40        0x0 ../assignment1_bsp/\libhal_bsp.a(alt_io_redirect.o)
 .bss           0x00818c40        0x0 ../assignment1_bsp/\libhal_bsp.a(alt_irq_entry.o)
 .bss           0x00818c40        0x0 ../assignment1_bsp/\libhal_bsp.a(alt_irq_handler.o)
 .bss           0x00818c40        0x0 ../assignment1_bsp/\libhal_bsp.a(alt_usleep.o)
 .bss           0x00818c40        0x0 ../assignment1_bsp/\libhal_bsp.a(altera_nios2_qsys_irq.o)
 .bss           0x00818c40        0x0 ../assignment1_bsp/\libhal_bsp.a(alt_busy_sleep.o)
 .bss           0x00818c40        0x0 ../assignment1_bsp/\libhal_bsp.a(alt_exception_entry.o)
 .bss           0x00818c40        0x0 ../assignment1_bsp/\libhal_bsp.a(alt_icache_flush.o)
 .bss           0x00818c40        0x0 c:/altera/13.0/nios2eds/bin/gnu/h-i686-mingw32/bin/../lib/gcc/nios2-elf/4.1.2/../../../../nios2-elf/lib\libc.a(lib_a-atexit.o)
 .bss           0x00818c40        0x0 c:/altera/13.0/nios2eds/bin/gnu/h-i686-mingw32/bin/../lib/gcc/nios2-elf/4.1.2/../../../../nios2-elf/lib\libc.a(lib_a-exit.o)
 .bss           0x00818c40        0x0 c:/altera/13.0/nios2eds/bin/gnu/h-i686-mingw32/bin/../lib/gcc/nios2-elf/4.1.2/../../../../nios2-elf/lib\libc.a(lib_a-memcmp.o)
 .bss           0x00818c40        0x0 c:/altera/13.0/nios2eds/bin/gnu/h-i686-mingw32/bin/../lib/gcc/nios2-elf/4.1.2/../../../../nios2-elf/lib\libc.a(lib_a-__atexit.o)
 .bss           0x00818c40        0x0 c:/altera/13.0/nios2eds/bin/gnu/h-i686-mingw32/bin/../lib/gcc/nios2-elf/4.1.2/../../../../nios2-elf/lib\libc.a(lib_a-__call_atexit.o)
 .bss           0x00818c40        0x0 ../assignment1_bsp/\libhal_bsp.a(alt_exit.o)
 *(COMMON)
 COMMON         0x00818c40      0x100 c:/altera/13.0/nios2eds/bin/gnu/h-i686-mingw32/bin/../lib/gcc/nios2-elf/4.1.2/../../../../nios2-elf/lib\libc.a(lib_a-gdtoa-gethex.o)
                0x00818c40                __hexdig
 COMMON         0x00818d40      0x100 ../assignment1_bsp/\libhal_bsp.a(alt_irq_handler.o)
                0x00818d40                alt_irq
 COMMON         0x00818e40      0x190 c:/altera/13.0/nios2eds/bin/gnu/h-i686-mingw32/bin/../lib/gcc/nios2-elf/4.1.2/../../../../nios2-elf/lib\libc.a(lib_a-atexit.o)
                0x00818e40                _atexit0
                0x00818fd0                . = ALIGN (0x4)
                0x00818fd0                __bss_end = ABSOLUTE (.)

.sdram_controller
                0x00818fd0        0x0
                0x00818fd0                PROVIDE (_alt_partition_sdram_controller_start, ABSOLUTE (.))
 *(.sdram_controller. sdram_controller.*)
                0x00818fd0                . = ALIGN (0x4)
                0x00818fd0                PROVIDE (_alt_partition_sdram_controller_end, ABSOLUTE (.))
                0x00818fd0                _end = ABSOLUTE (.)
                0x00818fd0                end = ABSOLUTE (.)
                0x00818fd0                __alt_stack_base = ABSOLUTE (.)
                0x00818fd0                PROVIDE (_alt_partition_sdram_controller_load_addr, LOADADDR (.sdram_controller))

.onchip_mem     0x01008000        0x0 load address 0x00818fd0
                0x01008000                PROVIDE (_alt_partition_onchip_mem_start, ABSOLUTE (.))
 *(.onchip_mem. onchip_mem.*)
                0x01008000                . = ALIGN (0x4)
                0x01008000                PROVIDE (_alt_partition_onchip_mem_end, ABSOLUTE (.))
                0x00818fd0                PROVIDE (_alt_partition_onchip_mem_load_addr, LOADADDR (.onchip_mem))

.stab
 *(.stab)

.stabstr
 *(.stabstr)

.stab.excl
 *(.stab.excl)

.stab.exclstr
 *(.stab.exclstr)

.stab.index
 *(.stab.index)

.stab.indexstr
 *(.stab.indexstr)

.comment        0x00000000       0x23
 *(.comment)
 .comment       0x00000000       0x23 obj/default/trafficController.o
                                 0x24 (size before relaxing)
 .comment       0x00000000       0x24 c:/altera/13.0/nios2eds/bin/gnu/h-i686-mingw32/bin/../lib/gcc/nios2-elf/4.1.2/../../../../nios2-elf/lib\libc.a(lib_a-fclose.o)
 .comment       0x00000000       0x24 c:/altera/13.0/nios2eds/bin/gnu/h-i686-mingw32/bin/../lib/gcc/nios2-elf/4.1.2/../../../../nios2-elf/lib\libc.a(lib_a-fflush.o)
 .comment       0x00000000       0x24 c:/altera/13.0/nios2eds/bin/gnu/h-i686-mingw32/bin/../lib/gcc/nios2-elf/4.1.2/../../../../nios2-elf/lib\libc.a(lib_a-fgetc.o)
 .comment       0x00000000       0x24 c:/altera/13.0/nios2eds/bin/gnu/h-i686-mingw32/bin/../lib/gcc/nios2-elf/4.1.2/../../../../nios2-elf/lib\libc.a(lib_a-findfp.o)
 .comment       0x00000000       0x24 c:/altera/13.0/nios2eds/bin/gnu/h-i686-mingw32/bin/../lib/gcc/nios2-elf/4.1.2/../../../../nios2-elf/lib\libc.a(lib_a-fopen.o)
 .comment       0x00000000       0x24 c:/altera/13.0/nios2eds/bin/gnu/h-i686-mingw32/bin/../lib/gcc/nios2-elf/4.1.2/../../../../nios2-elf/lib\libc.a(lib_a-fprintf.o)
 .comment       0x00000000       0x24 c:/altera/13.0/nios2eds/bin/gnu/h-i686-mingw32/bin/../lib/gcc/nios2-elf/4.1.2/../../../../nios2-elf/lib\libc.a(lib_a-fputs.o)
 .comment       0x00000000       0x24 c:/altera/13.0/nios2eds/bin/gnu/h-i686-mingw32/bin/../lib/gcc/nios2-elf/4.1.2/../../../../nios2-elf/lib\libc.a(lib_a-freer.o)
 .comment       0x00000000       0x24 c:/altera/13.0/nios2eds/bin/gnu/h-i686-mingw32/bin/../lib/gcc/nios2-elf/4.1.2/../../../../nios2-elf/lib\libc.a(lib_a-fseek.o)
 .comment       0x00000000       0x24 c:/altera/13.0/nios2eds/bin/gnu/h-i686-mingw32/bin/../lib/gcc/nios2-elf/4.1.2/../../../../nios2-elf/lib\libc.a(lib_a-fstatr.o)
 .comment       0x00000000       0x24 c:/altera/13.0/nios2eds/bin/gnu/h-i686-mingw32/bin/../lib/gcc/nios2-elf/4.1.2/../../../../nios2-elf/lib\libc.a(lib_a-fvwrite.o)
 .comment       0x00000000       0x24 c:/altera/13.0/nios2eds/bin/gnu/h-i686-mingw32/bin/../lib/gcc/nios2-elf/4.1.2/../../../../nios2-elf/lib\libc.a(lib_a-fwalk.o)
 .comment       0x00000000       0x24 c:/altera/13.0/nios2eds/bin/gnu/h-i686-mingw32/bin/../lib/gcc/nios2-elf/4.1.2/../../../../nios2-elf/lib\libc.a(lib_a-impure.o)
 .comment       0x00000000       0x24 c:/altera/13.0/nios2eds/bin/gnu/h-i686-mingw32/bin/../lib/gcc/nios2-elf/4.1.2/../../../../nios2-elf/lib\libc.a(lib_a-int_errno.o)
 .comment       0x00000000       0x24 c:/altera/13.0/nios2eds/bin/gnu/h-i686-mingw32/bin/../lib/gcc/nios2-elf/4.1.2/../../../../nios2-elf/lib\libc.a(lib_a-makebuf.o)
 .comment       0x00000000       0x24 c:/altera/13.0/nios2eds/bin/gnu/h-i686-mingw32/bin/../lib/gcc/nios2-elf/4.1.2/../../../../nios2-elf/lib\libc.a(lib_a-mallocr.o)
 .comment       0x00000000       0x24 c:/altera/13.0/nios2eds/bin/gnu/h-i686-mingw32/bin/../lib/gcc/nios2-elf/4.1.2/../../../../nios2-elf/lib\libc.a(lib_a-memchr.o)
 .comment       0x00000000       0x24 c:/altera/13.0/nios2eds/bin/gnu/h-i686-mingw32/bin/../lib/gcc/nios2-elf/4.1.2/../../../../nios2-elf/lib\libc.a(lib_a-memcpy.o)
 .comment       0x00000000       0x24 c:/altera/13.0/nios2eds/bin/gnu/h-i686-mingw32/bin/../lib/gcc/nios2-elf/4.1.2/../../../../nios2-elf/lib\libc.a(lib_a-memmove.o)
 .comment       0x00000000       0x24 c:/altera/13.0/nios2eds/bin/gnu/h-i686-mingw32/bin/../lib/gcc/nios2-elf/4.1.2/../../../../nios2-elf/lib\libc.a(lib_a-memset.o)
 .comment       0x00000000       0x24 c:/altera/13.0/nios2eds/bin/gnu/h-i686-mingw32/bin/../lib/gcc/nios2-elf/4.1.2/../../../../nios2-elf/lib\libc.a(lib_a-openr.o)
 .comment       0x00000000       0x24 c:/altera/13.0/nios2eds/bin/gnu/h-i686-mingw32/bin/../lib/gcc/nios2-elf/4.1.2/../../../../nios2-elf/lib\libc.a(lib_a-printf.o)